[+ï¿½ï¿½ï¿½m[0m
[0;32mI (36) ï¿½ets Jul 29 2019 12:21:46

rst:0x1 (POWERON_RESET),boot:0x13 (SPI_FAST_FLASH_BOOT)
configsip: 0, SPIWP:0xee
clk_drv:0x00,q_drv:0x00,d_drv:0x00,cs0_drv:0x00,hd_drv:0x00,wp_drv:0x00
mode:DIO, clock div:2
load:0x3fff0030,len:7172
load:0x40078000,len:15540
load:0x40080400,len:4
ho 8 tail 4 room 4
load:0x40080404,len:3904
entry 0x40080640
[0;32mI (31) boot: ESP-IDF v5.2.1-dirty 2nd stage bootloader[0m
[0;32mI (31) boot: compile time Jun 15 2024 04:25:36[0m
[0;32mI (31) boot: Multicore bootloader[0m
[0;32mI (36) boot: chip revision: v3.0[0m
[0;32mI (40) boot.esp32: SPI Speed      : 40MHz[0m
[0;32mI (44) boot.esp32: SPI Mode       : DIO[0m
[0;32mI (49) boot.esp32: SPI Flash Size : 2MB[0m
[0;32mI (53) boot: Enabling RNG early entropy source...[0m
[0;32mI (59) boot: Partition Table:[0m
[0;32mI (62) boot: ## Label            Usage          Type ST Offset   Length[0m
[0;32mI (70) boot:  0 nvs              WiFi data        01 02 00009000 00006000[0m
[0;32mI (77) boot:  1 phy_init         RF data          01 01 0000f000 00001000[0m
[0;32mI (85) boot:  2 factory          factory app      00 00 00010000 00100000[0m
[0;32mI (92) boot: End of partition table[0m
[0;32mI (96) esp_image: segment 0: paddr=00010020 vaddr=3f400020 size=0b378h ( 45944) map[0m
[0;32mI (120) esp_image: segment 1: paddr=0001b3a0 vaddr=3ffb0000 size=02254h (  8788) load[0m
[0;32mI (124) esp_image: segment 2: paddr=0001d5fc vaddr=40080000 size=02a1ch ( 10780) load[0m
[0;32mI (131) esp_image: segment 3: paddr=00020020 vaddr=400d0020 size=1a32ch (107308) map[0m
[0;32mI (172) esp_image: segment 4: paddr=0003a354 vaddr=40082a1c size=0ad6ch ( 44396) load[0m
[0;32mI (196) boot: Loaded app from partition at offset 0x10000[0m
[0;32mI (196) boot: Disabling RNG early entropy source...[0m
[0;32mI (207) cpu_start: Multicore app[0m
[0;32mI (216) cpu_start: Pro cpu start user code[0m
[0;32mI (216) cpu_start: cpu freq: 160000000 Hz[0m
[0;32mI (216) cpu_start: Application information:[0m
[0;32mI (219) cpu_start: Project name:     main[0m
[0;32mI (224) cpu_start: App version:      1[0m
[0;32mI (228) cpu_start: Compile time:     Jun 15 2024 04:24:58[0m
[0;32mI (235) cpu_start: ELF file SHA256:  83be72b2f...[0m
[0;32mI (240) cpu_start: ESP-IDF:          v5.2.1-dirty[0m
[0;32mI (245) cpu_start: Min chip rev:     v0.0[0m
[0;32mI (250) cpu_start: Max chip rev:     v3.99 [0m
[0;32mI (255) cpu_start: Chip rev:         v3.0[0m
[0;32mI (260) heap_init: Initializing. RAM available for dynamic allocation:[0m
[0;32mI (267) heap_init: At 3FFAE6E0 len 00001920 (6 KiB): DRAM[0m
[0;32mI (273) heap_init: At 3FFB2E10 len 0002D1F0 (180 KiB): DRAM[0m
[0;32mI (279) heap_init: At 3FFE0440 len 00003AE0 (14 KiB): D/IRAM[0m
[0;32mI (285) heap_init: At 3FFE4350 len 0001BCB0 (111 KiB): D/IRAM[0m
[0;32mI (292) heap_init: At 4008D788 len 00012878 (74 KiB): IRAM[0m
[0;32mI (299) spi_flash: detected chip: generic[0m
[0;32mI (303) spi_flash: flash io: dio[0m
[0;33mW (307) spi_flash: Detected size(4096k) larger than the size in the binary image header(2048k). Using the size in the binary image header.[0m
[0;33mW (320) ADC: legacy driver is deprecated, please migrate to `esp_adc/adc_oneshot.h`[0m
[0;32mI (329) main_task: Started on CPU0[0m
[0;32mI (339) main_task: Calling app_main()[0m
Sending message: Hiiiii!
[0;32mI (339) gpio: GPIO[4]| InputEn: 0| OutputEn: 0| OpenDrain: 0| Pullup: 1| Pulldown: 0| Intr:0 [0m
[0;32mI (339) gpio: GPIO[5]| InputEn: 0| OutputEn: 0| OpenDrain: 0| Pullup: 1| Pulldown: 0| Intr:0 [0m
[0;32mI (349) gpio: GPIO[2]| InputEn: 0| OutputEn: 0| OpenDrain: 0| Pullup: 1| Pulldown: 0| Intr:0 [0m
[0;32mI (359) main_task: Returned from app_main()[0m
[0;32mI (879) RX_TASK: Read 6 bytes: C000021F06C7[0m
[0;32mI (126769) RX_TASK: Read 3 bytes: 459912[0m
[0;32mI (128769) RX_TASK: Read 3 bytes: 459912[0m
[0;32mI (130769) RX_TASK: Read 3 bytes: 459912[0m
[0;32mI (132769) RX_TASK: Read 3 bytes: 459912[0m
[0;32mI (134779) RX_TASK: Read 3 bytes: 459912[0m
[0;32mI (136779) RX_TASK: Read 3 bytes: 459912[0m
[0;32mI (138769) RX_TASK: Read 3 bytes: 459912[0m
[0;32mI (140769) RX_TASK: Read 3 bytes: 459912[0m
[0;32mI (142769) RX_TASK: Read 3 bytes: 459912[0m
[0;32mI (144769) RX_TASK: Read 3 bytes: 459912[0m
[0;32mI (146769) RX_TASK: Read 3 bytes: 459912[0m
[0;32mI (148769) RX_TASK: Read 3 bytes: 459912[0m
[0;32mI (150779) RX_TASK: Read 3 bytes: 459912[0m
[0;32mI (152779) RX_TASK: Read 3 bytes: 459912[0m
[0;32mI (154779) RX_TASK: Read 3 bytes: 459912[0m
[0;32mI (156779) RX_TASK: Read 3 bytes: 459912[0m
[0;32mI (158769) RX_TASK: Read 3 bytes: 459912[0m
[0;32mI (160769) RX_TASK: Read 3 bytes: 459912[0m
[0;32mI (162779) RX_TASK: Read 3 bytes: 459912[0m
[0;32mI (164769) RX_TASK: Read 3 bytes: 459912[0m
[0;32mI (166769) RX_TASK: Read 3 bytes: 459912[0m
[0;32mI (168779) RX_TASK: Read 3 bytes: 459912[0m
[0;32mI (170779) RX_TASK: Read 3 bytes: 459912[0m
[0;32mI (172779) RX_TASK: Read 3 bytes: 459912[0m
[0;32mI (174779) RX_TASK: Read 3 bytes: 459912[0m
[0;32mI (176779) RX_TASK: Read 3 bytes: 459912[0m
[0;32mI (178779) RX_TASK: Read 3 bytes: 459912[0m
[0;32mI (180779) RX_TASK: Read 3 bytes: 459912[0m
[0;32mI (182779) RX_TASK: Read 3 bytes: 459912[0m
[0;32mI (184779) RX_TASK: Read 3 bytes: 459912[0m
[0;32mI (186779) RX_TASK: Read 3 bytes: 459912[0m
[0;32mI (188779) RX_TASK: Read 3 bytes: 459912[0m
[0;32mI (190779) RX_TASK: Read 3 bytes: 459912[0m
[0;32mI (192779) RX_TASK: Read 3 bytes: 459912[0m
[0;32mI (194779) RX_TASK: Read 3 bytes: 459912[0m
[0;32mI (196779) RX_TASK: Read 3 bytes: 459912[0m
[0;32mI (198779) RX_TASK: Read 3 bytes: 459912[0m
[0;32mI (200779) RX_TASK: Read 3 bytes: 459912[0m
[0;32mI (202779) RX_TASK: Read 3 bytes: 459912[0m
[0;32mI (204779) RX_TASK: Read 3 bytes: 459912[0m
[0;32mI (206779) RX_TASK: Read 3 bytes: 459912[0m
[0;32mI (208779) RX_TASK: Read 3 bytes: 459912[0m
[0;32mI (210779) RX_TASK: Read 3 bytes: 459912[0m
[0;32mI (212779) RX_TASK: Read 3 bytes: 459912[0m
[0;32mI (214779) RX_TASK: Read 3 bytes: 459912[0m
[0;32mI (216779) RX_TASK: Read 3 bytes: 459912[0m
[0;32mI (218779) RX_TASK: Read 3 bytes: 459912[0m
[0;32mI (220779) RX_TASK: Read 3 bytes: 459912[0m
[0;32mI (222779) RX_TASK: Read 3 bytes: 459912[0m
[0;32mI (224779) RX_TASK: Read 3 bytes: 459912[0m
[0;32mI (226779) RX_TASK: Read 3 bytes: 459912[0m
[0;32mI (228779) RX_TASK: Read 3 bytes: 459912[0m
[0;32mI (230779) RX_TASK: Read 3 bytes: 459912[0m
[0;32mI (232779) RX_TASK: Read 3 bytes: 459912[0m
[0;32mI (234779) RX_TASK: Read 3 bytes: 459912[0m
[0;32mI (236779) RX_TASK: Read 3 bytes: 459912[0m
[0;32mI (238779) RX_TASK: Read 3 bytes: 459912[0m
[0;32mI (240779) RX_TASK: Read 3 bytes: 459912[0m
[0;32mI (242779) RX_TASK: Read 3 bytes: 459912[0m
[0;32mI (244779) RX_TASK: Read 3 bytes: 459912[0m
[0;32mI (246779) RX_TASK: Read 3 bytes: 459912[0m
[0;32mI (248779) RX_TASK: Read 3 bytes: 459912[0m
[0;32mI (250779) RX_TASK: Read 3 bytes: 459912[0m
[0;32mI (252779) RX_TASK: Read 3 bytes: 459912[0m
[0;32mI (254779) RX_TASK: Read 3 bytes: 459912[0m
[0;32mI (256779) RX_TASK: Read 3 bytes: 459912[0m
[0;32mI (258779) RX_TASK: Read 3 bytes: 459912[0m
[0;32mI (260779) RX_TASK: Read 3 bytes: 459912[0m
[0;32mI (262779) RX_TASK: Read 3 bytes: 459912[0m
[0;32mI (264779) RX_TASK: Read 3 bytes: 459912[0m
[0;32mI (266779) RX_TASK: Read 3 bytes: 459912[0m
[0;32mI (268779) RX_TASK: Read 3 bytes: 459912[0m
[0;32mI (270779) RX_TASK: Read 3 bytes: 459912[0m
[0;32mI (272779) RX_TASK: Read 3 bytes: 459912[0m
[0;32mI (274779) RX_TASK: Read 3 bytes: 459912[0m
[0;32mI (276779) RX_TASK: Read 3 bytes: 459912[0m
[0;32mI (278779) RX_TASK: Read 3 bytes: 459912[0m
[0;32mI (280779) RX_TASK: Read 3 bytes: 459912[0m
[0;32mI (282779) RX_TASK: Read 3 bytes: 459912[0m
[0;32mI (284779) RX_TASK: Read 3 bytes: 459912[0m
[0;32mI (286779) RX_TASK: Read 3 bytes: 459912[0m
[0;32mI (28