ï¿½bootloader[0m
[0;3ï¿½ets Jul 29 2019 12:21:46

rst:0x1 (POWERON_RESET),boot:0x13 (SPI_FAST_FLASH_BOOT)
configsip: 0, SPIWP:0xee
clk_drv:0x00,q_drv:0x00,d_drv:0x00,cs0_drv:0x00,hd_drv:0x00,wp_drv:0x00
mode:DIO, clock div:2
load:0x3fff0030,len:7172
load:0x40078000,len:15540
load:0x40080400,len:4
ho 8 tail 4 room 4
load:0x40080404,len:3904
entry 0x40080640
[0;32mI (31) boot: ESP-IDF v5.2.1-dirty 2nd stage bootloader[0m
[0;32mI (31) boot: compile time Jun 15 2024 04:25:36[0m
[0;32mI (31) boot: Multicore bootloader[0m
[0;32mI (36) boot: chip revision: v3.0[0m
[0;32mI (40) boot.esp32: SPI Speed      : 40MHz[0m
[0;32mI (44) boot.esp32: SPI Mode       : DIO[0m
[0;32mI (49) boot.esp32: SPI Flash Size : 2MB[0m
[0;32mI (53) boot: Enabling RNG early entropy source...[0m
[0;32mI (59) boot: Partition Table:[0m
[0;32mI (62) boot: ## Label            Usage          Type ST Offset   Length[0m
[0;32mI (70) boot:  0 nvs              WiFi data        01 02 00009000 00006000[0m
[0;32mI (77) boot:  1 phy_init         RF data          01 01 0000f000 00001000[0m
[0;32mI (85) boot:  2 factory          factory app      00 00 00010000 00100000[0m
[0;32mI (92) boot: End of partition table[0m
[0;32mI (96) esp_image: segment 0: paddr=00010020 vaddr=3f400020 size=28f5ch (167772) map[0m
[0;32mI (162) esp_image: segment 1: paddr=00038f84 vaddr=3ffb0000 size=03c14h ( 15380) load[0m
[0;32mI (168) esp_image: segment 2: paddr=0003cba0 vaddr=40080000 size=03478h ( 13432) load[0m
[0;32mI (174) esp_image: segment 3: paddr=00040020 vaddr=400d0020 size=9c26ch (639596) map[0m
[0;32mI (396) esp_image: segment 4: paddr=000dc294 vaddr=40083478 size=13a00h ( 80384) load[0m
[0;32mI (439) boot: Loaded app from partition at offset 0x10000[0m
[0;32mI (439) boot: Disabling RNG early entropy source...[0m
[0;32mI (450) cpu_start: Multicore app[0m
[0;32mI (459) cpu_start: Pro cpu start user code[0m
[0;32mI (459) cpu_start: cpu freq: 160000000 Hz[0m
[0;32mI (459) cpu_start: Application information:[0m
[0;32mI (462) cpu_start: Project name:     main[0m
[0;32mI (467) cpu_start: App version:      1[0m
[0;32mI (471) cpu_start: Compile time:     Jun 15 2024 04:24:58[0m
[0;32mI (477) cpu_start: ELF file SHA256:  d57773025...[0m
[0;32mI (483) cpu_start: ESP-IDF:          v5.2.1-dirty[0m
[0;32mI (488) cpu_start: Min chip rev:     v0.0[0m
[0;32mI (493) cpu_start: Max chip rev:     v3.99 [0m
[0;32mI (498) cpu_start: Chip rev:         v3.0[0m
[0;32mI (503) heap_init: Initializing. RAM available for dynamic allocation:[0m
[0;32mI (510) heap_init: At 3FFAE6E0 len 00001920 (6 KiB): DRAM[0m
[0;32mI (516) heap_init: At 3FFB83A0 len 00027C60 (159 KiB): DRAM[0m
[0;32mI (522) heap_init: At 3FFE0440 len 00003AE0 (14 KiB): D/IRAM[0m
[0;32mI (528) heap_init: At 3FFE4350 len 0001BCB0 (111 KiB): D/IRAM[0m
[0;32mI (535) heap_init: At 40096E78 len 00009188 (36 KiB): IRAM[0m
[0;32mI (543) spi_flash: detected chip: generic[0m
[0;32mI (546) spi_flash: flash io: dio[0m
[0;33mW (550) spi_flash: Detected size(4096k) larger than the size in the binary image header(2048k). Using the size in the binary image header.[0m
[0;32mI (564) main_task: Started on CPU0[0m
[0;32mI (574) main_task: Calling app_main()[0m
Sending message: Hiiiii!
[0;32mI (574) uart_example: ESP_WIFI_MODE_STA[0m
W (574) wifi:wifi osi_nvs_open fail ret=4353

[0;33mW (574) wifi_init: Failed to unregister Rx callbacks[0m
[0;31mE (584) wifi_init: Failed to deinit Wi-Fi driver (0x3001)[0m
[0;31mE (594) wifi_init: Failed to deinit Wi-Fi (0x3001)[0m
ESP_ERROR_CHECK failed: esp_err_t 0x1101 (ESP_ERR_NVS_NOT_INITIALIZED) at 0x400d7664
file: "./main/main.c" line 201
func: Init_WiFi
expression: esp_wifi_init(&cfg)

abort() was called at PC 0x40089813 on core 0


Backtrace: 0x400818a2:0x3ffba300 0x4008981d:0x3ffba320 0x40091091:0x3ffba340 0x40089813:0x3ffba3b0 0x400d7664:0x3ffba3e0 0x400d7f93:0x3ffba5b0 0x4016a1bb:0x3ffba6a0 0x4008a3e5:0x3ffba6d0




ELF file SHA256: d57773025

Rebooting...
ets Jul 29 2019 12:21:46

rst:0xc (SW_CPU_RESET),boot:0x13 (SPI_FAST_FLASH_BOOT)
configsip: 0, SPIWP:0xee
clk_drv:0x00,q_drv:0x00,d_drv:0x00,cs0_drv:0x00,hd_drv:0x00,wp_drv:0x00
mode:DIO, clock div:2
load:0x3fff0030,len:7172
load:0x40078000,len:15540
load:0x40080400,len:4
ho 8 tail 4 room 4
load:0x40080404,len:3904
entry 0x40080640
[0;32mI (31) boot: ESP-IDF v5.2.1-dirty 2nd stage bootloader[0m
[0;32mI (31) boot: compile time Jun 15 2024 04:25:36[0m
[0;32mI (31) boot: Multicore bootloader[0m
[0;32mI (36) boot: chip revision: v3.0[0m
[0;32mI (40) boot.esp32: SPI Speed      : 40MHz[0m
[0;32mI (44) boot.esp32: SPI Mode       : DIO[0m
[0;32mI (49) boot.esp32: SPI Flash Size : 2MB[0m
[0;32mI (53) boot: Enabling RNG early entropy source...[0m
[0;32mI (59) boot: Partition Table:[0m
[0;32mI (62) boot: ## Label            Usage          Type ST Offset   Length[0m
[0;32mI (70) boot:  0 nvs              WiFi data        01 02 00009000 00006000[0m
[0;32mI (77) boot:  1 phy_init         RF data          01 01 0000f000 00001000[0m
[0;32mI (84) boot:  2 factory          factory app      00 00 00010000 00100000[0m
[0;32mI (92) boot: End of partition table[0m
[0;32mI (96) esp_image: segment 0: paddr=00010020 vaddr=3f400020 size=28f5ch (167772) map[0m
[0;32mI (162) esp_image: segment 1: paddr=00038f84 vaddr=3ffb0000 size=03c14h ( 15380) load[0m
[0;32mI (168) esp_image: segment 2: paddr=0003cba0 vaddr=40080000 size=03478h ( 13432) load[0m
[0;32mI (174) esp_image: segment 3: paddr=00040020 vaddr=400d0020 size=9c26ch (639596) map[0m
[0;32mI (396) esp_image: segment 4: paddr=000dc294 vaddr=40083478 size=13a00h ( 80384) load[0m
[0;32mI (439) boot: Loaded app from partition at offset 0x10000[0m
[0;32mI (439) boot: Disabling RNG early entropy source...[0m
[0;32mI (450) cpu_start: Multicore app[0m
[0;32mI (459) cpu_start: Pro cpu start user code[0m
[0;32mI (459) cpu_start: cpu freq: 160000000 Hz[0m
[0;32mI (459) cpu_start: Application information:[0m
[0;32mI (462) cpu_start: Project name:     main[0m
[0;32mI (467) cpu_start: App version:      1[0m
[0;32mI (471) cpu_start: Compile time:     Jun 15 2024 04:24:58[0m
[0;32mI (477) cpu_start: ELF file SHA256:  d57773025...[0m
[0;32mI (483) cpu_start: ESP-IDF:          v5.2.1-dirty[0m
[0;32mI (488) cpu_start: Min chip rev:     v0.0[0m
[0;32mI (493) cpu_start: Max chip rev:     v3.99 [0m
[0;32mI (498) cpu_start: Chip rev:         v3.0[0m
[0;32mI (503) heap_init: Initializing. RAM available for dynamic allocation:[0m
[0;32mI (510) heap_init: At 3FFAE6E0 len 00001920 (6 KiB): DRAM[0m
[0;32mI (516) heap_init: At 3FFB83A0 len 00027C60 (159 KiB): DRAM[0m
[0;32mI (522) heap_init: At 3FFE0440 len 00003AE0 (14 KiB): D/IRAM[0m
[0;32mI (528) heap_init: At 3FFE4350 len 0001BCB0 (111 KiB): D/IRAM[0m
[0;32mI (535) heap_init: At 40096E78 len 00009188 (36 KiB): IRAM[0m
[0;32mI (542) spi_flash: detected chip: generic[0m
[0;32mI (546) spi_flash: flash io: dio[0m
[0;33mW (549) spi_flash: Detected size(4096k) larger than the size in the binary image header(2048k). Using the size in the binary image header.[0m
[0;32mI (564) main_task: Started on CPU0[0m
[0;32mI (574) main_task: Calling app_main()[0m
Sending message: Hiiiii!
[0;32mI (574) uart_example: ESP_WIFI_MODE_STA[0m
W (574) wifi:wifi osi_nvs_open fail ret=4353

[0;33mW (574) wifi_init: Failed to unregister Rx callbacks[0m
[0;31mE (584) wifi_init: Failed to deinit Wi-Fi driver (0x3001)[0m
[0;31mE (594) wifi_init: Failed to deinit Wi-Fi (0x3001)[0m
ESP_ERROR_CHECK failed: esp_err_t 0x1101 (ESP_ERR_NVS_NOT_INITIALIZED) at 0x400d7664
file: "./main/main.c" line 201
func: Init_WiFi
expression: esp_wifi_init(&cfg)

abort() was called at PC 0x40089813 on core 0


Backtrace: 0x400818a2:0x3ffba300 0x4008981d:0x3ffba320 0x40091091:0x3ffba340 0x40089813:0x3ffba3b0 0x400d7664:0x3ffba3e0 0x400d7f93:0x3ffba5b0 0x4016a1bb:0x3ffba6a0 0x4008a3e5:0x3ffba6d0




ELF file SHA256: d57773025

Rebooting...
ets Jul 29 2019 12:21:46

rst:0xc (SW_CPU_RESET),boot:0x13 (SPI_FAST_FLASH_BOOT)
configsip: 0, SPIWP:0xee
clk_drv:0x00,q_drv:0x00,d_drv:0x00,cs0_drv:0x00,hd_drv:0x00,wp_drv:0x00
mode:DIO, clock div:2
load:0x3fff0030,len:7172
load:0x40078000,len:15540
load:0x40080400,len:4
ho 8 tail 4 room 4
load:0x40080404,len:3904
entry 0x40080640
[0;32mI (31) boot: ESP-IDF v5.2.1-dirty 2nd stage bootloader[0m
[0;32mI (31) boot: compile time Jun 15 2024 04:25:36[0m
[0;32mI (31) boot: Multicore bootloader[0m
[0;32mI (36) boot: chip revision: v3.0[0m
[0;32mI (40) boot.esp32: SPI Speed      : 40MHz[0m
[0;32mI (44) boot.esp32: SPI Mode       : DIO[0m
[0;32mI (49) boot.esp32: SPI Flash Size : 2MB[0m
[0;32mI (53) boot: Enabling RNG early entropy source...[0m
[0;32mI (59) boot: Partition Table:[0m
[0;32mI (62) boot: ## Label            Usage          Type ST Offset   Length[0m
[0;32mI (70) boot:  0 nvs              WiFi data        01 02 00009000 00006000[0m
[0;32mI (77) boot:  1 phy_init         RF data          01 01 0000f000 00001000[0m
[0;32mI (84) boot:  2 factory          factory app      00 00 00010000 00100000[0m
[0;32mI (92) boot: End of partition table[0m
[0;32mI (96) esp_image: segment 0: paddr=00010020 vaddr=3f400020 size=28f5ch (167772) map[0m
[0;32mI (162) esp_image: segment 1: paddr=00038f84 vaddr=3ffb0000 size=03c14h ( 15380) load[0m
[0;32mI (168) esp_image: segment 2: paddr=0003cba0 vaddr=40080000 size=03478h ( 13432) load[0m
[0;32mI (174) esp_image: segment 3: paddr=00040020 vaddr=400d0020 size=9c26ch (639596) map[0m
[0;32mI (396) esp_image: segment 4: paddr=000dc294 vaddr=40083478 size=13a00h ( 80384) load[0m
[0;32mI (439) boot: Loaded app from partition at offset 0x10000[0m
[0;32mI (439) boot: Disabling RNG early entropy source...[0m
[0;32mI (450) cpu_start: Multicore app[0m
[0;32mI (459) cpu_start: Pro cpu start user code[0m
[0;32mI (459) cpu_start: cpu freq: 160000000 Hz[0m
[0;32mI (459) cpu_start: Application information:[0m
[0;32mI (462) cpu_start: Project name:     main[0m
[0;32mI (467) cpu_start: App version:      1[0m
[0;32mI (471) cpu_start: Compile time:     Jun 15 2024 04:24:58[0m
[0;32mI (477) cpu_start: ELF file SHA256:  d57773025...[0m
[0;32mI (483) cpu_start: ESP-IDF:          v5.2.1-dirty[0m
[0;32mI (488) cpu_start: Min chip rev:     v0.0[0m
[0;32mI (493) cpu_start: Max chip rev:     v3.99 [0m
[0;32mI (498) cpu_start: Chip rev:         v3.0[0m
[0;32mI (503) heap_init: Initializing. RAM available for dynamic allocation:[0m
[0;32mI (510) heap_init: At 3FFAE6E0 len 00001920 (6 KiB): DRAM[0m
[0;32mI (516) heap_init: At 3FFB83A0 len 00027C60 (159 KiB): DRAM[0m
[0;32mI (522) heap_init: At 3FFE0440 len 00003AE0 (14 KiB): D/IRAM[0m
[0;32mI (528) heap_init: At 3FFE4350 len 0001BCB0 (111 KiB): D/IRAM[0m
[0;32mI (535) heap_init: At 40096E78 len 00009188 (36 KiB): IRAM[0m
[0;32mI (542) spi_flash: detected chip: generic[0m
[0;32mI (546) spi_flash: flash io: dio[0m
[0;33mW (549) spi_flash: Detected size(4096k) larger than the size in the binary image header(2048k). Using the size in the binary image header.[0m
[0;32mI (564) main_task: Started on CPU0[0m
[0;32mI (574) main_task: Calling app_main()[0m
Sending message: Hiiiii!
[0;32mI (574) uart_example: ESP_WIFI_MODE_STA[0m
W (574) wifi:wifi osi_nvs_open fail ret=4353

[0;33mW (574) wifi_init: Failed to unregister Rx callbacks[0m
[0;31mE (584) wifi_init: Failed to deinit Wi-Fi driver (0x3001)[0m
[0;31mE (594) wifi_init: Failed to deinit Wi-Fi (0x3001)[0m
ESP_ERROR_CHECK failed: esp_err_t 0x1101 (ESP_ERR_NVS_NOT_INITIALIZED) at 0x400d7664
file: "./main/main.c" line 201
func: Init_WiFi
expression: esp_wifi_init(&cfg)

abort() was called at PC 0x40089813 on core 0


Backtrace: 0x400818a2:0x3ffba300 0x4008981d:0x3ffba320 0x40091091:0x3ffba340 0x40089813:0x3ffba3b0 0x400d7664:0x3ffba3e0 0x400d7f93:0x3ffba5b0 0x4016a1bb:0x3ffba6a0 0x4008a3e5:0x3ffba6d0




ELF file SHA256: d57773025

Rebooting...
ets Jul 29 2019 12:21:46

rst:0xc (SW_CPU_RESET),boot:0x13 (SPI_FAST_FLASH_BOOT)
configsip: 0, SPIWP:0xee
clk_drv:0x00,q_drv:0x00,d_drv:0x00,cs0_drv:0x00,hd_drv:0x00,wp_drv:0x00
mode:DIO, clock div:2
load:0x3fff0030,len:7172
load:0x40078000,len:15540
load:0x40080400,len:4
ho 8 tail 4 room 4
load:0x40080404,len:3904
entry 0x40080640
[0;32mI (31) boot: ESP-IDF v5.2.1-dirty 2nd stage bootloader[0m
[0;32mI (31) boot: compile time Jun 15 2024 04:25:36[0m
[0;32mI (31) boot: Multicore bootloader[0m
[0;32mI (36) boot: chip revision: v3.0[0m
[0;32mI (40) boot.esp32: SPI Speed      : 40MHz[0m
[0;32mI (44) boot.esp32: SPI Mode       : DIO[0m
[0;32mI (49) boot.esp32: SPI Flash Size : 2MB[0m
[0;32mI (53) boot: Enabling RNG early entropy source...[0m
[0;32mI (59) boot: Partition Table:[0m
[0;32mI (62) boot: ## Label            Usage          Type ST Offset   Length[0m
[0;32mI (70) boot:  0 nvs              WiFi data        01 02 00009000 00006000[0m
[0;32mI (77) boot:  1 phy_init         RF data          01 01 0000f000 00001000[0m
[0;32mI (84) boot:  2 factory          factory app      00 00 00010000 00100000[0m
[0;32mI (92) boot: End of partition table[0m
[0;32mI (96) esp_image: segment 0: paddr=00010020 vaddr=3f400020 size=28f5ch (167772) map[0m
[0;32mI (162) esp_image: segment 1: paddr=00038f84 vaddr=3ffb0000 size=03c14h ( 15380) load[0m
[0;32mI (168) esp_image: segment 2: paddr=0003cba0 vaddr=40080000 size=03478h ( 13432) load[0m
[0;32mI (174) esp_image: segment 3: paddr=00040020 vaddr=400d0020 size=9c26ch (639596) map[0m
[0;32mI (396) esp_image: segment 4: paddr=000dc294 vaddr=40083478 size=13a00h ( 80384) load[0m
[0;32mI (439) boot: Loaded app from partition at offset 0x10000[0m
[0;32mI (439) boot: Disabling RNG early entropy source...[0m
[0;32mI (450) cpu_start: Multicore app[0m
[0;32mI (459) cpu_start: Pro cpu start user code[0m
[0;32mI (459) cpu_start: cpu freq: 160000000 Hz[0m
[0;32mI (459) cpu_start: Application information:[0m
[0;32mI (462) cpu_start: Project name:     main[0m
[0;32mI (467) cpu_start: App version:      1[0m
[0;32mI (471) cpu_start: Compile time:     Jun 15 2024 04:24:58[0m
[0;32mI (477) cpu_start: ELF file SHA256:  d57773025...[0m
[0;32mI (483) cpu_start: ESP-IDF:          v5.2.1-dirty[0m
[0;32mI (488) cpu_start: Min chip rev:     v0.0[0m
[0;32mI (493) cpu_start: Max chip rev:     v3.99 [0m
[0;32mI (498) cpu_start: Chip rev:         v3.0[0m
[0;32mI (503) heap_init: Initializing. RAM available for dynamic allocation:[0m
[0;32mI (510) heap_init: At 3FFAE6E0 len 00001920 (6 KiB): DRAM[0m
[0;32mI (516) heap_init: At 3FFB83A0 len 00027C60 (159 KiB): DRAM[0m
[0;32mI (522) heap_init: At 3FFE0440 len 00003AE0 (14 KiB): D/IRAM[0m
[0;32mI (528) heap_init: At 3FFE4350 len 0001BCB0 (111 KiB): D/IRAM[0m
[0;32mI (535) heap_init: At 40096E78 len 00009188 (36 KiB): IRAM[0m
[0;32mI (542) spi_flash: detected chip: generic[0m
[0;32mI (546) spi_flash: flash io: dio[0m
[0;33mW (549) spi_flash: Detected size(4096k) larger than the size in the binary image header(2048k). Using the size in the binary image header.[0m
[0;32mI (564) main_task: Started on CPU0[0m
[0;32mI (574) main_task: Calling app_main()[0m
Sending message: Hiiiii!
[0;32mI (574) uart_example: ESP_WIFI_MODE_STA[0m
W (574) wifi:wifi osi_nvs_open fail ret=4353

[0;33mW (574) wifi_init: Failed to unregister Rx callbacks[0m
[0;31mE (584) wifi_init: Failed to deinit Wi-Fi driver (0x3001)[0m
[0;31mE (594) wifi_init: Failed to deinit Wi-Fi (0x3001)[0m
ESP_ERROR_CHECK failed: esp_err_t 0x1101 (ESP_ERR_NVS_NOT_INITIALIZED) at 0x400d7664
file: "./main/main.c" line 201
func: Init_WiFi
expression: esp_wifi_init(&cfg)

abort() was called at PC 0x40089813 on core 0


Backtrace: 0x400818a2:0x3ffba300 0x4008981d:0x3ffba320 0x40091091:0x3ffba340 0x40089813:0x3ffba3b0 0x400d7664:0x3ffba3e0 0x400d7f93:0x3ffba5b0 0x4016a1bb:0x3ffba6a0 0x4008a3e5:0x3ffba6d0




ELF file SHA256: d57773025

Rebooting...
ets Jul 29 2019 12:21:46

rst:0xc (SW_CPU_RESET),boot:0x13 (SPI_FAST_FLASH_BOOT)
configsip: 0, SPIWP:0xee
clk_drv:0x00,q_drv:0x00,d_drv:0x00,cs0_drv:0x00,hd_drv:0x00,wp_drv:0x00
mode:DIO, clock div:2
load:0x3fff0030,len:7172
load:0x40078000,len:15540
load:0x40080400,len:4
ho 8 tail 4 room 4
load:0x40080404,len:3904
entry 0x40080640
[0;32mI (31) boot: ESP-IDF v5.2.1-dirty 2nd stage bootloader[0m
[0;32mI (31) boot: compile time Jun 15 2024 04:25:36[0m
[0;32mI (31) boot: Multicore bootloader[0m
[0;32mI (36) boot: chip revision: v3.0[0m
[0;32mI (40) boot.esp32: SPI Speed      : 40MHz[0m
[0;32mI (44) boot.esp32: SPI Mode       : DIO[0m
[0;32mI (49) boot.esp32: SPI Flash Size : 2MB[0m
[0;32mI (53) boot: Enabling RNG early entropy source...[0m
[0;32mI (59) boot: Partition Table:[0m
[0;32mI (62) boot: ## Label            Usage          Type ST Offset   Length[0m
[0;32mI (70) boot:  0 nvs              WiFi data        01 02 00009000 00006000[0m
[0;32mI (77) boot:  1 phy_init         RF data          01 01 0000f000 00001000[0m
[0;32mI (84) boot:  2 factory          factory app      00 00 00010000 00100000[0m
[0;32mI (92) boot: End of partition table[0m
[0;32mI (96) esp_image: segment 0: paddr=00010020 vaddr=3f400020 size=28f5ch (167772) map[0m
[0;32mI (162) esp_image: segment 1: paddr=00038f84 vaddr=3ffb0000 size=03c14h ( 15380) load[0m
[0;32mI (168) esp_image: segment 2: paddr=0003cba0 vaddr=40080000 size=03478h ( 13432) load[0m
[0;32mI (174) esp_image: segment 3: paddr=00040020 vaddr=400d0020 size=9c26ch (639596) map[0m
[0;32mI (396) esp_image: segment 4: paddr=000dc294 vaddr=40083478 size=13a00h ( 80384) load[0m
[0;32mI (439) boot: Loaded app from partition at offset 0x10000[0m
[0;32mI (439) boot: Disabling RNG early entropy source...[0m
[0;32mI (450) cpu_start: Multicore app[0m
[0;32mI (459) cpu_start: Pro cpu start user code[0m
[0;32mI (459) cpu_start: cpu freq: 160000000 Hz[0m
[0;32mI (459) cpu_start: Application information:[0m
[0;32mI (462) cpu_start: Project name:     main[0m
[0;32mI (467) cpu_start: App version:      1[0m
[0;32mI (471) cpu_start: Compile time:     Jun 15 2024 04:24:58[0m
[0;32mI (477) cpu_start: ELF file SHA256:  d57773025...[0m
[0;32mI (483) cpu_start: ESP-IDF:          v5.2.1-dirty[0m
[0;32mI (488) cpu_start: Min chip rev:     v0.0[0m
[0;32mI (493) cpu_start: Max chip rev:     v3.99 [0m
[0;32mI (498) cpu_start: Chip rev:         v3.0[0m
[0;32mI (503) heap_init: Initializing. RAM available for dynamic allocation:[0m
[0;32mI (510) heap_init: At 3FFAE6E0 len 00001920 (6 KiB): DRAM[0m
[0;32mI (516) heap_init: At 3FFB83A0 len 00027C60 (159 KiB): DRAM[0m
[0;32mI (522) heap_init: At 3FFE0440 len 00003AE0 (14 KiB): D/IRAM[0m
[0;32mI (528) heap_init: At 3FFE4350 len 0001BCB0 (111 KiB): D/IRAM[0m
[0;32mI (535) heap_init: At 40096E78 len 00009188 (36 KiB): IRAM[0m
[0;32mI (542) spi_flash: detected chip: generic[0m
[0;32mI (546) spi_flash: flash io: dio[0m
[0;33mW (549) spi_flash: Detected size(4096k) larger than the size in the binary image header(2048k). Using the size in the binary image header.[0m
[0;32mI (564) main_task: Started on CPU0[0m
[0;32mI (574) main_task: Calling app_main()[0m
Sending message: Hiiiii!
[0;32mI (574) uart_example: ESP_WIFI_MODE_STA[0m
W (574) wifi:wifi osi_nvs_open fail ret=4353

[0;33mW (574) wifi_init: Failed to unregister Rx callbacks[0m
[0;31mE (584) wifi_init: Failed to deinit Wi-Fi driver (0x3001)[0m
[0;31mE (594) wifi_init: Failed to deinit Wi-Fi (0x3001)[0m
ESP_ERROR_CHECK failed: esp_err_t 0x1101 (ESP_ERR_NVS_NOT_INITIALIZED) at 0x400d7664
file: "./main/main.c" line 201
func: Init_WiFi
expression: esp_wifi_init(&cfg)

abort() was called at PC 0x40089813 on core 0


Backtrace: 0x400818a2:0x3ffba300 0x4008981d:0x3ffba320 0x40091091:0x3ffba340 0x40089813:0x3ffba3b0 0x400d7664:0x3ffba3e0 0x400d7f93:0x3ffba5b0 0x4016a1bb:0x3ffba6a0 0x4008a3e5:0x3ffba6d0




ELF file SHA256: d57773025

Rebooting...
ets Jul 29 2019 12:21:46

rst:0xc (SW_CPU_RESET),boot:0x13 (SPI_FAST_FLASH_BOOT)
configsip: 0, SPIWP:0xee
clk_drv:0x00,q_drv:0x00,d_drv:0x00,cs0_drv:0x00,hd_drv:0x00,wp_drv:0x00
mode:DIO, clock div:2
load:0x3fff0030,len:7172
load:0x40078000,len:15540
load:0x40080400,len:4
ho 8 tail 4 room 4
load:0x40080404,len:3904
entry 0x40080640
[0;32mI (31) boot: ESP-IDF v5.2.1-dirty 2nd stage bootloader[0m
[0;32mI (31) boot: compile time Jun 15 2024 04:25:36[0m
[0;32mI (31) boot: Multicore bootloader[0m
[0;32mI (36) boot: chip revision: v3.0[0m
[0;32mI (40) boot.esp32: SPI Speed      : 40MHz[0m
[0;32mI (44) boot.esp32: SPI Mode       : DIO[0m
[0;32mI (49) boot.esp32: SPI Flash Size : 2MB[0m
[0;32mI (53) boot: Enabling RNG early entropy source...[0m
[0;32mI (59) boot: Partition Table:[0m
[0;32mI (62) boot: ## Label            Usage          Type ST Offset   Length[0m
[0;32mI (70) boot:  0 nvs              WiFi data        01 02 00009000 00006000[0m
[0;32mI (77) boot:  1 phy_init         RF data          01 01 0000f000 00001000[0m
[0;32mI (84) boot:  2 factory          factory app      00 00 00010000 00100000[0m
[0;32mI (92) boot: End of partition table[0m
[0;32mI (96) esp_image: segment 0: paddr=00010020 vaddr=3f400020 size=28f5ch (167772) map[0m
[0;32mI (162) esp_image: segment 1: paddr=00038f84 vaddr=3ffb0000 size=03c14h ( 15380) load[0m
[0;32mI (168) esp_image: segment 2: paddr=0003cba0 vaddr=40080000 size=03478h ( 13432) load[0m
[0;32mI (174) esp_image: segment 3: paddr=00040020 vaddr=400d0020 size=9c26ch (639596) map[0m
[0;32mI (396) esp_image: segment 4: paddr=000dc294 vaddr=40083478 size=13a00h ( 80384) load[0m
[0;32mI (439) boot: Loaded app from partition at offset 0x10000[0m
[0;32mI (439) boot: Disabling RNG early entropy source...[0m
[0;32mI (450) cpu_start: Multicore app[0m
[0;32mI (459) cpu_start: Pro cpu start user code[0m
[0;32mI (459) cpu_start: cpu freq: 160000000 Hz[0m
[0;32mI (459) cpu_start: Application information:[0m
[0;32mI (462) cpu_start: Project name:     main[0m
[0;32mI (467) cpu_start: App version:      1[0m
[0;32mI (471) cpu_start: Compile time:     Jun 15 2024 04:24:58[0m
[0;32mI (477) cpu_start: ELF file SHA256:  d57773025...[0m
[0;32mI (483) cpu_start: ESP-IDF:          v5.2.1-dirty[0m
[0;32mI (488) cpu_start: Min chip rev:     v0.0[0m
[0;32mI (493) cpu_start: Max chip rev:     v3.99 [0m
[0;32mI (498) cpu_start: Chip rev:         v3.0[0m
[0;32mI (503) heap_init: Initializing. RAM available for dynamic allocation:[0m
[0;32mI (510) heap_init: At 3FFAE6E0 len 00001920 (6 KiB): DRAM[0m
[0;32mI (516) heap_init: At 3FFB83A0 len 00027C60 (159 KiB): DRAM[0m
[0;32mI (522) heap_init: At 3FFE0440 len 00003AE0 (14 KiB): D/IRAM[0m
[0;32mI (528) heap_init: At 3FFE4350 len 0001BCB0 (111 KiB): D/IRAM[0m
[0;32mI (535) heap_init: At 40096E78 len 00009188 (36 KiB): IRAM[0m
[0;32mI (542) spi_flash: detected chip: generic[0m
[0;32mI (546) spi_flash: flash io: dio[0m
[0;33mW (549) spi_flash: Detected size(4096k) larger than the size in the binary image header(2048k). Using the size in the binary image header.[0m
[0;32mI (564) main_task: Started on CPU0[0m
[0;32mI (574) main_task: Calling app_main()[0m
Sending message: Hiiiii!
[0;32mI (574) uart_example: ESP_WIFI_MODE_STA[0m
W (574) wifi:wifi osi_nvs_open fail ret=4353

[0;33mW (574) wifi_init: Failed to unregister Rx callbacks[0m
[0;31mE (584) wifi_init: Failed to deinit Wi-Fi driver (0x3001)[0m
[0;31mE (594) wifi_init: Failed to deinit Wi-Fi (0x3001)[0m
ESP_ERROR_CHECK failed: esp_err_t 0x1101 (ESP_ERR_NVS_NOT_INITIALIZED) at 0x400d7664
file: "./main/main.c" line 201
func: Init_WiFi
expression: esp_wifi_init(&cfg)

abort() was called at PC 0x40089813 on core 0


Backtrace: 0x400818a2:0x3ffba300 0x4008981d:0x3ffba320 0x40091091:0x3ffba340 0x40089813:0x3ffba3b0 0x400d7664:0x3ffba3e0 0x400d7f93:0x3ffba5b0 0x4016a1bb:0x3ffba6a0 0x4008a3e5:0x3ffba6d0




ELF file SHA256: d57773025

Rebooting...
ets Jul 29 2019 12:21:46

rst:0xc (SW_CPU_RESET),boot:0x13 (SPI_FAST_FLASH_BOOT)
configsip: 0, SPIWP:0xee
clk_drv:0x00,q_drv:0x00,d_drv:0x00,cs0_drv:0x00,hd_drv:0x00,wp_drv:0x00
mode:DIO, clock div:2
load:0x3fff0030,len:7172
load:0x40078000,len:15540
load:0x40080400,len:4
ho 8 tail 4 room 4
load:0x40080404,len:3904
entry 0x40080640
[0;32mI (31) boot: ESP-IDF v5.2.1-dirty 2nd stage bootloader[0m
[0;32mI (31) boot: compile time Jun 15 2024 04:25:36[0m
[0;32mI (31) boot: Multicore bootloader[0m
[0;32mI (36) boot: chip revision: v3.0[0m
[0;32mI (40) boot.esp32: SPI Speed      : 40MHz[0m
[0;32mI (44) boot.esp32: SPI Mode       : DIO[0m
[0;32mI (49) boot.esp32: SPI Flash Size : 2MB[0m
[0;32mI (53) boot: Enabling RNG early entropy source...[0m
[0;32mI (59) boot: Partition Table:[0m
[0;32mI (62) boot: ## Label            Usage          Type ST Offset   Length[0m
[0;32mI (70) boot:  0 nvs              WiFi data        01 02 00009000 00006000[0m
[0;32mI (77) boot:  1 phy_init         RF data          01 01 0000f000 00001000[0m
[0;32mI (84) boot:  2 factory          factory app      00 00 00010000 00100000[0m
[0;32mI (92) boot: End of partition table[0m
[0;32mI (96) esp_image: segment 0: paddr=00010020 vaddr=3f400020 size=28f5ch (167772) map[0m
[0;32mI (162) esp_image: segment 1: paddr=00038f84 vaddr=3ffb0000 size=03c14h ( 15380) load[0m
[0;32mI (168) esp_image: segment 2: paddr=0003cba0 vaddr=40080000 size=03478h ( 13432) load[0m
[0;32mI (174) esp_image: segment 3: paddr=00040020 vaddr=400d0020 size=9c26ch (639596) map[0m
[0;32mI (396) esp_image: segment 4: paddr=000dc294 vaddr=40083478 size=13a00h ( 80384) load[0m
[0;32mI (439) boot: Loaded app from partition at offset 0x10000[0m
[0;32mI (439) boot: Disabling RNG early entropy source...[0m
[0;32mI (450) cpu_start: Multicore app[0m
[0;32mI (459) cpu_start: Pro cpu start user code[0m
[0;32mI (459) cpu_start: cpu freq: 160000000 Hz[0m
[0;32mI (459) cpu_start: Application information:[0m
[0;32mI (462) cpu_start: Project name:     main[0m
[0;32mI (467) cpu_start: App version:      1[0m
[0;32mI (471) cpu_start: Compile time:     Jun 15 2024 04:24:58[0m
[0;32mI (477) cpu_start: ELF file SHA256:  d57773025...[0m
[0;32mI (483) cpu_start: ESP-IDF:          v5.2.1-dirty[0m
[0;32mI (488) cpu_start: Min chip rev:     v0.0[0m
[0;32mI (493) cpu_start: Max chip rev:     v3.99 [0m
[0;32mI (498) cpu_start: Chip rev:         v3.0[0m
[0;32mI (503) heap_init: Initializing. RAM available for dynamic allocation:[0m
[0;32mI (510) heap_init: At 3FFAE6E0 len 00001920 (6 KiB): DRAM[0m
[0;32mI (516) heap_init: At 3FFB83A0 len 00027C60 (159 KiB): DRAM[0m
[0;32mI (522) heap_init: At 3FFE0440 len 00003AE0 (14 KiB): D/IRAM[0m
[0;32mI (528) heap_init: At 3FFE4350 len 0001BCB0 (111 KiB): D/IRAM[0m
[0;32mI (535) heap_init: At 40096E78 len 00009188 (36 KiB): IRAM[0m
[0;32mI (542) spi_flash: detected chip: generic[0m
[0;32mI (546) spi_flash: flash io: dio[0m
[0;33mW (549) spi_flash: Detected size(4096k) larger than the size in the binary image header(2048k). Using the size in the binary image header.[0m
[0;32mI (564) main_task: Started on CPU0[0m
[0;32mI (574) main_task: Calling app_main()[0m
Sending message: Hiiiii!
[0;32mI (574) uart_example: ESP_WIFI_MODE_STA[0m
W (574) wifi:wifi osi_nvs_open fail ret=4353

[0;33mW (574) wifi_init: Failed to unregister Rx callbacks[0m
[0;31mE (584) wifi_init: Failed to deinit Wi-Fi driver (0x3001)[0m
[0;31mE (594) wifi_init: Failed to deinit Wi-Fi (0x3001)[0m
ESP_ERROR_CHECK failed: esp_err_t 0x1101 (ESP_ERR_NVS_NOT_INITIALIZED) at 0x400d7664
file: "./main/main.c" line 201
func: Init_WiFi
expression: esp_wifi_init(&cfg)

abort() was called at PC 0x40089813 on core 0


Backtrace: 0x400818a2:0x3ffba300 0x4008981d:0x3ffba320 0x40091091:0x3ffba340 0x40089813:0x3ffba3b0 0x400d7664:0x3ffba3e0 0x400d7f93:0x3ffba5b0 0x4016a1bb:0x3ffba6a0 0x4008a3e5:0x3ffba6d0




ELF file SHA256: d57773025

Rebooting...
ets Jul 29 2019 12:21:46

rst:0xc (SW_CPU_RESET),boot:0x13 (SPI_FAST_FLASH_BOOT)
configsip: 0, SPIWP:0xee
clk_drv:0x00,q_drv:0x00,d_drv:0x00,cs0_drv:0x00,hd_drv:0x00,wp_drv:0x00
mode:DIO, clock div:2
load:0x3fff0030,len:7172
load:0x40078000,len:15540
load:0x40080400,len:4
ho 8 tail 4 room 4
load:0x40080404,len:3904
entry 0x40080640
[0;32mI (31) boot: ESP-IDF v5.2.1-dirty 2nd stage bootloader[0m
[0;32mI (31) boot: compile time Jun 15 2024 04:25:36[0m
[0;32mI (31) boot: Multicore bootloader[0m
[0;32mI (36) boot: chip revision: v3.0[0m
[0;32mI (40) boot.esp32: SPI Speed      : 40MHz[0m
[0;32mI (44) boot.esp32: SPI Mode       : DIO[0m
[0;32mI (49) boot.esp32: SPI Flash Size : 2MB[0m
[0;32mI (53) boot: Enabling RNG early entropy source...[0m
[0;32mI (59) boot: Partition Table:[0m
[0;32mI (62) boot: ## Label            Usage          Type ST Offset   Length[0m
[0;32mI (70) boot:  0 nvs              WiFi data        01 02 00009000 00006000[0m
[0;32mI (77) boot:  1 phy_init         RF data          01 01 0000f000 00001000[0m
[0;32mI (84) boot:  2 factory          factory app      00 00 00010000 00100000[0m
[0;32mI (92) boot: End of partition table[0m
[0;32mI (96) esp_image: segment 0: paddr=00010020 vaddr=3f400020 size=28f5ch (167772) map[0m
[0;32mI (162) esp_image: segment 1: paddr=00038f84 vaddr=3ffb0000 size=03c14h ( 15380) load[0m
[0;32mI (168) esp_image: segment 2: paddr=0003cba0 vaddr=40080000 size=03478h ( 13432) load[0m
[0;32mI (174) esp_image: segment 3: paddr=00040020 vaddr=400d0020 size=9c26ch (639596) map[0m
[0;32mI (396) esp_image: segment 4: paddr=000dc294 vaddr=40083478 size=13a00h ( 80384) load[0m
[0;32mI (439) boot: Loaded app from partition at offset 0x10000[0m
[0;32mI (439) boot: Disabling RNG early entropy source...[0m
[0;32mI (450) cpu_start: Multicore app[0m
[0;32mI (459) cpu_start: Pro cpu start user code[0m
[0;32mI (459) cpu_start: cpu freq: 160000000 Hz[0m
[0;32mI (459) cpu_start: Application information:[0m
[0;32mI (462) cpu_start: Project name:     main[0m
[0;32mI (467) cpu_start: App version:      1[0m
[0;32mI (471) cpu_start: Compile time:     Jun 15 2024 04:24:58[0m
[0;32mI (477) cpu_start: ELF file SHA256:  d57773025...[0m
[0;32mI (483) cpu_start: ESP-IDF:          v5.2.1-dirty[0m
[0;32mI (488) cpu_start: Min chip rev:     v0.0[0m
[0;32mI (493) cpu_start: Max chip rev:     v3.99 [0m
[0;32mI (498) cpu_start: Chip rev:         v3.0[0m
[0;32mI (503) heap_init: Initializing. RAM available for dynamic allocation:[0m
[0;32mI (510) heap_init: At 3FFAE6E0 len 00001920 (6 KiB): DRAM[0m
[0;32mI (516) heap_init: At 3FFB83A0 len 00027C60 (159 KiB): DRAM[0m
[0;32mI (522) heap_init: At 3FFE0440 len 00003AE0 (14 KiB): D/IRAM[0m
[0;32mI (528) heap_init: At 3FFE4350 len 0001BCB0 (111 KiB): D/IRAM[0m
[0;32mI (535) heap_init: At 40096E78 len 00009188 (36 KiB): IRAM[0m
[0;32mI (542) spi_flash: detected chip: generic[0m
[0;32mI (546) spi_flash: flash io: dio[0m
[0;33mW (549) spi_flash: Detected size(4096k) larger than the size in the binary image header(2048k). Using the size in the binary image header.[0m
[0;32mI (564) main_task: Started on CPU0[0m
[0;32mI (574) main_task: Calling app_main()[0m
Sending message: Hiiiii!
[0;32mI (574) uart_example: ESP_WIFI_MODE_STA[0m
W (574) wifi:wifi osi_nvs_open fail ret=4353

[0;33mW (574) wifi_init: Failed to unregister Rx callbacks[0m
[0;31mE (584) wifi_init: Failed to deinit Wi-Fi driver (0x3001)[0m
[0;31mE (594) wifi_init: Failed to deinit Wi-Fi (0x3001)[0m
ESP_ERROR_CHECK failed: esp_err_t 0x1101 (ESP_ERR_NVS_NOT_INITIALIZED) at 0x400d7664
file: "./main/main.c" line 201
func: Init_WiFi
expression: esp_wifi_init(&cfg)

abort() was called at PC 0x40089813 on core 0


Backtrace: 0x400818a2:0x3ffba300 0x4008981d:0x3ffba320 0x40091091:0x3ffba340 0x40089813:0x3ffba3b0 0x400d7664:0x3ffba3e0 0x400d7f93:0x3ffba5b0 0x4016a1bb:0x3ffba6a0 0x4008a3e5:0x3ffba6d0




ELF file SHA256: d57773025

Rebooting...
ets Jul 29 2019 12:21:46

rst:0xc (SW_CPU_RESET),boot:0x13 (SPI_FAST_FLASH_BOOT)
configsip: 0, SPIWP:0xee
clk_drv:0x00,q_drv:0x00,d_drv:0x00,cs0_drv:0x00,hd_drv:0x00,wp_drv:0x00
mode:DIO, clock div:2
load:0x3fff0030,len:7172
load:0x40078000,len:15540
load:0x40080400,len:4
ho 8 tail 4 room 4
load:0x40080404,len:3904
entry 0x40080640
[0;32mI (31) boot: ESP-IDF v5.2.1-dirty 2nd stage bootloader[0m
[0;32mI (31) boot: compile time Jun 15 2024 04:25:36[0m
[0;32mI (31) boot: Multicore bootloader[0m
[0;32mI (36) boot: chip revision: v3.0[0m
[0;32mI (40) boot.esp32: SPI Speed      : 40MHz[0m
[0;32mI (44) boot.esp32: SPI Mode       : DIO[0m
[0;32mI (49) boot.esp32: SPI Flash Size : 2MB[0m
[0;32mI (53) boot: Enabling RNG early entropy source...[0m
[0;32mI (59) boot: Partition Table:[0m
[0;32mI (62) boot: ## Label            Usage          Type ST Offset   Length[0m
[0;32mI (70) boot:  0 nvs              WiFi data        01 02 00009000 00006000[0m
[0;32mI (77) boot:  1 phy_init         RF data          01 01 0000f000 00001000[0m
[0;32mI (84) boot:  2 factory          factory app      00 00 00010000 00100000[0m
[0;32mI (92) boot: End of partition table[0m
[0;32mI (96) esp_image: segment 0: paddr=00010020 vaddr=3f400020 size=28f5ch (167772) map[0m
[0;32mI (162) esp_image: segment 1: paddr=00038f84 vaddr=3ffb0000 size=03c14h ( 15380) load[0m
[0;32mI (168) esp_image: segment 2: paddr=0003cba0 vaddr=40080000 size=03478h ( 13432) load[0m
[0;32mI (174) esp_image: segment 3: paddr=00040020 vaddr=400d0020 size=9c26ch (639596) map[0m
[0;32mI (396) esp_image: segment 4: paddr=000dc294 vaddr=40083478 size=13a00h ( 80384) load[0m
[0;32mI (439) boot: Loaded app from partition at offset 0x10000[0m
[0;32mI (439) boot: Disabling RNG early entropy source...[0m
[0;32mI (450) cpu_start: Multicore app[0m
[0;32mI (459) cpu_start: Pro cpu start user code[0m
[0;32mI (459) cpu_start: cpu freq: 160000000 Hz[0m
[0;32mI (459) cpu_start: Application information:[0m
[0;32mI (462) cpu_start: Project name:     main[0m
[0;32mI (467) cpu_start: App version:      1[0m
[0;32mI (471) cpu_start: Compile time:     Jun 15 2024 04:24:58[0m
[0;32mI (477) cpu_start: ELF file SHA256:  d57773025...[0m
[0;32mI (483) cpu_start: ESP-IDF:          v5.2.1-dirty[0m
[0;32mI (488) cpu_start: Min chip rev:     v0.0[0m
[0;32mI (493) cpu_start: Max chip rev:     v3.99 [0m
[0;32mI (498) cpu_start: Chip rev:         v3.0[0m
[0;32mI (503) heap_init: Initializing. RAM available for dynamic allocation:[0m
[0;32mI (510) heap_init: At 3FFAE6E0 len 00001920 (6 KiB): DRAM[0m
[0;32mI (516) heap_init: At 3FFB83A0 len 00027C60 (159 KiB): DRAM[0m
[0;32mI (522) heap_init: At 3FFE0440 len 00003AE0 (14 KiB): D/IRAM[0m
[0;32mI (528) heap_init: At 3FFE4350 len 0001BCB0 (111 KiB): D/IRAM[0m
[0;32mI (535) heap_init: At 40096E78 len 00009188 (36 KiB): IRAM[0m
[0;32mI (542) spi_flash: detected chip: generic[0m
[0;32mI (546) spi_flash: flash io: dio[0m
[0;33mW (549) spi_flash: Detected size(4096k) larger than the size in the binary image header(2048k). Using the size in the binary image header.[0m
[0;32mI (564) main_task: Started on CPU0[0m
[0;32mI (574) main_task: Calling app_main()[0m
Sending message: Hiiiii!
[0;32mI (574) uart_example: ESP_WIFI_MODE_STA[0m
W (574) wifi:wifi osi_nvs_open fail ret=4353

[0;33mW (574) wifi_init: Failed to unregister Rx callbacks[0m
[0;31mE (584) wifi_init: Failed to deinit Wi-Fi driver (0x3001)[0m
[0;31mE (594) wifi_init: Failed to deinit Wi-Fi (0x3001)[0m
ESP_ERROR_CHECK failed: esp_err_t 0x1101 (ESP_ERR_NVS_NOT_INITIALIZED) at 0x400d7664
file: "./main/main.c" line 201
func: Init_WiFi
expression: esp_wifi_init(&cfg)

abort() was called at PC 0x40089813 on core 0


Backtrace: 0x400818a2:0x3ffba300 0x4008981d:0x3ffba320 0x40091091:0x3ffba340 0x40089813:0x3ffba3b0 0x400d7664:0x3ffba3e0 0x400d7f93:0x3ffba5b0 0x4016a1bb:0x3ffba6a0 0x4008a3e5:0x3ffba6d0




ELF file SHA256: d57773025

Rebooting...
ets Jul 29 2019 12:21:46

rst:0xc (SW_CPU_RESET),boot:0x13 (SPI_FAST_FLASH_BOOT)
configsip: 0, SPIWP:0xee
clk_drv:0x00,q_drv:0x00,d_drv:0x00,cs0_drv:0x00,hd_drv:0x00,wp_drv:0x00
mode:DIO, clock div:2
load:0x3fff0030,len:7172
load:0x40078000,len:15540
load:0x40080400,len:4
ho 8 tail 4 room 4
load:0x40080404,len:3904
entry 0x40080640
[0;32mI (31) boot: ESP-IDF v5.2.1-dirty 2nd stage bootloader[0m
[0;32mI (31) boot: compile time Jun 15 2024 04:25:36[0m
[0;32mI (31) boot: Multicore bootloader[0m
[0;32mI (36) boot: chip revision: v3.0[0m
[0;32mI (40) boot.esp32: SPI Speed      : 40MHz[0m
[0;32mI (44) boot.esp32: SPI Mode       : DIO[0m
[0;32mI (49) boot.esp32: SPI Flash Size : 2MB[0m
[0;32mI (53) boot: Enabling RNG early entropy source...[0m
[0;32mI (59) boot: Partition Table:[0m
[0;32mI (62) boot: ## Label            Usage          Type ST Offset   Length[0m
[0;32mI (70) boot:  0 nvs              WiFi data        01 02 00009000 00006000[0m
[0;32mI (77) boot:  1 phy_init         RF data          01 01 0000f000 00001000[0m
[0;32mI (84) boot:  2 factory          factory app      00 00 00010000 00100000[0m
[0;32mI (92) boot: End of partition table[0m
[0;32mI (96) esp_image: segment 0: paddr=00010020 vaddr=3f400020 size=28f5ch (167772) map[0m
[0;32mI (162) esp_image: segment 1: paddr=00038f84 vaddr=3ffb0000 size=03c14h ( 15380) load[0m
[0;32mI (168) esp_image: segment 2: paddr=0003cba0 vaddr=40080000 size=03478h ( 13432) load[0m
[0;32mI (174) esp_image: segment 3: paddr=00040020 vaddr=400d0020 size=9c26ch (639596) map[0m
[0;32mI (396) esp_image: segment 4: paddr=000dc294 vaddr=40083478 size=13a00h ( 80384) load[0m
[0;32mI (439) boot: Loaded app from partition at offset 0x10000[0m
[0;32mI (439) boot: Disabling RNG early entropy source...[0m
[0;32mI (450) cpu_start: Multicore app[0m
[0;32mI (459) cpu_start: Pro cpu start user code[0m
[0;32mI (459) cpu_start: cpu freq: 160000000 Hz[0m
[0;32mI (459) cpu_start: Application information:[0m
[0;32mI (462) cpu_start: Project name:     main[0m
[0;32mI (467) cpu_start: App version:      1[0m
[0;32mI (471) cpu_start: Compile time:     Jun 15 2024 04:24:58[0m
[0;32mI (477) cpu_start: ELF file SHA256:  d57773025...[0m
[0;32mI (483) cpu_start: ESP-IDF:          v5.2.1-dirty[0m
[0;32mI (488) cpu_start: Min chip rev:     v0.0[0m
[0;32mI (493) cpu_start: Max chip rev:     v3.99 [0m
[0;32mI (498) cpu_start: Chip rev:         v3.0[0m
[0;32mI (503) heap_init: Initializing. RAM available for dynamic allocation:[0m
[0;32mI (510) heap_init: At 3FFAE6E0 len 00001920 (6 KiB): DRAM[0m
[0;32mI (516) heap_init: At 3FFB83A0 len 00027C60 (159 KiB): DRAM[0m
[0;32mI (522) heap_init: At 3FFE0440 len 00003AE0 (14 KiB): D/IRAM[0m
[0;32mI (528) heap_init: At 3FFE4350 len 0001BCB0 (111 KiB): D/IRAM[0m
[0;32mI (535) heap_init: At 40096E78 len 00009188 (36 KiB): IRAM[0m
[0;32mI (542) spi_flash: detected chip: generic[0m
[0;32mI (546) spi_flash: flash io: dio[0m
[0;33mW (549) spi_flash: Detected size(4096k) larger than the size in the binary image header(2048k). Using the size in the binary image header.[0m
[0;32mI (564) main_task: Started on CPU0[0m
[0;32mI (574) main_task: Calling app_main()[0m
Sending message: Hiiiii!
[0;32mI (574) uart_example: ESP_WIFI_MODE_STA[0m
W (574) wifi:wifi osi_nvs_open fail ret=4353

[0;33mW (574) wifi_init: Failed to unregister Rx callbacks[0m
[0;31mE (584) wifi_init: Failed to deinit Wi-Fi driver (0x3001)[0m
[0;31mE (594) wifi_init: Failed to deinit Wi-Fi (0x3001)[0m
ESP_ERROR_CHECK failed: esp_err_t 0x1101 (ESP_ERR_NVS_NOT_INITIALIZED) at 0x400d7664
file: "./main/main.c" line 201
func: Init_WiFi
expression: esp_wifi_init(&cfg)

abort() was called at PC 0x40089813 on core 0


Backtrace: 0x400818a2:0x3ffba300 0x4008981d:0x3ffba320 0x40091091:0x3ffba340 0x40089813:0x3ffba3b0 0x400d7664:0x3ffba3e0 0x400d7f93:0x3ffba5b0 0x4016a1bb:0x3ffba6a0 0x4008a3e5:0x3ffba6d0




ELF file SHA256: d57773025

Rebooting...
ets Jul 29 2019 12:21:46

rst:0xc (SW_CPU_RESET),boot:0x13 (SPI_FAST_FLASH_BOOT)
configsip: 0, SPIWP:0xee
clk_drv:0x00,q_drv:0x00,d_drv:0x00,cs0_drv:0x00,hd_drv:0x00,wp_drv:0x00
mode:DIO, clock div:2
load:0x3fff0030,len:7172
load:0x40078000,len:15540
load:0x40080400,len:4
ho 8 tail 4 room 4
load:0x40080404,len:3904
entry 0x40080640
[0;32mI (31) boot: ESP-IDF v5.2.1-dirty 2nd stage bootloader[0m
[0;32mI (31) boot: compile time Jun 15 2024 04:25:36[0m
[0;32mI (31) boot: Multicore bootloader[0m
[0;32mI (36) boot: chip revision: v3.0[0m
[0;32mI (40) boot.esp32: SPI Speed      : 40MHz[0m
[0;32mI (44) boot.esp32: SPI Mode       : DIO[0m
[0;32mI (49) boot.esp32: SPI Flash Size : 2MB[0m
[0;32mI (53) boot: Enabling RNG early entropy source...[0m
[0;32mI (59) boot: Partition Table:[0m
[0;32mI (62) boot: ## Label            Usage          Type ST Offset   Length[0m
[0;32mI (70) boot:  0 nvs              WiFi data        01 02 00009000 00006000[0m
[0;32mI (77) boot:  1 phy_init         RF data          01 01 0000f000 00001000[0m
[0;32mI (84) boot:  2 factory          factory app      00 00 00010000 00100000[0m
[0;32mI (92) boot: End of partition table[0m
[0;32mI (96) esp_image: segment 0: paddr=00010020 vaddr=3f400020 size=28f5ch (167772) map[0m
[0;32mI (162) esp_image: segment 1: paddr=00038f84 vaddr=3ffb0000 size=03c14h ( 15380) load[0m
[0;32mI (168) esp_image: segment 2: paddr=0003cba0 vaddr=40080000 size=03478h ( 13432) load[0m
[0;32mI (174) esp_image: segment 3: paddr=00040020 vaddr=400d0020 size=9c26ch (639596) map[0m
[0;32mI (396) esp_image: segment 4: paddr=000dc294 vaddr=40083478 size=13a00h ( 80384) load[0m
[0;32mI (439) boot: Loaded app from partition at offset 0x10000[0m
[0;32mI (439) boot: Disabling RNG early entropy source...[0m
[0;32mI (450) cpu_start: Multicore app[0m
[0;32mI (459) cpu_start: Pro cpu start user code[0m
[0;32mI (459) cpu_start: cpu freq: 160000000 Hz[0m
[0;32mI (459) cpu_start: Application information:[0m
[0;32mI (462) cpu_start: Project name:     main[0m
[0;32mI (467) cpu_start: App version:      1[0m
[0;32mI (471) cpu_start: Compile time:     Jun 15 2024 04:24:58[0m
[0;32mI (477) cpu_start: ELF file SHA256:  d57773025...[0m
[0;32mI (483) cpu_start: ESP-IDF:          v5.2.1-dirty[0m
[0;32mI (488) cpu_start: Min chip rev:     v0.0[0m
[0;32mI (493) cpu_start: Max chip rev:     v3.99 [0m
[0;32mI (498) cpu_start: Chip rev:         v3.0[0m
[0;32mI (503) heap_init: Initializing. RAM available for dynamic allocation:[0m
[0;32mI (510) heap_init: At 3FFAE6E0 len 00001920 (6 KiB): DRAM[0m
[0;32mI (516) heap_init: At 3FFB83A0 len 00027C60 (159 KiB): DRAM[0m
[0;32mI (522) heap_init: At 3FFE0440 len 00003AE0 (14 KiB): D/IRAM[0m
[0;32mI (528) heap_init: At 3FFE4350 len 0001BCB0 (111 KiB): D/IRAM[0m
[0;32mI (535) heap_init: At 40096E78 len 00009188 (36 KiB): IRAM[0m
[0;32mI (542) spi_flash: detected chip: generic[0m
[0;32mI (546) spi_flash: flash io: dio[0m
[0;33mW (549) spi_flash: Detected size(4096k) larger than the size in the binary image header(2048k). Using the size in the binary image header.[0m
[0;32mI (564) main_task: Started on CPU0[0m
[0;32mI (574) main_task: Calling app_main()[0m
Sending message: Hiiiii!
[0;32mI (574) uart_example: ESP_WIFI_MODE_STA[0m
W (574) wifi:wifi osi_nvs_open fail ret=4353

[0;33mW (574) wifi_init: Failed to unregister Rx callbacks[0m
[0;31mE (584) wifi_init: Failed to deinit Wi-Fi driver (0x3001)[0m
[0;31mE (594) wifi_init: Failed to deinit Wi-Fi (0x3001)[0m
ESP_ERROR_CHECK failed: esp_err_t 0x1101 (ESP_ERR_NVS_NOT_INITIALIZED) at 0x400d7664
file: "./main/main.c" line 201
func: Init_WiFi
expression: esp_wifi_init(&cfg)

abort() was called at PC 0x40089813 on core 0


Backtrace: 0x400818a2:0x3ffba300 0x4008981d:0x3ffba320 0x40091091:0x3ffba340 0x40089813:0x3ffba3b0 0x400d7664:0x3ffba3e0 0x400d7f93:0x3ffba5b0 0x4016a1bb:0x3ffba6a0 0x4008a3e5:0x3ffba6d0




ELF file SHA256: d57773025

Rebooting...
ets Jul 29 2019 12:21:46

rst:0xc (SW_CPU_RESET),boot:0x13 (SPI_FAST_FLASH_BOOT)
configsip: 0, SPIWP:0xee
clk_drv:0x00,q_drv:0x00,d_drv:0x00,cs0_drv:0x00,hd_drv:0x00,wp_drv:0x00
mode:DIO, clock div:2
load:0x3fff0030,len:7172
load:0x40078000,len:15540
load:0x40080400,len:4
ho 8 tail 4 room 4
load:0x40080404,len:3904
entry 0x40080640
[0;32mI (31) boot: ESP-IDF v5.2.1-dirty 2nd stage bootloader[0m
[0;32mI (31) boot: compile time Jun 15 2024 04:25:36[0m
[0;32mI (31) boot: Multicore bootloader[0m
[0;32mI (36) boot: chip revision: v3.0[0m
[0;32mI (40) boot.esp32: SPI Speed      : 40MHz[0m
[0;32mI (44) boot.esp32: SPI Mode       : DIO[0m
[0;32mI (49) boot.esp32: SPI Flash Size : 2MB[0m
[0;32mI (53) boot: Enabling RNG early entropy source...[0m
[0;32mI (59) boot: Partition Table:[0m
[0;32mI (62) boot: ## Label            Usage          Type ST Offset   Length[0m
[0;32mI (70) boot:  0 nvs              WiFi data        01 02 00009000 00006000[0m
[0;32mI (77) boot:  1 phy_init         RF data          01 01 0000f000 00001000[0m
[0;32mI (84) boot:  2 factory          factory app      00 00 00010000 00100000[0m
[0;32mI (92) boot: End of partition table[0m
[0;32mI (96) esp_image: segment 0: paddr=00010020 vaddr=3f400020 size=28f5ch (167772) map[0m
[0;32mI (162) esp_image: segment 1: paddr=00038f84 vaddr=3ffb0000 size=03c14h ( 15380) load[0m
[0;32mI (168) esp_image: segment 2: paddr=0003cba0 vaddr=40080000 size=03478h ( 13432) load[0m
[0;32mI (174) esp_image: segment 3: paddr=00040020 vaddr=400d0020 size=9c26ch (639596) map[0m
[0;32mI (396) esp_image: segment 4: paddr=000dc294 vaddr=40083478 size=13a00h ( 80384) load[0m
[0;32mI (439) boot: Loaded app from partition at offset 0x10000[0m
[0;32mI (439) boot: Disabling RNG early entropy source...[0m
[0;32mI (450) cpu_start: Multicore app[0m
[0;32mI (459) cpu_start: Pro cpu start user code[0m
[0;32mI (459) cpu_start: cpu freq: 160000000 Hz[0m
[0;32mI (459) cpu_start: Application information:[0m
[0;32mI (462) cpu_start: Project name:     main[0m
[0;32mI (467) cpu_start: App version:      1[0m
[0;32mI (471) cpu_start: Compile time:     Jun 15 2024 04:24:58[0m
[0;32mI (477) cpu_start: ELF file SHA256:  d57773025...[0m
[0;32mI (483) cpu_start: ESP-IDF:          v5.2.1-dirty[0m
[0;32mI (488) cpu_start: Min chip rev:     v0.0[0m
[0;32mI (493) cpu_start: Max chip rev:     v3.99 [0m
[0;32mI (498) cpu_start: Chip rev:         v3.0[0m
[0;32mI (503) heap_init: Initializing. RAM available for dynamic allocation:[0m
[0;32mI (510) heap_init: At 3FFAE6E0 len 00001920 (6 KiB): DRAM[0m
[0;32mI (516) heap_init: At 3FFB83A0 len 00027C60 (159 KiB): DRAM[0m
[0;32mI (522) heap_init: At 3FFE0440 len 00003AE0 (14 KiB): D/IRAM[0m
[0;32mI (528) heap_init: At 3FFE4350 len 0001BCB0 (111 KiB): D/IRAM[0m
[0;32mI (535) heap_init: At 40096E78 len 00009188 (36 KiB): IRAM[0m
[0;32mI (542) spi_flash: detected chip: generic[0m
[0;32mI (546) spi_flash: flash io: dio[0m
[0;33mW (549) spi_flash: Detected size(4096k) larger than the size in the binary image header(2048k). Using the size in the binary image header.[0m
[0;32mI (564) main_task: Started on CPU0[0m
[0;32mI (574) main_task: Calling app_main()[0m
Sending message: Hiiiii!
[0;32mI (574) uart_example: ESP_WIFI_MODE_STA[0m
W (574) wifi:wifi osi_nvs_open fail ret=4353

[0;33mW (574) wifi_init: Failed to unregister Rx callbacks[0m
[0;31mE (584) wifi_init: Failed to deinit Wi-Fi driver (0x3001)[0m
[0;31mE (594) wifi_init: Failed to deinit Wi-Fi (0x3001)[0m
ESP_ERROR_CHECK failed: esp_err_t 0x1101 (ESP_ERR_NVS_NOT_INITIALIZED) at 0x400d7664
file: "./main/main.c" line 201
func: Init_WiFi
expression: esp_wifi_init(&cfg)

abort() was called at PC 0x40089813 on core 0


Backtrace: 0x400818a2:0x3ffba300 0x4008981d:0x3ffba320 0x40091091:0x3ffba340 0x40089813:0x3ffba3b0 0x400d7664:0x3ffba3e0 0x400d7f93:0x3ffba5b0 0x4016a1bb:0x3ffba6a0 0x4008a3e5:0x3ffba6d0




ELF file SHA256: d57773025

Rebooting...
ets Jul 29 2019 12:21:46

rst:0xc (SW_CPU_RESET),boot:0x13 (SPI_FAST_FLASH_BOOT)
configsip: 0, SPIWP:0xee
clk_drv:0x00,q_drv:0x00,d_drv:0x00,cs0_drv:0x00,hd_drv:0x00,wp_drv:0x00
mode:DIO, clock div:2
load:0x3fff0030,len:7172
load:0x40078000,len:15540
load:0x40080400,len:4
ho 8 tail 4 room 4
load:0x40080404,len:3904
entry 0x40080640
[0;32mI (31) boot: ESP-IDF v5.2.1-dirty 2nd stage bootloader[0m
[0;32mI (31) boot: compile time Jun 15 2024 04:25:36[0m
[0;32mI (31) boot: Multicore bootloader[0m
[0;32mI (36) boot: chip revision: v3.0[0m
[0;32mI (40) boot.esp32: SPI Speed      : 40MHz[0m
[0;32mI (44) boot.esp32: SPI Mode       : DIO[0m
[0;32mI (49) boot.esp32: SPI Flash Size : 2MB[0m
[0;32mI (53) boot: Enabling RNG early entropy source...[0m
[0;32mI (59) boot: Partition Table:[0m
[0;32mI (62) boot: ## Label            Usage          Type ST Offset   Length[0m
[0;32mI (70) boot:  0 nvs              WiFi data        01 02 00009000 00006000[0m
[0;32mI (77) boot:  1 phy_init         RF data          01 01 0000f000 00001000[0m
[0;32mI (84) boot:  2 factory          factory app      00 00 00010000 00100000[0m
[0;32mI (92) boot: End of partition table[0m
[0;32mI (96) esp_image: segment 0: paddr=00010020 vaddr=3f400020 size=28f5ch (167772) map[0m
[0;32mI (162) esp_image: segment 1: paddr=00038f84 vaddr=3ffb0000 size=03c14h ( 15380) load[0m
[0;32mI (168) esp_image: segment 2: paddr=0003cba0 vaddr=40080000 size=03478h ( 13432) load[0m
[0;32mI (174) esp_image: segment 3: paddr=00040020 vaddr=400d0020 size=9c26ch (639596) map[0m
[0;32mI (396) esp_image: segment 4: paddr=000dc294 vaddr=40083478 size=13a00h ( 80384) load[0m
[0;32mI (439) boot: Loaded app from partition at offset 0x10000[0m
[0;32mI (439) boot: Disabling RNG early entropy source...[0m
[0;32mI (450) cpu_start: Multicore app[0m
[0;32mI (459) cpu_start: Pro cpu start user code[0m
[0;32mI (459) cpu_start: cpu freq: 160000000 Hz[0m
[0;32mI (459) cpu_start: Application information:[0m
[0;32mI (462) cpu_start: Project name:     main[0m
[0;32mI (467) cpu_start: App version:      1[0m
[0;32mI (471) cpu_start: Compile time:     Jun 15 2024 04:24:58[0m
[0;32mI (477) cpu_start: ELF file SHA256:  d57773025...[0m
[0;32mI (483) cpu_start: ESP-IDF:          v5.2.1-dirty[0m
[0;32mI (488) cpu_start: Min chip rev:     v0.0[0m
[0;32mI (493) cpu_start: Max chip rev:     v3.99 [0m
[0;32mI (498) cpu_start: Chip rev:         v3.0[0m
[0;32mI (503) heap_init: Initializing. RAM available for dynamic allocation:[0m
[0;32mI (510) heap_init: At 3FFAE6E0 len 00001920 (6 KiB): DRAM[0m
[0;32mI (516) heap_init: At 3FFB83A0 len 00027C60 (159 KiB): DRAM[0m
[0;32mI (522) heap_init: At 3FFE0440 len 00003AE0 (14 KiB): D/IRAM[0m
[0;32mI (528) heap_init: At 3FFE4350 len 0001BCB0 (111 KiB): D/IRAM[0m
[0;32mI (535) heap_init: At 40096E78 len 00009188 (36 KiB): IRAM[0m
[0;32mI (542) spi_flash: detected chip: generic[0m
[0;32mI (546) spi_flash: flash io: dio[0m
[0;33mW (549) spi_flash: Detected size(4096k) larger than the size in the binary image header(2048k). Using the size in the binary image header.[0m
[0;32mI (564) main_task: Started on CPU0[0m
[0;32mI (574) main_task: Calling app_main()[0m
Sending message: Hiiiii!
[0;32mI (574) uart_example: ESP_WIFI_MODE_STA[0m
W (574) wifi:wifi osi_nvs_open fail ret=4353

[0;33mW (574) wifi_init: Failed to unregister Rx callbacks[0m
[0;31mE (584) wifi_init: Failed to deinit Wi-Fi driver (0x3001)[0m
[0;31mE (594) wifi_init: Failed to deinit Wi-Fi (0x3001)[0m
ESP_ERROR_CHECK failed: esp_err_t 0x1101 (ESP_ERR_NVS_NOT_INITIALIZED) at 0x400d7664
file: "./main/main.c" line 201
func: Init_WiFi
expression: esp_wifi_init(&cfg)

abort() was called at PC 0x40089813 on core 0


Backtrace: 0x400818a2:0x3ffba300 0x4008981d:0x3ffba320 0x40091091:0x3ffba340 0x40089813:0x3ffba3b0 0x400d7664:0x3ffba3e0 0x400d7f93:0x3ffba5b0 0x4016a1bb:0x3ffba6a0 0x4008a3e5:0x3ffba6d0




ELF file SHA256: d57773025

Rebooting...
ets Jul 29 2019 12:21:46

rst:0xc (SW_CPU_RESET),boot:0x13 (SPI_FAST_FLASH_BOOT)
configsip: 0, SPIWP:0xee
clk_drv:0x00,q_drv:0x00,d_drv:0x00,cs0_drv:0x00,hd_drv:0x00,wp_drv:0x00
mode:DIO, clock div:2
load:0x3fff0030,len:7172
load:0x40078000,len:15540
load:0x40080400,len:4
ho 8 tail 4 room 4
load:0x40080404,len:3904
entry 0x40080640
[0;32mI (31) boot: ESP-IDF v5.2.1-dirty 2nd stage bootloader[0m
[0;32mI (31) boot: compile time Jun 15 2024 04:25:36[0m
[0;32mI (31) boot: Multicore bootloader[0m
[0;32mI (36) boot: chip revision: v3.0[0m
[0;32mI (40) boot.esp32: SPI Speed      : 40MHz[0m
[0;32mI (44) boot.esp32: SPI Mode       : DIO[0m
[0;32mI (49) boot.esp32: SPI Flash Size : 2MB[0m
[0;32mI (53) boot: Enabling RNG early entropy source...[0m
[0;32mI (59) boot: Partition Table:[0m
[0;32mI (62) boot: ## Label            Usage          Type ST Offset   Length[0m
[0;32mI (70) boot:  0 nvs              WiFi data        01 02 00009000 00006000[0m
[0;32mI (77) boot:  1 phy_init         RF data          01 01 0000f000 00001000[0m
[0;32mI (84) boot:  2 factory          factory app      00 00 00010000 00100000[0m
[0;32mI (92) boot: End of partition table[0m
[0;32mI (96) esp_image: segment 0: paddr=00010020 vaddr=3f400020 size=28f5ch (167772) map[0m
[0;32mI (162) esp_image: segment 1: paddr=00038f84 vaddr=3ffb0000 size=03c14h ( 15380) load[0m
[0;32mI (168) esp_image: segment 2: paddr=0003cba0 vaddr=40080000 size=03478h ( 13432) load[0m
[0;32mI (174) esp_image: segment 3: paddr=00040020 vaddr=400d0020 size=9c26ch (639596) map[0m
[0;32mI (396) esp_image: segment 4: paddr=000dc294 vaddr=40083478 size=13a00h ( 80384) load[0m
[0;32mI (439) boot: Loaded app from partition at offset 0x10000[0m
[0;32mI (439) boot: Disabling RNG early entropy source...[0m
[0;32mI (450) cpu_start: Multicore app[0m
[0;32mI (459) cpu_start: Pro cpu start user code[0m
[0;32mI (459) cpu_start: cpu freq: 160000000 Hz[0m
[0;32mI (459) cpu_start: Application information:[0m
[0;32mI (462) cpu_start: Project name:     main[0m
[0;32mI (467) cpu_start: App version:      1[0m
[0;32mI (471) cpu_start: Compile time:     Jun 15 2024 04:24:58[0m
[0;32mI (477) cpu_start: ELF file SHA256:  d57773025...[0m
[0;32mI (483) cpu_start: ESP-IDF:          v5.2.1-dirty[0m
[0;32mI (488) cpu_start: Min chip rev:     v0.0[0m
[0;32mI (493) cpu_start: Max chip rev:     v3.99 [0m
[0;32mI (498) cpu_start: Chip rev:         v3.0[0m
[0;32mI (503) heap_init: Initializing. RAM available for dynamic allocation:[0m
[0;32mI (510) heap_init: At 3FFAE6E0 len 00001920 (6 KiB): DRAM[0m
[0;32mI (516) heap_init: At 3FFB83A0 len 00027C60 (159 KiB): DRAM[0m
[0;32mI (522) heap_init: At 3FFE0440 len 00003AE0 (14 KiB): D/IRAM[0m
[0;32mI (528) heap_init: At 3FFE4350 len 0001BCB0 (111 KiB): D/IRAM[0m
[0;32mI (535) heap_init: At 40096E78 len 00009188 (36 KiB): IRAM[0m
[0;32mI (542) spi_flash: detected chip: generic[0m
[0;32mI (546) spi_flash: flash io: dio[0m
[0;33mW (549) spi_flash: Detected size(4096k) larger than the size in the binary image header(2048k). Using the size in the binary image header.[0m
[0;32mI (564) main_task: Started on CPU0[0m
[0;32mI (574) main_task: Calling app_main()[0m
Sending message: Hiiiii!
[0;32mI (574) uart_example: ESP_WIFI_MODE_STA[0m
W (574) wifi:wifi osi_nvs_open fail ret=4353

[0;33mW (574) wifi_init: Failed to unregister Rx callbacks[0m
[0;31mE (584) wifi_init: Failed to deinit Wi-Fi driver (0x3001)[0m
[0;31mE (594) wifi_init: Failed to deinit Wi-Fi (0x3001)[0m
ESP_ERROR_CHECK failed: esp_err_t 0x1101 (ESP_ERR_NVS_NOT_INITIALIZED) at 0x400d7664
file: "./main/main.c" line 201
func: Init_WiFi
expression: esp_wifi_init(&cfg)

abort() was called at PC 0x40089813 on core 0


Backtrace: 0x400818a2:0x3ffba300 0x4008981d:0x3ffba320 0x40091091:0x3ffba340 0x40089813:0x3ffba3b0 0x400d7664:0x3ffba3e0 0x400d7f93:0x3ffba5b0 0x4016a1bb:0x3ffba6a0 0x4008a3e5:0x3ffba6d0




ELF file SHA256: d57773025

Rebooting...
ets Jul 29 2019 12:21:46

rst:0xc (SW_CPU_RESET),boot:0x13 (SPI_FAST_FLASH_BOOT)
configsip: 0, SPIWP:0xee
clk_drv:0x00,q_drv:0x00,d_drv:0x00,cs0_drv:0x00,hd_drv:0x00,wp_drv:0x00
mode:DIO, clock div:2
load:0x3fff0030,len:7172
load:0x40078000,len:15540
load:0x40080400,len:4
ho 8 tail 4 room 4
load:0x40080404,len:3904
entry 0x40080640
[0;32mI (31) boot: ESP-IDF v5.2.1-dirty 2nd stage bootloader[0m
[0;32mI (31) boot: compile time Jun 15 2024 04:25:36[0m
[0;32mI (31) boot: Multicore bootloader[0m
[0;32mI (36) boot: chip revision: v3.0[0m
[0;32mI (40) boot.esp32: SPI Speed      : 40MHz[0m
[0;32mI (44) boot.esp32: SPI Mode       : DIO[0m
[0;32mI (49) boot.esp32: SPI Flash Size : 2MB[0m
[0;32mI (53) boot: Enabling RNG early entropy source...[0m
[0;32mI (59) boot: Partition Table:[0m
[0;32mI (62) boot: ## Label            Usage          Type ST Offset   Length[0m
[0;32mI (70) boot:  0 nvs              WiFi data        01 02 00009000 00006000[0m
[0;32mI (77) boot:  1 phy_init         RF data          01 01 0000f000 00001000[0m
[0;32mI (84) boot:  2 factory          factory app      00 00 00010000 00100000[0m
[0;32mI (92) boot: End of partition table[0m
[0;32mI (96) esp_image: segment 0: paddr=00010020 vaddr=3f400020 size=28f5ch (167772) map[0m
[0;32mI (162) esp_image: segment 1: paddr=00038f84 vaddr=3ffb0000 size=03c14h ( 15380) load[0m
[0;32mI (168) esp_image: segment 2: paddr=0003cba0 vaddr=40080000 size=03478h ( 13432) load[0m
[0;32mI (174) esp_image: segment 3: paddr=00040020 vaddr=400d0020 size=9c26ch (639596) map[0m
[0;32mI (396) esp_image: segment 4: paddr=000dc294 vaddr=40083478 size=13a00h ( 80384) load[0m
[0;32mI (439) boot: Loaded app from partition at offset 0x10000[0m
[0;32mI (439) boot: Disabling RNG early entropy source...[0m
[0;32mI (450) cpu_start: Multicore app[0m
[0;32mI (459) cpu_start: Pro cpu start user code[0m
[0;32mI (459) cpu_start: cpu freq: 160000000 Hz[0m
[0;32mI (459) cpu_start: Application information:[0m
[0;32mI (462) cpu_start: Project name:     main[0m
[0;32mI (467) cpu_start: App version:      1[0m
[0;32mI (471) cpu_start: Compile time:     Jun 15 2024 04:24:58[0m
[0;32mI (477) cpu_start: ELF file SHA256:  d57773025...[0m
[0;32mI (483) cpu_start: ESP-IDF:          v5.2.1-dirty[0m
[0;32mI (488) cpu_start: Min chip rev:     v0.0[0m
[0;32mI (493) cpu_start: Max chip rev:     v3.99 [0m
[0;32mI (498) cpu_start: Chip rev:         v3.0[0m
[0;32mI (503) heap_init: Initializing. RAM available for dynamic allocation:[0m
[0;32mI (510) heap_init: At 3FFAE6E0 len 00001920 (6 KiB): DRAM[0m
[0;32mI (516) heap_init: At 3FFB83A0 len 00027C60 (159 KiB): DRAM[0m
[0;32mI (522) heap_init: At 3FFE0440 len 00003AE0 (14 KiB): D/IRAM[0m
[0;32mI (528) heap_init: At 3FFE4350 len 0001BCB0 (111 KiB): D/IRAM[0m
[0;32mI (535) heap_init: At 40096E78 len 00009188 (36 KiB): IRAM[0m
[0;32mI (542) spi_flash: detected chip: generic[0m
[0;32mI (546) spi_flash: flash io: dio[0m
[0;33mW (549) spi_flash: Detected size(4096k) larger than the size in the binary image header(2048k). Using the size in the binary image header.[0m
[0;32mI (564) main_task: Started on CPU0[0m
[0;32mI (574) main_task: Calling app_main()[0m
Sending message: Hiiiii!
[0;32mI (574) uart_example: ESP_WIFI_MODE_STA[0m
W (574) wifi:wifi osi_nvs_open fail ret=4353

[0;33mW (574) wifi_init: Failed to unregister Rx callbacks[0m
[0;31mE (584) wifi_init: Failed to deinit Wi-Fi driver (0x3001)[0m
[0;31mE (594) wifi_init: Failed to deinit Wi-Fi (0x3001)[0m
ESP_ERROR_CHECK failed: esp_err_t 0x1101 (ESP_ERR_NVS_NOT_INITIALIZED) at 0x400d7664
file: "./main/main.c" line 201
func: Init_WiFi
expression: esp_wifi_init(&cfg)

abort() was called at PC 0x40089813 on core 0


Backtrace: 0x400818a2:0x3ffba300 0x4008981d:0x3ffba320 0x40091091:0x3ffba340 0x40089813:0x3ffba3b0 0x400d7664:0x3ffba3e0 0x400d7f93:0x3ffba5b0 0x4016a1bb:0x3ffba6a0 0x4008a3e5:0x3ffba6d0




ELF file SHA256: d57773025

Rebooting...
ets Jul 29 2019 12:21:46

rst:0xc (SW_CPU_RESET),boot:0x13 (SPI_FAST_FLASH_BOOT)
configsip: 0, SPIWP:0xee
clk_drv:0x00,q_drv:0x00,d_drv:0x00,cs0_drv:0x00,hd_drv:0x00,wp_drv:0x00
mode:DIO, clock div:2
load:0x3fff0030,len:7172
load:0x40078000,len:15540
load:0x40080400,len:4
ho 8 tail 4 room 4
load:0x40080404,len:3904
entry 0x40080640
[0;32mI (31) boot: ESP-IDF v5.2.1-dirty 2nd stage bootloader[0m
[0;32mI (31) boot: compile time Jun 15 2024 04:25:36[0m
[0;32mI (31) boot: Multicore bootloader[0m
[0;32mI (36) boot: chip revision: v3.0[0m
[0;32mI (40) boot.esp32: SPI Speed      : 40MHz[0m
[0;32mI (44) boot.esp32: SPI Mode       : DIO[0m
[0;32mI (49) boot.esp32: SPI Flash Size : 2MB[0m
[0;32mI (53) boot: Enabling RNG early entropy source...[0m
[0;32mI (59) boot: Partition Table:[0m
[0;32mI (62) boot: ## Label            Usage          Type ST Offset   Length[0m
[0;32mI (70) boot:  0 nvs              WiFi data        01 02 00009000 00006000[0m
[0;32mI (77) boot:  1 phy_init         RF data          01 01 0000f000 00001000[0m
[0;32mI (84) boot:  2 factory          factory app      00 00 00010000 00100000[0m
[0;32mI (92) boot: End of partition table[0m
[0;32mI (96) esp_image: segment 0: paddr=00010020 vaddr=3f400020 size=28f5ch (167772) map[0m
[0;32mI (162) esp_image: segment 1: paddr=00038f84 vaddr=3ffb0000 size=03c14h ( 15380) load[0m
[0;32mI (168) esp_image: segment 2: paddr=0003cba0 vaddr=40080000 size=03478h ( 13432) load[0m
[0;32mI (174) esp_image: segment 3: paddr=00040020 vaddr=400d0020 size=9c26ch (639596) map[0m
[0;32mI (396) esp_image: segment 4: paddr=000dc294 vaddr=40083478 size=13a00h ( 80384) load[0m
[0;32mI (439) boot: Loaded app from partition at offset 0x10000[0m
[0;32mI (439) boot: Disabling RNG early entropy source...[0m
[0;32mI (450) cpu_start: Multicore app[0m
[0;32mI (459) cpu_start: Pro cpu start user code[0m
[0;32mI (459) cpu_start: cpu freq: 160000000 Hz[0m
[0;32mI (459) cpu_start: Application information:[0m
[0;32mI (462) cpu_start: Project name:     main[0m
[0;32mI (467) cpu_start: App version:      1[0m
[0;32mI (471) cpu_start: Compile time:     Jun 15 2024 04:24:58[0m
[0;32mI (477) cpu_start: ELF file SHA256:  d57773025...[0m
[0;32mI (483) cpu_start: ESP-IDF:          v5.2.1-dirty[0m
[0;32mI (488) cpu_start: Min chip rev:     v0.0[0m
[0;32mI (493) cpu_start: Max chip rev:     v3.99 [0m
[0;32mI (498) cpu_start: Chip rev:         v3.0[0m
[0;32mI (503) heap_init: Initializing. RAM available for dynamic allocation:[0m
[0;32mI (510) heap_init: At 3FFAE6E0 len 00001920 (6 KiB): DRAM[0m
[0;32mI (516) heap_init: At 3FFB83A0 len 00027C60 (159 KiB): DRAM[0m
[0;32mI (522) heap_init: At 3FFE0440 len 00003AE0 (14 KiB): D/IRAM[0m
[0;32mI (528) heap_init: At 3FFE4350 len 0001BCB0 (111 KiB): D/IRAM[0m
[0;32mI (535) heap_init: At 40096E78 len 00009188 (36 KiB): IRAM[0m
[0;32mI (542) spi_flash: detected chip: generic[0m
[0;32mI (546) spi_flash: flash io: dio[0m
[0;33mW (549) spi_flash: Detected size(4096k) larger than the size in the binary image header(2048k). Using the size in the binary image header.[0m
[0;32mI (564) main_task: Started on CPU0[0m
[0;32mI (574) main_task: Calling app_main()[0m
Sending message: Hiiiii!
[0;32mI (574) uart_example: ESP_WIFI_MODE_STA[0m
W (574) wifi:wifi osi_nvs_open fail ret=4353

[0;33mW (574) wifi_init: Failed to unregister Rx callbacks[0m
[0;31mE (584) wifi_init: Failed to deinit Wi-Fi driver (0x3001)[0m
[0;31mE (594) wifi_init: Failed to deinit Wi-Fi (0x3001)[0m
ESP_ERROR_CHECK failed: esp_err_t 0x1101 (ESP_ERR_NVS_NOT_INITIALIZED) at 0x400d7664
file: "./main/main.c" line 201
func: Init_WiFi
expression: esp_wifi_init(&cfg)

abort() was called at PC 0x40089813 on core 0


Backtrace: 0x400818a2:0x3ffba300 0x4008981d:0x3ffba320 0x40091091:0x3ffba340 0x40089813:0x3ffba3b0 0x400d7664:0x3ffba3e0 0x400d7f93:0x3ffba5b0 0x4016a1bb:0x3ffba6a0 0x4008a3e5:0x3ffba6d0




ELF file SHA256: d57773025

Rebooting...
ets Jul 29 2019 12:21:46

rst:0xc (SW_CPU_RESET),boot:0x13 (SPI_FAST_FLASH_BOOT)
configsip: 0, SPIWP:0xee
clk_drv:0x00,q_drv:0x00,d_drv:0x00,cs0_drv:0x00,hd_drv:0x00,wp_drv:0x00
mode:DIO, clock div:2
load:0x3fff0030,len:7172
load:0x40078000,len:15540
load:0x40080400,len:4
ho 8 tail 4 room 4
load:0x40080404,len:3904
entry 0x40080640
[0;32mI (31) boot: ESP-IDF v5.2.1-dirty 2nd stage bootloader[0m
[0;32mI (31) boot: compile time Jun 15 2024 04:25:36[0m
[0;32mI (31) boot: Multicore bootloader[0m
[0;32mI (36) boot: chip revision: v3.0[0m
[0;32mI (40) boot.esp32: SPI Speed      : 40MHz[0m
[0;32mI (44) boot.esp32: SPI Mode       : DIO[0m
[0;32mI (49) boot.esp32: SPI Flash Size : 2MB[0m
[0;32mI (53) boot: Enabling RNG early entropy source...[0m
[0;32mI (59) boot: Partition Table:[0m
[0;32mI (62) boot: ## Label            Usage          Type ST Offset   Length[0m
[0;32mI (70) boot:  0 nvs              WiFi data        01 02 00009000 00006000[0m
[0;32mI (77) boot:  1 phy_init         RF data          01 01 0000f000 00001000[0m
[0;32mI (84) boot:  2 factory          factory app      00 00 00010000 00100000[0m
[0;32mI (92) boot: End of partition table[0m
[0;32mI (96) esp_image: segment 0: paddr=00010020 vaddr=3f400020 size=28f5ch (167772) map[0m
[0;32mI (162) esp_image: segment 1: paddr=00038f84 vaddr=3ffb0000 size=03c14h ( 15380) load[0m
[0;32mI (168) esp_image: segment 2: paddr=0003cba0 vaddr=40080000 size=03478h ( 13432) load[0m
[0;32mI (174) esp_image: segment 3: paddr=00040020 vaddr=400d0020 size=9c26ch (639596) map[0m
[0;32mI (396) esp_image: segment 4: paddr=000dc294 vaddr=40083478 size=13a00h ( 80384) load[0m
[0;32mI (439) boot: Loaded app from partition at offset 0x10000[0m
[0;32mI (439) boot: Disabling RNG early entropy source...[0m
[0;32mI (450) cpu_start: Multicore app[0m
[0;32mI (459) cpu_start: Pro cpu start user code[0m
[0;32mI (459) cpu_start: cpu freq: 160000000 Hz[0m
[0;32mI (459) cpu_start: Application information:[0m
[0;32mI (462) cpu_start: Project name:     main[0m
[0;32mI (467) cpu_start: App version:      1[0m
[0;32mI (471) cpu_start: Compile time:     Jun 15 2024 04:24:58[0m
[0;32mI (477) cpu_start: ELF file SHA256:  d57773025...[0m
[0;32mI (483) cpu_start: ESP-IDF:          v5.2.1-dirty[0m
[0;32mI (488) cpu_start: Min chip rev:     v0.0[0m
[0;32mI (493) cpu_start: Max chip rev:     v3.99 [0m
[0;32mI (498) cpu_start: Chip rev:         v3.0[0m
[0;32mI (503) heap_init: Initializing. RAM available for dynamic allocation:[0m
[0;32mI (510) heap_init: At 3FFAE6E0 len 00001920 (6 KiB): DRAM[0m
[0;32mI (516) heap_init: At 3FFB83A0 len 00027C60 (159 KiB): DRAM[0m
[0;32mI (522) heap_init: At 3FFE0440 len 00003AE0 (14 KiB): D/IRAM[0m
[0;32mI (528) heap_init: At 3FFE4350 len 0001BCB0 (111 KiB): D/IRAM[0m
[0;32mI (535) heap_init: At 40096E78 len 00009188 (36 KiB): IRAM[0m
[0;32mI (542) spi_flash: detected chip: generic[0m
[0;32mI (546) spi_flash: flash io: dio[0m
[0;33mW (549) spi_flash: Detected size(4096k) larger than the size in the binary image header(2048k). Using the size in the binary image header.[0m
[0;32mI (564) main_task: Started on CPU0[0m
[0;32mI (574) main_task: Calling app_main()[0m
Sending message: Hiiiii!
[0;32mI (574) uart_example: ESP_WIFI_MODE_STA[0m
W (574) wifi:wifi osi_nvs_open fail ret=4353

[0;33mW (574) wifi_init: Failed to unregister Rx callbacks[0m
[0;31mE (584) wifi_init: Failed to deinit Wi-Fi driver (0x3001)[0m
[0;31mE (594) wifi_init: Failed to deinit Wi-Fi (0x3001)[0m
ESP_ERROR_CHECK failed: esp_err_t 0x1101 (ESP_ERR_NVS_NOT_INITIALIZED) at 0x400d7664
file: "./main/main.c" line 201
func: Init_WiFi
expression: esp_wifi_init(&cfg)

abort() was called at PC 0x40089813 on core 0


Backtrace: 0x400818a2:0x3ffba300 0x4008981d:0x3ffba320 0x40091091:0x3ffba340 0x40089813:0x3ffba3b0 0x400d7664:0x3ffba3e0 0x400d7f93:0x3ffba5b0 0x4016a1bb:0x3ffba6a0 0x4008a3e5:0x3ffba6d0




ELF file SHA256: d57773025

Rebooting...
ets Jul 29 2019 12:21:46

rst:0xc (SW_CPU_RESET),boot:0x13 (SPI_FAST_FLASH_BOOT)
configsip: 0, SPIWP:0xee
clk_drv:0x00,q_drv:0x00,d_drv:0x00,cs0_drv:0x00,hd_drv:0x00,wp_drv:0x00
mode:DIO, clock div:2
load:0x3fff0030,len:7172
load:0x40078000,len:15540
load:0x40080400,len:4
ho 8 tail 4 room 4
load:0x40080404,len:3904
entry 0x40080640
[0;32mI (31) boot: ESP-IDF v5.2.1-dirty 2nd stage bootloader[0m
[0;32mI (31) boot: compile time Jun 15 2024 04:25:36[0m
[0;32mI (31) boot: Multicore bootloader[0m
[0;32mI (36) boot: chip revision: v3.0[0m
[0;32mI (40) boot.esp32: SPI Speed      : 40MHz[0m
[0;32mI (44) boot.esp32: SPI Mode       : DIO[0m
[0;32mI (49) boot.esp32: SPI Flash Size : 2MB[0m
[0;32mI (53) boot: Enabling RNG early entropy source...[0m
[0;32mI (59) boot: Partition Table:[0m
[0;32mI (62) boot: ## Label            Usage          Type ST Offset   Length[0m
[0;32mI (70) boot:  0 nvs              WiFi data        01 02 00009000 00006000[0m
[0;32mI (77) boot:  1 phy_init         RF data          01 01 0000f000 00001000[0m
[0;32mI (84) boot:  2 factory          factory app      00 00 00010000 00100000[0m
[0;32mI (92) boot: End of partition table[0m
[0;32mI (96) esp_image: segment 0: paddr=00010020 vaddr=3f400020 size=28f5ch (167772) map[0m
[0;32mI (162) esp_image: segment 1: paddr=00038f84 vaddr=3ffb0000 size=03c14h ( 15380) load[0m
[0;32mI (168) esp_image: segment 2: paddr=0003cba0 vaddr=40080000 size=03478h ( 13432) load[0m
[0;32mI (174) esp_image: segment 3: paddr=00040020 vaddr=400d0020 size=9c26ch (639596) map[0m
[0;32mI (396) esp_image: segment 4: paddr=000dc294 vaddr=40083478 size=13a00h ( 80384) load[0m
[0;32mI (439) boot: Loaded app from partition at offset 0x10000[0m
[0;32mI (439) boot: Disabling RNG early entropy source...[0m
[0;32mI (450) cpu_start: Multicore app[0m
[0;32mI (459) cpu_start: Pro cpu start user code[0m
[0;32mI (459) cpu_start: cpu freq: 160000000 Hz[0m
[0;32mI (459) cpu_start: Application information:[0m
[0;32mI (462) cpu_start: Project name:     main[0m
[0;32mI (467) cpu_start: App version:      1[0m
[0;32mI (471) cpu_start: Compile time:     Jun 15 2024 04:24:58[0m
[0;32mI (477) cpu_start: ELF file SHA256:  d57773025...[0m
[0;32mI (483) cpu_start: ESP-IDF:          v5.2.1-dirty[0m
[0;32mI (488) cpu_start: Min chip rev:     v0.0[0m
[0;32mI (493) cpu_start: Max chip rev:     v3.99 [0m
[0;32mI (498) cpu_start: Chip rev:         v3.0[0m
[0;32mI (503) heap_init: Initializing. RAM available for dynamic allocation:[0m
[0;32mI (510) heap_init: At 3FFAE6E0 len 00001920 (6 KiB): DRAM[0m
[0;32mI (516) heap_init: At 3FFB83A0 len 00027C60 (159 KiB): DRAM[0m
[0;32mI (522) heap_init: At 3FFE0440 len 00003AE0 (14 KiB): D/IRAM[0m
[0;32mI (528) heap_init: At 3FFE4350 len 0001BCB0 (111 KiB): D/IRAM[0m
[0;32mI (535) heap_init: At 40096E78 len 00009188 (36 KiB): IRAM[0m
[0;32mI (542) spi_flash: detected chip: generic[0m
[0;32mI (546) spi_flash: flash io: dio[0m
[0;33mW (549) spi_flash: Detected size(4096k) larger than the size in the binary image header(2048k). Using the size in the binary image header.[0m
[0;32mI (564) main_task: Started on CPU0[0m
[0;32mI (574) main_task: Calling app_main()[0m
Sending message: Hiiiii!
[0;32mI (574) uart_example: ESP_WIFI_MODE_STA[0m
W (574) wifi:wifi osi_nvs_open fail ret=4353

[0;33mW (574) wifi_init: Failed to unregister Rx callbacks[0m
[0;31mE (584) wifi_init: Failed to deinit Wi-Fi driver (0x3001)[0m
[0;31mE (594) wifi_init: Failed to deinit Wi-Fi (0x3001)[0m
ESP_ERROR_CHECK failed: esp_err_t 0x1101 (ESP_ERR_NVS_NOT_INITIALIZED) at 0x400d7664
file: "./main/main.c" line 201
func: Init_WiFi
expression: esp_wifi_init(&cfg)

abort() was called at PC 0x40089813 on core 0


Backtrace: 0x400818a2:0x3ffba300 0x4008981d:0x3ffba320 0x40091091:0x3ffba340 0x40089813:0x3ffba3b0 0x400d7664:0x3ffba3e0 0x400d7f93:0x3ffba5b0 0x4016a1bb:0x3ffba6a0 0x4008a3e5:0x3ffba6d0




ELF file SHA256: d57773025

Rebooting...
ets Jul 29 2019 12:21:46

rst:0xc (SW_CPU_RESET),boot:0x13 (SPI_FAST_FLASH_BOOT)
configsip: 0, SPIWP:0xee
clk_drv:0x00,q_drv:0x00,d_drv:0x00,cs0_drv:0x00,hd_drv:0x00,wp_drv:0x00
mode:DIO, clock div:2
load:0x3fff0030,len:7172
load:0x40078000,len:15540
load:0x40080400,len:4
ho 8 tail 4 room 4
load:0x40080404,len:3904
entry 0x40080640
[0;32mI (31) boot: ESP-IDF v5.2.1-dirty 2nd stage bootloader[0m
[0;32mI (31) boot: compile time Jun 15 2024 04:25:36[0m
[0;32mI (31) boot: Multicore bootloader[0m
[0;32mI (36) boot: chip revision: v3.0[0m
[0;32mI (40) boot.esp32: SPI Speed      : 40MHz[0m
[0;32mI (44) boot.esp32: SPI Mode       : DIO[0m
[0;32mI (49) boot.esp32: SPI Flash Size : 2MB[0m
[0;32mI (53) boot: Enabling RNG early entropy source...[0m
[0;32mI (59) boot: Partition Table:[0m
[0;32mI (62) boot: ## Label            Usage          Type ST Offset   Length[0m
[0;32mI (70) boot:  0 nvs              WiFi data        01 02 00009000 00006000[0m
[0;32mI (77) boot:  1 phy_init         RF data          01 01 0000f000 00001000[0m
[0;32mI (84) boot:  2 factory          factory app      00 00 00010000 00100000[0m
[0;32mI (92) boot: End of partition table[0m
[0;32mI (96) esp_image: segment 0: paddr=00010020 vaddr=3f400020 size=28f5ch (167772) map[0m
[0;32mI (162) esp_image: segment 1: paddr=00038f84 vaddr=3ffb0000 size=03c14h ( 15380) load[0m
[0;32mI (168) esp_image: segment 2: paddr=0003cba0 vaddr=40080000 size=03478h ( 13432) load[0m
[0;32mI (174) esp_image: segment 3: paddr=00040020 vaddr=400d0020 size=9c26ch (639596) map[0m
[0;32mI (396) esp_image: segment 4: paddr=000dc294 vaddr=40083478 size=13a00h ( 80384) load[0m
[0;32mI (439) boot: Loaded app from partition at offset 0x10000[0m
[0;32mI (439) boot: Disabling RNG early entropy source...[0m
[0;32mI (450) cpu_start: Multicore app[0m
[0;32mI (459) cpu_start: Pro cpu start user code[0m
[0;32mI (459) cpu_start: cpu freq: 160000000 Hz[0m
[0;32mI (459) cpu_start: Application information:[0m
[0;32mI (462) cpu_start: Project name:     main[0m
[0;32mI (467) cpu_start: App version:      1[0m
[0;32mI (471) cpu_start: Compile time:     Jun 15 2024 04:24:58[0m
[0;32mI (477) cpu_start: ELF file SHA256:  d57773025...[0m
[0;32mI (483) cpu_start: ESP-IDF:          v5.2.1-dirty[0m
[0;32mI (488) cpu_start: Min chip rev:     v0.0[0m
[0;32mI (493) cpu_start: Max chip rev:     v3.99 [0m
[0;32mI (498) cpu_start: Chip rev:         v3.0[0m
[0;32mI (503) heap_init: Initializing. RAM available for dynamic allocation:[0m
[0;32mI (510) heap_init: At 3FFAE6E0 len 00001920 (6 KiB): DRAM[0m
[0;32mI (516) heap_init: At 3FFB83A0 len 00027C60 (159 KiB): DRAM[0m
[0;32mI (522) heap_init: At 3FFE0440 len 00003AE0 (14 KiB): D/IRAM[0m
[0;32mI (528) heap_init: At 3FFE4350 len 0001BCB0 (111 KiB): D/IRAM[0m
[0;32mI (535) heap_init: At 40096E78 len 00009188 (36 KiB): IRAM[0m
[0;32mI (542) spi_flash: detected chip: generic[0m
[0;32mI (546) spi_flash: flash io: dio[0m
[0;33mW (549) spi_flash: Detected size(4096k) larger than the size in the binary image header(2048k). Using the size in the binary image header.[0m
[0;32mI (564) main_task: Started on CPU0[0m
[0;32mI (574) main_task: Calling app_main()[0m
Sending message: Hiiiii!
[0;32mI (574) uart_example: ESP_WIFI_MODE_STA[0m
W (574) wifi:wifi osi_nvs_open fail ret=4353

[0;33mW (574) wifi_init: Failed to unregister Rx callbacks[0m
[0;31mE (584) wifi_init: Failed to deinit Wi-Fi driver (0x3001)[0m
[0;31mE (594) wifi_init: Failed to deinit Wi-Fi (0x3001)[0m
ESP_ERROR_CHECK failed: esp_err_t 0x1101 (ESP_ERR_NVS_NOT_INITIALIZED) at 0x400d7664
file: "./main/main.c" line 201
func: Init_WiFi
expression: esp_wifi_init(&cfg)

abort() was called at PC 0x40089813 on core 0


Backtrace: 0x400818a2:0x3ffba300 0x4008981d:0x3ffba320 0x40091091:0x3ffba340 0x40089813:0x3ffba3b0 0x400d7664:0x3ffba3e0 0x400d7f93:0x3ffba5b0 0x4016a1bb:0x3ffba6a0 0x4008a3e5:0x3ffba6d0




ELF file SHA256: d57773025

Rebooting...
ets Jul 29 2019 12:21:46

rst:0xc (SW_CPU_RESET),boot:0x13 (SPI_FAST_FLASH_BOOT)
configsip: 0, SPIWP:0xee
clk_drv:0x00,q_drv:0x00,d_drv:0x00,cs0_drv:0x00,hd_drv:0x00,wp_drv:0x00
mode:DIO, clock div:2
load:0x3fff0030,len:7172
load:0x40078000,len:15540
load:0x40080400,len:4
ho 8 tail 4 room 4
load:0x40080404,len:3904
entry 0x40080640
[0;32mI (31) boot: ESP-IDF v5.2.1-dirty 2nd stage bootloader[0m
[0;32mI (31) boot: compile time Jun 15 2024 04:25:36[0m
[0;32mI (31) boot: Multicore bootloader[0m
[0;32mI (36) boot: chip revision: v3.0[0m
[0;32mI (40) boot.esp32: SPI Speed      : 40MHz[0m
[0;32mI (44) boot.esp32: SPI Mode       : DIO[0m
[0;32mI (49) boot.esp32: SPI Flash Size : 2MB[0m
[0;32mI (53) boot: Enabling RNG early entropy source...[0m
[0;32mI (59) boot: Partition Table:[0m
[0;32mI (62) boot: ## Label            Usage          Type ST Offset   Length[0m
[0;32mI (70) boot:  0 nvs              WiFi data        01 02 00009000 00006000[0m
[0;32mI (77) boot:  1 phy_init         RF data          01 01 0000f000 00001000[0m
[0;32mI (84) boot:  2 factory          factory app      00 00 00010000 00100000[0m
[0;32mI (92) boot: End of partition table[0m
[0;32mI (96) esp_image: segment 0: paddr=00010020 vaddr=3f400020 size=28f5ch (167772) map[0m
[0;32mI (162) esp_image: segment 1: paddr=00038f84 vaddr=3ffb0000 size=03c14h ( 15380) load[0m
[0;32mI (168) esp_image: segment 2: paddr=0003cba0 vaddr=40080000 size=03478h ( 13432) load[0m
[0;32mI (174) esp_image: segment 3: paddr=00040020 vaddr=400d0020 size=9c26ch (639596) map[0m
[0;32mI (396) esp_image: segment 4: paddr=000dc294 vaddr=40083478 size=13a00h ( 80384) load[0m
[0;32mI (439) boot: Loaded app from partition at offset 0x10000[0m
[0;32mI (439) boot: Disabling RNG early entropy source...[0m
[0;32mI (450) cpu_start: Multicore app[0m
[0;32mI (459) cpu_start: Pro cpu start user code[0m
[0;32mI (459) cpu_start: cpu freq: 160000000 Hz[0m
[0;32mI (459) cpu_start: Application information:[0m
[0;32mI (462) cpu_start: Project name:     main[0m
[0;32mI (467) cpu_start: App version:      1[0m
[0;32mI (471) cpu_start: Compile time:     Jun 15 2024 04:24:58[0m
[0;32mI (477) cpu_start: ELF file SHA256:  d57773025...[0m
[0;32mI (483) cpu_start: ESP-IDF:          v5.2.1-dirty[0m
[0;32mI (488) cpu_start: Min chip rev:     v0.0[0m
[0;32mI (493) cpu_start: Max chip rev:     v3.99 [0m
[0;32mI (498) cpu_start: Chip rev:         v3.0[0m
[0;32mI (503) heap_init: Initializing. RAM available for dynamic allocation:[0m
[0;32mI (510) heap_init: At 3FFAE6E0 len 00001920 (6 KiB): DRAM[0m
[0;32mI (516) heap_init: At 3FFB83A0 len 00027C60 (159 KiB): DRAM[0m
[0;32mI (522) heap_init: At 3FFE0440 len 00003AE0 (14 KiB): D/IRAM[0m
[0;32mI (528) heap_init: At 3FFE4350 len 0001BCB0 (111 KiB): D/IRAM[0m
[0;32mI (535) heap_init: At 40096E78 len 00009188 (36 KiB): IRAM[0m
[0;32mI (542) spi_flash: detected chip: generic[0m
[0;32mI (546) spi_flash: flash io: dio[0m
[0;33mW (549) spi_flash: Detected size(4096k) larger than the size in the binary image header(2048k). Using the size in the binary image header.[0m
[0;32mI (564) main_task: Started on CPU0[0m
[0;32mI (574) main_task: Calling app_main()[0m
Sending message: Hiiiii!
[0;32mI (574) uart_example: ESP_WIFI_MODE_STA[0m
W (574) wifi:wifi osi_nvs_open fail ret=4353

[0;33mW (574) wifi_init: Failed to unregister Rx callbacks[0m
[0;31mE (584) wifi_init: Failed to deinit Wi-Fi driver (0x3001)[0m
[0;31mE (594) wifi_init: Failed to deinit Wi-Fi (0x3001)[0m
ESP_ERROR_CHECK failed: esp_err_t 0x1101 (ESP_ERR_NVS_NOT_INITIALIZED) at 0x400d7664
file: "./main/main.c" line 201
func: Init_WiFi
expression: esp_wifi_init(&cfg)

abort() was called at PC 0x40089813 on core 0


Backtrace: 0x400818a2:0x3ffba300 0x4008981d:0x3ffba320 0x40091091:0x3ffba340 0x40089813:0x3ffba3b0 0x400d7664:0x3ffba3e0 0x400d7f93:0x3ffba5b0 0x4016a1bb:0x3ffba6a0 0x4008a3e5:0x3ffba6d0




ELF file SHA256: d57773025

Rebooting...
ets Jul 29 2019 12:21:46

rst:0xc (SW_CPU_RESET),boot:0x13 (SPI_FAST_FLASH_BOOT)
configsip: 0, SPIWP:0xee
clk_drv:0x00,q_drv:0x00,d_drv:0x00,cs0_drv:0x00,hd_drv:0x00,wp_drv:0x00
mode:DIO, clock div:2
load:0x3fff0030,len:7172
load:0x40078000,len:15540
load:0x40080400,len:4
ho 8 tail 4 room 4
load:0x40080404,len:3904
entry 0x40080640
[0;32mI (31) boot: ESP-IDF v5.2.1-dirty 2nd stage bootloader[0m
[0;32mI (31) boot: compile time Jun 15 2024 04:25:36[0m
[0;32mI (31) boot: Multicore bootloader[0m
[0;32mI (36) boot: chip revision: v3.0[0m
[0;32mI (40) boot.esp32: SPI Speed      : 40MHz[0m
[0;32mI (44) boot.esp32: SPI Mode       : DIO[0m
[0;32mI (49) boot.esp32: SPI Flash Size : 2MB[0m
[0;32mI (53) boot: Enabling RNG early entropy source...[0m
[0;32mI (59) boot: Partition Table:[0m
[0;32mI (62) boot: ## Label            Usage          Type ST Offset   Length[0m
[0;32mI (70) boot:  0 nvs              WiFi data        01 02 00009000 00006000[0m
[0;32mI (77) boot:  1 phy_init         RF data          01 01 0000f000 00001000[0m
[0;32mI (84) boot:  2 factory          factory app      00 00 00010000 00100000[0m
[0;32mI (92) boot: End of partition table[0m
[0;32mI (96) esp_image: segment 0: paddr=00010020 vaddr=3f400020 size=28f5ch (167772) map[0m
[0;32mI (162) esp_image: segment 1: paddr=00038f84 vaddr=3ffb0000 size=03c14h ( 15380) load[0m
[0;32mI (168) esp_image: segment 2: paddr=0003cba0 vaddr=40080000 size=03478h ( 13432) load[0m
[0;32mI (174) esp_image: segment 3: paddr=00040020 vaddr=400d0020 size=9c26ch (639596) map[0m
[0;32mI (396) esp_image: segment 4: paddr=000dc294 vaddr=40083478 size=13a00h ( 80384) load[0m
[0;32mI (439) boot: Loaded app from partition at offset 0x10000[0m
[0;32mI (439) boot: Disabling RNG early entropy source...[0m
[0;32mI (450) cpu_start: Multicore app[0m
[0;32mI (459) cpu_start: Pro cpu start user code[0m
[0;32mI (459) cpu_start: cpu freq: 160000000 Hz[0m
[0;32mI (459) cpu_start: Application information:[0m
[0;32mI (462) cpu_start: Project name:     main[0m
[0;32mI (467) cpu_start: App version:      1[0m
[0;32mI (471) cpu_start: Compile time:     Jun 15 2024 04:24:58[0m
[0;32mI (477) cpu_start: ELF file SHA256:  d57773025...[0m
[0;32mI (483) cpu_start: ESP-IDF:          v5.2.1-dirty[0m
[0;32mI (488) cpu_start: Min chip rev:     v0.0[0m
[0;32mI (493) cpu_start: Max chip rev:     v3.99 [0m
[0;32mI (498) cpu_start: Chip rev:         v3.0[0m
[0;32mI (503) heap_init: Initializing. RAM available for dynamic allocation:[0m
[0;32mI (510) heap_init: At 3FFAE6E0 len 00001920 (6 KiB): DRAM[0m
[0;32mI (516) heap_init: At 3FFB83A0 len 00027C60 (159 KiB): DRAM[0m
[0;32mI (522) heap_init: At 3FFE0440 len 00003AE0 (14 KiB): D/IRAM[0m
[0;32mI (528) heap_init: At 3FFE4350 len 0001BCB0 (111 KiB): D/IRAM[0m
[0;32mI (535) heap_init: At 40096E78 len 00009188 (36 KiB): IRAM[0m
[0;32mI (542) spi_flash: detected chip: generic[0m
[0;32mI (546) spi_flash: flash io: dio[0m
[0;33mW (549) spi_flash: Detected size(4096k) larger than the size in the binary image header(2048k). Using the size in the binary image header.[0m
[0;32mI (564) main_task: Started on CPU0[0m
[0;32mI (574) main_task: Calling app_main()[0m
Sending message: Hiiiii!
[0;32mI (574) uart_example: ESP_WIFI_MODE_STA[0m
W (574) wifi:wifi osi_nvs_open fail ret=4353

[0;33mW (574) wifi_init: Failed to unregister Rx callbacks[0m
[0;31mE (584) wifi_init: Failed to deinit Wi-Fi driver (0x3001)[0m
[0;31mE (594) wifi_init: Failed to deinit Wi-Fi (0x3001)[0m
ESP_ERROR_CHECK failed: esp_err_t 0x1101 (ESP_ERR_NVS_NOT_INITIALIZED) at 0x400d7664
file: "./main/main.c" line 201
func: Init_WiFi
expression: esp_wifi_init(&cfg)

abort() was called at PC 0x40089813 on core 0


Backtrace: 0x400818a2:0x3ffba300 0x4008981d:0x3ffba320 0x40091091:0x3ffba340 0x40089813:0x3ffba3b0 0x400d7664:0x3ffba3e0 0x400d7f93:0x3ffba5b0 0x4016a1bb:0x3ffba6a0 0x4008a3e5:0x3ffba6d0




ELF file SHA256: d57773025

Rebooting...
ets Jul 29 2019 12:21:46

rst:0xc (SW_CPU_RESET),boot:0x13 (SPI_FAST_FLASH_BOOT)
configsip: 0, SPIWP:0xee
clk_drv:0x00,q_drv:0x00,d_drv:0x00,cs0_drv:0x00,hd_drv:0x00,wp_drv:0x00
mode:DIO, clock div:2
load:0x3fff0030,len:7172
load:0x40078000,len:15540
load:0x40080400,len:4
ho 8 tail 4 room 4
load:0x40080404,len:3904
entry 0x40080640
[0;32mI (31) boot: ESP-IDF v5.2.1-dirty 2nd stage bootloader[0m
[0;32mI (31) boot: compile time Jun 15 2024 04:25:36[0m
[0;32mI (31) boot: Multicore bootloader[0m
[0;32mI (36) boot: chip revision: v3.0[0m
[0;32mI (40) boot.esp32: SPI Speed      : 40MHz[0m
[0;32mI (44) boot.esp32: SPI Mode       : DIO[0m
[0;32mI (49) boot.esp32: SPI Flash Size : 2MB[0m
[0;32mI (53) boot: Enabling RNG early entropy source...[0m
[0;32mI (59) boot: Partition Table:[0m
[0;32mI (62) boot: ## Label            Usage          Type ST Offset   Length[0m
[0;32mI (70) boot:  0 nvs              WiFi data        01 02 00009000 00006000[0m
[0;32mI (77) boot:  1 phy_init         RF data          01 01 0000f000 00001000[0m
[0;32mI (84) boot:  2 factory          factory app      00 00 00010000 00100000[0m
[0;32mI (92) boot: End of partition table[0m
[0;32mI (96) esp_image: segment 0: paddr=00010020 vaddr=3f400020 size=28f5ch (167772) map[0m
[0;32mI (162) esp_image: segment 1: paddr=00038f84 vaddr=3ffb0000 size=03c14h ( 15380) load[0m
[0;32mI (168) esp_image: segment 2: paddr=0003cba0 vaddr=40080000 size=03478h ( 13432) load[0m
[0;32mI (174) esp_image: segment 3: paddr=00040020 vaddr=400d0020 size=9c26ch (639596) map[0m
[0;32mI (396) esp_image: segment 4: paddr=000dc294 vaddr=40083478 size=13a00h ( 80384) load[0m
[0;32mI (439) boot: Loaded app from partition at offset 0x10000[0m
[0;32mI (439) boot: Disabling RNG early entropy source...[0m
[0;32mI (450) cpu_start: Multicore app[0m
[0;32mI (459) cpu_start: Pro cpu start user code[0m
[0;32mI (459) cpu_start: cpu freq: 160000000 Hz[0m
[0;32mI (459) cpu_start: Application information:[0m
[0;32mI (462) cpu_start: Project name:     main[0m
[0;32mI (467) cpu_start: App version:      1[0m
[0;32mI (471) cpu_start: Compile time:     Jun 15 2024 04:24:58[0m
[0;32mI (477) cpu_start: ELF file SHA256:  d57773025...[0m
[0;32mI (483) cpu_start: ESP-IDF:          v5.2.1-dirty[0m
[0;32mI (488) cpu_start: Min chip rev:     v0.0[0m
[0;32mI (493) cpu_start: Max chip rev:     v3.99 [0m
[0;32mI (498) cpu_start: Chip rev:         v3.0[0m
[0;32mI (503) heap_init: Initializing. RAM available for dynamic allocation:[0m
[0;32mI (510) heap_init: At 3FFAE6E0 len 00001920 (6 KiB): DRAM[0m
[0;32mI (516) heap_init: At 3FFB83A0 len 00027C60 (159 KiB): DRAM[0m
[0;32mI (522) heap_init: At 3FFE0440 len 00003AE0 (14 KiB): D/IRAM[0m
[0;32mI (528) heap_init: At 3FFE4350 len 0001BCB0 (111 KiB): D/IRAM[0m
[0;32mI (535) heap_init: At 40096E78 len 00009188 (36 KiB): IRAM[0m
[0;32mI (542) spi_flash: detected chip: generic[0m
[0;32mI (546) spi_flash: flash io: dio[0m
[0;33mW (549) spi_flash: Detected size(4096k) larger than the size in the binary image header(2048k). Using the size in the binary image header.[0m
[0;32mI (564) main_task: Started on CPU0[0m
[0;32mI (574) main_task: Calling app_main()[0m
Sending message: Hiiiii!
[0;32mI (574) uart_example: ESP_WIFI_MODE_STA[0m
W (574) wifi:wifi osi_nvs_open fail ret=4353

[0;33mW (574) wifi_init: Failed to unregister Rx callbacks[0m
[0;31mE (584) wifi_init: Failed to deinit Wi-Fi driver (0x3001)[0m
[0;31mE (594) wifi_init: Failed to deinit Wi-Fi (0x3001)[0m
ESP_ERROR_CHECK failed: esp_err_t 0x1101 (ESP_ERR_NVS_NOT_INITIALIZED) at 0x400d7664
file: "./main/main.c" line 201
func: Init_WiFi
expression: esp_wifi_init(&cfg)

abort() was called at PC 0x40089813 on core 0


Backtrace: 0x400818a2:0x3ffba300 0x4008981d:0x3ffba320 0x40091091:0x3ffba340 0x40089813:0x3ffba3b0 0x400d7664:0x3ffba3e0 0x400d7f93:0x3ffba5b0 0x4016a1bb:0x3ffba6a0 0x4008a3e5:0x3ffba6d0




ELF file SHA256: d57773025

Rebooting...
ets Jul 29 2019 12:21:46

rst:0xc (SW_CPU_RESET),boot:0x13 (SPI_FAST_FLASH_BOOT)
configsip: 0, SPIWP:0xee
clk_drv:0x00,q_drv:0x00,d_drv:0x00,cs0_drv:0x00,hd_drv:0x00,wp_drv:0x00
mode:DIO, clock div:2
load:0x3fff0030,len:7172
load:0x40078000,len:15540
load:0x40080400,len:4
ho 8 tail 4 room 4
load:0x40080404,len:3904
entry 0x40080640
[0;32mI (31) boot: ESP-IDF v5.2.1-dirty 2nd stage bootloader[0m
[0;32mI (31) boot: compile time Jun 15 2024 04:25:36[0m
[0;32mI (31) boot: Multicore bootloader[0m
[0;32mI (36) boot: chip revision: v3.0[0m
[0;32mI (40) boot.esp32: SPI Speed      : 40MHz[0m
[0;32mI (44) boot.esp32: SPI Mode       : DIO[0m
[0;32mI (49) boot.esp32: SPI Flash Size : 2MB[0m
[0;32mI (53) boot: Enabling RNG early entropy source...[0m
[0;32mI (59) boot: Partition Table:[0m
[0;32mI (62) boot: ## Label            Usage          Type ST Offset   Length[0m
[0;32mI (70) boot:  0 nvs              WiFi data        01 02 00009000 00006000[0m
[0;32mI (77) boot:  1 phy_init         RF data          01 01 0000f000 00001000[0m
[0;32mI (84) boot:  2 factory          factory app      00 00 00010000 00100000[0m
[0;32mI (92) boot: End of partition table[0m
[0;32mI (96) esp_image: segment 0: paddr=00010020 vaddr=3f400020 size=28f5ch (167772) map[0m
[0;32mI (162) esp_image: segment 1: paddr=00038f84 vaddr=3ffb0000 size=03c14h ( 15380) load[0m
[0;32mI (168) esp_image: segment 2: paddr=0003cba0 vaddr=40080000 size=03478h ( 13432) load[0m
[0;32mI (174) esp_image: segment 3: paddr=00040020 vaddr=400d0020 size=9c26ch (639596) map[0m
[0;32mI (396) esp_image: segment 4: paddr=000dc294 vaddr=40083478 size=13a00h ( 80384) load[0m
[0;32mI (439) boot: Loaded app from partition at offset 0x10000[0m
[0;32mI (439) boot: Disabling RNG early entropy source...[0m
[0;32mI (450) cpu_start: Multicore app[0m
[0;32mI (459) cpu_start: Pro cpu start user code[0m
[0;32mI (459) cpu_start: cpu freq: 160000000 Hz[0m
[0;32mI (459) cpu_start: Application information:[0m
[0;32mI (462) cpu_start: Project name:     main[0m
[0;32mI (467) cpu_start: App version:      1[0m
[0;32mI (471) cpu_start: Compile time:     Jun 15 2024 04:24:58[0m
[0;32mI (477) cpu_start: ELF file SHA256:  d57773025...[0m
[0;32mI (483) cpu_start: ESP-IDF:          v5.2.1-dirty[0m
[0;32mI (488) cpu_start: Min chip rev:     v0.0[0m
[0;32mI (493) cpu_start: Max chip rev:     v3.99 [0m
[0;32mI (498) cpu_start: Chip rev:         v3.0[0m
[0;32mI (503) heap_init: Initializing. RAM available for dynamic allocation:[0m
[0;32mI (510) heap_init: At 3FFAE6E0 len 00001920 (6 KiB): DRAM[0m
[0;32mI (516) heap_init: At 3FFB83A0 len 00027C60 (159 KiB): DRAM[0m
[0;32mI (522) heap_init: At 3FFE0440 len 00003AE0 (14 KiB): D/IRAM[0m
[0;32mI (528) heap_init: At 3FFE4350 len 0001BCB0 (111 KiB): D/IRAM[0m
[0;32mI (535) heap_init: At 40096E78 len 00009188 (36 KiB): IRAM[0m
[0;32mI (542) spi_flash: detected chip: generic[0m
[0;32mI (546) spi_flash: flash io: dio[0m
[0;33mW (549) spi_flash: Detected size(4096k) larger than the size in the binary image header(2048k). Using the size in the binary image header.[0m
[0;32mI (564) main_task: Started on CPU0[0m
[0;32mI (574) main_task: Calling app_main()[0m
Sending message: Hiiiii!
[0;32mI (574) uart_example: ESP_WIFI_MODE_STA[0m
W (574) wifi:wifi osi_nvs_open fail ret=4353

[0;33mW (574) wifi_init: Failed to unregister Rx callbacks[0m
[0;31mE (584) wifi_init: Failed to deinit Wi-Fi driver (0x3001)[0m
[0;31mE (594) wifi_init: Failed to deinit Wi-Fi (0x3001)[0m
ESP_ERROR_CHECK failed: esp_err_t 0x1101 (ESP_ERR_NVS_NOT_INITIALIZED) at 0x400d7664
file: "./main/main.c" line 201
func: Init_WiFi
expression: esp_wifi_init(&cfg)

abort() was called at PC 0x40089813 on core 0


Backtrace: 0x400818a2:0x3ffba300 0x4008981d:0x3ffba320 0x40091091:0x3ffba340 0x40089813:0x3ffba3b0 0x400d7664:0x3ffba3e0 0x400d7f93:0x3ffba5b0 0x4016a1bb:0x3ffba6a0 0x4008a3e5:0x3ffba6d0




ELF file SHA256: d57773025

Rebooting...
ets Jul 29 2019 12:21:46

rst:0xc (SW_CPU_RESET),boot:0x13 (SPI_FAST_FLASH_BOOT)
configsip: 0, SPIWP:0xee
clk_drv:0x00,q_drv:0x00,d_drv:0x00,cs0_drv:0x00,hd_drv:0x00,wp_drv:0x00
mode:DIO, clock div:2
load:0x3fff0030,len:7172
load:0x40078000,len:15540
load:0x40080400,len:4
ho 8 tail 4 room 4
load:0x40080404,len:3904
entry 0x40080640
[0;32mI (31) boot: ESP-IDF v5.2.1-dirty 2nd stage bootloader[0m
[0;32mI (31) boot: compile time Jun 15 2024 04:25:36[0m
[0;32mI (31) boot: Multicore bootloader[0m
[0;32mI (36) boot: chip revision: v3.0[0m
[0;32mI (40) boot.esp32: SPI Speed      : 40MHz[0m
[0;32mI (44) boot.esp32: SPI Mode       : DIO[0m
[0;32mI (49) boot.esp32: SPI Flash Size : 2MB[0m
[0;32mI (53) boot: Enabling RNG early entropy source...[0m
[0;32mI (59) boot: Partition Table:[0m
[0;32mI (62) boot: ## Label            Usage          Type ST Offset   Length[0m
[0;32mI (70) boot:  0 nvs              WiFi data        01 02 00009000 00006000[0m
[0;32mI (77) boot:  1 phy_init         RF data          01 01 0000f000 00001000[0m
[0;32mI (84) boot:  2 factory          factory app      00 00 00010000 00100000[0m
[0;32mI (92) boot: End of partition table[0m
[0;32mI (96) esp_image: segment 0: paddr=00010020 vaddr=3f400020 size=28f5ch (167772) map[0m
[0;32mI (162) esp_image: segment 1: paddr=00038f84 vaddr=3ffb0000 size=03c14h ( 15380) load[0m
[0;32mI (168) esp_image: segment 2: paddr=0003cba0 vaddr=40080000 size=03478h ( 13432) load[0m
[0;32mI (174) esp_image: segment 3: paddr=00040020 vaddr=400d0020 size=9c26ch (639596) map[0m
[0;32mI (396) esp_image: segment 4: paddr=000dc294 vaddr=40083478 size=13a00h ( 80384) load[0m
[0;32mI (439) boot: Loaded app from partition at offset 0x10000[0m
[0;32mI (439) boot: Disabling RNG early entropy source...[0m
[0;32mI (450) cpu_start: Multicore app[0m
[0;32mI (459) cpu_start: Pro cpu start user code[0m
[0;32mI (459) cpu_start: cpu freq: 160000000 Hz[0m
[0;32mI (459) cpu_start: Application information:[0m
[0;32mI (462) cpu_start: Project name:     main[0m
[0;32mI (467) cpu_start: App version:      1[0m
[0;32mI (471) cpu_start: Compile time:     Jun 15 2024 04:24:58[0m
[0;32mI (477) cpu_start: ELF file SHA256:  d57773025...[0m
[0;32mI (483) cpu_start: ESP-IDF:          v5.2.1-dirty[0m
[0;32mI (488) cpu_start: Min chip rev:     v0.0[0m
[0;32mI (493) cpu_start: Max chip rev:     v3.99 [0m
[0;32mI (498) cpu_start: Chip rev:         v3.0[0m
[0;32mI (503) heap_init: Initializing. RAM available for dynamic allocation:[0m
[0;32mI (510) heap_init: At 3FFAE6E0 len 00001920 (6 KiB): DRAM[0m
[0;32mI (516) heap_init: At 3FFB83A0 len 00027C60 (159 KiB): DRAM[0m
[0;32mI (522) heap_init: At 3FFE0440 len 00003AE0 (14 KiB): D/IRAM[0m
[0;32mI (528) heap_init: At 3FFE4350 len 0001BCB0 (111 KiB): D/IRAM[0m
[0;32mI (535) heap_init: At 40096E78 len 00009188 (36 KiB): IRAM[0m
[0;32mI (542) spi_flash: detected chip: generic[0m
[0;32mI (546) spi_flash: flash io: dio[0m
[0;33mW (549) spi_flash: Detected size(4096k) larger than the size in the binary image header(2048k). Using the size in the binary image header.[0m
[0;32mI (564) main_task: Started on CPU0[0m
[0;32mI (574) main_task: Calling app_main()[0m
Sending message: Hiiiii!
[0;32mI (574) uart_example: ESP_WIFI_MODE_STA[0m
W (574) wifi:wifi osi_nvs_open fail ret=4353

[0;33mW (574) wifi_init: Failed to unregister Rx callbacks[0m
[0;31mE (584) wifi_init: Failed to deinit Wi-Fi driver (0x3001)[0m
[0;31mE (594) wifi_init: Failed to deinit Wi-Fi (0x3001)[0m
ESP_ERROR_CHECK failed: esp_err_t 0x1101 (ESP_ERR_NVS_NOT_INITIALIZED) at 0x400d7664
file: "./main/main.c" line 201
func: Init_WiFi
expression: esp_wifi_init(&cfg)

abort() was called at PC 0x40089813 on core 0


Backtrace: 0x400818a2:0x3ffba300 0x4008981d:0x3ffba320 0x40091091:0x3ffba340 0x40089813:0x3ffba3b0 0x400d7664:0x3ffba3e0 0x400d7f93:0x3ffba5b0 0x4016a1bb:0x3ffba6a0 0x4008a3e5:0x3ffba6d0




ELF file SHA256: d57773025

Rebooting...
ets Jul 29 2019 12:21:46

rst:0xc (SW_CPU_RESET),boot:0x13 (SPI_FAST_FLASH_BOOT)
configsip: 0, SPIWP:0xee
clk_drv:0x00,q_drv:0x00,d_drv:0x00,cs0_drv:0x00,hd_drv:0x00,wp_drv:0x00
mode:DIO, clock div:2
load:0x3fff0030,len:7172
load:0x40078000,len:15540
load:0x40080400,len:4
ho 8 tail 4 room 4
load:0x40080404,len:3904
entry 0x40080640
[0;32mI (31) boot: ESP-IDF v5.2.1-dirty 2nd stage bootloader[0m
[0;32mI (31) boot: compile time Jun 15 2024 04:25:36[0m
[0;32mI (31) boot: Multicore bootloader[0m
[0;32mI (36) boot: chip revision: v3.0[0m
[0;32mI (40) boot.esp32: SPI Speed      : 40MHz[0m
[0;32mI (44) boot.esp32: SPI Mode       : DIO[0m
[0;32mI (49) boot.esp32: SPI Flash Size : 2MB[0m
[0;32mI (53) boot: Enabling RNG early entropy source...[0m
[0;32mI (59) boot: Partition Table:[0m
[0;32mI (62) boot: ## Label            Usage          Type ST Offset   Length[0m
[0;32mI (70) boot:  0 nvs              WiFi data        01 02 00009000 00006000[0m
[0;32mI (77) boot:  1 phy_init         RF data          01 01 0000f000 00001000[0m
[0;32mI (84) boot:  2 factory          factory app      00 00 00010000 00100000[0m
[0;32mI (92) boot: End of partition table[0m
[0;32mI (96) esp_image: segment 0: paddr=00010020 vaddr=3f400020 size=28f5ch (167772) map[0m
[0;32mI (162) esp_image: segment 1: paddr=00038f84 vaddr=3ffb0000 size=03c14h ( 15380) load[0m
[0;32mI (168) esp_image: segment 2: paddr=0003cba0 vaddr=40080000 size=03478h ( 13432) load[0m
[0;32mI (174) esp_image: segment 3: paddr=00040020 vaddr=400d0020 size=9c26ch (639596) map[0m
[0;32mI (396) esp_image: segment 4: paddr=000dc294 vaddr=40083478 size=13a00h ( 80384) load[0m
[0;32mI (439) boot: Loaded app from partition at offset 0x10000[0m
[0;32mI (439) boot: Disabling RNG early entropy source...[0m
[0;32mI (450) cpu_start: Multicore app[0m
