j5
[0;32mI (36) ï¿½ets Jul 29 2019 12:21:46

rst:0x1 (POWERON_RESET),boot:0x13 (SPI_FAST_FLASH_BOOT)
configsip: 0, SPIWP:0xee
clk_drv:0x00,q_drv:0x00,d_drv:0x00,cs0_drv:0x00,hd_drv:0x00,wp_drv:0x00
mode:DIO, clock div:2
load:0x3fff0030,len:7172
load:0x40078000,len:15540
load:0x40080400,len:4
ho 8 tail 4 room 4
load:0x40080404,len:3904
entry 0x40080640
[0;32mI (31) boot: ESP-IDF v5.2.1-dirty 2nd stage bootloader[0m
[0;32mI (31) boot: compile time Jun 15 2024 04:25:36[0m
[0;32mI (31) boot: Multicore bootloader[0m
[0;32mI (36) boot: chip revision: v3.0[0m
[0;32mI (40) boot.esp32: SPI Speed      : 40MHz[0m
[0;32mI (44) boot.esp32: SPI Mode       : DIO[0m
[0;32mI (49) boot.esp32: SPI Flash Size : 2MB[0m
[0;32mI (53) boot: Enabling RNG early entropy source...[0m
[0;32mI (59) boot: Partition Table:[0m
[0;32mI (62) boot: ## Label            Usage          Type ST Offset   Length[0m
[0;32mI (70) boot:  0 nvs              WiFi data        01 02 00009000 00006000[0m
[0;32mI (77) boot:  1 phy_init         RF data          01 01 0000f000 00001000[0m
[0;32mI (85) boot:  2 factory          factory app      00 00 00010000 00100000[0m
[0;32mI (92) boot: End of partition table[0m
[0;32mI (96) esp_image: segment 0: paddr=00010020 vaddr=3f400020 size=0b174h ( 45428) map[0m
[0;32mI (120) esp_image: segment 1: paddr=0001b19c vaddr=3ffb0000 size=02254h (  8788) load[0m
[0;32mI (124) esp_image: segment 2: paddr=0001d3f8 vaddr=40080000 size=02c20h ( 11296) load[0m
[0;32mI (131) esp_image: segment 3: paddr=00020020 vaddr=400d0020 size=16ff8h ( 94200) map[0m
[0;32mI (167) esp_image: segment 4: paddr=00037020 vaddr=40082c20 size=0ac48h ( 44104) load[0m
[0;32mI (191) boot: Loaded app from partition at offset 0x10000[0m
[0;32mI (191) boot: Disabling RNG early entropy source...[0m
[0;32mI (203) cpu_start: Multicore app[0m
[0;32mI (211) cpu_start: Pro cpu start user code[0m
[0;32mI (211) cpu_start: cpu freq: 160000000 Hz[0m
[0;32mI (212) cpu_start: Application information:[0m
[0;32mI (215) cpu_start: Project name:     main[0m
[0;32mI (219) cpu_start: App version:      1[0m
[0;32mI (224) cpu_start: Compile time:     Jun 15 2024 04:24:58[0m
[0;32mI (230) cpu_start: ELF file SHA256:  41c542e10...[0m
[0;32mI (235) cpu_start: ESP-IDF:          v5.2.1-dirty[0m
[0;32mI (240) cpu_start: Min chip rev:     v0.0[0m
[0;32mI (245) cpu_start: Max chip rev:     v3.99 [0m
[0;32mI (250) cpu_start: Chip rev:         v3.0[0m
[0;32mI (255) heap_init: Initializing. RAM available for dynamic allocation:[0m
[0;32mI (262) heap_init: At 3FFAE6E0 len 00001920 (6 KiB): DRAM[0m
[0;32mI (268) heap_init: At 3FFB2B48 len 0002D4B8 (181 KiB): DRAM[0m
[0;32mI (274) heap_init: At 3FFE0440 len 00003AE0 (14 KiB): D/IRAM[0m
[0;32mI (281) heap_init: At 3FFE4350 len 0001BCB0 (111 KiB): D/IRAM[0m
[0;32mI (287) heap_init: At 4008D868 len 00012798 (73 KiB): IRAM[0m
[0;32mI (295) spi_flash: detected chip: generic[0m
[0;32mI (298) spi_flash: flash io: dio[0m
[0;33mW (302) spi_flash: Detected size(4096k) larger than the size in the binary image header(2048k). Using the size in the binary image header.[0m
[0;32mI (316) main_task: Started on CPU0[0m
[0;32mI (326) main_task: Calling app_main()[0m
Sending message: Hiiiii!
[0;32mI (326) gpio: GPIO[4]| InputEn: 0| OutputEn: 0| OpenDrain: 0| Pullup: 1| Pulldown: 0| Intr:0 [0m
[0;32mI (326) gpio: GPIO[5]| InputEn: 0| OutputEn: 0| OpenDrain: 0| Pullup: 1| Pulldown: 0| Intr:0 [0m
[0;32mI (336) main_task: Returned from app_main()[0m
[0;31mE (456) uart_example: Received data length is too short[0m

Available after enqueue: 19 


Available after dequeue: 20 

[0;32mI (456) uart_example: Node Number: 0[0m
[0;32mI (456) uart_example: Temperature: 0.0Â°C, Humidity: 0.0%[0m
[0;32mI (466) uart_example: PM1.0: 0, PM2.5: 0, PM10: 0[0m
[0;32mI (466) uart_example: O3: 0.00 ppm, SO2: 0.00 ppm[0m
[0;31mE (476) uart_example: Received data length is too short[0m

Available after enqueue: 19 

[0;32mI (486) uart_example: CO: 0.00 ppm, NO2: 0.00 ppm[0m
[0;32mI (486) uart_example: Latitude: 0.000000, Longitude: 0.000000[0m
[0;31mE (506) uart_example: Received data length is too short[0m

Available after enqueue: 18 

[0;31mE (526) uart_example: Received data length is too short[0m

Available after enqueue: 17 

[0;31mE (546) uart_example: Received data length is too short[0m

Available after enqueue: 16 

[0;31mE (566) uart_example: Received data length is too short[0m

Available after enqueue: 15 

[0;31mE (586) uart_example: Received data length is too short[0m

Available after enqueue: 14 

[0;31mE (606) uart_example: Received data length is too short[0m

Available after enqueue: 13 

[0;31mE (626) uart_example: Received data length is too short[0m

Available after enqueue: 12 

[0;31mE (646) uart_example: Received data length is too short[0m

Available after enqueue: 11 

[0;31mE (666) uart_example: Received data length is too short[0m

Available after enqueue: 10 

[0;31mE (686) uart_example: Received data length is too short[0m

Available after enqueue: 9 

[0;31mE (706) uart_example: Received data length is too short[0m

Available after enqueue: 8 

[0;31mE (726) uart_example: Received data length is too short[0m

Available after enqueue: 7 

[0;31mE (746) uart_example: Received data length is too short[0m

Available after enqueue: 6 

[0;31mE (766) uart_example: Received data length is too short[0m

Available after enqueue: 5 

[0;31mE (786) uart_example: Received data length is too short[0m

Available after enqueue: 4 

[0;31mE (806) uart_example: Received data length is too short[0m

Available after enqueue: 3 

[0;31mE (826) uart_example: Received data length is too short[0m

Available after enqueue: 2 

[0;31mE (846) uart_example: Received data length is too short[0m

Available after enqueue: 1 

[0;31mE (866) uart_example: Received data length is too short[0m

Available after enqueue: 0 

[0;31mE (886) uart_example: Received data length is too short[0m

Available after enqueue: 0 


Available after dequeue: 0 

[0;32mI (8496) uart_example: Node Number: 0[0m
[0;32mI (8496) uart_example: Temperature: 0.0Â°C, Humidity: 0.0%[0m
[0;32mI (8496) uart_example: PM1.0: 0, PM2.5: 0, PM10: 0[0m
[0;32mI (8506) uart_example: O3: 0.00 ppm, SO2: 0.00 ppm[0m
[0;32mI (8506) uart_example: CO: 0.00 ppm, NO2: 0.00 ppm[0m
[0;32mI (8516) uart_example: Latitude: 20.997391, Longitude: 105.886887[0m

Available after enqueue: 0 


Available after dequeue: 0 

[0;32mI (16516) uart_example: Node Number: 0[0m
[0;32mI (16516) uart_example: Temperature: 0.0Â°C, Humidity: 0.0%[0m
[0;32mI (16516) uart_example: PM1.0: 0, PM2.5: 0, PM10: 0[0m
[0;32mI (16526) uart_example: O3: 0.00 ppm, SO2: 0.00 ppm[0m
[0;32mI (16526) uart_example: CO: 0.00 ppm, NO2: 0.00 ppm[0m
[0;32mI (16536) uart_example: Latitude: 20.997391, Longitude: 105.886726[0m

Available after enqueue: 0 


Available after dequeue: 0 

[0;32mI (24536) uart_example: Node Number: 0[0m
[0;32mI (24536) uart_example: Temperature: 0.0Â°C, Humidity: 0.0%[0m
[0;32mI (24536) uart_example: PM1.0: 0, PM2.5: 0, PM10: 0[0m
[0;32mI (24546) uart_example: O3: 0.00 ppm, SO2: 0.00 ppm[0m
[0;32mI (24546) uart_example: CO: 0.00 ppm, NO2: 0.00 ppm[0m
[0;32mI (24556) uart_example: Latitude: 20.997391, Longitude: 105.886726[0m

Available after enqueue: 0 


Available after dequeue: 0 

[0;32mI (32556) uart_example: Node Number: 0[0m
[0;32mI (32556) uart_example: Temperature: 0.0Â°C, Humidity: 0.0%[0m
[0;32mI (32556) uart_example: PM1.0: 0, PM2.5: 0, PM10: 0[0m
[0;32mI (32566) uart_example: O3: 0.00 ppm, SO2: 0.00 ppm[0m
[0;32mI (32566) uart_example: CO: 0.00 ppm, NO2: 0.00 ppm[0m
[0;32mI (32576) uart_example: Latitude: 20.997404, Longitude: 105.886726[0m

Available after enqueue: 0 


Available after dequeue: 0 

[0;32mI (40576) uart_example: Node Number: 0[0m
[0;32mI (40576) uart_example: Temperature: 0.0Â°C, Humidity: 0.0%[0m
[0;32mI (40576) uart_example: PM1.0: 0, PM2.5: 0, PM10: 0[0m
[0;32mI (40586) uart_example: O3: 0.00 ppm, SO2: 0.00 ppm[0m
[0;32mI (40586) uart_example: CO: 0.00 ppm, NO2: 0.00 ppm[0m
[0;32mI (40596) uart_example: Latitude: 20.997389, Longitude: 105.886726[0m

Available after enqueue: 0 


Available after dequeue: 0 

[0;32mI (48596) uart_example: Node Number: 0[0m
[0;32mI (48596) uart_example: Temperature: 0.0Â°C, Humidity: 0.0%[0m
[0;32mI (48596) uart_example: PM1.0: 0, PM2.5: 0, PM10: 0[0m
[0;32mI (48606) uart_example: O3: 0.00 ppm, SO2: 0.00 ppm[0m
[0;32mI (48606) uart_example: CO: 0.00 ppm, NO2: 0.00 ppm[0m
[0;32mI (48616) uart_example: Latitude: 20.997389, Longitude: 105.886726[0m

Available after enqueue: 0 


Available after dequeue: 0 

[0;32mI (56616) uart_example: Node Number: 0[0m
[0;32mI (56616) uart_example: Temperature: 0.0Â°C, Humidity: 0.0%[0m
[0;32mI (56616) uart_example: PM1.0: 0, PM2.5: 0, PM10: 0[0m
[0;32mI (56626) uart_example: O3: 0.00 ppm, SO2: 0.00 ppm[0m
[0;32mI (56626) uart_example: CO: 0.00 ppm, NO2: 0.00 ppm[0m
[0;32mI (56636) uart_example: Latitude: 20.997408, Longitude: 105.886726[0m

Available after enqueue: 0 


Available after dequeue: 0 

[0;32mI (64636) uart_example: Node Number: 0[0m
[0;32mI (64636) uart_example: Temperature: 0.0Â°C, Humidity: 0.0%[0m
[0;32mI (64636) uart_example: PM1.0: 0, PM2.5: 0, PM10: 0[0m
[0;32mI (64646) uart_example: O3: 0.00 ppm, SO2: 0.00 ppm[0m
[0;32mI (64646) uart_example: CO: 0.00 ppm, NO2: 0.00 ppm[0m
[0;32mI (64656) uart_example: Latitude: 20.997404, Longitude: 105.886726[0m
