ï¿½ï¿½m[0m
[0;32mI (36) boï¿½ets Jul 29 2019 12:21:46

rst:0x1 (POWERON_RESET),boot:0x13 (SPI_FAST_FLASH_BOOT)
configsip: 0, SPIWP:0xee
clk_drv:0x00,q_drv:0x00,d_drv:0x00,cs0_drv:0x00,hd_drv:0x00,wp_drv:0x00
mode:DIO, clock div:2
load:0x3fff0030,len:7172
load:0x40078000,len:15540
load:0x40080400,len:4
ho 8 tail 4 room 4
load:0x40080404,len:3904
entry 0x40080640
[0;32mI (31) boot: ESP-IDF v5.2.1-dirty 2nd stage bootloader[0m
[0;32mI (31) boot: compile time Jun 15 2024 04:25:36[0m
[0;32mI (31) boot: Multicore bootloader[0m
[0;32mI (36) boot: chip revision: v3.0[0m
[0;32mI (40) boot.esp32: SPI Speed      : 40MHz[0m
[0;32mI (44) boot.esp32: SPI Mode       : DIO[0m
[0;32mI (49) boot.esp32: SPI Flash Size : 2MB[0m
[0;32mI (53) boot: Enabling RNG early entropy source...[0m
[0;32mI (59) boot: Partition Table:[0m
[0;32mI (62) boot: ## Label            Usage          Type ST Offset   Length[0m
[0;32mI (70) boot:  0 nvs              WiFi data        01 02 00009000 00006000[0m
[0;32mI (77) boot:  1 phy_init         RF data          01 01 0000f000 00001000[0m
[0;32mI (85) boot:  2 factory          factory app      00 00 00010000 00100000[0m
[0;32mI (92) boot: End of partition table[0m
[0;32mI (96) esp_image: segment 0: paddr=00010020 vaddr=3f400020 size=0b284h ( 45700) map[0m
[0;32mI (120) esp_image: segment 1: paddr=0001b2ac vaddr=3ffb0000 size=02254h (  8788) load[0m
[0;32mI (124) esp_image: segment 2: paddr=0001d508 vaddr=40080000 size=02b10h ( 11024) load[0m
[0;32mI (131) esp_image: segment 3: paddr=00020020 vaddr=400d0020 size=16f78h ( 94072) map[0m
[0;32mI (167) esp_image: segment 4: paddr=00036fa0 vaddr=40082b10 size=0ac50h ( 44112) load[0m
[0;32mI (191) boot: Loaded app from partition at offset 0x10000[0m
[0;32mI (191) boot: Disabling RNG early entropy source...[0m
[0;32mI (203) cpu_start: Multicore app[0m
[0;32mI (211) cpu_start: Pro cpu start user code[0m
[0;32mI (212) cpu_start: cpu freq: 160000000 Hz[0m
[0;32mI (212) cpu_start: Application information:[0m
[0;32mI (215) cpu_start: Project name:     main[0m
[0;32mI (219) cpu_start: App version:      1[0m
[0;32mI (224) cpu_start: Compile time:     Jun 15 2024 04:24:58[0m
[0;32mI (230) cpu_start: ELF file SHA256:  4cb65e09e...[0m
[0;32mI (235) cpu_start: ESP-IDF:          v5.2.1-dirty[0m
[0;32mI (241) cpu_start: Min chip rev:     v0.0[0m
[0;32mI (245) cpu_start: Max chip rev:     v3.99 [0m
[0;32mI (250) cpu_start: Chip rev:         v3.0[0m
[0;32mI (255) heap_init: Initializing. RAM available for dynamic allocation:[0m
[0;32mI (262) heap_init: At 3FFAE6E0 len 00001920 (6 KiB): DRAM[0m
[0;32mI (268) heap_init: At 3FFB2B70 len 0002D490 (181 KiB): DRAM[0m
[0;32mI (274) heap_init: At 3FFE0440 len 00003AE0 (14 KiB): D/IRAM[0m
[0;32mI (281) heap_init: At 3FFE4350 len 0001BCB0 (111 KiB): D/IRAM[0m
[0;32mI (287) heap_init: At 4008D760 len 000128A0 (74 KiB): IRAM[0m
[0;32mI (295) spi_flash: detected chip: generic[0m
[0;32mI (298) spi_flash: flash io: dio[0m
[0;33mW (302) spi_flash: Detected size(4096k) larger than the size in the binary image header(2048k). Using the size in the binary image header.[0m
[0;32mI (316) main_task: Started on CPU0[0m
[0;32mI (326) main_task: Calling app_main()[0m
Sending message: Hiiiii!
[0;32mI (326) gpio: GPIO[4]| InputEn: 0| OutputEn: 0| OpenDrain: 0| Pullup: 1| Pulldown: 0| Intr:0 [0m
[0;32mI (326) gpio: GPIO[5]| InputEn: 0| OutputEn: 0| OpenDrain: 0| Pullup: 1| Pulldown: 0| Intr:0 [0m
[0;32mI (336) main_task: Returned from app_main()[0m
[0;32mI (17456) AODV: data 1 = 4[0m
[0;32mI (17456) AODV: Handling RREQ from 4 to 1[0m
[0;32mI (17456) AODV: Route added: 4 -> 4 (seq: 1, hops: 1)[0m
[0;32mI (17456) AODV: Routing Table:[0m
[0;32mI (17456) AODV: ---------------------------------------------------[0m
[0;32mI (17466) AODV: Dest Addr | Next Hop | Dest Seq | Hop Count[0m
[0;32mI (17466) AODV: ---------------------------------------------------[0m
[0;32mI (17476) AODV:         4 |        4 |         1 |         1[0m
[0;32mI (17486) AODV: ---------------------------------------------------[0m
[0;32mI (17486) AODV: Sending RREP to 4[0m
[0;32mI (17496) AODV: next hop = 4; gateway addl = 1[0m
[0;32mI (17496) AODV: rrep.src_add = 1; rrep.dest_add = 4[0m
[0;32mI (17506) AODV: rrep.dest_seq_num = 0; rrep.hop_count = 0[0m
[0;32mI (103576) AODV: data 1 = 4[0m
[0;32mI (103576) AODV: Handling RREQ from 4 to 1[0m
[0;32mI (103576) AODV: Routing Table:[0m
[0;32mI (103576) AODV: ---------------------------------------------------[0m
[0;32mI (103576) AODV: Dest Addr | Next Hop | Dest Seq | Hop Count[0m
[0;32mI (103586) AODV: ---------------------------------------------------[0m
[0;32mI (103596) AODV:         4 |        4 |         1 |         1[0m
[0;32mI (103596) AODV: ---------------------------------------------------[0m
[0;32mI (103606) AODV: Sending RREP to 4[0m
[0;32mI (103606) AODV: next hop = 4; gateway addl = 1[0m
[0;32mI (103616) AODV: rrep.src_add = 1; rrep.dest_add = 4[0m
[0;32mI (103616) AODV: rrep.dest_seq_num = 0; rrep.hop_count = 0[0m
[0;32mI (339456) AODV: data 1 = 4[0m
[0;32mI (339456) AODV: Handling RREQ from 4 to 1[0m
[0;32mI (339456) AODV: Routing Table:[0m
[0;32mI (339456) AODV: ---------------------------------------------------[0m
[0;32mI (339456) AODV: Dest Addr | Next Hop | Dest Seq | Hop Count[0m
[0;32mI (339466) AODV: ---------------------------------------------------[0m
[0;32mI (339476) AODV:         4 |        4 |         1 |         1[0m
[0;32mI (339476) AODV: ---------------------------------------------------[0m
[0;32mI (339486) AODV: Sending RREP to 4[0m
[0;32mI (339486) AODV: next hop = 4; gateway addl = 1[0m
[0;32mI (339496) AODV: rrep.src_add = 1; rrep.dest_add = 4[0m
[0;32mI (339496) AODV: rrep.dest_seq_num = 0; rrep.hop_count = 0[0m
[0;32mI (603196) AODV: data 1 = 4[0m
[0;32mI (603196) AODV: Handling RREQ from 4 to 1[0m
[0;32mI (603196) AODV: Routing Table:[0m
[0;32mI (603196) AODV: ---------------------------------------------------[0m
[0;32mI (603196) AODV: Dest Addr | Next Hop | Dest Seq | Hop Count[0m
[0;32mI (603206) AODV: ---------------------------------------------------[0m
[0;32mI (603216) AODV:         4 |        4 |         1 |         1[0m
[0;32mI (603216) AODV: ---------------------------------------------------[0m
[0;32mI (603226) AODV: Sending RREP to 4[0m
[0;32mI (603226) AODV: next hop = 4; gateway addl = 1[0m
[0;32mI (603236) AODV: rrep.src_add = 1; rrep.dest_add = 4[0m
[0;32mI (603236) AODV: rrep.dest_seq_num = 0; rrep.hop_count = 0[0m
[0;32mI (669876) AODV: data 1 = 4[0m
[0;32mI (669876) AODV: Handling RREQ from 4 to 1[0m
[0;32mI (669876) AODV: Routing Table:[0m
[0;32mI (669876) AODV: ---------------------------------------------------[0m
[0;32mI (669876) AODV: Dest Addr | Next Hop | Dest Seq | Hop Count[0m
[0;32mI (669886) AODV: ---------------------------------------------------[0m
[0;32mI (669896) AODV:         4 |        4 |         1 |         1[0m
[0;32mI (669896) AODV: ---------------------------------------------------[0m
[0;32mI (669906) AODV: Sending RREP to 4[0m
[0;32mI (669906) AODV: next hop = 4; gateway addl = 1[0m
[0;32mI (669916) AODV: rrep.src_add = 1; rrep.dest_add = 4[0m
[0;32mI (669916) AODV: rrep.dest_seq_num = 0; rrep.hop_count = 0[0m
[0;32mI (674746) AODV: data 1 = 4[0m
[0;32mI (674746) AODV: Handling RREQ from 4 to 1[0m
[0;32mI (674746) AODV: Routing Table:[0m
[0;32mI (674746) AODV: ---------------------------------------------------[0m
[0;32mI (674746) AODV: Dest Addr | Next Hop | Dest Seq | Hop Count[0m
[0;32mI (674756) AODV: ---------------------------------------------------[0m
[0;32mI (674766) AODV:         4 |        4 |         1 |         1[0m
[0;32mI (674766) AODV: ---------------------------------------------------[0m
[0;32mI (674776) AODV: Sending RREP to 4[0m
[0;32mI (674776) AODV: next hop = 4; gateway addl = 1[0m
[0;32mI (674786) AODV: rrep.src_add = 1; rrep.dest_add = 4[0m
[0;32mI (674786) AODV: rrep.dest_seq_num = 0; rrep.hop_count = 0[0m
[0;32mI (728656) AODV: data 1 = 4[0m
[0;32mI (728656) AODV: Handling RREQ from 4 to 1[0m
[0;32mI (728656) AODV: Routing Table:[0m
[0;32mI (728656) AODV: ---------------------------------------------------[0m
[0;32mI (728656) AODV: Dest Addr | Next Hop | Dest Seq | Hop Count[0m
[0;32mI (728666) AODV: ---------------------------------------------------[0m
[0;32mI (728676) AODV:         4 |        4 |         1 |         1[0m
[0;32mI (728676) AODV: ---------------------------------------------------[0m
[0;32mI (728686) AODV: Sending RREP to 4[0m
[0;32mI (728686) AODV: next hop = 4; gateway addl = 1[0m
[0;32mI (728696) AODV: rrep.src_add = 1; rrep.dest_add = 4[0m
[0;32mI (728696) AODV: rrep.dest_seq_num = 0; rrep.hop_count = 0[0m
ets Jul 29 2019 12:21:46

rst:0x1 (POWERON_RESET),boot:0x13 (SPI_FAST_FLASH_BOOT)
configsip: 0, SPIWP:0xee
clk_drv:0x00,q_drv:0x00,d_drv:0x00,cs0_drv:0x00,hd_drv:0x00,wp_drv:0x00
mode:DIO, clock div:2
load:0x3fff0030,len:7172
load:0x40078000,len:15540
load:0x40080400,len:4
ho 8 tail 4 room 4
load:0x40080404,len:3904
entry 0x40080640
[0;32mI (31) boot: ESP-IDF v5.2.1-dirty 2nd stage bootloader[0m
[0;32mI (31) boot: compile time Jun 15 2024 04:25:36[0m
[0;32mI (31) boot: Multicore bootloader[0m
[0;32mI (36) boot: chip revision: v3.0[0m
[0;32mI (40) boot.esp32: SPI Speed      : 40MHz[0m
[0;32mI (44) boot.esp32: SPI Mode       : DIO[0m
[0;32mI (49) boot.esp32: SPI Flash Size : 2MB[0m
[0;32mI (53) boot: Enabling RNG early entropy source...[0m
[0;32mI (59) boot: Partition Table:[0m
[0;32mI (62) boot: ## Label            Usage          Type ST Offset   Length[0m
[0;32mI (70) boot:  0 nvs              WiFi data        01 02 00009000 00006000[0m
[0;32mI (77) boot:  1 phy_init         RF data          01 01 0000f000 00001000[0m
[0;32mI (85) boot:  2 factory          factory app      00 00 00010000 00100000[0m
[0;32mI (92) boot: End of partition table[0m
[0;32mI (96) esp_image: segment 0: paddr=00010020 vaddr=3f400020 size=0b284h ( 45700) map[0m
[0;32mI (120) esp_image: segment 1: paddr=0001b2ac vaddr=3ffb0000 size=02254h (  8788) load[0m
[0;32mI (124) esp_image: segment 2: paddr=0001d508 vaddr=40080000 size=02b10h ( 11024) load[0m
[0;32mI (131) esp_image: segment 3: paddr=00020020 vaddr=400d0020 size=16f78h ( 94072) map[0m
[0;32mI (167) esp_image: segment 4: paddr=00036fa0 vaddr=40082b10 size=0ac50h ( 44112) load[0m
[0;32mI (191) boot: Loaded app from partition at offset 0x10000[0m
[0;32mI (191) boot: Disabling RNG early entropy source...[0m
[0;32mI (203) cpu_start: Multicore app[0m
[0;32mI (211) cpu_start: Pro cpu start user code[0m
[0;32mI (212) cpu_start: cpu freq: 160000000 Hz[0m
[0;32mI (212) cpu_start: Application information:[0m
[0;32mI (215) cpu_start: Project name:     main[0m
[0;32mI (219) cpu_start: App version:      1[0m
[0;32mI (224) cpu_start: Compile time:     Jun 15 2024 04:24:58[0m
[0;32mI (230) cpu_start: ELF file SHA256:  4cb65e09e...[0m
[0;32mI (235) cpu_start: ESP-IDF:          v5.2.1-dirty[0m
[0;32mI (241) cpu_start: Min chip rev:     v0.0[0m
[0;32mI (245) cpu_start: Max chip rev:     v3.99 [0m
[0;32mI (250) cpu_start: Chip rev:         v3.0[0m
[0;32mI (255) heap_init: Initializing. RAM available for dynamic allocation:[0m
[0;32mI (262) heap_init: At 3FFAE6E0 len 00001920 (6 KiB): DRAM[0m
[0;32mI (268) heap_init: At 3FFB2B70 len 0002D490 (181 KiB): DRAM[0m
[0;32mI (274) heap_init: At 3FFE0440 len 00003AE0 (14 KiB): D/IRAM[0m
[0;32mI (281) heap_init: At 3FFE4350 len 0001BCB0 (111 KiB): D/IRAM[0m
[0;32mI (287) heap_init: At 4008D760 len 000128A0 (74 KiB): IRAM[0m
[0;32mI (295) spi_flash: detected chip: generic[0m
[0;32mI (298) spi_flash: flash io: dio[0m
[0;33mW (302) spi_flash: Detected size(4096k) larger than the size in the binary image header(2048k). Using the size in the binary image header.[0m
[0;32mI (316) main_task: Started on CPU0[0m
[0;32mI (326) main_task: Calling app_main()[0m
Sending message: Hiiiii!
[0;32mI (326) gpio: GPIO[4]| InputEn: 0| OutputEn: 0| OpenDrain: 0| Pullup: 1| Pulldown: 0| Intr:0 [0m
[0;32mI (326) gpio: GPIO[5]| InputEn: 0| OutputEn: 0| OpenDrain: 0| Pullup: 1| Pulldown: 0| Intr:0 [0m
[0;32mI (336) main_task: Returned from app_main()[0m
[0;32mI (3426) AODV: data 1 = 4[0m
[0;32mI (3426) AODV: Handling RREQ from 4 to 1[0m
[0;32mI (3426) AODV: Route added: 4 -> 4 (seq: 1, hops: 1)[0m
[0;32mI (3426) AODV: Routing Table:[0m
[0;32mI (3426) AODV: ---------------------------------------------------[0m
[0;32mI (3436) AODV: Dest Addr | Next Hop | Dest Seq | Hop Count[0m
[0;32mI (3436) AODV: ---------------------------------------------------[0m
[0;32mI (3446) AODV:         4 |        4 |         1 |         1[0m
[0;32mI (3456) AODV: ---------------------------------------------------[0m
[0;32mI (3456) AODV: Sending RREP to 4[0m
[0;32mI (3466) AODV: next hop = 4; gateway addl = 1[0m
[0;32mI (3466) AODV: rrep.src_add = 1; rrep.dest_add = 4[0m
[0;32mI (3476) AODV: rrep.dest_seq_num = 0; rrep.hop_count = 0[0m
[0;32mI (49856) AODV: data 1 = 4[0m
[0;32mI (49856) AODV: Handling RREQ from 4 to 1[0m
[0;32mI (49856) AODV: Routing Table:[0m
[0;32mI (49856) AODV: ---------------------------------------------------[0m
[0;32mI (49856) AODV: Dest Addr | Next Hop | Dest Seq | Hop Count[0m
[0;32mI (49866) AODV: ---------------------------------------------------[0m
[0;32mI (49876) AODV:         4 |        4 |         1 |         1[0m
[0;32mI (49876) AODV: ---------------------------------------------------[0m
[0;32mI (49886) AODV: Sending RREP to 4[0m
[0;32mI (49886) AODV: next hop = 4; gateway addl = 1[0m
[0;32mI (49896) AODV: rrep.src_add = 1; rrep.dest_add = 4[0m
[0;32mI (49896) AODV: rrep.dest_seq_num = 0; rrep.hop_count = 0[0m
[0;32mI (62476) AODV: data 1 = 4[0m
[0;32mI (62476) AODV: Handling RREQ from 4 to 1[0m
[0;32mI (62476) AODV: Routing Table:[0m
[0;32mI (62476) AODV: ---------------------------------------------------[0m
[0;32mI (62476) AODV: Dest Addr | Next Hop | Dest Seq | Hop Count[0m
[0;32mI (62486) AODV: ---------------------------------------------------[0m
[0;32mI (62496) AODV:         4 |        4 |         1 |         1[0m
[0;32mI (62496) AODV: ---------------------------------------------------[0m
[0;32mI (62506) AODV: Sending RREP to 4[0m
[0;32mI (62506) AODV: next hop = 4; gateway addl = 1[0m
[0;32mI (62516) AODV: rrep.src_add = 1; rrep.dest_add = 4[0m
[0;32mI (62516) AODV: rrep.dest_seq_num = 0; rrep.hop_count = 0[0m
[0;32mI (82286) AODV: data 1 = 4[0m
[0;32mI (82286) AODV: Handling RREQ from 4 to 1[0m
[0;32mI (82286) AODV: Routing Table:[0m
[0;32mI (82286) AODV: ---------------------------------------------------[0m
[0;32mI (82286) AODV: Dest Addr | Next Hop | Dest Seq | Hop Count[0m
[0;32mI (82296) AODV: ---------------------------------------------------[0m
[0;32mI (82306) AODV:         4 |        4 |         1 |         1[0m
[0;32mI (82306) AODV: ---------------------------------------------------[0m
[0;32mI (82316) AODV: Sending RREP to 4[0m
[0;32mI (82316) AODV: next hop = 4; gateway addl = 1[0m
[0;32mI (82326) AODV: rrep.src_add = 1; rrep.dest_add = 4[0m
[0;32mI (82326) AODV: rrep.dest_seq_num = 0; rrep.hop_count = 0[0m
[0;32mI (91286) AODV: data 1 = 4[0m
[0;32mI (91286) AODV: Handling RREQ from 4 to 1[0m
[0;32mI (91286) AODV: Routing Table:[0m
[0;32mI (91286) AODV: ---------------------------------------------------[0m
[0;32mI (91286) AODV: Dest Addr | Next Hop | Dest Seq | Hop Count[0m
[0;32mI (91296) AODV: ---------------------------------------------------[0m
[0;32mI (91306) AODV:         4 |        4 |         1 |         1[0m
[0;32mI (91306) AODV: ---------------------------------------------------[0m
[0;32mI (91316) AODV: Sending RREP to 4[0m
[0;32mI (91316) AODV: next hop = 4; gateway addl = 1[0m
[0;32mI (91326) AODV: rrep.src_add = 1; rrep.dest_add = 4[0m
[0;32mI (91326) AODV: rrep.dest_seq_num = 0; rrep.hop_count = 0[0m
ets Jul 29 2019 12:21:46

rst:0x1 (POWERON_RESET),boot:0x13 (SPI_FAST_FLASH_BOOT)
configsip: 0, SPIWP:0xee
clk_drv:0x00,q_drv:0x00,d_drv:0x00,cs0_drv:0x00,hd_drv:0x00,wp_drv:0x00
mode:DIO, clock div:2
load:0x3fff0030,len:7172
load:0x40078000,len:15540
load:0x40080400,len:4
ho 8 tail 4 room 4
load:0x40080404,len:3904
entry 0x40080640
[0;32mI (31) boot: ESP-IDF v5.2.1-dirty 2nd stage bootloader[0m
[0;32mI (31) boot: compile time Jun 15 2024 04:25:36[0m
[0;32mI (31) boot: Multicore bootloader[0m
[0;32mI (36) boot: chip revision: v3.0[0m
[0;32mI (40) boot.esp32: SPI Speed      : 40MHz[0m
[0;32mI (44) boot.esp32: SPI Mode       : DIO[0m
[0;32mI (49) boot.esp32: SPI Flash Size : 2MB[0m
[0;32mI (53) boot: Enabling RNG early entropy source...[0m
[0;32mI (59) boot: Partition Table:[0m
[0;32mI (62) boot: ## Label            Usage          Type ST Offset   Length[0m
[0;32mI (70) boot:  0 nvs              WiFi data        01 02 00009000 00006000[0m
[0;32mI (77) boot:  1 phy_init         RF data          01 01 0000f000 00001000[0m
[0;32mI (85) boot:  2 factory          factory app      00 00 00010000 00100000[0m
[0;32mI (92) boot: End of partition table[0m
[0;32mI (96) esp_image: segment 0: paddr=00010020 vaddr=3f400020 size=0b284h ( 45700) map[0m
[0;32mI (120) esp_image: segment 1: paddr=0001b2ac vaddr=3ffb0000 size=02254h (  8788) load[0m
[0;32mI (124) esp_image: segment 2: paddr=0001d508 vaddr=40080000 size=02b10h ( 11024) load[0m
[0;32mI (131) esp_image: segment 3: paddr=00020020 vaddr=400d0020 size=16f78h ( 94072) map[0m
[0;32mI (167) esp_image: segment 4: paddr=00036fa0 vaddr=40082b10 size=0ac50h ( 44112) load[0m
[0;32mI (191) boot: Loaded app from partition at offset 0x10000[0m
[0;32mI (191) boot: Disabling RNG early entropy source...[0m
[0;32mI (203) cpu_start: Multicore app[0m
[0;32mI (211) cpu_start: Pro cpu start user code[0m
[0;32mI (212) cpu_start: cpu freq: 160000000 Hz[0m
[0;32mI (212) cpu_start: Application information:[0m
[0;32mI (215) cpu_start: Project name:     main[0m
[0;32mI (219) cpu_start: App version:      1[0m
[0;32mI (224) cpu_start: Compile time:     Jun 15 2024 04:24:58[0m
[0;32mI (230) cpu_start: ELF file SHA256:  4cb65e09e...[0m
[0;32mI (235) cpu_start: ESP-IDF:          v5.2.1-dirty[0m
[0;32mI (241) cpu_start: Min chip rev:     v0.0[0m
[0;32mI (245) cpu_start: Max chip rev:     v3.99 [0m
[0;32mI (250) cpu_start: Chip rev:         v3.0[0m
[0;32mI (255) heap_init: Initializing. RAM available for dynamic allocation:[0m
[0;32mI (262) heap_init: At 3FFAE6E0 len 00001920 (6 KiB): DRAM[0m
[0;32mI (268) heap_init: At 3FFB2B70 len 0002D490 (181 KiB): DRAM[0m
[0;32mI (274) heap_init: At 3FFE0440 len 00003AE0 (14 KiB): D/IRAM[0m
[0;32mI (281) heap_init: At 3FFE4350 len 0001BCB0 (111 KiB): D/IRAM[0m
[0;32mI (287) heap_init: At 4008D760 len 000128A0 (74 KiB): IRAM[0m
[0;32mI (295) spi_flash: detected chip: generic[0m
[0;32mI (298) spi_flash: flash io: dio[0m
[0;33mW (302) spi_flash: Detected size(4096k) larger than the size in the binary image header(2048k). Using the size in the binary image header.[0m
[0;32mI (316) main_task: Started on CPU0[0m
[0;32mI (326) main_task: Calling app_main()[0m
Sending message: Hiiiii!
[0;32mI (326) gpio: GPIO[4]| InputEn: 0| OutputEn: 0| OpenDrain: 0| Pullup: 1| Pulldown: 0| Intr:0 [0m
[0;32mI (326) gpio: GPIO[5]| InputEn: 0| OutputEn: 0| OpenDrain: 0| Pullup: 1| Pulldown: 0| Intr:0 [0m
[0;32mI (336) main_task: Returned from app_main()[0m
[0;32mI (3696) AODV: data 1 = 4[0m
[0;32mI (3696) AODV: Handling RREQ from 4 to 1[0m
[0;32mI (3696) AODV: Route added: 4 -> 4 (seq: 1, hops: 1)[0m
[0;32mI (3696) AODV: Routing Table:[0m
[0;32mI (3696) AODV: ---------------------------------------------------[0m
[0;32mI (3706) AODV: Dest Addr | Next Hop | Dest Seq | Hop Count[0m
[0;32mI (3706) AODV: ---------------------------------------------------[0m
[0;32mI (3716) AODV:         4 |        4 |         1 |         1[0m
[0;32mI (3726) AODV: ---------------------------------------------------[0m
[0;32mI (3726) AODV: Sending RREP to 4[0m
[0;32mI (3736) AODV: next hop = 4; gateway addl = 1[0m
[0;32mI (3736) AODV: rrep.src_add = 1; rrep.dest_add = 4[0m
[0;32mI (3746) AODV: rrep.dest_seq_num = 0; rrep.hop_count = 0[0m
[0;32mI (57486) AODV: data 1 = 4[0m
[0;32mI (57486) AODV: Handling RREQ from 4 to 1[0m
[0;32mI (57486) AODV: Routing Table:[0m
[0;32mI (57486) AODV: ---------------------------------------------------[0m
[0;32mI (57486) AODV: Dest Addr | Next Hop | Dest Seq | Hop Count[0m
[0;32mI (57496) AODV: ---------------------------------------------------[0m
[0;32mI (57506) AODV:         4 |        4 |         1 |         1[0m
[0;32mI (57506) AODV: ---------------------------------------------------[0m
[0;32mI (57516) AODV: Sending RREP to 4[0m
[0;32mI (57516) AODV: next hop = 4; gateway addl = 1[0m
[0;32mI (57526) AODV: rrep.src_add = 1; rrep.dest_add = 4[0m
[0;32mI (57526) AODV: rrep.dest_seq_num = 0; rrep.hop_count = 0[0m
[0;32mI (63226) AODV: data 1 = 4[0m
[0;32mI (63226) AODV: Handling RREQ from 4 to 1[0m
[0;32mI (63226) AODV: Routing Table:[0m
[0;32mI (63226) AODV: ---------------------------------------------------[0m
[0;32mI (63226) AODV: Dest Addr | Next Hop | Dest Seq | Hop Count[0m
[0;32mI (63236) AODV: ---------------------------------------------------[0m
[0;32mI (63246) AODV:         4 |        4 |         1 |         1[0m
[0;32mI (63246) AODV: ---------------------------------------------------[0m
[0;32mI (63256) AODV: Sending RREP to 4[0m
[0;32mI (63256) AODV: next hop = 4; gateway addl = 1[0m
[0;32mI (63266) AODV: rrep.src_add = 1; rrep.dest_add = 4[0m
[0;32mI (63266) AODV: rrep.dest_seq_num = 0; rrep.hop_count = 0[0m
[0;32mI (67116) AODV: data 1 = 4[0m
[0;32mI (67116) AODV: Handling RREQ from 4 to 1[0m
[0;32mI (67116) AODV: Routing Table:[0m
[0;32mI (67116) AODV: ---------------------------------------------------[0m
[0;32mI (67116) AODV: Dest Addr | Next Hop | Dest Seq | Hop Count[0m
[0;32mI (67126) AODV: ---------------------------------------------------[0m
[0;32mI (67136) AODV:         4 |        4 |         1 |         1[0m
[0;32mI (67136) AODV: ---------------------------------------------------[0m
[0;32mI (67146) AODV: Sending RREP to 4[0m
[0;32mI (67146) AODV: next hop = 4; gateway addl = 1[0m
[0;32mI (67156) AODV: rrep.src_add = 1; rrep.dest_add = 4[0m
[0;32mI (67156) AODV: rrep.dest_seq_num = 0; rrep.hop_count = 0[0m
[0;32mI (82966) AODV: data 1 = 4[0m
[0;32mI (82966) AODV: Handling RREQ from 4 to 1[0m
[0;32mI (82966) AODV: Routing Table:[0m
[0;32mI (82966) AODV: ---------------------------------------------------[0m
[0;32mI (82966) AODV: Dest Addr | Next Hop | Dest Seq | Hop Count[0m
[0;32mI (82976) AODV: ---------------------------------------------------[0m
[0;32mI (82986) AODV:         4 |        4 |         1 |         1[0m
[0;32mI (82986) AODV: ---------------------------------------------------[0m
[0;32mI (82996) AODV: Sending RREP to 4[0m
[0;32mI (82996) AODV: next hop = 4; gateway addl = 1[0m
[0;32mI (83006) AODV: rrep.src_add = 1; rrep.dest_add = 4[0m
[0;32mI (83006) AODV: rrep.dest_seq_num = 0; rrep.hop_count = 0[0m
[0;32mI (86546) AODV: data 1 = 4[0m
[0;32mI (86546) AODV: Handling RREQ from 4 to 1[0m
[0;32mI (86546) AODV: Routing Table:[0m
[0;32mI (86546) AODV: ---------------------------------------------------[0m
[0;32mI (86546) AODV: Dest Addr | Next Hop | Dest Seq | Hop Count[0m
[0;32mI (86556) AODV: ---------------------------------------------------[0m
[0;32mI (86566) AODV:         4 |        4 |         1 |         1[0m
[0;32mI (86566) AODV: ---------------------------------------------------[0m
[0;32mI (86576) AODV: Sending RREP to 4[0m
[0;32mI (86576) AODV: next hop = 4; gateway addl = 1[0m
[0;32mI (86586) AODV: rrep.src_add = 1; rrep.dest_add = 4[0m
[0;32mI (86586) AODV: rrep.dest_seq_num = 0; rrep.hop_count = 0[0m
