ï¿½ï¿½ï¿½ï¿½ï¿½ï¿½m[0m
[0;32mIï¿½ets Jul 29 2019 12:21:46

rst:0x1 (POWERON_RESET),boot:0x13 (SPI_FAST_FLASH_BOOT)
configsip: 0, SPIWP:0xee
clk_drv:0x00,q_drv:0x00,d_drv:0x00,cs0_drv:0x00,hd_drv:0x00,wp_drv:0x00
mode:DIO, clock div:2
load:0x3fff0030,len:7172
load:0x40078000,len:15540
load:0x40080400,len:4
ho 8 tail 4 room 4
load:0x40080404,len:3904
entry 0x40080640
[0;32mI (31) boot: ESP-IDF v5.2.1-dirty 2nd stage bootloader[0m
[0;32mI (31) boot: compile time Jun 15 2024 04:25:36[0m
[0;32mI (31) boot: Multicore bootloader[0m
[0;32mI (36) boot: chip revision: v3.0[0m
[0;32mI (40) boot.esp32: SPI Speed      : 40MHz[0m
[0;32mI (44) boot.esp32: SPI Mode       : DIO[0m
[0;32mI (49) boot.esp32: SPI Flash Size : 2MB[0m
[0;32mI (53) boot: Enabling RNG early entropy source...[0m
[0;32mI (59) boot: Partition Table:[0m
[0;32mI (62) boot: ## Label            Usage          Type ST Offset   Length[0m
[0;32mI (70) boot:  0 nvs              WiFi data        01 02 00009000 00006000[0m
[0;32mI (77) boot:  1 phy_init         RF data          01 01 0000f000 00001000[0m
[0;32mI (85) boot:  2 factory          factory app      00 00 00010000 00100000[0m
[0;32mI (92) boot: End of partition table[0m
[0;32mI (96) esp_image: segment 0: paddr=00010020 vaddr=3f400020 size=0b1ach ( 45484) map[0m
[0;32mI (120) esp_image: segment 1: paddr=0001b1d4 vaddr=3ffb0000 size=02254h (  8788) load[0m
[0;32mI (124) esp_image: segment 2: paddr=0001d430 vaddr=40080000 size=02be8h ( 11240) load[0m
[0;32mI (131) esp_image: segment 3: paddr=00020020 vaddr=400d0020 size=19e90h (106128) map[0m
[0;32mI (171) esp_image: segment 4: paddr=00039eb8 vaddr=40082be8 size=0ab80h ( 43904) load[0m
[0;32mI (195) boot: Loaded app from partition at offset 0x10000[0m
[0;32mI (195) boot: Disabling RNG early entropy source...[0m
[0;32mI (207) cpu_start: Multicore app[0m
[0;32mI (215) cpu_start: Pro cpu start user code[0m
[0;32mI (215) cpu_start: cpu freq: 160000000 Hz[0m
[0;32mI (216) cpu_start: Application information:[0m
[0;32mI (219) cpu_start: Project name:     main[0m
[0;32mI (223) cpu_start: App version:      1[0m
[0;32mI (228) cpu_start: Compile time:     Jun 15 2024 04:24:58[0m
[0;32mI (234) cpu_start: ELF file SHA256:  fb4138d75...[0m
[0;32mI (239) cpu_start: ESP-IDF:          v5.2.1-dirty[0m
[0;32mI (244) cpu_start: Min chip rev:     v0.0[0m
[0;32mI (249) cpu_start: Max chip rev:     v3.99 [0m
[0;32mI (254) cpu_start: Chip rev:         v3.0[0m
[0;32mI (259) heap_init: Initializing. RAM available for dynamic allocation:[0m
[0;32mI (266) heap_init: At 3FFAE6E0 len 00001920 (6 KiB): DRAM[0m
[0;32mI (272) heap_init: At 3FFB2C18 len 0002D3E8 (180 KiB): DRAM[0m
[0;32mI (278) heap_init: At 3FFE0440 len 00003AE0 (14 KiB): D/IRAM[0m
[0;32mI (285) heap_init: At 3FFE4350 len 0001BCB0 (111 KiB): D/IRAM[0m
[0;32mI (291) heap_init: At 4008D768 len 00012898 (74 KiB): IRAM[0m
[0;32mI (299) spi_flash: detected chip: generic[0m
[0;32mI (302) spi_flash: flash io: dio[0m
[0;33mW (306) spi_flash: Detected size(4096k) larger than the size in the binary image header(2048k). Using the size in the binary image header.[0m
[0;32mI (320) main_task: Started on CPU0[0m
[0;32mI (330) main_task: Calling app_main()[0m
Sending message: Hiiiii!
[0;32mI (330) gpio: GPIO[4]| InputEn: 0| OutputEn: 0| OpenDrain: 0| Pullup: 1| Pulldown: 0| Intr:0 [0m
[0;32mI (330) gpio: GPIO[5]| InputEn: 0| OutputEn: 0| OpenDrain: 0| Pullup: 1| Pulldown: 0| Intr:0 [0m
[0;32mI (340) gpio: GPIO[2]| InputEn: 0| OutputEn: 0| OpenDrain: 0| Pullup: 1| Pulldown: 0| Intr:0 [0m
[0;32mI (350) main_task: Returned from app_main()[0m
[0;32mI (2060) RX_TASK: Read 14 bytes: 6C6F12890641CC00004270CCCD00[0m
[0;32mI (4060) RX_TASK: Read 14 bytes: 6C6F12890641CC00004270CCCD00[0m
[0;32mI (6060) RX_TASK: Read 14 bytes: 6C6F12890641CC00004270CCCD00[0m
[0;32mI (8060) RX_TASK: Read 14 bytes: 6C6F12890641CC00004270CCCD00[0m
[0;32mI (10060) RX_TASK: Read 14 bytes: 6C6F12890641CC00004270CCCD00[0m
[0;32mI (12060) RX_TASK: Read 14 bytes: 6C6F12890641CC00004270CCCD00[0m
[0;32mI (14060) RX_TASK: Read 14 bytes: 6C6F12890641CC00004270CCCD00[0m
[0;32mI (16060) RX_TASK: Read 14 bytes: 6C6F12890641CC00004270CCCD00[0m
[0;32mI (18060) RX_TASK: Read 14 bytes: 6C6F12890641CC00004270CCCD00[0m
[0;32mI (20060) RX_TASK: Read 14 bytes: 6C6F12890641CC00004270CCCD00[0m
[0;32mI (22060) RX_TASK: Read 14 bytes: 6C6F12890641CC00004270CCCD00[0m
[0;32mI (29490) RX_TASK: Read 35 bytes: 613CD27300FF025D000F0019002804D20237005A007B05AD66800132B3C000011F06C7[0m
[0;32mI (33410) RX_TASK: Read 14 bytes: 6C6F12890641CC00004270CCCD00[0m
[0;32mI (34460) RX_TASK: Read 29 bytes: 613CD273013A0165001100180018000005170D24003A05AD66800132B3[0m
[0;32mI (35410) RX_TASK: Read 14 bytes: 6C6F12890641CC00004270CCCD00[0m
[0;32mI (37410) RX_TASK: Read 14 bytes: 6C6F12890641CC00004270CCCD00[0m
[0;32mI (39520) RX_TASK: Read 46 bytes: 613CD273013A01650012001800180000050A0064002D05AD66800132B30002066C6F12890641CC00004270CCCD00[0m
[0;32mI (41410) RX_TASK: Read 14 bytes: 6C6F12890641CC00004270CCCD00[0m
[0;32mI (43410) RX_TASK: Read 14 bytes: 6C6F12890641CC00004270CCCD00[0m
[0;32mI (44460) RX_TASK: Read 29 bytes: 613CD273013A0165001200190019000005021068003305AD66800132B3[0m
[0;32mI (45410) RX_TASK: Read 14 bytes: 6C6F12890641CC00004270CCCD00[0m
[0;32mI (47410) RX_TASK: Read 14 bytes: 6C6F12890641CC00004270CCCD00[0m
[0;32mI (49520) RX_TASK: Read 46 bytes: 613CD273013A01650013001A001B000004FE0064003E014064EA064FB40002066C6F12890641CC00004270CCCD00[0m
[0;32mI (51410) RX_TASK: Read 14 bytes: 6C6F12890641CC00004270CCCD00[0m
[0;32mI (53410) RX_TASK: Read 14 bytes: 6C6F12890641CC00004270CCCD00[0m
[0;32mI (54470) RX_TASK: Read 29 bytes: 613CD273013A0164001100180019000004F800640029014064EA064FB4[0m
[0;32mI (55410) RX_TASK: Read 14 bytes: 6C6F12890641CC00004270CCCD00[0m
[0;32mI (57410) RX_TASK: Read 14 bytes: 6C6F12890641CC00004270CCCD00[0m
[0;32mI (59520) RX_TASK: Read 46 bytes: 6C6F12890641CC00004270CCCD00000206613CD273013A016400110017001800000542076C0033014064E2064FB4[0m
[0;32mI (61410) RX_TASK: Read 14 bytes: 6C6F12890641CC00004270CCCD00[0m
[0;32mI (63410) RX_TASK: Read 14 bytes: 6C6F12890641CC00004270CCCD00[0m
[0;32mI (64470) RX_TASK: Read 29 bytes: 613CD2730139016400110016001700000537189C001E014064D8064FB4[0m
[0;32mI (65410) RX_TASK: Read 14 bytes: 6C6F12890641CC00004270CCCD00[0m
