ë‹±ï¿½ï¿½ï¿½ï¿½ï¿½m[0m
[0;3ets Jul 29 2019 12:21:46

rst:0x1 (POWERON_RESET),boot:0x13 (SPI_FAST_FLASH_BOOT)
configsip: 0, SPIWP:0xee
clk_drv:0x00,q_drv:0x00,d_drv:0x00,cs0_drv:0x00,hd_drv:0x00,wp_drv:0x00
mode:DIO, clock div:2
load:0x3fff0030,len:7172
load:0x40078000,len:15540
load:0x40080400,len:4
ho 8 tail 4 room 4
load:0x40080404,len:3904
entry 0x40080640
[0;32mI (31) boot: ESP-IDF v5.2.1-dirty 2nd stage bootloader[0m
[0;32mI (31) boot: compile time Jun 15 2024 04:25:36[0m
[0;32mI (31) boot: Multicore bootloader[0m
[0;32mI (36) boot: chip revision: v3.0[0m
[0;32mI (40) boot.esp32: SPI Speed      : 40MHz[0m
[0;32mI (44) boot.esp32: SPI Mode       : DIO[0m
[0;32mI (49) boot.esp32: SPI Flash Size : 2MB[0m
[0;32mI (53) boot: Enabling RNG early entropy source...[0m
[0;32mI (59) boot: Partition Table:[0m
[0;32mI (62) boot: ## Label            Usage          Type ST Offset   Length[0m
[0;32mI (70) boot:  0 nvs              WiFi data        01 02 00009000 00006000[0m
[0;32mI (77) boot:  1 phy_init         RF data          01 01 0000f000 00001000[0m
[0;32mI (85) boot:  2 factory          factory app      00 00 00010000 00100000[0m
[0;32mI (92) boot: End of partition table[0m
[0;32mI (96) esp_image: segment 0: paddr=00010020 vaddr=3f400020 size=290f8h (168184) map[0m
[0;32mI (162) esp_image: segment 1: paddr=00039120 vaddr=3ffb0000 size=03c4ch ( 15436) load[0m
[0;32mI (168) esp_image: segment 2: paddr=0003cd74 vaddr=40080000 size=032a4h ( 12964) load[0m
[0;32mI (174) esp_image: segment 3: paddr=00040020 vaddr=400d0020 size=9d8a0h (645280) map[0m
[0;32mI (398) esp_image: segment 4: paddr=000dd8c8 vaddr=400832a4 size=14310h ( 82704) load[0m
[0;32mI (442) boot: Loaded app from partition at offset 0x10000[0m
[0;32mI (442) boot: Disabling RNG early entropy source...[0m
[0;32mI (454) cpu_start: Multicore app[0m
[0;32mI (462) cpu_start: Pro cpu start user code[0m
[0;32mI (462) cpu_start: cpu freq: 160000000 Hz[0m
[0;32mI (462) cpu_start: Application information:[0m
[0;32mI (465) cpu_start: Project name:     main[0m
[0;32mI (470) cpu_start: App version:      1[0m
[0;32mI (475) cpu_start: Compile time:     Jun 15 2024 04:24:58[0m
[0;32mI (481) cpu_start: ELF file SHA256:  759a35ddf...[0m
[0;32mI (486) cpu_start: ESP-IDF:          v5.2.1-dirty[0m
[0;32mI (491) cpu_start: Min chip rev:     v0.0[0m
[0;32mI (496) cpu_start: Max chip rev:     v3.99 [0m
[0;32mI (501) cpu_start: Chip rev:         v3.0[0m
[0;32mI (506) heap_init: Initializing. RAM available for dynamic allocation:[0m
[0;32mI (513) heap_init: At 3FFAE6E0 len 00001920 (6 KiB): DRAM[0m
[0;32mI (519) heap_init: At 3FFB83D8 len 00027C28 (159 KiB): DRAM[0m
[0;32mI (525) heap_init: At 3FFE0440 len 00003AE0 (14 KiB): D/IRAM[0m
[0;32mI (531) heap_init: At 3FFE4350 len 0001BCB0 (111 KiB): D/IRAM[0m
[0;32mI (538) heap_init: At 400975B4 len 00008A4C (34 KiB): IRAM[0m
[0;32mI (546) spi_flash: detected chip: generic[0m
[0;32mI (549) spi_flash: flash io: dio[0m
[0;33mW (553) spi_flash: Detected size(4096k) larger than the size in the binary image header(2048k). Using the size in the binary image header.[0m
[0;32mI (567) main_task: Started on CPU0[0m
[0;32mI (577) main_task: Calling app_main()[0m
[0;32mI (607) uart_example: ESP_WIFI_MODE_STA[0m
I (617) wifi:wifi driver task: 3ffc04a0, prio:23, stack:6656, core=0
I (637) wifi:wifi firmware version: a9f5b59
I (637) wifi:wifi certification version: v7.0
I (637) wifi:config NVS flash: enabled
I (637) wifi:config nano formating: disabled
I (637) wifi:Init data frame dynamic rx buffer num: 32
I (637) wifi:Init static rx mgmt buffer num: 5
I (647) wifi:Init management short buffer num: 32
I (647) wifi:Init dynamic tx buffer num: 32
I (657) wifi:Init static rx buffer size: 1600
I (657) wifi:Init static rx buffer num: 10
I (667) wifi:Init dynamic rx buffer num: 32
[0;32mI (667) wifi_init: rx ba win: 6[0m
[0;32mI (667) wifi_init: tcpip mbox: 32[0m
[0;32mI (677) wifi_init: udp mbox: 6[0m
[0;32mI (677) wifi_init: tcp mbox: 6[0m
[0;32mI (677) wifi_init: tcp tx win: 5760[0m
[0;32mI (687) wifi_init: tcp rx win: 5760[0m
[0;32mI (687) wifi_init: tcp mss: 1440[0m
[0;32mI (697) wifi_init: WiFi IRAM OP enabled[0m
[0;32mI (697) wifi_init: WiFi RX IRAM OP enabled[0m
[0;32mI (707) phy_init: phy_version 4791,2c4672b,Dec 20 2023,16:06:06[0m
I (787) wifi:mode : sta (08:b6:1f:34:f5:e4)
I (787) wifi:enable tsf
[0;32mI (797) wifi station: wifi_init_sta finished.[0m
I (897) wifi:new:<1,0>, old:<1,0>, ap:<255,255>, sta:<1,0>, prof:1
I (907) wifi:state: init -> auth (b0)
I (967) wifi:state: auth -> init (8a0)
I (977) wifi:new:<1,0>, old:<1,0>, ap:<255,255>, sta:<1,0>, prof:1
[0;32mI (977) wifi station: retry to connect to the AP[0m
[0;32mI (977) wifi station: connect to the AP fail[0m
[0;32mI (3387) wifi station: retry to connect to the AP[0m
[0;32mI (3397) wifi station: connect to the AP fail[0m
I (3397) wifi:new:<1,0>, old:<1,0>, ap:<255,255>, sta:<1,0>, prof:1
I (3397) wifi:state: init -> auth (b0)
I (3457) wifi:state: auth -> assoc (0)
I (3567) wifi:state: assoc -> run (10)
I (3687) wifi:connected with Thanh Tam, aid = 2, channel 1, BW20, bssid = 10:39:4e:fd:17:30
I (3687) wifi:security: WPA2-PSK, phy: bgn, rssi: -63
I (3697) wifi:pm start, type: 1

I (3697) wifi:dp: 1, bi: 102400, li: 3, scale listen interval from 307200 us to 307200 us
I (3767) wifi:AP's beacon interval = 102400 us, DTIM period = 1
[0;32mI (4707) esp_netif_handlers: sta ip: 192.168.1.14, mask: 255.255.255.0, gw: 192.168.1.1[0m
[0;32mI (4707) wifi station: got IP:192.168.1.14[0m
[0;32mI (4707) wifi station: connected to AP SSID:Thanh Tam password:06111976[0m
[0;32mI (4717) MQTT: Other event id:7[0m
I (4727) wifi:<ba-add>idx:0 (ifx:0, 10:39:4e:fd:17:30), tid:0, ssn:4, winSize:64
[0;32mI (4737) gpio: GPIO[4]| InputEn: 0| OutputEn: 0| OpenDrain: 0| Pullup: 1| Pulldown: 0| Intr:0 [0m
[0;32mI (4737) gpio: GPIO[5]| InputEn: 0| OutputEn: 0| OpenDrain: 0| Pullup: 1| Pulldown: 0| Intr:0 [0m
[0;32mI (4747) main_task: Returned from app_main()[0m
[0;32mI (5307) MQTT: MQTT_EVENT_CONNECTED[0m
[0;32mI (5317) MQTT: sent publish successful, msg_id=54090[0m
[0;32mI (5317) MQTT: sent subscribe successful, msg_id=3487[0m
[0;32mI (5637) MQTT: MQTT_EVENT_PUBLISHED, msg_id=54090[0m
[0;32mI (6177) MQTT: MQTT_EVENT_SUBSCRIBED, msg_id=3487[0m

Available after dequeue: 20 

[0;32mI (10307) AODV: Node Number: 4[0m
[0;32mI (10307) AODV: Temperature: 31.1Â°C, Humidity: 42.2%[0m
[0;32mI (10307) AODV: PM1.0: 24, PM2.5: 36, PM10: 44[0m
[0;32mI (10307) AODV: O3: 0.00 ppm, SO2: 176.74 ppm[0m
[0;32mI (10317) AODV: CO: 1.00 ppm, NO2: 0.05 ppm[0m
[0;32mI (10317) AODV: Latitude: 95.250046, Longitude: 20.099899[0m
[0;31mE (10327) mqtt_client: Client was not initialized[0m
[0;32mI (10327) MQTT: sent publish successful, msg_id=-1[0m

Available after enqueue: 20 


Available after dequeue: 20 

[0;32mI (15307) AODV: Node Number: 4[0m
[0;32mI (15307) AODV: Temperature: 31.1Â°C, Humidity: 41.7%[0m
[0;32mI (15307) AODV: PM1.0: 24, PM2.5: 36, PM10: 42[0m
[0;32mI (15307) AODV: O3: 0.00 ppm, SO2: 176.74 ppm[0m
[0;32mI (15317) AODV: CO: 1.00 ppm, NO2: 0.05 ppm[0m
[0;32mI (15317) AODV: Latitude: 95.250046, Longitude: 20.099899[0m
[0;31mE (15327) mqtt_client: Client was not initialized[0m
[0;32mI (15327) MQTT: sent publish successful, msg_id=-1[0m

Available after enqueue: 20 


Available after dequeue: 20 

[0;32mI (20307) AODV: Node Number: 4[0m
[0;32mI (20307) AODV: Temperature: 31.1Â°C, Humidity: 41.6%[0m
[0;32mI (20307) AODV: PM1.0: 23, PM2.5: 34, PM10: 38[0m
[0;32mI (20307) AODV: O3: 0.00 ppm, SO2: 175.99 ppm[0m
[0;32mI (20317) AODV: CO: 1.00 ppm, NO2: 0.05 ppm[0m
[0;32mI (20317) AODV: Latitude: 95.250046, Longitude: 20.099899[0m
[0;31mE (20327) mqtt_client: Client was not initialized[0m
[0;32mI (20327) MQTT: sent publish successful, msg_id=-1[0m

Available after enqueue: 20 


Available after dequeue: 20 

[0;32mI (25307) AODV: Node Number: 4[0m
[0;32mI (25307) AODV: Temperature: 31.1Â°C, Humidity: 41.6%[0m
[0;32mI (25307) AODV: PM1.0: 24, PM2.5: 33, PM10: 36[0m
[0;32mI (25307) AODV: O3: 0.00 ppm, SO2: 176.99 ppm[0m
[0;32mI (25317) AODV: CO: 1.00 ppm, NO2: 0.05 ppm[0m
[0;32mI (25317) AODV: Latitude: 95.250046, Longitude: 20.099899[0m
[0;31mE (25327) mqtt_client: Client was not initialized[0m
[0;32mI (25327) MQTT: sent publish successful, msg_id=-1[0m

Available after enqueue: 20 


Available after dequeue: 20 

[0;32mI (30307) AODV: Node Number: 4[0m
[0;32mI (30307) AODV: Temperature: 31.1Â°C, Humidity: 42.1%[0m
[0;32mI (30307) AODV: PM1.0: 23, PM2.5: 34, PM10: 40[0m
[0;32mI (30307) AODV: O3: 0.00 ppm, SO2: 174.50 ppm[0m
[0;32mI (30317) AODV: CO: 1.00 ppm, NO2: 0.05 ppm[0m
[0;32mI (30317) AODV: Latitude: 95.250046, Longitude: 20.099899[0m
[0;31mE (30327) mqtt_client: Client was not initialized[0m
[0;32mI (30327) MQTT: sent publish successful, msg_id=-1[0m

Available after enqueue: 20 


Available after dequeue: 20 

[0;32mI (35307) AODV: Node Number: 4[0m
[0;32mI (35307) AODV: Temperature: 31.2Â°C, Humidity: 43.0%[0m
[0;32mI (35307) AODV: PM1.0: 25, PM2.5: 38, PM10: 45[0m
[0;32mI (35307) AODV: O3: 0.00 ppm, SO2: 173.28 ppm[0m
[0;32mI (35317) AODV: CO: 1.00 ppm, NO2: 0.05 ppm[0m
[0;32mI (35317) AODV: Latitude: 95.250046, Longitude: 20.099899[0m
[0;31mE (35327) mqtt_client: Client was not initialized[0m
[0;32mI (35327) MQTT: sent publish successful, msg_id=-1[0m

Available after enqueue: 20 


Available after dequeue: 20 

[0;32mI (40307) AODV: Node Number: 4[0m
[0;32mI (40307) AODV: Temperature: 31.2Â°C, Humidity: 42.9%[0m
[0;32mI (40307) AODV: PM1.0: 25, PM2.5: 38, PM10: 45[0m
[0;32mI (40307) AODV: O3: 0.00 ppm, SO2: 174.01 ppm[0m
[0;32mI (40317) AODV: CO: 1.00 ppm, NO2: 0.05 ppm[0m
[0;32mI (40317) AODV: Latitude: 95.250046, Longitude: 20.099899[0m
[0;31mE (40327) mqtt_client: Client was not initialized[0m
[0;32mI (40327) MQTT: sent publish successful, msg_id=-1[0m

Available after enqueue: 20 


Available after dequeue: 20 

[0;32mI (45307) AODV: Node Number: 4[0m
[0;32mI (45307) AODV: Temperature: 31.2Â°C, Humidity: 42.6%[0m
[0;32mI (45307) AODV: PM1.0: 24, PM2.5: 36, PM10: 44[0m
[0;32mI (45307) AODV: O3: 0.00 ppm, SO2: 175.74 ppm[0m
[0;32mI (45317) AODV: CO: 1.00 ppm, NO2: 0.05 ppm[0m
[0;32mI (45317) AODV: Latitude: 95.250046, Longitude: 20.099899[0m
[0;31mE (45327) mqtt_client: Client was not initialized[0m
[0;32mI (45327) MQTT: sent publish successful, msg_id=-1[0m

Available after enqueue: 20 


Available after dequeue: 20 

[0;32mI (50317) AODV: Node Number: 4[0m
