der[0m
[0;32mI (36) boï¿½ets Jul 29 2019 12:21:46

rst:0x1 (POWERON_RESET),boot:0x13 (SPI_FAST_FLASH_BOOT)
configsip: 0, SPIWP:0xee
clk_drv:0x00,q_drv:0x00,d_drv:0x00,cs0_drv:0x00,hd_drv:0x00,wp_drv:0x00
mode:DIO, clock div:2
load:0x3fff0030,len:7172
load:0x40078000,len:15540
load:0x40080400,len:4
ho 8 tail 4 room 4
load:0x40080404,len:3904
entry 0x40080640
[0;32mI (31) boot: ESP-IDF v5.2.1-dirty 2nd stage bootloader[0m
[0;32mI (31) boot: compile time Jun 15 2024 04:25:36[0m
[0;32mI (31) boot: Multicore bootloader[0m
[0;32mI (36) boot: chip revision: v3.0[0m
[0;32mI (40) boot.esp32: SPI Speed      : 40MHz[0m
[0;32mI (44) boot.esp32: SPI Mode       : DIO[0m
[0;32mI (49) boot.esp32: SPI Flash Size : 2MB[0m
[0;32mI (53) boot: Enabling RNG early entropy source...[0m
[0;32mI (59) boot: Partition Table:[0m
[0;32mI (62) boot: ## Label            Usage          Type ST Offset   Length[0m
[0;32mI (70) boot:  0 nvs              WiFi data        01 02 00009000 00006000[0m
[0;32mI (77) boot:  1 phy_init         RF data          01 01 0000f000 00001000[0m
[0;32mI (85) boot:  2 factory          factory app      00 00 00010000 00100000[0m
[0;32mI (92) boot: End of partition table[0m
[0;32mI (96) esp_image: segment 0: paddr=00010020 vaddr=3f400020 size=0b2b4h ( 45748) map[0m
[0;32mI (120) esp_image: segment 1: paddr=0001b2dc vaddr=3ffb0000 size=02254h (  8788) load[0m
[0;32mI (124) esp_image: segment 2: paddr=0001d538 vaddr=40080000 size=02ae0h ( 10976) load[0m
[0;32mI (131) esp_image: segment 3: paddr=00020020 vaddr=400d0020 size=16f98h ( 94104) map[0m
[0;32mI (167) esp_image: segment 4: paddr=00036fc0 vaddr=40082ae0 size=0ac80h ( 44160) load[0m
[0;32mI (191) boot: Loaded app from partition at offset 0x10000[0m
[0;32mI (191) boot: Disabling RNG early entropy source...[0m
[0;32mI (203) cpu_start: Multicore app[0m
[0;32mI (211) cpu_start: Pro cpu start user code[0m
[0;32mI (212) cpu_start: cpu freq: 160000000 Hz[0m
[0;32mI (212) cpu_start: Application information:[0m
[0;32mI (215) cpu_start: Project name:     main[0m
[0;32mI (219) cpu_start: App version:      1[0m
[0;32mI (224) cpu_start: Compile time:     Jun 15 2024 04:24:58[0m
[0;32mI (230) cpu_start: ELF file SHA256:  d1dc6b64f...[0m
[0;32mI (235) cpu_start: ESP-IDF:          v5.2.1-dirty[0m
[0;32mI (241) cpu_start: Min chip rev:     v0.0[0m
[0;32mI (245) cpu_start: Max chip rev:     v3.99 [0m
[0;32mI (250) cpu_start: Chip rev:         v3.0[0m
[0;32mI (255) heap_init: Initializing. RAM available for dynamic allocation:[0m
[0;32mI (262) heap_init: At 3FFAE6E0 len 00001920 (6 KiB): DRAM[0m
[0;32mI (268) heap_init: At 3FFB2B70 len 0002D490 (181 KiB): DRAM[0m
[0;32mI (274) heap_init: At 3FFE0440 len 00003AE0 (14 KiB): D/IRAM[0m
[0;32mI (281) heap_init: At 3FFE4350 len 0001BCB0 (111 KiB): D/IRAM[0m
[0;32mI (287) heap_init: At 4008D760 len 000128A0 (74 KiB): IRAM[0m
[0;32mI (295) spi_flash: detected chip: generic[0m
[0;32mI (298) spi_flash: flash io: dio[0m
[0;33mW (302) spi_flash: Detected size(4096k) larger than the size in the binary image header(2048k). Using the size in the binary image header.[0m
[0;32mI (316) main_task: Started on CPU0[0m
[0;32mI (326) main_task: Calling app_main()[0m
Sending message: Hiiiii!
[0;32mI (326) gpio: GPIO[4]| InputEn: 0| OutputEn: 0| OpenDrain: 0| Pullup: 1| Pulldown: 0| Intr:0 [0m
[0;32mI (326) gpio: GPIO[5]| InputEn: 0| OutputEn: 0| OpenDrain: 0| Pullup: 1| Pulldown: 0| Intr:0 [0m
[0;32mI (336) main_task: Returned from app_main()[0m
[0;32mI (4406) AODV: data 1 = 4[0m
[0;32mI (4406) AODV: Handling RREQ from 4 to 1[0m
[0;32mI (4406) AODV: Route added: 4 -> 4 (seq: 1, hops: 1)[0m
[0;32mI (4406) AODV: Routing Table:[0m
[0;32mI (4406) AODV: ---------------------------------------------------[0m
[0;32mI (4416) AODV: Dest Addr | Next Hop | Dest Seq | Hop Count[0m
[0;32mI (4416) AODV: ---------------------------------------------------[0m
[0;32mI (4426) AODV:         4 |        4 |         1 |         1[0m
[0;32mI (4436) AODV: ---------------------------------------------------[0m
[0;32mI (4436) AODV: Sending RREP to 4[0m
[0;32mI (4446) AODV: next hop = 4; gateway addl = 1[0m
[0;32mI (4446) AODV: rrep.src_add = 1; rrep.dest_add = 4[0m
[0;32mI (4456) AODV: rrep.dest_seq_num = 0; rrep.hop_count = 0[0m
[0;32mI (9086) AODV: data 1 = 4[0m
[0;32mI (9086) AODV: Handling RREQ from 4 to 1[0m
[0;32mI (9086) AODV: Routing Table:[0m
[0;32mI (9086) AODV: ---------------------------------------------------[0m
[0;32mI (9086) AODV: Dest Addr | Next Hop | Dest Seq | Hop Count[0m
[0;32mI (9096) AODV: ---------------------------------------------------[0m
[0;32mI (9106) AODV:         4 |        4 |         1 |         1[0m
[0;32mI (9106) AODV: ---------------------------------------------------[0m
[0;32mI (9116) AODV: Sending RREP to 4[0m
[0;32mI (9116) AODV: next hop = 4; gateway addl = 1[0m
[0;32mI (9126) AODV: rrep.src_add = 1; rrep.dest_add = 4[0m
[0;32mI (9126) AODV: rrep.dest_seq_num = 0; rrep.hop_count = 0[0m
[0;32mI (164676) AODV: Error length is not equal to 7.[0m
[0;32mI (169676) AODV: Error length is not equal to 7.[0m
[0;32mI (174676) AODV: Error length is not equal to 7.[0m
[0;32mI (179676) AODV: Error length is not equal to 7.[0m
[0;32mI (184676) AODV: Error length is not equal to 7.[0m
[0;32mI (189676) AODV: Error length is not equal to 7.[0m
[0;32mI (194676) AODV: Error length is not equal to 7.[0m
[0;32mI (199676) AODV: Error length is not equal to 7.[0m
[0;32mI (204676) AODV: Error length is not equal to 7.[0m
[0;32mI (209676) AODV: Error length is not equal to 7.[0m
[0;32mI (214676) AODV: Error length is not equal to 7.[0m
[0;32mI (219676) AODV: Error length is not equal to 7.[0m
[0;32mI (224676) AODV: Error length is not equal to 7.[0m
[0;32mI (229676) AODV: Error length is not equal to 7.[0m
[0;32mI (234676) AODV: Error length is not equal to 7.[0m
[0;32mI (239676) AODV: Error length is not equal to 7.[0m
[0;32mI (244676) AODV: Error length is not equal to 7.[0m
[0;32mI (249676) AODV: Error length is not equal to 7.[0m
[0;32mI (254676) AODV: Error length is not equal to 7.[0m
[0;32mI (259676) AODV: Error length is not equal to 7.[0m
[0;32mI (264676) AODV: Error length is not equal to 7.[0m
[0;32mI (269676) AODV: Error length is not equal to 7.[0m
[0;32mI (274686) AODV: Error length is not equal to 7.[0m
[0;32mI (279686) AODV: Error length is not equal to 7.[0m
[0;32mI (284676) AODV: Error length is not equal to 7.[0m
[0;32mI (289686) AODV: Error length is not equal to 7.[0m
[0;32mI (294686) AODV: Error length is not equal to 7.[0m
[0;32mI (299686) AODV: Error length is not equal to 7.[0m
[0;32mI (304676) AODV: Error length is not equal to 7.[0m
[0;32mI (309676) AODV: Error length is not equal to 7.[0m
[0;32mI (314676) AODV: Error length is not equal to 7.[0m
[0;32mI (319686) AODV: Error length is not equal to 7.[0m
[0;32mI (324676) AODV: Error length is not equal to 7.[0m
[0;32mI (329686) AODV: Error length is not equal to 7.[0m
[0;32mI (334686) AODV: Error length is not equal to 7.[0m
[0;32mI (339686) AODV: Error length is not equal to 7.[0m
[0;32mI (344686) AODV: Error length is not equal to 7.[0m
[0;32mI (349686) AODV: Error length is not equal to 7.[0m
[0;32mI (354686) AODV: Error length is not equal to 7.[0m
[0;32mI (359686) AODV: Error length is not equal to 7.[0m
[0;32mI (364686) AODV: Error length is not equal to 7.[0m
[0;32mI (369686) AODV: Error length is not equal to 7.[0m
[0;32mI (374686) AODV: Error length is not equal to 7.[0m
[0;32mI (379686) AODV: Error length is not equal to 7.[0m
[0;32mI (384686) AODV: Error length is not equal to 7.[0m
[0;32mI (389686) AODV: Error length is not equal to 7.[0m
[0;32mI (394686) AODV: Error length is not equal to 7.[0m
[0;32mI (399686) AODV: Error length is not equal to 7.[0m
[0;32mI (404686) AODV: Error length is not equal to 7.[0m
[0;32mI (409686) AODV: Error length is not equal to 7.[0m
[0;32mI (414686) AODV: Error length is not equal to 7.[0m
[0;32mI (419686) AODV: Error length is not equal to 7.[0m
[0;32mI (424686) AODV: Error length is not equal to 7.[0m
[0;32mI (429686) AODV: Error length is not equal to 7.[0m
[0;32mI (434686) AODV: Error length is not equal to 7.[0m
[0;32mI (439686) AODV: Error length is not equal to 7.[0m
[0;32mI (444686) AODV: Error length is not equal to 7.[0m
[0;32mI (449686) AODV: Error length is not equal to 7.[0m
[0;32mI (454686) AODV: Error length is not equal to 7.[0m
[0;32mI (459686) AODV: Error length is not equal to 7.[0m
[0;32mI (464686) AODV: Error length is not equal to 7.[0m
[0;32mI (469686) AODV: Error length is not equal to 7.[0m
[0;32mI (474686) AODV: Error length is not equal to 7.[0m
[0;32mI (479686) AODV: Error length is not equal to 7.[0m
[0;32mI (484686) AODV: Error length is not equal to 7.[0m
[0;32mI (489686) AODV: Error length is not equal to 7.[0m
[0;32mI (494686) AODV: Error length is not equal to 7.[0m
[0;32mI (499686) AODV: Error length is not equal to 7.[0m
[0;32mI (519556) AODV: Error length is not equal to 7.[0m
[0;32mI (524566) AODV: Error length is not equal to 7.[0m
[0;32mI (529566) AODV: Error length is not equal to 7.[0m
[0;32mI (533366) AODV: Error length is not equal to 7.[0m
[0;32mI (537806) AODV: Error length is not equal to 7.[0m
[0;32mI (542806) AODV: Error length is not equal to 7.[0m
[0;32mI (547806) AODV: Error length is not equal to 7.[0m
[0;32mI (552796) AODV: Error length is not equal to 7.[0m
[0;32mI (557806) AODV: Error length is not equal to 7.[0m
[0;32mI (562806) AODV: Error length is not equal to 7.[0m
[0;32mI (567806) AODV: Error length is not equal to 7.[0m
[0;32mI (572806) AODV: Error length is not equal to 7.[0m
[0;32mI (577806) AODV: Error length is not equal to 7.[0m
[0;32mI (582806) AODV: Error length is not equal to 7.[0m
[0;32mI (587806) AODV: Error length is not equal to 7.[0m
[0;32mI (592806) AODV: Error length is not equal to 7.[0m
[0;32mI (597806) AODV: Error length is not equal to 7.[0m
[0;32mI (602806) AODV: Error length is not equal to 7.[0m
[0;32mI (607806) AODV: Error length is not equal to 7.[0m
[0;32mI (612806) AODV: Error length is not equal to 7.[0m
[0;32mI (617806) AODV: Error length is not equal to 7.[0m
[0;32mI (618366) AODV: Error length is not equal to 7.[0m
[0;32mI (622806) AODV: Error length is not equal to 7.[0m
[0;32mI (623366) AODV: Error length is not equal to 7.[0m
[0;32mI (627806) AODV: Error length is not equal to 7.[0m
[0;32mI (628366) AODV: Error length is not equal to 7.[0m
[0;32mI (632806) AODV: Error length is not equal to 7.[0m
[0;32mI (633366) AODV: Error length is not equal to 7.[0m
[0;32mI (637806) AODV: Error length is not equal to 7.[0m
[0;32mI (638366) AODV: Error length is not equal to 7.[0m
[0;32mI (642966) AODV: Error length is not equal to 7.[0m
[0;32mI (647806) AODV: Error length is not equal to 7.[0m
[0;32mI (652806) AODV: Error length is not equal to 7.[0m
[0;32mI (657806) AODV: Error length is not equal to 7.[0m
ets Jul 29 2019 12:21:46

rst:0x1 (POWERON_RESET),boot:0x13 (SPI_FAST_FLASH_BOOT)
configsip: 0, SPIWP:0xee
clk_drv:0x00,q_drv:0x00,d_drv:0x00,cs0_drv:0x00,hd_drv:0x00,wp_drv:0x00
mode:DIO, clock div:2
load:0x3fff0030,len:7172
load:0x40078000,len:15540
load:0x40080400,len:4
ho 8 tail 4 room 4
load:0x40080404,len:3904
entry 0x40080640
[0;32mI (31) boot: ESP-IDF v5.2.1-dirty 2nd stage bootloader[0m
[0;32mI (31) boot: compile time Jun 15 2024 04:25:36[0m
[0;32mI (31) boot: Multicore bootloader[0m
[0;32mI (36) boot: chip revision: v3.0[0m
[0;32mI (40) boot.esp32: SPI Speed      : 40MHz[0m
[0;32mI (44) boot.esp32: SPI Mode       : DIO[0m
[0;32mI (49) boot.esp32: SPI Flash Size : 2MB[0m
[0;32mI (53) boot: Enabling RNG early entropy source...[0m
[0;32mI (59) boot: Partition Table:[0m
[0;32mI (62) boot: ## Label            Usage          Type ST Offset   Length[0m
[0;32mI (70) boot:  0 nvs              WiFi data        01 02 00009000 00006000[0m
[0;32mI (77) boot:  1 phy_init         RF data          01 01 0000f000 00001000[0m
[0;32mI (85) boot:  2 factory          factory app      00 00 00010000 00100000[0m
[0;32mI (92) boot: End of partition table[0m
[0;32mI (96) esp_image: segment 0: paddr=00010020 vaddr=3f400020 size=0b2b4h ( 45748) map[0m
[0;32mI (120) esp_image: segment 1: paddr=0001b2dc vaddr=3ffb0000 size=02254h (  8788) load[0m
[0;32mI (124) esp_image: segment 2: paddr=0001d538 vaddr=40080000 size=02ae0h ( 10976) load[0m
[0;32mI (131) esp_image: segment 3: paddr=00020020 vaddr=400d0020 size=16f98h ( 94104) map[0m
[0;32mI (167) esp_image: segment 4: paddr=00036fc0 vaddr=40082ae0 size=0ac80h ( 44160) load[0m
[0;32mI (191) boot: Loaded app from partition at offset 0x10000[0m
[0;32mI (191) boot: Disabling RNG early entropy source...[0m
[0;32mI (203) cpu_start: Multicore app[0m
[0;32mI (211) cpu_start: Pro cpu start user code[0m
[0;32mI (212) cpu_start: cpu freq: 160000000 Hz[0m
[0;32mI (212) cpu_start: Application information:[0m
[0;32mI (215) cpu_start: Project name:     main[0m
[0;32mI (219) cpu_start: App version:      1[0m
[0;32mI (224) cpu_start: Compile time:     Jun 15 2024 04:24:58[0m
[0;32mI (230) cpu_start: ELF file SHA256:  d1dc6b64f...[0m
[0;32mI (235) cpu_start: ESP-IDF:          v5.2.1-dirty[0m
[0;32mI (241) cpu_start: Min chip rev:     v0.0[0m
[0;32mI (245) cpu_start: Max chip rev:     v3.99 [0m
[0;32mI (250) cpu_start: Chip rev:         v3.0[0m
[0;32mI (255) heap_init: Initializing. RAM available for dynamic allocation:[0m
[0;32mI (262) heap_init: At 3FFAE6E0 len 00001920 (6 KiB): DRAM[0m
[0;32mI (268) heap_init: At 3FFB2B70 len 0002D490 (181 KiB): DRAM[0m
[0;32mI (274) heap_init: At 3FFE0440 len 00003AE0 (14 KiB): D/IRAM[0m
[0;32mI (281) heap_init: At 3FFE4350 len 0001BCB0 (111 KiB): D/IRAM[0m
[0;32mI (287) heap_init: At 4008D760 len 000128A0 (74 KiB): IRAM[0m
[0;32mI (295) spi_flash: detected chip: generic[0m
[0;32mI (298) spi_flash: flash io: dio[0m
[0;33mW (302) spi_flash: Detected size(4096k) larger than the size in the binary image header(2048k). Using the size in the binary image header.[0m
[0;32mI (316) main_task: Started on CPU0[0m
[0;32mI (326) main_task: Calling app_main()[0m
Sending message: Hiiiii!
[0;32mI (326) gpio: GPIO[4]| InputEn: 0| OutputEn: 0| OpenDrain: 0| Pullup: 1| Pulldown: 0| Intr:0 [0m
[0;32mI (326) gpio: GPIO[5]| InputEn: 0| OutputEn: 0| OpenDrain: 0| Pullup: 1| Pulldown: 0| Intr:0 [0m
[0;32mI (336) main_task: Returned from app_main()[0m
[0;32mI (2936) AODV: Error length is not equal to 7.[0m
[0;32mI (7936) AODV: Error length is not equal to 7.[0m
[0;32mI (17936) AODV: Error length is not equal to 7.[0m
[0;32mI (22936) AODV: Error length is not equal to 7.[0m
[0;32mI (27936) AODV: Error length is not equal to 7.[0m
[0;32mI (32936) AODV: Error length is not equal to 7.[0m
