ï¿½ï¿½m[0m
[0;32mI (36) boot: chip reviï¿½ets Jul 29 2019 12:21:46

rst:0x1 (POWERON_RESET),boot:0x13 (SPI_FAST_FLASH_BOOT)
configsip: 0, SPIWP:0xee
clk_drv:0x00,q_drv:0x00,d_drv:0x00,cs0_drv:0x00,hd_drv:0x00,wp_drv:0x00
mode:DIO, clock div:2
load:0x3fff0030,len:7172
load:0x40078000,len:15540
load:0x40080400,len:4
ho 8 tail 4 room 4
load:0x40080404,len:3904
entry 0x40080640
[0;32mI (31) boot: ESP-IDF v5.2.1-dirty 2nd stage bootloader[0m
[0;32mI (31) boot: compile time Jun 15 2024 04:25:36[0m
[0;32mI (31) boot: Multicore bootloader[0m
[0;32mI (36) boot: chip revision: v3.0[0m
[0;32mI (40) boot.esp32: SPI Speed      : 40MHz[0m
[0;32mI (44) boot.esp32: SPI Mode       : DIO[0m
[0;32mI (49) boot.esp32: SPI Flash Size : 2MB[0m
[0;32mI (53) boot: Enabling RNG early entropy source...[0m
[0;32mI (59) boot: Partition Table:[0m
[0;32mI (62) boot: ## Label            Usage          Type ST Offset   Length[0m
[0;32mI (70) boot:  0 nvs              WiFi data        01 02 00009000 00006000[0m
[0;32mI (77) boot:  1 phy_init         RF data          01 01 0000f000 00001000[0m
[0;32mI (85) boot:  2 factory          factory app      00 00 00010000 00100000[0m
[0;32mI (92) boot: End of partition table[0m
[0;32mI (96) esp_image: segment 0: paddr=00010020 vaddr=3f400020 size=0b264h ( 45668) map[0m
[0;32mI (120) esp_image: segment 1: paddr=0001b28c vaddr=3ffb0000 size=02254h (  8788) load[0m
[0;32mI (124) esp_image: segment 2: paddr=0001d4e8 vaddr=40080000 size=02b30h ( 11056) load[0m
[0;32mI (131) esp_image: segment 3: paddr=00020020 vaddr=400d0020 size=16f78h ( 94072) map[0m
[0;32mI (167) esp_image: segment 4: paddr=00036fa0 vaddr=40082b30 size=0ac30h ( 44080) load[0m
[0;32mI (191) boot: Loaded app from partition at offset 0x10000[0m
[0;32mI (191) boot: Disabling RNG early entropy source...[0m
[0;32mI (203) cpu_start: Multicore app[0m
[0;32mI (211) cpu_start: Pro cpu start user code[0m
[0;32mI (212) cpu_start: cpu freq: 160000000 Hz[0m
[0;32mI (212) cpu_start: Application information:[0m
[0;32mI (215) cpu_start: Project name:     main[0m
[0;32mI (219) cpu_start: App version:      1[0m
[0;32mI (224) cpu_start: Compile time:     Jun 15 2024 04:24:58[0m
[0;32mI (230) cpu_start: ELF file SHA256:  c61901432...[0m
[0;32mI (235) cpu_start: ESP-IDF:          v5.2.1-dirty[0m
[0;32mI (240) cpu_start: Min chip rev:     v0.0[0m
[0;32mI (245) cpu_start: Max chip rev:     v3.99 [0m
[0;32mI (250) cpu_start: Chip rev:         v3.0[0m
[0;32mI (255) heap_init: Initializing. RAM available for dynamic allocation:[0m
[0;32mI (262) heap_init: At 3FFAE6E0 len 00001920 (6 KiB): DRAM[0m
[0;32mI (268) heap_init: At 3FFB2B70 len 0002D490 (181 KiB): DRAM[0m
[0;32mI (274) heap_init: At 3FFE0440 len 00003AE0 (14 KiB): D/IRAM[0m
[0;32mI (281) heap_init: At 3FFE4350 len 0001BCB0 (111 KiB): D/IRAM[0m
[0;32mI (287) heap_init: At 4008D760 len 000128A0 (74 KiB): IRAM[0m
[0;32mI (295) spi_flash: detected chip: generic[0m
[0;32mI (298) spi_flash: flash io: dio[0m
[0;33mW (302) spi_flash: Detected size(4096k) larger than the size in the binary image header(2048k). Using the size in the binary image header.[0m
[0;32mI (316) main_task: Started on CPU0[0m
[0;32mI (326) main_task: Calling app_main()[0m
Sending message: Hiiiii!
[0;32mI (326) gpio: GPIO[4]| InputEn: 0| OutputEn: 0| OpenDrain: 0| Pullup: 1| Pulldown: 0| Intr:0 [0m
[0;32mI (326) gpio: GPIO[5]| InputEn: 0| OutputEn: 0| OpenDrain: 0| Pullup: 1| Pulldown: 0| Intr:0 [0m
[0;32mI (336) main_task: Returned from app_main()[0m
[0;32mI (27106) AODV: data 1 = 4[0m
[0;32mI (27106) AODV: Handling RREQ from 4 to 1[0m
[0;32mI (27106) AODV: Route added: 4 -> 4 (seq: 1, hops: 1)[0m
[0;32mI (27106) AODV: Routing Table:[0m
[0;32mI (27106) AODV: ---------------------------------------------------[0m
[0;32mI (27116) AODV: Dest Addr | Next Hop | Dest Seq | Hop Count[0m
[0;32mI (27116) AODV: ---------------------------------------------------[0m
[0;32mI (27126) AODV:         4 |        4 |         1 |         1[0m
[0;32mI (27136) AODV: ---------------------------------------------------[0m
[0;32mI (27136) AODV: Sending RREP to 4[0m
[0;32mI (27146) AODV: next hop = 4[0m
[0;32mI (27146) AODV: rrep.src_add = 1; rrep.dest_add = 4[0m
[0;32mI (27156) AODV: rrep.dest_seq_num = 9; rrep.hop_count = 0[0m
[0;32mI (40256) AODV: data 1 = 3[0m
[0;32mI (40256) AODV: Handling RREQ from 3 to 1[0m
[0;32mI (40256) AODV: Route added: 3 -> 4 (seq: 0, hops: 2)[0m
[0;32mI (40256) AODV: Routing Table:[0m
[0;32mI (40256) AODV: ---------------------------------------------------[0m
[0;32mI (40266) AODV: Dest Addr | Next Hop | Dest Seq | Hop Count[0m
[0;32mI (40266) AODV: ---------------------------------------------------[0m
[0;32mI (40276) AODV:         4 |        4 |         1 |         1[0m
[0;32mI (40286) AODV:         3 |        4 |         0 |         2[0m
[0;32mI (40286) AODV: ---------------------------------------------------[0m
[0;32mI (40296) AODV: Sending RREP to 3[0m
[0;32mI (40306) AODV: next hop = 4[0m
[0;32mI (40306) AODV: rrep.src_add = 1; rrep.dest_add = 3[0m
[0;32mI (40306) AODV: rrep.dest_seq_num = 9; rrep.hop_count = 0[0m
[0;32mI (45536) AODV: data 1 = 3[0m
[0;32mI (45536) AODV: Handling RREQ from 3 to 1[0m
[0;32mI (45536) AODV: Routing Table:[0m
[0;32mI (45536) AODV: ---------------------------------------------------[0m
[0;32mI (45536) AODV: Dest Addr | Next Hop | Dest Seq | Hop Count[0m
[0;32mI (45546) AODV: ---------------------------------------------------[0m
[0;32mI (45556) AODV:         4 |        4 |         1 |         1[0m
[0;32mI (45556) AODV:         3 |        4 |         0 |         2[0m
[0;32mI (45566) AODV: ---------------------------------------------------[0m
[0;32mI (45576) AODV: Sending RREP to 3[0m
[0;32mI (45576) AODV: next hop = 4[0m
[0;32mI (45576) AODV: rrep.src_add = 1; rrep.dest_add = 3[0m
[0;32mI (45586) AODV: rrep.dest_seq_num = 9; rrep.hop_count = 0[0m
[0;32mI (49246) AODV: data 1 = 3[0m
[0;32mI (49246) AODV: Handling RREQ from 3 to 1[0m
[0;32mI (49246) AODV: Routing Table:[0m
[0;32mI (49246) AODV: ---------------------------------------------------[0m
[0;32mI (49246) AODV: Dest Addr | Next Hop | Dest Seq | Hop Count[0m
[0;32mI (49256) AODV: ---------------------------------------------------[0m
[0;32mI (49266) AODV:         4 |        4 |         1 |         1[0m
[0;32mI (49266) AODV:         3 |        4 |         0 |         2[0m
[0;32mI (49276) AODV: ---------------------------------------------------[0m
[0;32mI (49286) AODV: Sending RREP to 3[0m
[0;32mI (49286) AODV: next hop = 4[0m
[0;32mI (49286) AODV: rrep.src_add = 1; rrep.dest_add = 3[0m
[0;32mI (49296) AODV: rrep.dest_seq_num = 9; rrep.hop_count = 0[0m
[0;32mI (55516) AODV: data 1 = 3[0m
[0;32mI (55516) AODV: Handling RREQ from 3 to 1[0m
[0;32mI (55516) AODV: Routing Table:[0m
[0;32mI (55516) AODV: ---------------------------------------------------[0m
[0;32mI (55516) AODV: Dest Addr | Next Hop | Dest Seq | Hop Count[0m
[0;32mI (55526) AODV: ---------------------------------------------------[0m
[0;32mI (55536) AODV:         4 |        4 |         1 |         1[0m
[0;32mI (55536) AODV:         3 |        4 |         0 |         2[0m
[0;32mI (55546) AODV: ---------------------------------------------------[0m
[0;32mI (55556) AODV: Sending RREP to 3[0m
[0;32mI (55556) AODV: next hop = 4[0m
[0;32mI (55556) AODV: rrep.src_add = 1; rrep.dest_add = 3[0m
[0;32mI (55566) AODV: rrep.dest_seq_num = 9; rrep.hop_count = 0[0m
[0;32mI (77896) AODV: data 1 = 3[0m
[0;32mI (77896) AODV: Handling RREQ from 3 to 1[0m
[0;32mI (77896) AODV: Routing Table:[0m
[0;32mI (77896) AODV: ---------------------------------------------------[0m
[0;32mI (77896) AODV: Dest Addr | Next Hop | Dest Seq | Hop Count[0m
[0;32mI (77906) AODV: ---------------------------------------------------[0m
[0;32mI (77916) AODV:         4 |        4 |         1 |         1[0m
[0;32mI (77916) AODV:         3 |        4 |         0 |         2[0m
[0;32mI (77926) AODV: ---------------------------------------------------[0m
[0;32mI (77936) AODV: Sending RREP to 3[0m
[0;32mI (77936) AODV: next hop = 4[0m
[0;32mI (77936) AODV: rrep.src_add = 1; rrep.dest_add = 3[0m
[0;32mI (77946) AODV: rrep.dest_seq_num = 9; rrep.hop_count = 0[0m
[0;32mI (79976) AODV: data 1 = 3[0m
[0;32mI (79976) AODV: Handling RREQ from 3 to 1[0m
[0;32mI (79976) AODV: Routing Table:[0m
[0;32mI (79976) AODV: ---------------------------------------------------[0m
[0;32mI (79976) AODV: Dest Addr | Next Hop | Dest Seq | Hop Count[0m
[0;32mI (79986) AODV: ---------------------------------------------------[0m
[0;32mI (79996) AODV:         4 |        4 |         1 |         1[0m
[0;32mI (79996) AODV:         3 |        4 |         0 |         2[0m
[0;32mI (80006) AODV: ---------------------------------------------------[0m
[0;32mI (80016) AODV: Sending RREP to 3[0m
[0;32mI (80016) AODV: next hop = 4[0m
[0;32mI (80016) AODV: rrep.src_add = 1; rrep.dest_add = 3[0m
[0;32mI (80026) AODV: rrep.dest_seq_num = 9; rrep.hop_count = 0[0m
ets Jul 29 2019 12:21:46

rst:0x1 (POWERON_RESET),boot:0x13 (SPI_FAST_FLASH_BOOT)
configsip: 0, SPIWP:0xee
clk_drv:0x00,q_drv:0x00,d_drv:0x00,cs0_drv:0x00,hd_drv:0x00,wp_drv:0x00
mode:DIO, clock div:2
load:0x3fff0030,len:7172
load:0x40078000,len:15540
load:0x40080400,len:4
ho 8 tail 4 room 4
load:0x40080404,len:3904
entry 0x40080640
[0;32mI (31) boot: ESP-IDF v5.2.1-dirty 2nd stage bootloader[0m
[0;32mI (31) boot: compile time Jun 28 2024 03:55:22[0m
[0;32mI (31) boot: Multicore bootloader[0m
[0;32mI (36) boot: chip revision: v3.1[0m
[0;32mI (40) boot.esp32: SPI Speed      : 40MHz[0m
[0;32mI (44) boot.esp32: SPI Mode       : DIO[0m
[0;32mI (49) boot.esp32: SPI Flash Size : 2MB[0m
[0;32mI (53) boot: Enabling RNG early entropy source...[0m
[0;32mI (59) boot: Partition Table:[0m
[0;32mI (62) boot: ## Label            Usage          Type ST Offset   Length[0m
[0;32mI (70) boot:  0 nvs              WiFi data        01 02 00009000 00006000[0m
[0;32mI (77) boot:  1 phy_init         RF data          01 01 0000f000 00001000[0m
[0;32mI (85) boot:  2 factory          factory app      00 00 00010000 00100000[0m
[0;32mI (92) boot: End of partition table[0m
[0;32mI (96) esp_image: segment 0: paddr=00010020 vaddr=3f400020 size=0bc90h ( 48272) map[0m
[0;32mI (121) esp_image: segment 1: paddr=0001bcb8 vaddr=3ffb0000 size=02254h (  8788) load[0m
[0;32mI (125) esp_image: segment 2: paddr=0001df14 vaddr=40080000 size=02104h (  8452) load[0m
[0;32mI (130) esp_image: segment 3: paddr=00020020 vaddr=400d0020 size=1b448h (111688) map[0m
[0;32mI (174) esp_image: segment 4: paddr=0003b470 vaddr=40082104 size=0b7fch ( 47100) load[0m
[0;32mI (199) boot: Loaded app from partition at offset 0x10000[0m
[0;32mI (199) boot: Disabling RNG early entropy source...[0m
[0;32mI (211) cpu_start: Multicore app[0m
[0;32mI (220) cpu_start: Pro cpu start user code[0m
[0;32mI (220) cpu_start: cpu freq: 160000000 Hz[0m
[0;32mI (220) cpu_start: Application information:[0m
[0;32mI (223) cpu_start: Project name:     NODE[0m
[0;32mI (227) cpu_start: App version:      1[0m
[0;32mI (232) cpu_start: Compile time:     Jun 28 2024 03:55:09[0m
[0;32mI (238) cpu_start: ELF file SHA256:  ec27455c6...[0m
[0;32mI (243) cpu_start: ESP-IDF:          v5.2.1-dirty[0m
[0;32mI (249) cpu_start: Min chip rev:     v0.0[0m
[0;32mI (253) cpu_start: Max chip rev:     v3.99 [0m
[0;32mI (258) cpu_start: Chip rev:         v3.1[0m
[0;32mI (263) heap_init: Initializing. RAM available for dynamic allocation:[0m
[0;32mI (270) heap_init: At 3FFAE6E0 len 00001920 (6 KiB): DRAM[0m
[0;32mI (276) heap_init: At 3FFB2D68 len 0002D298 (180 KiB): DRAM[0m
[0;32mI (282) heap_init: At 3FFE0440 len 00003AE0 (14 KiB): D/IRAM[0m
[0;32mI (289) heap_init: At 3FFE4350 len 0001BCB0 (111 KiB): D/IRAM[0m
[0;32mI (295) heap_init: At 4008D900 len 00012700 (73 KiB): IRAM[0m
[0;32mI (303) spi_flash: detected chip: generic[0m
[0;32mI (306) spi_flash: flash io: dio[0m
[0;33mW (310) spi_flash: Detected size(4096k) larger than the size in the binary image header(2048k). Using the size in the binary image header.[0m
[0;33mW (323) ADC: legacy driver is deprecated, please migrate to `esp_adc/adc_oneshot.h`[0m
[0;32mI (332) main_task: Started on CPU0[0m
[0;32mI (342) main_task: Calling app_main()[0m
[0;32mI (342) gpio: GPIO[18]| InputEn: 1| OutputEn: 0| OpenDrain: 0| Pullup: 1| Pulldown: 0| Intr:0 [0m
[0;32mI (342) gpio: GPIO[19]| InputEn: 0| OutputEn: 1| OpenDrain: 0| Pullup: 1| Pulldown: 0| Intr:0 [0m
Sending message: Hiiiii!
[0;32mI (372) gpio: GPIO[4]| InputEn: 0| OutputEn: 0| OpenDrain: 0| Pullup: 1| Pulldown: 0| Intr:0 [0m
[0;32mI (372) gpio: GPIO[5]| InputEn: 0| OutputEn: 0| OpenDrain: 0| Pullup: 1| Pulldown: 0| Intr:0 [0m
[0;32mI (382) AODV: Routing Table:[0m
[0;32mI (382) AODV: ---------------------------------------------------[0m
[0;32mI (392) AODV: Dest Addr | Next Hop | Dest Seq | Hop Count[0m
[0;32mI (392) AODV: ---------------------------------------------------[0m
[0;32mI (402) AODV: ---------------------------------------------------[0m
[0;32mI (412) AODV: Route table is empty![0m
[0;32mI (412) AODV: Sending RREQ for 1[0m
[0;32mI (412) AODV: rreq.src_add = 4; rreq.src_seq_num = 1[0m
[0;32mI (422) AODV: rreq.broadcast_id = 1; rreq.dest_add = 1[0m
[0;32mI (432) AODV: rreq.dest_seq_num = 1; rreq.hop_count = 0[0m
[0;32mI (432) main_task: Returned from app_main()[0m
