ï¿½ï¿½ï¿½ï¿½ï¿½m[0m
[0;32mI (36)ï¿½ets Jul 29 2019 12:21:46

rst:0x1 (POWERON_RESET),boot:0x13 (SPI_FAST_FLASH_BOOT)
configsip: 0, SPIWP:0xee
clk_drv:0x00,q_drv:0x00,d_drv:0x00,cs0_drv:0x00,hd_drv:0x00,wp_drv:0x00
mode:DIO, clock div:2
load:0x3fff0030,len:7172
load:0x40078000,len:15540
load:0x40080400,len:4
ho 8 tail 4 room 4
load:0x40080404,len:3904
entry 0x40080640
[0;32mI (31) boot: ESP-IDF v5.2.1-dirty 2nd stage bootloader[0m
[0;32mI (31) boot: compile time Jun 15 2024 04:25:36[0m
[0;32mI (31) boot: Multicore bootloader[0m
[0;32mI (36) boot: chip revision: v3.0[0m
[0;32mI (40) boot.esp32: SPI Speed      : 40MHz[0m
[0;32mI (44) boot.esp32: SPI Mode       : DIO[0m
[0;32mI (49) boot.esp32: SPI Flash Size : 2MB[0m
[0;32mI (53) boot: Enabling RNG early entropy source...[0m
[0;32mI (59) boot: Partition Table:[0m
[0;32mI (62) boot: ## Label            Usage          Type ST Offset   Length[0m
[0;32mI (70) boot:  0 nvs              WiFi data        01 02 00009000 00006000[0m
[0;32mI (77) boot:  1 phy_init         RF data          01 01 0000f000 00001000[0m
[0;32mI (85) boot:  2 factory          factory app      00 00 00010000 00100000[0m
[0;32mI (92) boot: End of partition table[0m
[0;32mI (96) esp_image: segment 0: paddr=00010020 vaddr=3f400020 size=0b2b4h ( 45748) map[0m
[0;32mI (120) esp_image: segment 1: paddr=0001b2dc vaddr=3ffb0000 size=02254h (  8788) load[0m
[0;32mI (124) esp_image: segment 2: paddr=0001d538 vaddr=40080000 size=02ae0h ( 10976) load[0m
[0;32mI (131) esp_image: segment 3: paddr=00020020 vaddr=400d0020 size=16f98h ( 94104) map[0m
[0;32mI (167) esp_image: segment 4: paddr=00036fc0 vaddr=40082ae0 size=0ac80h ( 44160) load[0m
[0;32mI (191) boot: Loaded app from partition at offset 0x10000[0m
[0;32mI (191) boot: Disabling RNG early entropy source...[0m
[0;32mI (203) cpu_start: Multicore app[0m
[0;32mI (211) cpu_start: Pro cpu start user code[0m
[0;32mI (212) cpu_start: cpu freq: 160000000 Hz[0m
[0;32mI (212) cpu_start: Application information:[0m
[0;32mI (215) cpu_start: Project name:     main[0m
[0;32mI (219) cpu_start: App version:      1[0m
[0;32mI (224) cpu_start: Compile time:     Jun 15 2024 04:24:58[0m
[0;32mI (230) cpu_start: ELF file SHA256:  d1dc6b64f...[0m
[0;32mI (235) cpu_start: ESP-IDF:          v5.2.1-dirty[0m
[0;32mI (241) cpu_start: Min chip rev:     v0.0[0m
[0;32mI (245) cpu_start: Max chip rev:     v3.99 [0m
[0;32mI (250) cpu_start: Chip rev:         v3.0[0m
[0;32mI (255) heap_init: Initializing. RAM available for dynamic allocation:[0m
[0;32mI (262) heap_init: At 3FFAE6E0 len 00001920 (6 KiB): DRAM[0m
[0;32mI (268) heap_init: At 3FFB2B70 len 0002D490 (181 KiB): DRAM[0m
[0;32mI (274) heap_init: At 3FFE0440 len 00003AE0 (14 KiB): D/IRAM[0m
[0;32mI (281) heap_init: At 3FFE4350 len 0001BCB0 (111 KiB): D/IRAM[0m
[0;32mI (287) heap_init: At 4008D760 len 000128A0 (74 KiB): IRAM[0m
[0;32mI (295) spi_flash: detected chip: generic[0m
[0;32mI (298) spi_flash: flash io: dio[0m
[0;33mW (302) spi_flash: Detected size(4096k) larger than the size in the binary image header(2048k). Using the size in the binary image header.[0m
[0;32mI (316) main_task: Started on CPU0[0m
[0;32mI (326) main_task: Calling app_main()[0m
Sending message: Hiiiii!
[0;32mI (326) gpio: GPIO[4]| InputEn: 0| OutputEn: 0| OpenDrain: 0| Pullup: 1| Pulldown: 0| Intr:0 [0m
[0;32mI (326) gpio: GPIO[5]| InputEn: 0| OutputEn: 0| OpenDrain: 0| Pullup: 1| Pulldown: 0| Intr:0 [0m
[0;32mI (336) main_task: Returned from app_main()[0m
[0;32mI (6496) AODV: data 1 = 4[0m
[0;32mI (6496) AODV: Handling RREQ from 4 to 1[0m
[0;32mI (6496) AODV: Route added: 4 -> 4 (seq: 1, hops: 1)[0m
[0;32mI (6496) AODV: Routing Table:[0m
[0;32mI (6496) AODV: ---------------------------------------------------[0m
[0;32mI (6506) AODV: Dest Addr | Next Hop | Dest Seq | Hop Count[0m
[0;32mI (6506) AODV: ---------------------------------------------------[0m
[0;32mI (6516) AODV:         4 |        4 |         1 |         1[0m
[0;32mI (6526) AODV: ---------------------------------------------------[0m
[0;32mI (6526) AODV: Sending RREP to 4[0m
[0;32mI (6536) AODV: next hop = 4; gateway addl = 1[0m
[0;32mI (6536) AODV: rrep.src_add = 1; rrep.dest_add = 4[0m
[0;32mI (6546) AODV: rrep.dest_seq_num = 0; rrep.hop_count = 0[0m
[0;32mI (293656) AODV: data 1 = 4[0m
[0;32mI (293656) AODV: Handling RREQ from 4 to 1[0m
[0;32mI (293656) AODV: Routing Table:[0m
[0;32mI (293656) AODV: ---------------------------------------------------[0m
[0;32mI (293656) AODV: Dest Addr | Next Hop | Dest Seq | Hop Count[0m
[0;32mI (293666) AODV: ---------------------------------------------------[0m
[0;32mI (293676) AODV:         4 |        4 |         1 |         1[0m
[0;32mI (293676) AODV: ---------------------------------------------------[0m
[0;32mI (293686) AODV: Sending RREP to 4[0m
[0;32mI (293686) AODV: next hop = 4; gateway addl = 1[0m
[0;32mI (293696) AODV: rrep.src_add = 1; rrep.dest_add = 4[0m
[0;32mI (293696) AODV: rrep.dest_seq_num = 0; rrep.hop_count = 0[0m
[0;32mI (386536) AODV: data 1 = 4[0m
[0;32mI (386536) AODV: Handling RREQ from 4 to 1[0m
[0;32mI (386536) AODV: Routing Table:[0m
[0;32mI (386536) AODV: ---------------------------------------------------[0m
[0;32mI (386536) AODV: Dest Addr | Next Hop | Dest Seq | Hop Count[0m
[0;32mI (386546) AODV: ---------------------------------------------------[0m
[0;32mI (386556) AODV:         4 |        4 |         1 |         1[0m
[0;32mI (386556) AODV: ---------------------------------------------------[0m
[0;32mI (386566) AODV: Sending RREP to 4[0m
[0;32mI (386566) AODV: next hop = 4; gateway addl = 1[0m
[0;32mI (386576) AODV: rrep.src_add = 1; rrep.dest_add = 4[0m
[0;32mI (386576) AODV: rrep.dest_seq_num = 0; rrep.hop_count = 0[0m
[0;32mI (639656) AODV: data 1 = 4[0m
[0;32mI (639656) AODV: Handling RREQ from 4 to 1[0m
[0;32mI (639656) AODV: Routing Table:[0m
[0;32mI (639656) AODV: ---------------------------------------------------[0m
[0;32mI (639656) AODV: Dest Addr | Next Hop | Dest Seq | Hop Count[0m
[0;32mI (639666) AODV: ---------------------------------------------------[0m
[0;32mI (639676) AODV:         4 |        4 |         1 |         1[0m
[0;32mI (639676) AODV: ---------------------------------------------------[0m
[0;32mI (639686) AODV: Sending RREP to 4[0m
[0;32mI (639686) AODV: next hop = 4; gateway addl = 1[0m
[0;32mI (639696) AODV: rrep.src_add = 1; rrep.dest_add = 4[0m
[0;32mI (639696) AODV: rrep.dest_seq_num = 0; rrep.hop_count = 0[0m
[0;32mI (672476) AODV: data 1 = 4[0m
[0;32mI (672476) AODV: Handling RREQ from 4 to 1[0m
[0;32mI (672476) AODV: Routing Table:[0m
[0;32mI (672476) AODV: ---------------------------------------------------[0m
[0;32mI (672476) AODV: Dest Addr | Next Hop | Dest Seq | Hop Count[0m
[0;32mI (672486) AODV: ---------------------------------------------------[0m
[0;32mI (672496) AODV:         4 |        4 |         1 |         1[0m
[0;32mI (672496) AODV: ---------------------------------------------------[0m
[0;32mI (672506) AODV: Sending RREP to 4[0m
[0;32mI (672506) AODV: next hop = 4; gateway addl = 1[0m
[0;32mI (672516) AODV: rrep.src_add = 1; rrep.dest_add = 4[0m
[0;32mI (672516) AODV: rrep.dest_seq_num = 0; rrep.hop_count = 0[0m
[0;32mI (706216) AODV: data 1 = 4[0m
[0;32mI (706216) AODV: Handling RREQ from 4 to 1[0m
[0;32mI (706216) AODV: Routing Table:[0m
[0;32mI (706216) AODV: ---------------------------------------------------[0m
[0;32mI (706216) AODV: Dest Addr | Next Hop | Dest Seq | Hop Count[0m
[0;32mI (706226) AODV: ---------------------------------------------------[0m
[0;32mI (706236) AODV:         4 |        4 |         1 |         1[0m
[0;32mI (706236) AODV: ---------------------------------------------------[0m
[0;32mI (706246) AODV: Sending RREP to 4[0m
[0;32mI (706246) AODV: next hop = 4; gateway addl = 1[0m
[0;32mI (706256) AODV: rrep.src_add = 1; rrep.dest_add = 4[0m
[0;32mI (706256) AODV: rrep.dest_seq_num = 0; rrep.hop_count = 0[0m
ets Jul 29 2019 12:21:46

rst:0x1 (POWERON_RESET),boot:0x13 (SPI_FAST_FLASH_BOOT)
configsip: 0, SPIWP:0xee
clk_drv:0x00,q_drv:0x00,d_drv:0x00,cs0_drv:0x00,hd_drv:0x00,wp_drv:0x00
mode:DIO, clock div:2
load:0x3fff0030,len:7172
load:0x40078000,len:15540
load:0x40080400,len:4
ho 8 tail 4 room 4
load:0x40080404,len:3904
entry 0x40080640
[0;32mI (31) boot: ESP-IDF v5.2.1-dirty 2nd stage bootloader[0m
[0;32mI (31) boot: compile time Jun 15 2024 04:25:36[0m
[0;32mI (31) boot: Multicore bootloader[0m
[0;32mI (36) boot: chip revision: v3.0[0m
[0;32mI (40) boot.esp32: SPI Speed      : 40MHz[0m
[0;32mI (44) boot.esp32: SPI Mode       : DIO[0m
[0;32mI (49) boot.esp32: SPI Flash Size : 2MB[0m
[0;32mI (53) boot: Enabling RNG early entropy source...[0m
[0;32mI (59) boot: Partition Table:[0m
[0;32mI (62) boot: ## Label            Usage          Type ST Offset   Length[0m
[0;32mI (70) boot:  0 nvs              WiFi data        01 02 00009000 00006000[0m
[0;32mI (77) boot:  1 phy_init         RF data          01 01 0000f000 00001000[0m
[0;32mI (85) boot:  2 factory          factory app      00 00 00010000 00100000[0m
[0;32mI (92) boot: End of partition table[0m
[0;32mI (96) esp_image: segment 0: paddr=00010020 vaddr=3f400020 size=0b2b4h ( 45748) map[0m
[0;32mI (120) esp_image: segment 1: paddr=0001b2dc vaddr=3ffb0000 size=02254h (  8788) load[0m
[0;32mI (124) esp_image: segment 2: paddr=0001d538 vaddr=40080000 size=02ae0h ( 10976) load[0m
[0;32mI (131) esp_image: segment 3: paddr=00020020 vaddr=400d0020 size=16f98h ( 94104) map[0m
[0;32mI (167) esp_image: segment 4: paddr=00036fc0 vaddr=40082ae0 size=0ac80h ( 44160) load[0m
[0;32mI (191) boot: Loaded app from partition at offset 0x10000[0m
[0;32mI (191) boot: Disabling RNG early entropy source...[0m
[0;32mI (203) cpu_start: Multicore app[0m
[0;32mI (211) cpu_start: Pro cpu start user code[0m
[0;32mI (212) cpu_start: cpu freq: 160000000 Hz[0m
[0;32mI (212) cpu_start: Application information:[0m
[0;32mI (215) cpu_start: Project name:     main[0m
[0;32mI (219) cpu_start: App version:      1[0m
[0;32mI (224) cpu_start: Compile time:     Jun 15 2024 04:24:58[0m
[0;32mI (230) cpu_start: ELF file SHA256:  d1dc6b64f...[0m
[0;32mI (235) cpu_start: ESP-IDF:          v5.2.1-dirty[0m
[0;32mI (241) cpu_start: Min chip rev:     v0.0[0m
[0;32mI (245) cpu_start: Max chip rev:     v3.99 [0m
[0;32mI (250) cpu_start: Chip rev:         v3.0[0m
[0;32mI (255) heap_init: Initializing. RAM available for dynamic allocation:[0m
[0;32mI (262) heap_init: At 3FFAE6E0 len 00001920 (6 KiB): DRAM[0m
[0;32mI (268) heap_init: At 3FFB2B70 len 0002D490 (181 KiB): DRAM[0m
[0;32mI (274) heap_init: At 3FFE0440 len 00003AE0 (14 KiB): D/IRAM[0m
[0;32mI (281) heap_init: At 3FFE4350 len 0001BCB0 (111 KiB): D/IRAM[0m
[0;32mI (287) heap_init: At 4008D760 len 000128A0 (74 KiB): IRAM[0m
[0;32mI (295) spi_flash: detected chip: generic[0m
[0;32mI (298) spi_flash: flash io: dio[0m
[0;33mW (302) spi_flash: Detected size(4096k) larger than the size in the binary image header(2048k). Using the size in the binary image header.[0m
[0;32mI (316) main_task: Started on CPU0[0m
[0;32mI (326) main_task: Calling app_main()[0m
Sending message: Hiiiii!
[0;32mI (326) gpio: GPIO[4]| InputEn: 0| OutputEn: 0| OpenDrain: 0| Pullup: 1| Pulldown: 0| Intr:0 [0m
[0;32mI (326) gpio: GPIO[5]| InputEn: 0| OutputEn: 0| OpenDrain: 0| Pullup: 1| Pulldown: 0| Intr:0 [0m
[0;32mI (336) main_task: Returned from app_main()[0m
[0;32mI (85166) AODV: data 1 = 4[0m
[0;32mI (85166) AODV: Handling RREQ from 4 to 1[0m
[0;32mI (85166) AODV: Route added: 4 -> 4 (seq: 1, hops: 1)[0m
[0;32mI (85166) AODV: Routing Table:[0m
[0;32mI (85166) AODV: ---------------------------------------------------[0m
[0;32mI (85176) AODV: Dest Addr | Next Hop | Dest Seq | Hop Count[0m
[0;32mI (85176) AODV: ---------------------------------------------------[0m
[0;32mI (85186) AODV:         4 |        4 |         1 |         1[0m
[0;32mI (85196) AODV: ---------------------------------------------------[0m
[0;32mI (85196) AODV: Sending RREP to 4[0m
[0;32mI (85206) AODV: next hop = 4; gateway addl = 1[0m
[0;32mI (85206) AODV: rrep.src_add = 1; rrep.dest_add = 4[0m
[0;32mI (85216) AODV: rrep.dest_seq_num = 0; rrep.hop_count = 0[0m
[0;32mI (95786) AODV: data 1 = 4[0m
[0;32mI (95786) AODV: Handling RREQ from 4 to 1[0m
[0;32mI (95786) AODV: Routing Table:[0m
[0;32mI (95786) AODV: ---------------------------------------------------[0m
[0;32mI (95786) AODV: Dest Addr | Next Hop | Dest Seq | Hop Count[0m
[0;32mI (95796) AODV: ---------------------------------------------------[0m
[0;32mI (95806) AODV:         4 |        4 |         1 |         1[0m
[0;32mI (95806) AODV: ---------------------------------------------------[0m
[0;32mI (95816) AODV: Sending RREP to 4[0m
[0;32mI (95816) AODV: next hop = 4; gateway addl = 1[0m
[0;32mI (95826) AODV: rrep.src_add = 1; rrep.dest_add = 4[0m
[0;32mI (95826) AODV: rrep.dest_seq_num = 0; rrep.hop_count = 0[0m
[0;32mI (139216) AODV: data 1 = 4[0m
[0;32mI (139216) AODV: Handling RREQ from 4 to 1[0m
[0;32mI (139216) AODV: Routing Table:[0m
[0;32mI (139216) AODV: ---------------------------------------------------[0m
[0;32mI (139216) AODV: Dest Addr | Next Hop | Dest Seq | Hop Count[0m
[0;32mI (139226) AODV: ---------------------------------------------------[0m
[0;32mI (139236) AODV:         4 |        4 |         1 |         1[0m
[0;32mI (139236) AODV: ---------------------------------------------------[0m
[0;32mI (139246) AODV: Sending RREP to 4[0m
[0;32mI (139246) AODV: next hop = 4; gateway addl = 1[0m
[0;32mI (139256) AODV: rrep.src_add = 1; rrep.dest_add = 4[0m
[0;32mI (139256) AODV: rrep.dest_seq_num = 0; rrep.hop_count = 0[0m
[0;32mI (227176) AODV: data 1 = 4[0m
[0;32mI (227176) AODV: Handling RREQ from 4 to 1[0m
[0;32mI (227176) AODV: Routing Table:[0m
[0;32mI (227176) AODV: ---------------------------------------------------[0m
[0;32mI (227176) AODV: Dest Addr | Next Hop | Dest Seq | Hop Count[0m
[0;32mI (227186) AODV: ---------------------------------------------------[0m
[0;32mI (227196) AODV:         4 |        4 |         1 |         1[0m
[0;32mI (227196) AODV: ---------------------------------------------------[0m
[0;32mI (227206) AODV: Sending RREP to 4[0m
[0;32mI (227206) AODV: next hop = 4; gateway addl = 1[0m
[0;32mI (227216) AODV: rrep.src_add = 1; rrep.dest_add = 4[0m
[0;32mI (227216) AODV: rrep.dest_seq_num = 0; rrep.hop_count = 0[0m
ets Jul 29 2019 12:21:46

rst:0x1 (POWERON_RESET),boot:0x13 (SPI_FAST_FLASH_BOOT)
configsip: 0, SPIWP:0xee
clk_drv:0x00,q_drv:0x00,d_drv:0x00,cs0_drv:0x00,hd_drv:0x00,wp_drv:0x00
mode:DIO, clock div:2
load:0x3fff0030,len:7172
load:0x40078000,len:15540
load:0x40080400,len:4
ho 8 tail 4 room 4
load:0x40080404,len:3904
entry 0x40080640
[0;32mI (31) boot: ESP-IDF v5.2.1-dirty 2nd stage bootloader[0m
[0;32mI (31) boot: compile time Jun 15 2024 04:25:36[0m
[0;32mI (31) boot: Multicore bootloader[0m
[0;32mI (36) boot: chip revision: v3.0[0m
[0;32mI (40) boot.esp32: SPI Speed      : 40MHz[0m
[0;32mI (44) boot.esp32: SPI Mode       : DIO[0m
[0;32mI (49) boot.esp32: SPI Flash Size : 2MB[0m
[0;32mI (53) boot: Enabling RNG early entropy source...[0m
[0;32mI (59) boot: Partition Table:[0m
[0;32mI (62) boot: ## Label            Usage          Type ST Offset   Length[0m
[0;32mI (70) boot:  0 nvs              WiFi data        01 02 00009000 00006000[0m
[0;32mI (77) boot:  1 phy_init         RF data          01 01 0000f000 00001000[0m
[0;32mI (85) boot:  2 factory          factory app      00 00 00010000 00100000[0m
[0;32mI (92) boot: End of partition table[0m
[0;32mI (96) esp_image: segment 0: paddr=00010020 vaddr=3f400020 size=0b2b4h ( 45748) map[0m
[0;32mI (120) esp_image: segment 1: paddr=0001b2dc vaddr=3ffb0000 size=02254h (  8788) load[0m
[0;32mI (124) esp_image: segment 2: paddr=0001d538 vaddr=40080000 size=02ae0h ( 10976) load[0m
[0;32mI (131) esp_image: segment 3: paddr=00020020 vaddr=400d0020 size=16f98h ( 94104) map[0m
[0;32mI (167) esp_image: segment 4: paddr=00036fc0 vaddr=40082ae0 size=0ac80h ( 44160) load[0m
[0;32mI (191) boot: Loaded app from partition at offset 0x10000[0m
[0;32mI (191) boot: Disabling RNG early entropy source...[0m
[0;32mI (203) cpu_start: Multicore app[0m
[0;32mI (211) cpu_start: Pro cpu start user code[0m
[0;32mI (212) cpu_start: cpu freq: 160000000 Hz[0m
[0;32mI (212) cpu_start: Application information:[0m
[0;32mI (215) cpu_start: Project name:     main[0m
[0;32mI (219) cpu_start: App version:      1[0m
[0;32mI (224) cpu_start: Compile time:     Jun 15 2024 04:24:58[0m
[0;32mI (230) cpu_start: ELF file SHA256:  d1dc6b64f...[0m
[0;32mI (235) cpu_start: ESP-IDF:          v5.2.1-dirty[0m
[0;32mI (241) cpu_start: Min chip rev:     v0.0[0m
[0;32mI (245) cpu_start: Max chip rev:     v3.99 [0m
[0;32mI (250) cpu_start: Chip rev:         v3.0[0m
[0;32mI (255) heap_init: Initializing. RAM available for dynamic allocation:[0m
[0;32mI (262) heap_init: At 3FFAE6E0 len 00001920 (6 KiB): DRAM[0m
[0;32mI (268) heap_init: At 3FFB2B70 len 0002D490 (181 KiB): DRAM[0m
[0;32mI (274) heap_init: At 3FFE0440 len 00003AE0 (14 KiB): D/IRAM[0m
[0;32mI (281) heap_init: At 3FFE4350 len 0001BCB0 (111 KiB): D/IRAM[0m
[0;32mI (287) heap_init: At 4008D760 len 000128A0 (74 KiB): IRAM[0m
[0;32mI (295) spi_flash: detected chip: generic[0m
[0;32mI (298) spi_flash: flash io: dio[0m
[0;33mW (302) spi_flash: Detected size(4096k) larger than the size in the binary image header(2048k). Using the size in the binary image header.[0m
[0;32mI (316) main_task: Started on CPU0[0m
[0;32mI (326) main_task: Calling app_main()[0m
Sending message: Hiiiii!
[0;32mI (326) gpio: GPIO[4]| InputEn: 0| OutputEn: 0| OpenDrain: 0| Pullup: 1| Pulldown: 0| Intr:0 [0m
[0;32mI (326) gpio: GPIO[5]| InputEn: 0| OutputEn: 0| OpenDrain: 0| Pullup: 1| Pulldown: 0| Intr:0 [0m
[0;32mI (336) main_task: Returned from app_main()[0m
[0;32mI (3046) AODV: data 1 = 4[0m
[0;32mI (3046) AODV: Handling RREQ from 4 to 1[0m
[0;32mI (3046) AODV: Route added: 4 -> 4 (seq: 1, hops: 1)[0m
[0;32mI (3046) AODV: Routing Table:[0m
[0;32mI (3046) AODV: ---------------------------------------------------[0m
[0;32mI (3056) AODV: Dest Addr | Next Hop | Dest Seq | Hop Count[0m
[0;32mI (3056) AODV: ---------------------------------------------------[0m
[0;32mI (3066) AODV:         4 |        4 |         1 |         1[0m
[0;32mI (3076) AODV: ---------------------------------------------------[0m
[0;32mI (3076) AODV: Sending RREP to 4[0m
[0;32mI (3086) AODV: next hop = 4; gateway addl = 1[0m
[0;32mI (3086) AODV: rrep.src_add = 1; rrep.dest_add = 4[0m
[0;32mI (3096) AODV: rrep.dest_seq_num = 0; rrep.hop_count = 0[0m
