jÕ±Ñ¥ï¿½ï¿½É•ï¿½bootloaderï¿½ets Jun  8 2016 00:22:57

rst:0x1 (POWERON_RESET),boot:0x13 (SPI_FAST_FLASH_BOOT)
configsip: 0, SPIWP:0xee
clk_drv:0x00,q_drv:0x00,d_drv:0x00,cs0_drv:0x00,hd_drv:0x00,wp_drv:0x00
mode:DIO, clock div:2
load:0x3fff0030,len:7172
load:0x40078000,len:15540
load:0x40080400,len:4
ho 8 tail 4 room 4
load:0x40080404,len:3904
entry 0x40080640
[0;32mI (30) boot: ESP-IDF v5.2.1-dirty 2nd stage bootloader[0m
[0;32mI (30) boot: compile time Jun 28 2024 03:55:22[0m
[0;32mI (30) boot: Multicore bootloader[0m
[0;32mI (35) boot: chip revision: v1.0[0m
[0;32mI (39) boot.esp32: SPI Speed      : 40MHz[0m
[0;32mI (44) boot.esp32: SPI Mode       : DIO[0m
[0;32mI (48) boot.esp32: SPI Flash Size : 2MB[0m
[0;32mI (53) boot: Enabling RNG early entropy source...[0m
[0;32mI (58) boot: Partition Table:[0m
[0;32mI (62) boot: ## Label            Usage          Type ST Offset   Length[0m
[0;32mI (69) boot:  0 nvs              WiFi data        01 02 00009000 00006000[0m
[0;32mI (76) boot:  1 phy_init         RF data          01 01 0000f000 00001000[0m
[0;32mI (84) boot:  2 factory          factory app      00 00 00010000 00100000[0m
[0;32mI (91) boot: End of partition table[0m
[0;32mI (95) esp_image: segment 0: paddr=00010020 vaddr=3f400020 size=0b7e0h ( 47072) map[0m
[0;32mI (120) esp_image: segment 1: paddr=0001b808 vaddr=3ffb0000 size=02254h (  8788) load[0m
[0;32mI (124) esp_image: segment 2: paddr=0001da64 vaddr=40080000 size=025b4h (  9652) load[0m
[0;32mI (130) esp_image: segment 3: paddr=00020020 vaddr=400d0020 size=1b2f4h (111348) map[0m
[0;32mI (173) esp_image: segment 4: paddr=0003b31c vaddr=400825b4 size=0b374h ( 45940) load[0m
[0;32mI (198) boot: Loaded app from partition at offset 0x10000[0m
[0;32mI (198) boot: Disabling RNG early entropy source...[0m
[0;32mI (209) cpu_start: Multicore app[0m
[0;32mI (218) cpu_start: Pro cpu start user code[0m
[0;32mI (218) cpu_start: cpu freq: 160000000 Hz[0m
[0;32mI (218) cpu_start: Application information:[0m
[0;32mI (221) cpu_start: Project name:     NODE[0m
[0;32mI (226) cpu_start: App version:      1[0m
[0;32mI (230) cpu_start: Compile time:     Jun 28 2024 03:55:09[0m
[0;32mI (236) cpu_start: ELF file SHA256:  f3b0b9af7...[0m
[0;32mI (242) cpu_start: ESP-IDF:          v5.2.1-dirty[0m
[0;32mI (247) cpu_start: Min chip rev:     v0.0[0m
[0;32mI (252) cpu_start: Max chip rev:     v3.99 [0m
[0;32mI (257) cpu_start: Chip rev:         v1.0[0m
[0;32mI (262) heap_init: Initializing. RAM available for dynamic allocation:[0m
[0;32mI (269) heap_init: At 3FFAE6E0 len 00001920 (6 KiB): DRAM[0m
[0;32mI (275) heap_init: At 3FFB2E38 len 0002D1C8 (180 KiB): DRAM[0m
[0;32mI (281) heap_init: At 3FFE0440 len 00003AE0 (14 KiB): D/IRAM[0m
[0;32mI (287) heap_init: At 3FFE4350 len 0001BCB0 (111 KiB): D/IRAM[0m
[0;32mI (294) heap_init: At 4008D928 len 000126D8 (73 KiB): IRAM[0m
[0;32mI (301) spi_flash: detected chip: generic[0m
[0;32mI (304) spi_flash: flash io: dio[0m
[0;33mW (308) spi_flash: Detected size(4096k) larger than the size in the binary image header(2048k). Using the size in the binary image header.[0m
[0;33mW (322) ADC: legacy driver is deprecated, please migrate to `esp_adc/adc_oneshot.h`[0m
[0;32mI (331) main_task: Started on CPU0[0m
[0;32mI (341) main_task: Calling app_main()[0m
[0;32mI (341) gpio: GPIO[18]| InputEn: 1| OutputEn: 0| OpenDrain: 0| Pullup: 1| Pulldown: 0| Intr:0 [0m
[0;32mI (341) gpio: GPIO[19]| InputEn: 0| OutputEn: 1| OpenDrain: 0| Pullup: 1| Pulldown: 0| Intr:0 [0m
Sending message: Hiiiii!
[0;32mI (371) gpio: GPIO[4]| InputEn: 0| OutputEn: 0| OpenDrain: 0| Pullup: 1| Pulldown: 0| Intr:0 [0m
[0;32mI (371) gpio: GPIO[5]| InputEn: 0| OutputEn: 0| OpenDrain: 0| Pullup: 1| Pulldown: 0| Intr:0 [0m
[0;32mI (381) Transmit UART: Encoded and sent data over UART.[0m
[0;32mI (381) gpio: GPIO[2]| InputEn: 0| OutputEn: 0| OpenDrain: 0| Pullup: 1| Pulldown: 0| Intr:0 [0m
[0;32mI (391) main_task: Returned from app_main()[0m
[0;32mI (5381) Transmit UART: Encoded and sent data over UART.[0m
[0;32mI (10381) Transmit UART: Encoded and sent data over UART.[0m
[0;32mI (15381) Transmit UART: Encoded and sent data over UART.[0m
[0;32mI (20381) Transmit UART: Encoded and sent data over UART.[0m
[0;32mI (25381) Transmit UART: Encoded and sent data over UART.[0m
[0;32mI (30381) Transmit UART: Encoded and sent data over UART.[0m
[0;32mI (35381) Transmit UART: Encoded and sent data over UART.[0m
[0;32mI (40381) Transmit UART: Encoded and sent data over UART.[0m
[0;32mI (45381) Transmit UART: Encoded and sent data over UART.[0m
[0;32mI (50381) Transmit UART: Encoded and sent data over UART.[0m
[0;32mI (55381) Transmit UART: Encoded and sent data over UART.[0m
[0;32mI (60381) Transmit UART: Encoded and sent data over UART.[0m
[0;32mI (65381) Transmit UART: Encoded and sent data over UART.[0m
[0;32mI (70381) Transmit UART: Encoded and sent data over UART.[0m
[0;32mI (75381) Transmit UART: Encoded and sent data over UART.[0m
[0;32mI (80381) Transmit UART: Encoded and sent data over UART.[0m
[0;32mI (85381) Transmit UART: Encoded and sent data over UART.[0m
[0;32mI (90381) Transmit UART: Encoded and sent data over UART.[0m
[0;32mI (95381) Transmit UART: Encoded and sent data over UART.[0m
[0;32mI (100381) Transmit UART: Encoded and sent data over UART.[0m
[0;32mI (105381) Transmit UART: Encoded and sent data over UART.[0m
[0;32mI (110381) Transmit UART: Encoded and sent data over UART.[0m
[0;32mI (115381) Transmit UART: Encoded and sent data over UART.[0m
[0;32mI (120381) Transmit UART: Encoded and sent data over UART.[0m
[0;32mI (125381) Transmit UART: Encoded and sent data over UART.[0m
[0;32mI (130381) Transmit UART: Encoded and sent data over UART.[0m
[0;32mI (135381) Transmit UART: Encoded and sent data over UART.[0m
[0;32mI (140381) Transmit UART: Encoded and sent data over UART.[0m
[0;32mI (145381) Transmit UART: Encoded and sent data over UART.[0m
[0;32mI (150381) Transmit UART: Encoded and sent data over UART.[0m
[0;32mI (155381) Transmit UART: Encoded and sent data over UART.[0m
[0;32mI (160381) Transmit UART: Encoded and sent data over UART.[0m
[0;32mI (165381) Transmit UART: Encoded and sent data over UART.[0m
[0;32mI (170381) Transmit UART: Encoded and sent data over UART.[0m
[0;32mI (175381) Transmit UART: Encoded and sent data over UART.[0m
[0;32mI (180381) Transmit UART: Encoded and sent data over UART.[0m
[0;32mI (185381) Transmit UART: Encoded and sent data over UART.[0m
[0;32mI (190381) Transmit UART: Encoded and sent data over UART.[0m
[0;32mI (195381) Transmit UART: Encoded and sent data over UART.[0m
[0;32mI (200381) Transmit UART: Encoded and sent data over UART.[0m
[0;32mI (205381) Transmit UART: Encoded and sent data over UART.[0m
[0;32mI (210381) Transmit UART: Encoded and sent data over UART.[0m
[0;32mI (215381) Transmit UART: Encoded and sent data over UART.[0m
[0;32mI (220381) Transmit UART: Encoded and sent data over UART.[0m
[0;32mI (225381) Transmit UART: Encoded and sent data over UART.[0m
[0;32mI (230381) Transmit UART: Encoded and sent data over UART.[0m
[0;32mI (235381) Transmit UART: Encoded and sent data over UART.[0m
[0;32mI (240381) Transmit UART: Encoded and sent data over UART.[0m
[0;32mI (245381) Transmit UART: Encoded and sent data over UART.[0m
[0;32mI (250381) Transmit UART: Encoded and sent data over UART.[0m
[0;32mI (255381) Transmit UART: Encoded and sent data over UART.[0m
[0;32mI (260381) Transmit UART: Encoded and sent data over UART.[0m
