ets Jul 29 2019 12:21:46

rst:0x1 (POWERON_RESET),boot:0x13 (SPI_FAST_FLASH_BOOT)
configsip: 0, SPIWP:0xee
clk_drv:0x00,q_drv:0x00,d_drv:0x00,cs0_drv:0x00,hd_drv:0x00,wp_drv:0x00
mode:DIO, clock div:2
load:0x3fff0030,len:7172
load:0x40078000,len:15540
load:0x40080400,len:4
ho 8 tail 4 room 4
load:0x40080404,len:3904
entry 0x40080640
[0;32mI (31) boot: ESP-IDF v5.2.1-dirty 2nd stage bootloader[0m
[0;32mI (31) boot: compile time Jun 28 2024 03:55:22[0m
[0;32mI (31) boot: Multicore bootloader[0m
[0;32mI (36) boot: chip revision: v3.1[0m
[0;32mI (40) boot.esp32: SPI Speed      : 40MHz[0m
[0;32mI (44) boot.esp32: SPI Mode       : DIO[0m
[0;32mI (49) boot.esp32: SPI Flash Size : 2MB[0m
[0;32mI (53) boot: Enabling RNG early entropy source...[0m
[0;32mI (59) boot: Partition Table:[0m
[0;32mI (62) boot: ## Label            Usage          Type ST Offset   Length[0m
[0;32mI (70) boot:  0 nvs              WiFi data        01 02 00009000 00006000[0m
[0;32mI (77) boot:  1 phy_init         RF data          01 01 0000f000 00001000[0m
[0;32mI (85) boot:  2 factory          factory app      00 00 00010000 00100000[0m
[0;32mI (92) boot: End of partition table[0m
[0;32mI (96) esp_image: segment 0: paddr=00010020 vaddr=3f400020 size=0b3f8h ( 46072) map[0m
[0;32mI (121) esp_image: segment 1: paddr=0001b420 vaddr=3ffb0000 size=02254h (  8788) load[0m
[0;32mI (124) esp_image: segment 2: paddr=0001d67c vaddr=40080000 size=0299ch ( 10652) load[0m
[0;32mI (131) esp_image: segment 3: paddr=00020020 vaddr=400d0020 size=179a4h ( 96676) map[0m
[0;32mI (168) esp_image: segment 4: paddr=000379cc vaddr=4008299c size=0aefch ( 44796) load[0m
[0;32mI (193) boot: Loaded app from partition at offset 0x10000[0m
[0;32mI (193) boot: Disabling RNG early entropy source...[0m
[0;32mI (204) cpu_start: Multicore app[0m
[0;32mI (213) cpu_start: Pro cpu start user code[0m
[0;32mI (213) cpu_start: cpu freq: 160000000 Hz[0m
[0;32mI (213) cpu_start: Application information:[0m
[0;32mI (216) cpu_start: Project name:     NODE[0m
[0;32mI (221) cpu_start: App version:      1[0m
[0;32mI (225) cpu_start: Compile time:     Jun 28 2024 03:55:09[0m
[0;32mI (231) cpu_start: ELF file SHA256:  29bc6fcdc...[0m
[0;32mI (236) cpu_start: ESP-IDF:          v5.2.1-dirty[0m
[0;32mI (242) cpu_start: Min chip rev:     v0.0[0m
[0;32mI (247) cpu_start: Max chip rev:     v3.99 [0m
[0;32mI (251) cpu_start: Chip rev:         v3.1[0m
[0;32mI (256) heap_init: Initializing. RAM available for dynamic allocation:[0m
[0;32mI (263) heap_init: At 3FFAE6E0 len 00001920 (6 KiB): DRAM[0m
[0;32mI (269) heap_init: At 3FFB2D10 len 0002D2F0 (180 KiB): DRAM[0m
[0;32mI (276) heap_init: At 3FFE0440 len 00003AE0 (14 KiB): D/IRAM[0m
[0;32mI (282) heap_init: At 3FFE4350 len 0001BCB0 (111 KiB): D/IRAM[0m
[0;32mI (288) heap_init: At 4008D898 len 00012768 (73 KiB): IRAM[0m
[0;32mI (296) spi_flash: detected chip: generic[0m
[0;32mI (299) spi_flash: flash io: dio[0m
[0;33mW (303) spi_flash: Detected size(4096k) larger than the size in the binary image header(2048k). Using the size in the binary image header.[0m
[0;33mW (316) ADC: legacy driver is deprecated, please migrate to `esp_adc/adc_oneshot.h`[0m
[0;32mI (325) main_task: Started on CPU0[0m
[0;32mI (335) main_task: Calling app_main()[0m
[0;32mI (335) gpio: GPIO[18]| InputEn: 1| OutputEn: 0| OpenDrain: 0| Pullup: 1| Pulldown: 0| Intr:0 [0m
[0;32mI (335) gpio: GPIO[19]| InputEn: 0| OutputEn: 1| OpenDrain: 0| Pullup: 1| Pulldown: 0| Intr:0 [0m
Sending message: Hiiiii!
[0;32mI (365) gpio: GPIO[4]| InputEn: 0| OutputEn: 0| OpenDrain: 0| Pullup: 1| Pulldown: 0| Intr:0 [0m
[0;32mI (365) gpio: GPIO[5]| InputEn: 0| OutputEn: 0| OpenDrain: 0| Pullup: 1| Pulldown: 0| Intr:0 [0m
Guru Meditation Error: Core  0 panic'ed (LoadStoreError). Exception was unhandled.

Core  0 register dump:
PC      : 0x400d590f  PS      : 0x00060130  A0      : 0x800e70bb  A1      : 0x3ffb4fe0  
A2      : 0x00000003  A3      : 0x3f401cc0  A4      : 0x3f401d40  A5      : 0x0000014f  
A6      : 0x3f401cc0  A7      : 0x3ffb5010  A8      : 0x3f401cc0  A9      : 0x00000004  
A10     : 0x00000000  A11     : 0x00000004  A12     : 0x00000006  A13     : 0x00000013  
A14     : 0x00000001  A15     : 0x3ffb28d0  SAR     : 0x0000001b  EXCCAUSE: 0x00000003  
EXCVADDR: 0x3f401cc0  LBEG    : 0x400014fd  LEND    : 0x4000150d  LCOUNT  : 0xfffffffe  


Backtrace: 0x400d590c:0x3ffb4fe0 0x400e70b8:0x3ffb5010 0x4008719d:0x3ffb5040




ELF file SHA256: 29bc6fcdc

Rebooting...
ets Jul 29 2019 12:21:46

rst:0xc (SW_CPU_RESET),boot:0x13 (SPI_FAST_FLASH_BOOT)
configsip: 0, SPIWP:0xee
clk_drv:0x00,q_drv:0x00,d_drv:0x00,cs0_drv:0x00,hd_drv:0x00,wp_drv:0x00
mode:DIO, clock div:2
load:0x3fff0030,len:7172
load:0x40078000,len:15540
load:0x40080400,len:4
ho 8 tail 4 room 4
load:0x40080404,len:3904
entry 0x40080640
[0;32mI (31) boot: ESP-IDF v5.2.1-dirty 2nd stage bootloader[0m
[0;32mI (31) boot: compile time Jun 28 2024 03:55:22[0m
[0;32mI (31) boot: Multicore bootloader[0m
[0;32mI (36) boot: chip revision: v3.1[0m
[0;32mI (40) boot.esp32: SPI Speed      : 40MHz[0m
[0;32mI (44) boot.esp32: SPI Mode       : DIO[0m
[0;32mI (49) boot.esp32: SPI Flash Size : 2MB[0m
[0;32mI (53) boot: Enabling RNG early entropy source...[0m
[0;32mI (59) boot: Partition Table:[0m
[0;32mI (62) boot: ## Label            Usage          Type ST Offset   Length[0m
[0;32mI (70) boot:  0 nvs              WiFi data        01 02 00009000 00006000[0m
[0;32mI (77) boot:  1 phy_init         RF data          01 01 0000f000 00001000[0m
[0;32mI (84) boot:  2 factory          factory app      00 00 00010000 00100000[0m
[0;32mI (92) boot: End of partition table[0m
[0;32mI (96) esp_image: segment 0: paddr=00010020 vaddr=3f400020 size=0b3f8h ( 46072) map[0m
[0;32mI (120) esp_image: segment 1: paddr=0001b420 vaddr=3ffb0000 size=02254h (  8788) load[0m
[0;32mI (124) esp_image: segment 2: paddr=0001d67c vaddr=40080000 size=0299ch ( 10652) load[0m
[0;32mI (130) esp_image: segment 3: paddr=00020020 vaddr=400d0020 size=179a4h ( 96676) map[0m
[0;32mI (168) esp_image: segment 4: paddr=000379cc vaddr=4008299c size=0aefch ( 44796) load[0m
[0;32mI (192) boot: Loaded app from partition at offset 0x10000[0m
[0;32mI (193) boot: Disabling RNG early entropy source...[0m
[0;32mI (204) cpu_start: Multicore app[0m
[0;32mI (213) cpu_start: Pro cpu start user code[0m
[0;32mI (213) cpu_start: cpu freq: 160000000 Hz[0m
[0;32mI (213) cpu_start: Application information:[0m
[0;32mI (216) cpu_start: Project name:     NODE[0m
[0;32mI (221) cpu_start: App version:      1[0m
[0;32mI (225) cpu_start: Compile time:     Jun 28 2024 03:55:09[0m
[0;32mI (231) cpu_start: ELF file SHA256:  29bc6fcdc...[0m
[0;32mI (236) cpu_start: ESP-IDF:          v5.2.1-dirty[0m
[0;32mI (242) cpu_start: Min chip rev:     v0.0[0m
[0;32mI (246) cpu_start: Max chip rev:     v3.99 [0m
[0;32mI (251) cpu_start: Chip rev:         v3.1[0m
[0;32mI (256) heap_init: Initializing. RAM available for dynamic allocation:[0m
[0;32mI (263) heap_init: At 3FFAE6E0 len 00001920 (6 KiB): DRAM[0m
[0;32mI (269) heap_init: At 3FFB2D10 len 0002D2F0 (180 KiB): DRAM[0m
[0;32mI (276) heap_init: At 3FFE0440 len 00003AE0 (14 KiB): D/IRAM[0m
[0;32mI (282) heap_init: At 3FFE4350 len 0001BCB0 (111 KiB): D/IRAM[0m
[0;32mI (288) heap_init: At 4008D898 len 00012768 (73 KiB): IRAM[0m
[0;32mI (296) spi_flash: detected chip: generic[0m
[0;32mI (299) spi_flash: flash io: dio[0m
[0;33mW (303) spi_flash: Detected size(4096k) larger than the size in the binary image header(2048k). Using the size in the binary image header.[0m
[0;33mW (316) ADC: legacy driver is deprecated, please migrate to `esp_adc/adc_oneshot.h`[0m
[0;32mI (325) main_task: Started on CPU0[0m
[0;32mI (335) main_task: Calling app_main()[0m
[0;32mI (335) gpio: GPIO[18]| InputEn: 1| OutputEn: 0| OpenDrain: 0| Pullup: 1| Pulldown: 0| Intr:0 [0m
[0;32mI (335) gpio: GPIO[19]| InputEn: 0| OutputEn: 1| OpenDrain: 0| Pullup: 1| Pulldown: 0| Intr:0 [0m
Sending message: Hiiiii!
[0;32mI (365) gpio: GPIO[4]| InputEn: 0| OutputEn: 0| OpenDrain: 0| Pullup: 1| Pulldown: 0| Intr:0 [0m
[0;32mI (365) gpio: GPIO[5]| InputEn: 0| OutputEn: 0| OpenDrain: 0| Pullup: 1| Pulldown: 0| Intr:0 [0m
Guru Meditation Error: Core  0 panic'ed (LoadStoreError). Exception was unhandled.

Core  0 register dump:
PC      : 0x400d590f  PS      : 0x00060130  A0      : 0x800e70bb  A1      : 0x3ffb4fe0  
A2      : 0x00000003  A3      : 0x3f401cc0  A4      : 0x3f401d40  A5      : 0x0000014f  
A6      : 0x3f401cc0  A7      : 0x3ffb5010  A8      : 0x3f401cc0  A9      : 0x00000004  
A10     : 0x00000000  A11     : 0x00000004  A12     : 0x00000006  A13     : 0x00000013  
A14     : 0x00000001  A15     : 0x3ffb28d0  SAR     : 0x0000001b  EXCCAUSE: 0x00000003  
EXCVADDR: 0x3f401cc0  LBEG    : 0x400014fd  LEND    : 0x4000150d  LCOUNT  : 0xfffffffe  


Backtrace: 0x400d590c:0x3ffb4fe0 0x400e70b8:0x3ffb5010 0x4008719d:0x3ffb5040




ELF file SHA256: 29bc6fcdc

Rebooting...
ets Jul 29 2019 12:21:46

rst:0xc (SW_CPU_RESET),boot:0x13 (SPI_FAST_FLASH_BOOT)
configsip: 0, SPIWP:0xee
clk_drv:0x00,q_drv:0x00,d_drv:0x00,cs0_drv:0x00,hd_drv:0x00,wp_drv:0x00
mode:DIO, clock div:2
load:0x3fff0030,len:7172
load:0x40078000,len:15540
load:0x40080400,len:4
ho 8 tail 4 room 4
load:0x40080404,len:3904
entry 0x40080640
[0;32mI (31) boot: ESP-IDF v5.2.1-dirty 2nd stage bootloader[0m
[0;32mI (31) boot: compile time Jun 28 2024 03:55:22[0m
[0;32mI (31) boot: Multicore bootloader[0m
[0;32mI (36) boot: chip revision: v3.1[0m
[0;32mI (40) boot.esp32: SPI Speed      : 40MHz[0m
[0;32mI (44) boot.esp32: SPI Mode       : DIO[0m
[0;32mI (49) boot.esp32: SPI Flash Size : 2MB[0m
[0;32mI (53) boot: Enabling RNG early entropy source...[0m
[0;32mI (59) boot: Partition Table:[0m
[0;32mI (62) boot: ## Label            Usage          Type ST Offset   Length[0m
[0;32mI (70) boot:  0 nvs              WiFi data        01 02 00009000 00006000[0m
[0;32mI (77) boot:  1 phy_init         RF data          01 01 0000f000 00001000[0m
[0;32mI (84) boot:  2 factory          factory app      00 00 00010000 00100000[0m
[0;32mI (92) boot: End of partition table[0m
[0;32mI (96) esp_image: segment 0: paddr=00010020 vaddr=3f400020 size=0b3f8h ( 46072) map[0m
[0;32mI (120) esp_image: segment 1: paddr=0001b420 vaddr=3ffb0000 size=02254h (  8788) load[0m
[0;32mI (124) esp_image: segment 2: paddr=0001d67c vaddr=40080000 size=0299ch ( 10652) load[0m
[0;32mI (130) esp_image: segment 3: paddr=00020020 vaddr=400d0020 size=179a4h ( 96676) map[0m
[0;32mI (168) esp_image: segment 4: paddr=000379cc vaddr=4008299c size=0aefch ( 44796) load[0m
[0;32mI (192) boot: Loaded app from partition at offset 0x10000[0m
[0;32mI (193) boot: Disabling RNG early entropy source...[0m
[0;32mI (204) cpu_start: Multicore app[0m
[0;32mI (213) cpu_start: Pro cpu start user code[0m
[0;32mI (213) cpu_start: cpu freq: 160000000 Hz[0m
[0;32mI (213) cpu_start: Application information:[0m
[0;32mI (216) cpu_start: Project name:     NODE[0m
[0;32mI (220) cpu_start: App version:      1[0m
[0;32mI (225) cpu_start: Compile time:     Jun 28 2024 03:55:09[0m
[0;32mI (231) cpu_start: ELF file SHA256:  29bc6fcdc...[0m
[0;32mI (236) cpu_start: ESP-IDF:          v5.2.1-dirty[0m
[0;32mI (242) cpu_start: Min chip rev:     v0.0[0m
[0;32mI (246) cpu_start: Max chip rev:     v3.99 [0m
[0;32mI (251) cpu_start: Chip rev:         v3.1[0m
[0;32mI (256) heap_init: Initializing. RAM available for dynamic allocation:[0m
[0;32mI (263) heap_init: At 3FFAE6E0 len 00001920 (6 KiB): DRAM[0m
[0;32mI (269) heap_init: At 3FFB2D10 len 0002D2F0 (180 KiB): DRAM[0m
[0;32mI (276) heap_init: At 3FFE0440 len 00003AE0 (14 KiB): D/IRAM[0m
[0;32mI (282) heap_init: At 3FFE4350 len 0001BCB0 (111 KiB): D/IRAM[0m
[0;32mI (288) heap_init: At 4008D898 len 00012768 (73 KiB): IRAM[0m
[0;32mI (296) spi_flash: detected chip: generic[0m
[0;32mI (299) spi_flash: flash io: dio[0m
[0;33mW (303) spi_flash: Detected size(4096k) larger than the size in the binary image header(2048k). Using the size in the binary image header.[0m
[0;33mW (316) ADC: legacy driver is deprecated, please migrate to `esp_adc/adc_oneshot.h`[0m
[0;32mI (325) main_task: Started on CPU0[0m
[0;32mI (335) main_task: Calling app_main()[0m
[0;32mI (335) gpio: GPIO[18]| InputEn: 1| OutputEn: 0| OpenDrain: 0| Pullup: 1| Pulldown: 0| Intr:0 [0m
[0;32mI (335) gpio: GPIO[19]| InputEn: 0| OutputEn: 1| OpenDrain: 0| Pullup: 1| Pulldown: 0| Intr:0 [0m
Sending message: Hiiiii!
[0;32mI (365) gpio: GPIO[4]| InputEn: 0| OutputEn: 0| OpenDrain: 0| Pullup: 1| Pulldown: 0| Intr:0 [0m
[0;32mI (365) gpio: GPIO[5]| InputEn: 0| OutputEn: 0| OpenDrain: 0| Pullup: 1| Pulldown: 0| Intr:0 [0m
Guru Meditation Error: Core  0 panic'ed (LoadStoreError). Exception was unhandled.

Core  0 register dump:
PC      : 0x400d590f  PS      : 0x00060130  A0      : 0x800e70bb  A1      : 0x3ffb4fe0  
A2      : 0x00000003  A3      : 0x3f401cc0  A4      : 0x3f401d40  A5      : 0x0000014f  
A6      : 0x3f401cc0  A7      : 0x3ffb5010  A8      : 0x3f401cc0  A9      : 0x00000004  
A10     : 0x00000000  A11     : 0x00000004  A12     : 0x00000006  A13     : 0x00000013  
A14     : 0x00000001  A15     : 0x3ffb28d0  SAR     : 0x0000001b  EXCCAUSE: 0x00000003  
EXCVADDR: 0x3f401cc0  LBEG    : 0x400014fd  LEND    : 0x4000150d  LCOUNT  : 0xfffffffe  


Backtrace: 0x400d590c:0x3ffb4fe0 0x400e70b8:0x3ffb5010 0x4008719d:0x3ffb5040




ELF file SHA256: 29bc6fcdc

Rebooting...
ets Jul 29 2019 12:21:46

rst:0xc (SW_CPU_RESET),boot:0x13 (SPI_FAST_FLASH_BOOT)
configsip: 0, SPIWP:0xee
clk_drv:0x00,q_drv:0x00,d_drv:0x00,cs0_drv:0x00,hd_drv:0x00,wp_drv:0x00
mode:DIO, clock div:2
load:0x3fff0030,len:7172
load:0x40078000,len:15540
load:0x40080400,len:4
ho 8 tail 4 room 4
load:0x40080404,len:3904
entry 0x40080640
[0;32mI (31) boot: ESP-IDF v5.2.1-dirty 2nd stage bootloader[0m
[0;32mI (31) boot: compile time Jun 28 2024 03:55:22[0m
[0;32mI (31) boot: Multicore bootloader[0m
[0;32mI (36) boot: chip revision: v3.1[0m
[0;32mI (40) boot.esp32: SPI Speed      : 40MHz[0m
[0;32mI (44) boot.esp32: SPI Mode       : DIO[0m
[0;32mI (49) boot.esp32: SPI Flash Size : 2MB[0m
[0;32mI (53) boot: Enabling RNG early entropy source...[0m
[0;32mI (59) boot: Partition Table:[0m
[0;32mI (62) boot: ## Label            Usage          Type ST Offset   Length[0m
[0;32mI (70) boot:  0 nvs              WiFi data        01 02 00009000 00006000[0m
[0;32mI (77) boot:  1 phy_init         RF data          01 01 0000f000 00001000[0m
[0;32mI (84) boot:  2 factory          factory app      00 00 00010000 00100000[0m
[0;32mI (92) boot: End of partition table[0m
[0;32mI (96) esp_image: segment 0: paddr=00010020 vaddr=3f400020 size=0b3f8h ( 46072) map[0m
[0;32mI (120) esp_image: segment 1: paddr=0001b420 vaddr=3ffb0000 size=02254h (  8788) load[0m
[0;32mI (124) esp_image: segment 2: paddr=0001d67c vaddr=40080000 size=0299ch ( 10652) load[0m
[0;32mI (130) esp_image: segment 3: paddr=00020020 vaddr=400d0020 size=179a4h ( 96676) map[0m
[0;32mI (168) esp_image: segment 4: paddr=000379cc vaddr=4008299c size=0aefch ( 44796) load[0m
[0;32mI (192) boot: Loaded app from partition at offset 0x10000[0m
[0;32mI (193) boot: Disabling RNG early entropy source...[0m
[0;32mI (204) cpu_start: Multicore app[0m
[0;32mI (213) cpu_start: Pro cpu start user code[0m
[0;32mI (213) cpu_start: cpu freq: 160000000 Hz[0m
[0;32mI (213) cpu_start: Application information:[0m
[0;32mI (216) cpu_start: Project name:     NODE[0m
[0;32mI (220) cpu_start: App version:      1[0m
[0;32mI (225) cpu_start: Compile time:     Jun 28 2024 03:55:09[0m
[0;32mI (231) cpu_start: ELF file SHA256:  29bc6fcdc...[0m
[0;32mI (236) cpu_start: ESP-IDF:          v5.2.1-dirty[0m
[0;32mI (242) cpu_start: Min chip rev:     v0.0[0m
[0;32mI (246) cpu_start: Max chip rev:     v3.99 [0m
[0;32mI (251) cpu_start: Chip rev:         v3.1[0m
[0;32mI (256) heap_init: Initializing. RAM available for dynamic allocation:[0m
[0;32mI (263) heap_init: At 3FFAE6E0 len 00001920 (6 KiB): DRAM[0m
[0;32mI (269) heap_init: At 3FFB2D10 len 0002D2F0 (180 KiB): DRAM[0m
[0;32mI (276) heap_init: At 3FFE0440 len 00003AE0 (14 KiB): D/IRAM[0m
[0;32mI (282) heap_init: At 3FFE4350 len 0001BCB0 (111 KiB): D/IRAM[0m
[0;32mI (288) heap_init: At 4008D898 len 00012768 (73 KiB): IRAM[0m
[0;32mI (296) spi_flash: detected chip: generic[0m
[0;32mI (299) spi_flash: flash io: dio[0m
[0;33mW (303) spi_flash: Detected size(4096k) larger than the size in the binary image header(2048k). Using the size in the binary image header.[0m
[0;33mW (316) ADC: legacy driver is deprecated, please migrate to `esp_adc/adc_oneshot.h`[0m
[0;32mI (325) main_task: Started on CPU0[0m
[0;32mI (335) main_task: Calling app_main()[0m
[0;32mI (335) gpio: GPIO[18]| InputEn: 1| OutputEn: 0| OpenDrain: 0| Pullup: 1| Pulldown: 0| Intr:0 [0m
[0;32mI (335) gpio: GPIO[19]| InputEn: 0| OutputEn: 1| OpenDrain: 0| Pullup: 1| Pulldown: 0| Intr:0 [0m
Sending message: Hiiiii!
[0;32mI (365) gpio: GPIO[4]| InputEn: 0| OutputEn: 0| OpenDrain: 0| Pullup: 1| Pulldown: 0| Intr:0 [0m
[0;32mI (365) gpio: GPIO[5]| InputEn: 0| OutputEn: 0| OpenDrain: 0| Pullup: 1| Pulldown: 0| Intr:0 [0m
Guru Meditation Error: Core  0 panic'ed (LoadStoreError). Exception was unhandled.

Core  0 register dump:
PC      : 0x400d590f  PS      : 0x00060130  A0      : 0x800e70bb  A1      : 0x3ffb4fe0  
A2      : 0x00000003  A3      : 0x3f401cc0  A4      : 0x3f401d40  A5      : 0x0000014f  
A6      : 0x3f401cc0  A7      : 0x3ffb5010  A8      : 0x3f401cc0  A9      : 0x00000004  
A10     : 0x00000000  A11     : 0x00000004  A12     : 0x00000006  A13     : 0x00000013  
A14     : 0x00000001  A15     : 0x3ffb28d0  SAR     : 0x0000001b  EXCCAUSE: 0x00000003  
EXCVADDR: 0x3f401cc0  LBEG    : 0x400014fd  LEND    : 0x4000150d  LCOUNT  : 0xfffffffe  


Backtrace: 0x400d590c:0x3ffb4fe0 0x400e70b8:0x3ffb5010 0x4008719d:0x3ffb5040




ELF file SHA256: 29bc6fcdc

Rebooting...
ets Jul 29 2019 12:21:46

rst:0xc (SW_CPU_RESET),boot:0x13 (SPI_FAST_FLASH_BOOT)
configsip: 0, SPIWP:0xee
clk_drv:0x00,q_drv:0x00,d_drv:0x00,cs0_drv:0x00,hd_drv:0x00,wp_drv:0x00
mode:DIO, clock div:2
load:0x3fff0030,len:7172
load:0x40078000,len:15540
load:0x40080400,len:4
ho 8 tail 4 room 4
load:0x40080404,len:3904
entry 0x40080640
[0;32mI (31) boot: ESP-IDF v5.2.1-dirty 2nd stage bootloader[0m
[0;32mI (31) boot: compile time Jun 28 2024 03:55:22[0m
[0;32mI (31) boot: Multicore bootloader[0m
[0;32mI (36) boot: chip revision: v3.1[0m
[0;32mI (40) boot.esp32: SPI Speed      : 40MHz[0m
[0;32mI (44) boot.esp32: SPI Mode       : DIO[0m
[0;32mI (49) boot.esp32: SPI Flash Size : 2MB[0m
[0;32mI (53) boot: Enabling RNG early entropy source...[0m
[0;32mI (59) boot: Partition Table:[0m
[0;32mI (62) boot: ## Label            Usage          Type ST Offset   Length[0m
[0;32mI (70) boot:  0 nvs              WiFi data        01 02 00009000 00006000[0m
[0;32mI (77) boot:  1 phy_init         RF data          01 01 0000f000 00001000[0m
[0;32mI (84) boot:  2 factory          factory app      00 00 00010000 00100000[0m
[0;32mI (92) boot: End of partition table[0m
[0;32mI (96) esp_image: segment 0: paddr=00010020 vaddr=3f400020 size=0b3f8h ( 46072) map[0m
[0;32mI (120) esp_image: segment 1: paddr=0001b420 vaddr=3ffb0000 size=02254h (  8788) load[0m
[0;32mI (124) esp_image: segment 2: paddr=0001d67c vaddr=40080000 size=0299ch ( 10652) load[0m
[0;32mI (130) esp_image: segment 3: paddr=00020020 vaddr=400d0020 size=179a4h ( 96676) map[0m
[0;32mI (168) esp_image: segment 4: paddr=000379cc vaddr=4008299c size=0aefch ( 44796) load[0m
[0;32mI (192) boot: Loaded app from partition at offset 0x10000[0m
[0;32mI (193) boot: Disabling RNG early entropy source...[0m
[0;32mI (204) cpu_start: Multicore app[0m
[0;32mI (213) cpu_start: Pro cpu start user code[0m
[0;32mI (213) cpu_start: cpu freq: 160000000 Hz[0m
[0;32mI (213) cpu_start: Application information:[0m
[0;32mI (216) cpu_start: Project name:     NODE[0m
[0;32mI (220) cpu_start: App version:      1[0m
[0;32mI (225) cpu_start: Compile time:     Jun 28 2024 03:55:09[0m
[0;32mI (231) cpu_start: ELF file SHA256:  29bc6fcdc...[0m
[0;32mI (236) cpu_start: ESP-IDF:          v5.2.1-dirty[0m
[0;32mI (242) cpu_start: Min chip rev:     v0.0[0m
[0;32mI (246) cpu_start: Max chip rev:     v3.99 [0m
[0;32mI (251) cpu_start: Chip rev:         v3.1[0m
[0;32mI (256) heap_init: Initializing. RAM available for dynamic allocation:[0m
[0;32mI (263) heap_init: At 3FFAE6E0 len 00001920 (6 KiB): DRAM[0m
[0;32mI (269) heap_init: At 3FFB2D10 len 0002D2F0 (180 KiB): DRAM[0m
[0;32mI (276) heap_init: At 3FFE0440 len 00003AE0 (14 KiB): D/IRAM[0m
[0;32mI (282) heap_init: At 3FFE4350 len 0001BCB0 (111 KiB): D/IRAM[0m
[0;32mI (288) heap_init: At 4008D898 len 00012768 (73 KiB): IRAM[0m
[0;32mI (296) spi_flash: detected chip: generic[0m
[0;32mI (299) spi_flash: flash io: dio[0m
[0;33mW (303) spi_flash: Detected size(4096k) larger than the size in the binary image header(2048k). Using the size in the binary image header.[0m
[0;33mW (316) ADC: legacy driver is deprecated, please migrate to `esp_adc/adc_oneshot.h`[0m
[0;32mI (325) main_task: Started on CPU0[0m
[0;32mI (335) main_task: Calling app_main()[0m
[0;32mI (335) gpio: GPIO[18]| InputEn: 1| OutputEn: 0| OpenDrain: 0| Pullup: 1| Pulldown: 0| Intr:0 [0m
[0;32mI (335) gpio: GPIO[19]| InputEn: 0| OutputEn: 1| OpenDrain: 0| Pullup: 1| Pulldown: 0| Intr:0 [0m
Sending message: Hiiiii!
[0;32mI (365) gpio: GPIO[4]| InputEn: 0| OutputEn: 0| OpenDrain: 0| Pullup: 1| Pulldown: 0| Intr:0 [0m
[0;32mI (365) gpio: GPIO[5]| InputEn: 0| OutputEn: 0| OpenDrain: 0| Pullup: 1| Pulldown: 0| Intr:0 [0m
Guru Meditation Error: Core  0 panic'ed (LoadStoreError). Exception was unhandled.

Core  0 register dump:
PC      : 0x400d590f  PS      : 0x00060130  A0      : 0x800e70bb  A1      : 0x3ffb4fe0  
A2      : 0x00000003  A3      : 0x3f401cc0  A4      : 0x3f401d40  A5      : 0x0000014f  
A6      : 0x3f401cc0  A7      : 0x3ffb5010  A8      : 0x3f401cc0  A9      : 0x00000004  
A10     : 0x00000000  A11     : 0x00000004  A12     : 0x00000006  A13     : 0x00000013  
A14     : 0x00000001  A15     : 0x3ffb28d0  SAR     : 0x0000001b  EXCCAUSE: 0x00000003  
EXCVADDR: 0x3f401cc0  LBEG    : 0x400014fd  LEND    : 0x4000150d  LCOUNT  : 0xfffffffe  


Backtrace: 0x400d590c:0x3ffb4fe0 0x400e70b8:0x3ffb5010 0x4008719d:0x3ffb5040




ELF file SHA256: 29bc6fcdc

Rebooting...
ets Jul 29 2019 12:21:46

rst:0xc (SW_CPU_RESET),boot:0x13 (SPI_FAST_FLASH_BOOT)
configsip: 0, SPIWP:0xee
clk_drv:0x00,q_drv:0x00,d_drv:0x00,cs0_drv:0x00,hd_drv:0x00,wp_drv:0x00
mode:DIO, clock div:2
load:0x3fff0030,len:7172
load:0x40078000,len:15540
load:0x40080400,len:4
ho 8 tail 4 room 4
load:0x40080404,len:3904
entry 0x40080640
[0;32mI (31) boot: ESP-IDF v5.2.1-dirty 2nd stage bootloader[0m
[0;32mI (31) boot: compile time Jun 28 2024 03:55:22[0m
[0;32mI (31) boot: Multicore bootloader[0m
[0;32mI (36) boot: chip revision: v3.1[0m
[0;32mI (40) boot.esp32: SPI Speed      : 40MHz[0m
[0;32mI (44) boot.esp32: SPI Mode       : DIO[0m
[0;32mI (49) boot.esp32: SPI Flash Size : 2MB[0m
[0;32mI (53) boot: Enabling RNG early entropy source...[0m
[0;32mI (59) boot: Partition Table:[0m
[0;32mI (62) boot: ## Label            Usage          Type ST Offset   Length[0m
[0;32mI (70) boot:  0 nvs              WiFi data        01 02 00009000 00006000[0m
[0;32mI (77) boot:  1 phy_init         RF data          01 01 0000f000 00001000[0m
[0;32mI (84) boot:  2 factory          factory app      00 00 00010000 00100000[0m
[0;32mI (92) boot: End of partition table[0m
[0;32mI (96) esp_image: segment 0: paddr=00010020 vaddr=3f400020 size=0b3f8h ( 46072) map[0m
[0;32mI (120) esp_image: segment 1: paddr=0001b420 vaddr=3ffb0000 size=02254h (  8788) load[0m
[0;32mI (124) esp_image: segment 2: paddr=0001d67c vaddr=40080000 size=0299ch ( 10652) load[0m
[0;32mI (130) esp_image: segment 3: paddr=00020020 vaddr=400d0020 size=179a4h ( 96676) map[0m
[0;32mI (168) esp_image: segment 4: paddr=000379cc vaddr=4008299c size=0aefch ( 44796) load[0m
[0;32mI (192) boot: Loaded app from partition at offset 0x10000[0m
[0;32mI (193) boot: Disabling RNG early entropy source...[0m
[0;32mI (204) cpu_start: Multicore app[0m
[0;32mI (213) cpu_start: Pro cpu start user code[0m
[0;32mI (213) cpu_start: cpu freq: 160000000 Hz[0m
[0;32mI (213) cpu_start: Application information:[0m
[0;32mI (216) cpu_start: Project name:     NODE[0m
[0;32mI (220) cpu_start: App version:      1[0m
[0;32mI (225) cpu_start: Compile time:     Jun 28 2024 03:55:09[0m
[0;32mI (231) cpu_start: ELF file SHA256:  29bc6fcdc...[0m
[0;32mI (236) cpu_start: ESP-IDF:          v5.2.1-dirty[0m
[0;32mI (242) cpu_start: Min chip rev:     v0.0[0m
[0;32mI (246) cpu_start: Max chip rev:     v3.99 [0m
[0;32mI (251) cpu_start: Chip rev:         v3.1[0m
[0;32mI (256) heap_init: Initializing. RAM available for dynamic allocation:[0m
[0;32mI (263) heap_init: At 3FFAE6E0 len 00001920 (6 KiB): DRAM[0m
[0;32mI (269) heap_init: At 3FFB2D10 len 0002D2F0 (180 KiB): DRAM[0m
[0;32mI (276) heap_init: At 3FFE0440 len 00003AE0 (14 KiB): D/IRAM[0m
[0;32mI (282) heap_init: At 3FFE4350 len 0001BCB0 (111 KiB): D/IRAM[0m
[0;32mI (288) heap_init: At 4008D898 len 00012768 (73 KiB): IRAM[0m
[0;32mI (296) spi_flash: detected chip: generic[0m
[0;32mI (299) spi_flash: flash io: dio[0m
[0;33mW (303) spi_flash: Detected size(4096k) larger than the size in the binary image header(2048k). Using the size in the binary image header.[0m
[0;33mW (316) ADC: legacy driver is deprecated, please migrate to `esp_adc/adc_oneshot.h`[0m
[0;32mI (325) main_task: Started on CPU0[0m
[0;32mI (335) main_task: Calling app_main()[0m
[0;32mI (335) gpio: GPIO[18]| InputEn: 1| OutputEn: 0| OpenDrain: 0| Pullup: 1| Pulldown: 0| Intr:0 [0m
[0;32mI (335) gpio: GPIO[19]| InputEn: 0| OutputEn: 1| OpenDrain: 0| Pullup: 1| Pulldown: 0| Intr:0 [0m
Sending message: Hiiiii!
[0;32mI (365) gpio: GPIO[4]| InputEn: 0| OutputEn: 0| OpenDrain: 0| Pullup: 1| Pulldown: 0| Intr:0 [0m
[0;32mI (365) gpio: GPIO[5]| InputEn: 0| OutputEn: 0| OpenDrain: 0| Pullup: 1| Pulldown: 0| Intr:0 [0m
Guru Meditation Error: Core  0 panic'ed (LoadStoreError). Exception was unhandled.

Core  0 register dump:
PC      : 0x400d590f  PS      : 0x00060130  A0      : 0x800e70bb  A1      : 0x3ffb4fe0  
A2      : 0x00000003  A3      : 0x3f401cc0  A4      : 0x3f401d40  A5      : 0x0000014f  
A6      : 0x3f401cc0  A7      : 0x3ffb5010  A8      : 0x3f401cc0  A9      : 0x00000004  
A10     : 0x00000000  A11     : 0x00000004  A12     : 0x00000006  A13     : 0x00000013  
A14     : 0x00000001  A15     : 0x3ffb28d0  SAR     : 0x0000001b  EXCCAUSE: 0x00000003  
EXCVADDR: 0x3f401cc0  LBEG    : 0x400014fd  LEND    : 0x4000150d  LCOUNT  : 0xfffffffe  


Backtrace: 0x400d590c:0x3ffb4fe0 0x400e70b8:0x3ffb5010 0x4008719d:0x3ffb5040




ELF file SHA256: 29bc6fcdc

Rebooting...
ets Jul 29 2019 12:21:46

rst:0xc (SW_CPU_RESET),boot:0x13 (SPI_FAST_FLASH_BOOT)
configsip: 0, SPIWP:0xee
clk_drv:0x00,q_drv:0x00,d_drv:0x00,cs0_drv:0x00,hd_drv:0x00,wp_drv:0x00
mode:DIO, clock div:2
load:0x3fff0030,len:7172
load:0x40078000,len:15540
load:0x40080400,len:4
ho 8 tail 4 room 4
load:0x40080404,len:3904
entry 0x40080640
[0;32mI (31) boot: ESP-IDF v5.2.1-dirty 2nd stage bootloader[0m
[0;32mI (31) boot: compile time Jun 28 2024 03:55:22[0m
[0;32mI (31) boot: Multicore bootloader[0m
[0;32mI (36) boot: chip revision: v3.1[0m
[0;32mI (40) boot.esp32: SPI Speed      : 40MHz[0m
[0;32mI (44) boot.esp32: SPI Mode       : DIO[0m
[0;32mI (49) boot.esp32: SPI Flash Size : 2MB[0m
[0;32mI (53) boot: Enabling RNG early entropy source...[0m
[0;32mI (59) boot: Partition Table:[0m
[0;32mI (62) boot: ## Label            Usage          Type ST Offset   Length[0m
[0;32mI (70) boot:  0 nvs              WiFi data        01 02 00009000 00006000[0m
[0;32mI (77) boot:  1 phy_init         RF data          01 01 0000f000 00001000[0m
[0;32mI (84) boot:  2 factory          factory app      00 00 00010000 00100000[0m
[0;32mI (92) boot: End of partition table[0m
[0;32mI (96) esp_image: segment 0: paddr=00010020 vaddr=3f400020 size=0b3f8h ( 46072) map[0m
[0;32mI (120) esp_image: segment 1: paddr=0001b420 vaddr=3ffb0000 size=02254h (  8788) load[0m
[0;32mI (124) esp_image: segment 2: paddr=0001d67c vaddr=40080000 size=0299ch ( 10652) load[0m
[0;32mI (130) esp_image: segment 3: paddr=00020020 vaddr=400d0020 size=179a4h ( 96676) map[0m
[0;32mI (168) esp_image: segment 4: paddr=000379cc vaddr=4008299c size=0aefch ( 44796) load[0m
[0;32mI (192) boot: Loaded app from partition at offset 0x10000[0m
[0;32mI (193) boot: Disabling RNG early entropy source...[0m
[0;32mI (204) cpu_start: Multicore app[0m
[0;32mI (213) cpu_start: Pro cpu start user code[0m
[0;32mI (213) cpu_start: cpu freq: 160000000 Hz[0m
[0;32mI (213) cpu_start: Application information:[0m
[0;32mI (216) cpu_start: Project name:     NODE[0m
[0;32mI (221) cpu_start: App version:      1[0m
[0;32mI (225) cpu_start: Compile time:     Jun 28 2024 03:55:09[0m
[0;32mI (231) cpu_start: ELF file SHA256:  29bc6fcdc...[0m
[0;32mI (236) cpu_start: ESP-IDF:          v5.2.1-dirty[0m
[0;32mI (242) cpu_start: Min chip rev:     v0.0[0m
[0;32mI (246) cpu_start: Max chip rev:     v3.99 [0m
[0;32mI (251) cpu_start: Chip rev:         v3.1[0m
[0;32mI (256) heap_init: Initializing. RAM available for dynamic allocation:[0m
[0;32mI (263) heap_init: At 3FFAE6E0 len 00001920 (6 KiB): DRAM[0m
[0;32mI (269) heap_init: At 3FFB2D10 len 0002D2F0 (180 KiB): DRAM[0m
[0;32mI (276) heap_init: At 3FFE0440 len 00003AE0 (14 KiB): D/IRAM[0m
[0;32mI (282) heap_init: At 3FFE4350 len 0001BCB0 (111 KiB): D/IRAM[0m
[0;32mI (288) heap_init: At 4008D898 len 00012768 (73 KiB): IRAM[0m
[0;32mI (296) spi_flash: detected chip: generic[0m
[0;32mI (299) spi_flash: flash io: dio[0m
[0;33mW (303) spi_flash: Detected size(4096k) larger than the size in the binary image header(2048k). Using the size in the binary image header.[0m
[0;33mW (316) ADC: legacy driver is deprecated, please migrate to `esp_adc/adc_oneshot.h`[0m
[0;32mI (325) main_task: Started on CPU0[0m
[0;32mI (335) main_task: Calling app_main()[0m
[0;32mI (335) gpio: GPIO[18]| InputEn: 1| OutputEn: 0| OpenDrain: 0| Pullup: 1| Pulldown: 0| Intr:0 [0m
[0;32mI (335) gpio: GPIO[19]| InputEn: 0| OutputEn: 1| OpenDrain: 0| Pullup: 1| Pulldown: 0| Intr:0 [0m
Sending message: Hiiiii!
[0;32mI (365) gpio: GPIO[4]| InputEn: 0| OutputEn: 0| OpenDrain: 0| Pullup: 1| Pulldown: 0| Intr:0 [0m
[0;32mI (365) gpio: GPIO[5]| InputEn: 0| OutputEn: 0| OpenDrain: 0| Pullup: 1| Pulldown: 0| Intr:0 [0m
Guru Meditation Error: Core  0 panic'ed (LoadStoreError). Exception was unhandled.

Core  0 register dump:
PC      : 0x400d590f  PS      : 0x00060130  A0      : 0x800e70bb  A1      : 0x3ffb4fe0  
A2      : 0x00000003  A3      : 0x3f401cc0  A4      : 0x3f401d40  A5      : 0x0000014f  
A6      : 0x3f401cc0  A7      : 0x3ffb5010  A8      : 0x3f401cc0  A9      : 0x00000004  
A10     : 0x00000000  A11     : 0x00000004  A12     : 0x00000006  A13     : 0x00000013  
A14     : 0x00000001  A15     : 0x3ffb28d0  SAR     : 0x0000001b  EXCCAUSE: 0x00000003  
EXCVADDR: 0x3f401cc0  LBEG    : 0x400014fd  LEND    : 0x4000150d  LCOUNT  : 0xfffffffe  


Backtrace: 0x400d590c:0x3ffb4fe0 0x400e70b8:0x3ffb5010 0x4008719d:0x3ffb5040




ELF file SHA256: 29bc6fcdc

Rebooting...
ets Jul 29 2019 12:21:46

rst:0xc (SW_CPU_RESET),boot:0x13 (SPI_FAST_FLASH_BOOT)
configsip: 0, SPIWP:0xee
clk_drv:0x00,q_drv:0x00,d_drv:0x00,cs0_drv:0x00,hd_drv:0x00,wp_drv:0x00
mode:DIO, clock div:2
load:0x3fff0030,len:7172
load:0x40078000,len:15540
load:0x40080400,len:4
ho 8 tail 4 room 4
load:0x40080404,len:3904
entry 0x40080640
[0;32mI (31) boot: ESP-IDF v5.2.1-dirty 2nd stage bootloader[0m
[0;32mI (31) boot: compile time Jun 28 2024 03:55:22[0m
[0;32mI (31) boot: Multicore bootloader[0m
[0;32mI (36) boot: chip revision: v3.1[0m
[0;32mI (40) boot.esp32: SPI Speed      : 40MHz[0m
[0;32mI (44) boot.esp32: SPI Mode       : DIO[0m
[0;32mI (49) boot.esp32: SPI Flash Size : 2MB[0m
[0;32mI (53) boot: Enabling RNG early entropy source...[0m
[0;32mI (59) boot: Partition Table:[0m
[0;32mI (62) boot: ## Label            Usage          Type ST Offset   Length[0m
[0;32mI (70) boot:  0 nvs              WiFi data        01 02 00009000 00006000[0m
[0;32mI (77) boot:  1 phy_init         RF data          01 01 0000f000 00001000[0m
[0;32mI (84) boot:  2 factory          factory app      00 00 00010000 00100000[0m
[0;32mI (92) boot: End of partition table[0m
[0;32mI (96) esp_image: segment 0: paddr=00010020 vaddr=3f400020 size=0b3f8h ( 46072) map[0m
[0;32mI (120) esp_image: segment 1: paddr=0001b420 vaddr=3ffb0000 size=02254h (  8788) load[0m
[0;32mI (124) esp_image: segment 2: paddr=0001d67c vaddr=40080000 size=0299ch ( 10652) load[0m
[0;32mI (130) esp_image: segment 3: paddr=00020020 vaddr=400d0020 size=179a4h ( 96676) map[0m
[0;32mI (168) esp_image: segment 4: paddr=000379cc vaddr=4008299c size=0aefch ( 44796) load[0m
[0;32mI (192) boot: Loaded app from partition at offset 0x10000[0m
[0;32mI (193) boot: Disabling RNG early entropy source...[0m
[0;32mI (204) cpu_start: Multicore app[0m
[0;32mI (213) cpu_start: Pro cpu start user code[0m
[0;32mI (213) cpu_start: cpu freq: 160000000 Hz[0m
[0;32mI (213) cpu_start: Application information:[0m
[0;32mI (216) cpu_start: Project name:     NODE[0m
[0;32mI (221) cpu_start: App version:      1[0m
[0;32mI (225) cpu_start: Compile time:     Jun 28 2024 03:55:09[0m
[0;32mI (231) cpu_start: ELF file SHA256:  29bc6fcdc...[0m
[0;32mI (236) cpu_start: ESP-IDF:          v5.2.1-dirty[0m
[0;32mI (242) cpu_start: Min chip rev:     v0.0[0m
[0;32mI (246) cpu_start: Max chip rev:     v3.99 [0m
[0;32mI (251) cpu_start: Chip rev:         v3.1[0m
[0;32mI (256) heap_init: Initializing. RAM available for dynamic allocation:[0m
[0;32mI (263) heap_init: At 3FFAE6E0 len 00001920 (6 KiB): DRAM[0m
[0;32mI (269) heap_init: At 3FFB2D10 len 0002D2F0 (180 KiB): DRAM[0m
[0;32mI (276) heap_init: At 3FFE0440 len 00003AE0 (14 KiB): D/IRAM[0m
[0;32mI (282) heap_init: At 3FFE4350 len 0001BCB0 (111 KiB): D/IRAM[0m
[0;32mI (288) heap_init: At 4008D898 len 00012768 (73 KiB): IRAM[0m
[0;32mI (296) spi_flash: detected chip: generic[0m
[0;32mI (299) spi_flash: flash io: dio[0m
[0;33mW (303) spi_flash: Detected size(4096k) larger than the size in the binary image header(2048k). Using the size in the binary image header.[0m
[0;33mW (316) ADC: legacy driver is deprecated, please migrate to `esp_adc/adc_oneshot.h`[0m
[0;32mI (325) main_task: Started on CPU0[0m
[0;32mI (335) main_task: Calling app_main()[0m
[0;32mI (335) gpio: GPIO[18]| InputEn: 1| OutputEn: 0| OpenDrain: 0| Pullup: 1| Pulldown: 0| Intr:0 [0m
[0;32mI (335) gpio: GPIO[19]| InputEn: 0| OutputEn: 1| OpenDrain: 0| Pullup: 1| Pulldown: 0| Intr:0 [0m
Sending message: Hiiiii!
[0;32mI (365) gpio: GPIO[4]| InputEn: 0| OutputEn: 0| OpenDrain: 0| Pullup: 1| Pulldown: 0| Intr:0 [0m
[0;32mI (365) gpio: GPIO[5]| InputEn: 0| OutputEn: 0| OpenDrain: 0| Pullup: 1| Pulldown: 0| Intr:0 [0m
Guru Meditation Error: Core  0 panic'ed (LoadStoreError). Exception was unhandled.

Core  0 register dump:
PC      : 0x400d590f  PS      : 0x00060130  A0      : 0x800e70bb  A1      : 0x3ffb4fe0  
A2      : 0x00000003  A3      : 0x3f401cc0  A4      : 0x3f401d40  A5      : 0x0000014f  
A6      : 0x3f401cc0  A7      : 0x3ffb5010  A8      : 0x3f401cc0  A9      : 0x00000004  
A10     : 0x00000000  A11     : 0x00000004  A12     : 0x00000006  A13     : 0x00000013  
A14     : 0x00000001  A15     : 0x3ffb28d0  SAR     : 0x0000001b  EXCCAUSE: 0x00000003  
EXCVADDR: 0x3f401cc0  LBEG    : 0x400014fd  LEND    : 0x4000150d  LCOUNT  : 0xfffffffe  


Backtrace: 0x400d590c:0x3ffb4fe0 0x400e70b8:0x3ffb5010 0x4008719d:0x3ffb5040




ELF file SHA256: 29bc6fcdc

Rebooting...
ets Jul 29 2019 12:21:46

rst:0xc (SW_CPU_RESET),boot:0x13 (SPI_FAST_FLASH_BOOT)
configsip: 0, SPIWP:0xee
clk_drv:0x00,q_drv:0x00,d_drv:0x00,cs0_drv:0x00,hd_drv:0x00,wp_drv:0x00
mode:DIO, clock div:2
load:0x3fff0030,len:7172
load:0x40078000,len:15540
load:0x40080400,len:4
ho 8 tail 4 room 4
load:0x40080404,len:3904
entry 0x40080640
[0;32mI (31) boot: ESP-IDF v5.2.1-dirty 2nd stage bootloader[0m
[0;32mI (31) boot: compile time Jun 28 2024 03:55:22[0m
[0;32mI (31) boot: Multicore bootloader[0m
[0;32mI (36) boot: chip revision: v3.1[0m
[0;32mI (40) boot.esp32: SPI Speed      : 40MHz[0m
[0;32mI (44) boot.esp32: SPI Mode       : DIO[0m
[0;32mI (49) boot.esp32: SPI Flash Size : 2MB[0m
[0;32mI (53) boot: Enabling RNG early entropy source...[0m
[0;32mI (59) boot: Partition Table:[0m
[0;32mI (62) boot: ## Label            Usage          Type ST Offset   Length[0m
[0;32mI (70) boot:  0 nvs              WiFi data        01 02 00009000 00006000[0m
[0;32mI (77) boot:  1 phy_init         RF data          01 01 0000f000 00001000[0m
[0;32mI (84) boot:  2 factory          factory app      00 00 00010000 00100000[0m
[0;32mI (92) boot: End of partition table[0m
[0;32mI (96) esp_image: segment 0: paddr=00010020 vaddr=3f400020 size=0b3f8h ( 46072) map[0m
[0;32mI (120) esp_image: segment 1: paddr=0001b420 vaddr=3ffb0000 size=02254h (  8788) load[0m
[0;32mI (124) esp_image: segment 2: paddr=0001d67c vaddr=40080000 size=0299ch ( 10652) load[0m
[0;32mI (130) esp_image: segment 3: paddr=00020020 vaddr=400d0020 size=179a4h ( 96676) map[0m
[0;32mI (168) esp_image: segment 4: paddr=000379cc vaddr=4008299c size=0aefch ( 44796) load[0m
[0;32mI (192) boot: Loaded app from partition at offset 0x10000[0m
[0;32mI (193) boot: Disabling RNG early entropy source...[0m
[0;32mI (204) cpu_start: Multicore app[0m
[0;32mI (213) cpu_start: Pro cpu start user code[0m
[0;32mI (213) cpu_start: cpu freq: 160000000 Hz[0m
[0;32mI (213) cpu_start: Application information:[0m
[0;32mI (216) cpu_start: Project name:     NODE[0m
[0;32mI (220) cpu_start: App version:      1[0m
[0;32mI (225) cpu_start: Compile time:     Jun 28 2024 03:55:09[0m
[0;32mI (231) cpu_start: ELF file SHA256:  29bc6fcdc...[0m
[0;32mI (236) cpu_start: ESP-IDF:          v5.2.1-dirty[0m
[0;32mI (242) cpu_start: Min chip rev:     v0.0[0m
[0;32mI (246) cpu_start: Max chip rev:     v3.99 [0m
[0;32mI (251) cpu_start: Chip rev:         v3.1[0m
[0;32mI (256) heap_init: Initializing. RAM available for dynamic allocation:[0m
[0;32mI (263) heap_init: At 3FFAE6E0 len 00001920 (6 KiB): DRAM[0m
[0;32mI (269) heap_init: At 3FFB2D10 len 0002D2F0 (180 KiB): DRAM[0m
[0;32mI (276) heap_init: At 3FFE0440 len 00003AE0 (14 KiB): D/IRAM[0m
[0;32mI (282) heap_init: At 3FFE4350 len 0001BCB0 (111 KiB): D/IRAM[0m
[0;32mI (288) heap_init: At 4008D898 len 00012768 (73 KiB): IRAM[0m
[0;32mI (296) spi_flash: detected chip: generic[0m
[0;32mI (299) spi_flash: flash io: dio[0m
[0;33mW (303) spi_flash: Detected size(4096k) larger than the size in the binary image header(2048k). Using the size in the binary image header.[0m
[0;33mW (316) ADC: legacy driver is deprecated, please migrate to `esp_adc/adc_oneshot.h`[0m
[0;32mI (325) main_task: Started on CPU0[0m
[0;32mI (335) main_task: Calling app_main()[0m
[0;32mI (335) gpio: GPIO[18]| InputEn: 1| OutputEn: 0| OpenDrain: 0| Pullup: 1| Pulldown: 0| Intr:0 [0m
[0;32mI (335) gpio: GPIO[19]| InputEn: 0| OutputEn: 1| OpenDrain: 0| Pullup: 1| Pulldown: 0| Intr:0 [0m
Sending message: Hiiiii!
[0;32mI (365) gpio: GPIO[4]| InputEn: 0| OutputEn: 0| OpenDrain: 0| Pullup: 1| Pulldown: 0| Intr:0 [0m
[0;32mI (365) gpio: GPIO[5]| InputEn: 0| OutputEn: 0| OpenDrain: 0| Pullup: 1| Pulldown: 0| Intr:0 [0m
Guru Meditation Error: Core  0 panic'ed (LoadStoreError). Exception was unhandled.

Core  0 register dump:
PC      : 0x400d590f  PS      : 0x00060130  A0      : 0x800e70bb  A1      : 0x3ffb4fe0  
A2      : 0x00000003  A3      : 0x3f401cc0  A4      : 0x3f401d40  A5      : 0x0000014f  
A6      : 0x3f401cc0  A7      : 0x3ffb5010  A8      : 0x3f401cc0  A9      : 0x00000004  
A10     : 0x00000000  A11     : 0x00000004  A12     : 0x00000006  A13     : 0x00000013  
A14     : 0x00000001  A15     : 0x3ffb28d0  SAR     : 0x0000001b  EXCCAUSE: 0x00000003  
EXCVADDR: 0x3f401cc0  LBEG    : 0x400014fd  LEND    : 0x4000150d  LCOUNT  : 0xfffffffe  


Backtrace: 0x400d590c:0x3ffb4fe0 0x400e70b8:0x3ffb5010 0x4008719d:0x3ffb5040




ELF file SHA256: 29bc6fcdc

Rebooting...
ets Jul 29 2019 12:21:46

rst:0xc (SW_CPU_RESET),boot:0x13 (SPI_FAST_FLASH_BOOT)
configsip: 0, SPIWP:0xee
clk_drv:0x00,q_drv:0x00,d_drv:0x00,cs0_drv:0x00,hd_drv:0x00,wp_drv:0x00
mode:DIO, clock div:2
load:0x3fff0030,len:7172
load:0x40078000,len:15540
load:0x40080400,len:4
ho 8 tail 4 room 4
load:0x40080404,len:3904
entry 0x40080640
[0;32mI (31) boot: ESP-IDF v5.2.1-dirty 2nd stage bootloader[0m
[0;32mI (31) boot: compile time Jun 28 2024 03:55:22[0m
[0;32mI (31) boot: Multicore bootloader[0m
[0;32mI (36) boot: chip revision: v3.1[0m
[0;32mI (40) boot.esp32: SPI Speed      : 40MHz[0m
[0;32mI (44) boot.esp32: SPI Mode       : DIO[0m
[0;32mI (49) boot.esp32: SPI Flash Size : 2MB[0m
[0;32mI (53) boot: Enabling RNG early entropy source...[0m
[0;32mI (59) boot: Partition Table:[0m
[0;32mI (62) boot: ## Label            Usage          Type ST Offset   Length[0m
[0;32mI (70) boot:  0 nvs              WiFi data        01 02 00009000 00006000[0m
[0;32mI (77) boot:  1 phy_init         RF data          01 01 0000f000 00001000[0m
[0;32mI (84) boot:  2 factory          factory app      00 00 00010000 00100000[0m
[0;32mI (92) boot: End of partition table[0m
[0;32mI (96) esp_image: segment 0: paddr=00010020 vaddr=3f400020 size=0b3f8h ( 46072) map[0m
[0;32mI (120) esp_image: segment 1: paddr=0001b420 vaddr=3ffb0000 size=02254h (  8788) load[0m
[0;32mI (124) esp_image: segment 2: paddr=0001d67c vaddr=40080000 size=0299ch ( 10652) load[0m
[0;32mI (130) esp_image: segment 3: paddr=00020020 vaddr=400d0020 size=179a4h ( 96676) map[0m
[0;32mI (168) esp_image: segment 4: paddr=000379cc vaddr=4008299c size=0aefch ( 44796) load[0m
[0;32mI (192) boot: Loaded app from partition at offset 0x10000[0m
[0;32mI (193) boot: Disabling RNG early entropy source...[0m
[0;32mI (204) cpu_start: Multicore app[0m
[0;32mI (213) cpu_start: Pro cpu start user code[0m
[0;32mI (213) cpu_start: cpu freq: 160000000 Hz[0m
[0;32mI (213) cpu_start: Application information:[0m
[0;32mI (216) cpu_start: Project name:     NODE[0m
[0;32mI (220) cpu_start: App version:      1[0m
[0;32mI (225) cpu_start: Compile time:     Jun 28 2024 03:55:09[0m
[0;32mI (231) cpu_start: ELF file SHA256:  29bc6fcdc...[0m
[0;32mI (236) cpu_start: ESP-IDF:          v5.2.1-dirty[0m
[0;32mI (242) cpu_start: Min chip rev:     v0.0[0m
[0;32mI (246) cpu_start: Max chip rev:     v3.99 [0m
[0;32mI (251) cpu_start: Chip rev:         v3.1[0m
[0;32mI (256) heap_init: Initializing. RAM available for dynamic allocation:[0m
[0;32mI (263) heap_init: At 3FFAE6E0 len 00001920 (6 KiB): DRAM[0m
[0;32mI (269) heap_init: At 3FFB2D10 len 0002D2F0 (180 KiB): DRAM[0m
[0;32mI (276) heap_init: At 3FFE0440 len 00003AE0 (14 KiB): D/IRAM[0m
[0;32mI (282) heap_init: At 3FFE4350 len 0001BCB0 (111 KiB): D/IRAM[0m
[0;32mI (288) heap_init: At 4008D898 len 00012768 (73 KiB): IRAM[0m
[0;32mI (296) spi_flash: detected chip: generic[0m
[0;32mI (299) spi_flash: flash io: dio[0m
[0;33mW (303) spi_flash: Detected size(4096k) larger than the size in the binary image header(2048k). Using the size in the binary image header.[0m
[0;33mW (316) ADC: legacy driver is deprecated, please migrate to `esp_adc/adc_oneshot.h`[0m
[0;32mI (325) main_task: Started on CPU0[0m
[0;32mI (335) main_task: Calling app_main()[0m
[0;32mI (335) gpio: GPIO[18]| InputEn: 1| OutputEn: 0| OpenDrain: 0| Pullup: 1| Pulldown: 0| Intr:0 [0m
[0;32mI (335) gpio: GPIO[19]| InputEn: 0| OutputEn: 1| OpenDrain: 0| Pullup: 1| Pulldown: 0| Intr:0 [0m
Sending message: Hiiiii!
[0;32mI (365) gpio: GPIO[4]| InputEn: 0| OutputEn: 0| OpenDrain: 0| Pullup: 1| Pulldown: 0| Intr:0 [0m
[0;32mI (365) gpio: GPIO[5]| InputEn: 0| OutputEn: 0| OpenDrain: 0| Pullup: 1| Pulldown: 0| Intr:0 [0m
Guru Meditation Error: Core  0 panic'ed (LoadStoreError). Exception was unhandled.

Core  0 register dump:
PC      : 0x400d590f  PS      : 0x00060130  A0      : 0x800e70bb  A1      : 0x3ffb4fe0  
A2      : 0x00000003  A3      : 0x3f401cc0  A4      : 0x3f401d40  A5      : 0x0000014f  
A6      : 0x3f401cc0  A7      : 0x3ffb5010  A8      : 0x3f401cc0  A9      : 0x00000004  
A10     : 0x00000000  A11     : 0x00000004  A12     : 0x00000006  A13     : 0x00000013  
A14     : 0x00000001  A15     : 0x3ffb28d0  SAR     : 0x0000001b  EXCCAUSE: 0x00000003  
EXCVADDR: 0x3f401cc0  LBEG    : 0x400014fd  LEND    : 0x4000150d  LCOUNT  : 0xfffffffe  


Backtrace: 0x400d590c:0x3ffb4fe0 0x400e70b8:0x3ffb5010 0x4008719d:0x3ffb5040




ELF file SHA256: 29bc6fcdc

Rebooting...
ets Jul 29 2019 12:21:46

rst:0xc (SW_CPU_RESET),boot:0x13 (SPI_FAST_FLASH_BOOT)
configsip: 0, SPIWP:0xee
clk_drv:0x00,q_drv:0x00,d_drv:0x00,cs0_drv:0x00,hd_drv:0x00,wp_drv:0x00
mode:DIO, clock div:2
load:0x3fff0030,len:7172
load:0x40078000,len:15540
load:0x40080400,len:4
ho 8 tail 4 room 4
load:0x40080404,len:3904
entry 0x40080640
[0;32mI (31) boot: ESP-IDF v5.2.1-dirty 2nd stage bootloader[0m
[0;32mI (31) boot: compile time Jun 28 2024 03:55:22[0m
[0;32mI (31) boot: Multicore bootloader[0m
[0;32mI (36) boot: chip revision: v3.1[0m
[0;32mI (40) boot.esp32: SPI Speed      : 40MHz[0m
[0;32mI (44) boot.esp32: SPI Mode       : DIO[0m
[0;32mI (49) boot.esp32: SPI Flash Size : 2MB[0m
[0;32mI (53) boot: Enabling RNG early entropy source...[0m
[0;32mI (59) boot: Partition Table:[0m
[0;32mI (62) boot: ## Label            Usage          Type ST Offset   Length[0m
[0;32mI (70) boot:  0 nvs              WiFi data        01 02 00009000 00006000[0m
[0;32mI (77) boot:  1 phy_init         RF data          01 01 0000f000 00001000[0m
[0;32mI (84) boot:  2 factory          factory app      00 00 00010000 00100000[0m
[0;32mI (92) boot: End of partition table[0m
[0;32mI (96) esp_image: segment 0: paddr=00010020 vaddr=3f400020 size=0b3f8h ( 46072) map[0m
[0;32mI (120) esp_image: segment 1: paddr=0001b420 vaddr=3ffb0000 size=02254h (  8788) load[0m
[0;32mI (124) esp_image: segment 2: paddr=0001d67c vaddr=40080000 size=0299ch ( 10652) load[0m
[0;32mI (130) esp_image: segment 3: paddr=00020020 vaddr=400d0020 size=179a4h ( 96676) map[0m
[0;32mI (168) esp_image: segment 4: paddr=000379cc vaddr=4008299c size=0aefch ( 44796) load[0m
[0;32mI (192) boot: Loaded app from partition at offset 0x10000[0m
[0;32mI (193) boot: Disabling RNG early entropy source...[0m
[0;32mI (204) cpu_start: Multicore app[0m
[0;32mI (213) cpu_start: Pro cpu start user code[0m
[0;32mI (213) cpu_start: cpu freq: 160000000 Hz[0m
[0;32mI (213) cpu_start: Application information:[0m
[0;32mI (216) cpu_start: Project name:     NODE[0m
[0;32mI (221) cpu_start: App version:      1[0m
[0;32mI (225) cpu_start: Compile time:     Jun 28 2024 03:55:09[0m
[0;32mI (231) cpu_start: ELF file SHA256:  29bc6fcdc...[0m
[0;32mI (236) cpu_start: ESP-IDF:          v5.2.1-dirty[0m
[0;32mI (242) cpu_start: Min chip rev:     v0.0[0m
[0;32mI (246) cpu_start: Max chip rev:     v3.99 [0m
[0;32mI (251) cpu_start: Chip rev:         v3.1[0m
[0;32mI (256) heap_init: Initializing. RAM available for dynamic allocation:[0m
[0;32mI (263) heap_init: At 3FFAE6E0 len 00001920 (6 KiB): DRAM[0m
[0;32mI (269) heap_init: At 3FFB2D10 len 0002D2F0 (180 KiB): DRAM[0m
[0;32mI (276) heap_init: At 3FFE0440 len 00003AE0 (14 KiB): D/IRAM[0m
[0;32mI (282) heap_init: At 3FFE4350 len 0001BCB0 (111 KiB): D/IRAM[0m
[0;32mI (288) heap_init: At 4008D898 len 00012768 (73 KiB): IRAM[0m
[0;32mI (296) spi_flash: detected chip: generic[0m
[0;32mI (299) spi_flash: flash io: dio[0m
[0;33mW (303) spi_flash: Detected size(4096k) larger than the size in the binary image header(2048k). Using the size in the binary image header.[0m
[0;33mW (316) ADC: legacy driver is deprecated, please migrate to `esp_adc/adc_oneshot.h`[0m
[0;32mI (325) main_task: Started on CPU0[0m
[0;32mI (335) main_task: Calling app_main()[0m
[0;32mI (335) gpio: GPIO[18]| InputEn: 1| OutputEn: 0| OpenDrain: 0| Pullup: 1| Pulldown: 0| Intr:0 [0m
[0;32mI (335) gpio: GPIO[19]| InputEn: 0| OutputEn: 1| OpenDrain: 0| Pullup: 1| Pulldown: 0| Intr:0 [0m
Sending message: Hiiiii!
[0;32mI (365) gpio: GPIO[4]| InputEn: 0| OutputEn: 0| OpenDrain: 0| Pullup: 1| Pulldown: 0| Intr:0 [0m
[0;32mI (365) gpio: GPIO[5]| InputEn: 0| OutputEn: 0| OpenDrain: 0| Pullup: 1| Pulldown: 0| Intr:0 [0m
Guru Meditation Error: Core  0 panic'ed (LoadStoreError). Exception was unhandled.

Core  0 register dump:
PC      : 0x400d590f  PS      : 0x00060130  A0      : 0x800e70bb  A1      : 0x3ffb4fe0  
A2      : 0x00000003  A3      : 0x3f401cc0  A4      : 0x3f401d40  A5      : 0x0000014f  
A6      : 0x3f401cc0  A7      : 0x3ffb5010  A8      : 0x3f401cc0  A9      : 0x00000004  
A10     : 0x00000000  A11     : 0x00000004  A12     : 0x00000006  A13     : 0x00000013  
A14     : 0x00000001  A15     : 0x3ffb28d0  SAR     : 0x0000001b  EXCCAUSE: 0x00000003  
EXCVADDR: 0x3f401cc0  LBEG    : 0x400014fd  LEND    : 0x4000150d  LCOUNT  : 0xfffffffe  


Backtrace: 0x400d590c:0x3ffb4fe0 0x400e70b8:0x3ffb5010 0x4008719d:0x3ffb5040




ELF file SHA256: 29bc6fcdc

Rebooting...
ets Jul 29 2019 12:21:46

rst:0xc (SW_CPU_RESET),boot:0x13 (SPI_FAST_FLASH_BOOT)
configsip: 0, SPIWP:0xee
clk_drv:0x00,q_drv:0x00,d_drv:0x00,cs0_drv:0x00,hd_drv:0x00,wp_drv:0x00
mode:DIO, clock div:2
load:0x3fff0030,len:7172
load:0x40078000,len:15540
load:0x40080400,len:4
ho 8 tail 4 room 4
load:0x40080404,len:3904
entry 0x40080640
[0;32mI (31) boot: ESP-IDF v5.2.1-dirty 2nd stage bootloader[0m
[0;32mI (31) boot: compile time Jun 28 2024 03:55:22[0m
[0;32mI (31) boot: Multicore bootloader[0m
[0;32mI (36) boot: chip revision: v3.1[0m
[0;32mI (40) boot.esp32: SPI Speed      : 40MHz[0m
[0;32mI (44) boot.esp32: SPI Mode       : DIO[0m
[0;32mI (49) boot.esp32: SPI Flash Size : 2MB[0m
[0;32mI (53) boot: Enabling RNG early entropy source...[0m
[0;32mI (59) boot: Partition Table:[0m
[0;32mI (62) boot: ## Label            Usage          Type ST Offset   Length[0m
[0;32mI (70) boot:  0 nvs              WiFi data        01 02 00009000 00006000[0m
[0;32mI (77) boot:  1 phy_init         RF data          01 01 0000f000 00001000[0m
[0;32mI (84) boot:  2 factory          factory app      00 00 00010000 00100000[0m
[0;32mI (92) boot: End of partition table[0m
[0;32mI (96) esp_image: segment 0: paddr=00010020 vaddr=3f400020 size=0b3f8h ( 46072) map[0m
[0;32mI (120) esp_image: segment 1: paddr=0001b420 vaddr=3ffb0000 size=02254h (  8788) load[0m
[0;32mI (124) esp_image: segment 2: paddr=0001d67c vaddr=40080000 size=0299ch ( 10652) load[0m
[0;32mI (130) esp_image: segment 3: paddr=00020020 vaddr=400d0020 size=179a4h ( 96676) map[0m
[0;32mI (168) esp_image: segment 4: paddr=000379cc vaddr=4008299c size=0aefch ( 44796) load[0m
[0;32mI (192) boot: Loaded app from partition at offset 0x10000[0m
[0;32mI (193) boot: Disabling RNG early entropy source...[0m
[0;32mI (204) cpu_start: Multicore app[0m
[0;32mI (213) cpu_start: Pro cpu start user code[0m
[0;32mI (213) cpu_start: cpu freq: 160000000 Hz[0m
[0;32mI (213) cpu_start: Application information:[0m
[0;32mI (216) cpu_start: Project name:     NODE[0m
[0;32mI (220) cpu_start: App version:      1[0m
[0;32mI (225) cpu_start: Compile time:     Jun 28 2024 03:55:09[0m
[0;32mI (231) cpu_start: ELF file SHA256:  29bc6fcdc...[0m
[0;32mI (236) cpu_start: ESP-IDF:          v5.2.1-dirty[0m
[0;32mI (242) cpu_start: Min chip rev:     v0.0[0m
[0;32mI (246) cpu_start: Max chip rev:     v3.99 [0m
[0;32mI (251) cpu_start: Chip rev:         v3.1[0m
[0;32mI (256) heap_init: Initializing. RAM available for dynamic allocation:[0m
[0;32mI (263) heap_init: At 3FFAE6E0 len 00001920 (6 KiB): DRAM[0m
[0;32mI (269) heap_init: At 3FFB2D10 len 0002D2F0 (180 KiB): DRAM[0m
[0;32mI (276) heap_init: At 3FFE0440 len 00003AE0 (14 KiB): D/IRAM[0m
[0;32mI (282) heap_init: At 3FFE4350 len 0001BCB0 (111 KiB): D/IRAM[0m
[0;32mI (288) heap_init: At 4008D898 len 00012768 (73 KiB): IRAM[0m
[0;32mI (296) spi_flash: detected chip: generic[0m
[0;32mI (299) spi_flash: flash io: dio[0m
[0;33mW (303) spi_flash: Detected size(4096k) larger than the size in the binary image header(2048k). Using the size in the binary image header.[0m
[0;33mW (316) ADC: legacy driver is deprecated, please migrate to `esp_adc/adc_oneshot.h`[0m
[0;32mI (325) main_task: Started on CPU0[0m
[0;32mI (335) main_task: Calling app_main()[0m
[0;32mI (335) gpio: GPIO[18]| InputEn: 1| OutputEn: 0| OpenDrain: 0| Pullup: 1| Pulldown: 0| Intr:0 [0m
[0;32mI (335) gpio: GPIO[19]| InputEn: 0| OutputEn: 1| OpenDrain: 0| Pullup: 1| Pulldown: 0| Intr:0 [0m
Sending message: Hiiiii!
[0;32mI (365) gpio: GPIO[4]| InputEn: 0| OutputEn: 0| OpenDrain: 0| Pullup: 1| Pulldown: 0| Intr:0 [0m
[0;32mI (365) gpio: GPIO[5]| InputEn: 0| OutputEn: 0| OpenDrain: 0| Pullup: 1| Pulldown: 0| Intr:0 [0m
Guru Meditation Error: Core  0 panic'ed (LoadStoreError). Exception was unhandled.

Core  0 register dump:
PC      : 0x400d590f  PS      : 0x00060130  A0      : 0x800e70bb  A1      : 0x3ffb4fe0  
A2      : 0x00000003  A3      : 0x3f401cc0  A4      : 0x3f401d40  A5      : 0x0000014f  
A6      : 0x3f401cc0  A7      : 0x3ffb5010  A8      : 0x3f401cc0  A9      : 0x00000004  
A10     : 0x00000000  A11     : 0x00000004  A12     : 0x00000006  A13     : 0x00000013  
A14     : 0x00000001  A15     : 0x3ffb28d0  SAR     : 0x0000001b  EXCCAUSE: 0x00000003  
EXCVADDR: 0x3f401cc0  LBEG    : 0x400014fd  LEND    : 0x4000150d  LCOUNT  : 0xfffffffe  


Backtrace: 0x400d590c:0x3ffb4fe0 0x400e70b8:0x3ffb5010 0x4008719d:0x3ffb5040




ELF file SHA256: 29bc6fcdc

Rebooting...
ets Jul 29 2019 12:21:46

rst:0xc (SW_CPU_RESET),boot:0x13 (SPI_FAST_FLASH_BOOT)
configsip: 0, SPIWP:0xee
clk_drv:0x00,q_drv:0x00,d_drv:0x00,cs0_drv:0x00,hd_drv:0x00,wp_drv:0x00
mode:DIO, clock div:2
load:0x3fff0030,len:7172
load:0x40078000,len:15540
load:0x40080400,len:4
ho 8 tail 4 room 4
load:0x40080404,len:3904
entry 0x40080640
[0;32mI (31) boot: ESP-IDF v5.2.1-dirty 2nd stage bootloader[0m
[0;32mI (31) boot: compile time Jun 28 2024 03:55:22[0m
[0;32mI (31) boot: Multicore bootloader[0m
[0;32mI (36) boot: chip revision: v3.1[0m
[0;32mI (40) boot.esp32: SPI Speed      : 40MHz[0m
[0;32mI (44) boot.esp32: SPI Mode       : DIO[0m
[0;32mI (49) boot.esp32: SPI Flash Size : 2MB[0m
[0;32mI (53) boot: Enabling RNG early entropy source...[0m
[0;32mI (59) boot: Partition Table:[0m
[0;32mI (62) boot: ## Label            Usage          Type ST Offset   Length[0m
[0;32mI (70) boot:  0 nvs              WiFi data        01 02 00009000 00006000[0m
[0;32mI (77) boot:  1 phy_init         RF data          01 01 0000f000 00001000[0m
[0;32mI (84) boot:  2 factory          factory app      00 00 00010000 00100000[0m
[0;32mI (92) boot: End of partition table[0m
[0;32mI (96) esp_image: segment 0: paddr=00010020 vaddr=3f400020 size=0b3f8h ( 46072) map[0m
[0;32mI (120) esp_image: segment 1: paddr=0001b420 vaddr=3ffb0000 size=02254h (  8788) load[0m
[0;32mI (124) esp_image: segment 2: paddr=0001d67c vaddr=40080000 size=0299ch ( 10652) load[0m
[0;32mI (130) esp_image: segment 3: paddr=00020020 vaddr=400d0020 size=179a4h ( 96676) map[0m
[0;32mI (168) esp_image: segment 4: paddr=000379cc vaddr=4008299c size=0aefch ( 44796) load[0m
[0;32mI (192) boot: Loaded app from partition at offset 0x10000[0m
[0;32mI (193) boot: Disabling RNG early entropy source...[0m
[0;32mI (204) cpu_start: Multicore app[0m
[0;32mI (213) cpu_start: Pro cpu start user code[0m
[0;32mI (213) cpu_start: cpu freq: 160000000 Hz[0m
[0;32mI (213) cpu_start: Application information:[0m
[0;32mI (216) cpu_start: Project name:     NODE[0m
[0;32mI (220) cpu_start: App version:      1[0m
[0;32mI (225) cpu_start: Compile time:     Jun 28 2024 03:55:09[0m
[0;32mI (231) cpu_start: ELF file SHA256:  29bc6fcdc...[0m
[0;32mI (236) cpu_start: ESP-IDF:          v5.2.1-dirty[0m
[0;32mI (242) cpu_start: Min chip rev:     v0.0[0m
[0;32mI (246) cpu_start: Max chip rev:     v3.99 [0m
[0;32mI (251) cpu_start: Chip rev:         v3.1[0m
[0;32mI (256) heap_init: Initializing. RAM available for dynamic allocation:[0m
[0;32mI (263) heap_init: At 3FFAE6E0 len 00001920 (6 KiB): DRAM[0m
[0;32mI (269) heap_init: At 3FFB2D10 len 0002D2F0 (180 KiB): DRAM[0m
[0;32mI (276) heap_init: At 3FFE0440 len 00003AE0 (14 KiB): D/IRAM[0m
[0;32mI (282) heap_init: At 3FFE4350 len 0001BCB0 (111 KiB): D/IRAM[0m
[0;32mI (288) heap_init: At 4008D898 len 00012768 (73 KiB): IRAM[0m
[0;32mI (296) spi_flash: detected chip: generic[0m
[0;32mI (299) spi_flash: flash io: dio[0m
[0;33mW (303) spi_flash: Detected size(4096k) larger than the size in the binary image header(2048k). Using the size in the binary image header.[0m
[0;33mW (316) ADC: legacy driver is deprecated, please migrate to `esp_adc/adc_oneshot.h`[0m
[0;32mI (325) main_task: Started on CPU0[0m
[0;32mI (335) main_task: Calling app_main()[0m
[0;32mI (335) gpio: GPIO[18]| InputEn: 1| OutputEn: 0| OpenDrain: 0| Pullup: 1| Pulldown: 0| Intr:0 [0m
[0;32mI (335) gpio: GPIO[19]| InputEn: 0| OutputEn: 1| OpenDrain: 0| Pullup: 1| Pulldown: 0| Intr:0 [0m
Sending message: Hiiiii!
[0;32mI (365) gpio: GPIO[4]| InputEn: 0| OutputEn: 0| OpenDrain: 0| Pullup: 1| Pulldown: 0| Intr:0 [0m
[0;32mI (365) gpio: GPIO[5]| InputEn: 0| OutputEn: 0| OpenDrain: 0| Pullup: 1| Pulldown: 0| Intr:0 [0m
Guru Meditation Error: Core  0 panic'ed (LoadStoreError). Exception was unhandled.

Core  0 register dump:
PC      : 0x400d590f  PS      : 0x00060130  A0      : 0x800e70bb  A1      : 0x3ffb4fe0  
A2      : 0x00000003  A3      : 0x3f401cc0  A4      : 0x3f401d40  A5      : 0x0000014f  
A6      : 0x3f401cc0  A7      : 0x3ffb5010  A8      : 0x3f401cc0  A9      : 0x00000004  
A10     : 0x00000000  A11     : 0x00000004  A12     : 0x00000006  A13     : 0x00000013  
A14     : 0x00000001  A15     : 0x3ffb28d0  SAR     : 0x0000001b  EXCCAUSE: 0x00000003  
EXCVADDR: 0x3f401cc0  LBEG    : 0x400014fd  LEND    : 0x4000150d  LCOUNT  : 0xfffffffe  


Backtrace: 0x400d590c:0x3ffb4fe0 0x400e70b8:0x3ffb5010 0x4008719d:0x3ffb5040




ELF file SHA256: 29bc6fcdc

Rebooting...
ets Jul 29 2019 12:21:46

rst:0xc (SW_CPU_RESET),boot:0x13 (SPI_FAST_FLASH_BOOT)
configsip: 0, SPIWP:0xee
clk_drv:0x00,q_drv:0x00,d_drv:0x00,cs0_drv:0x00,hd_drv:0x00,wp_drv:0x00
mode:DIO, clock div:2
load:0x3fff0030,len:7172
load:0x40078000,len:15540
load:0x40080400,len:4
ho 8 tail 4 room 4
load:0x40080404,len:3904
entry 0x40080640
[0;32mI (31) boot: ESP-IDF v5.2.1-dirty 2nd stage bootloader[0m
[0;32mI (31) boot: compile time Jun 28 2024 03:55:22[0m
[0;32mI (31) boot: Multicore bootloader[0m
[0;32mI (36) boot: chip revision: v3.1[0m
[0;32mI (40) boot.esp32: SPI Speed      : 40MHz[0m
[0;32mI (44) boot.esp32: SPI Mode       : DIO[0m
[0;32mI (49) boot.esp32: SPI Flash Size : 2MB[0m
[0;32mI (53) boot: Enabling RNG early entropy source...[0m
[0;32mI (59) boot: Partition Table:[0m
[0;32mI (62) boot: ## Label            Usage          Type ST Offset   Length[0m
[0;32mI (70) boot:  0 nvs              WiFi data        01 02 00009000 00006000[0m
[0;32mI (77) boot:  1 phy_init         RF data          01 01 0000f000 00001000[0m
[0;32mI (84) boot:  2 factory          factory app      00 00 00010000 00100000[0m
[0;32mI (92) boot: End of partition table[0m
[0;32mI (96) esp_image: segment 0: paddr=00010020 vaddr=3f400020 size=0b3f8h ( 46072) map[0m
[0;32mI (120) esp_image: segment 1: paddr=0001b420 vaddr=3ffb0000 size=02254h (  8788) load[0m
[0;32mI (124) esp_image: segment 2: paddr=0001d67c vaddr=40080000 size=0299ch ( 10652) load[0m
[0;32mI (130) esp_image: segment 3: paddr=00020020 vaddr=400d0020 size=179a4h ( 96676) map[0m
[0;32mI (168) esp_image: segment 4: paddr=000379cc vaddr=4008299c size=0aefch ( 44796) load[0m
[0;32mI (192) boot: Loaded app from partition at offset 0x10000[0m
[0;32mI (193) boot: Disabling RNG early entropy source...[0m
[0;32mI (204) cpu_start: Multicore app[0m
[0;32mI (213) cpu_start: Pro cpu start user code[0m
[0;32mI (213) cpu_start: cpu freq: 160000000 Hz[0m
[0;32mI (213) cpu_start: Application information:[0m
[0;32mI (216) cpu_start: Project name:     NODE[0m
[0;32mI (220) cpu_start: App version:      1[0m
[0;32mI (225) cpu_start: Compile time:     Jun 28 2024 03:55:09[0m
[0;32mI (231) cpu_start: ELF file SHA256:  29bc6fcdc...[0m
[0;32mI (236) cpu_start: ESP-IDF:          v5.2.1-dirty[0m
[0;32mI (242) cpu_start: Min chip rev:     v0.0[0m
[0;32mI (246) cpu_start: Max chip rev:     v3.99 [0m
[0;32mI (251) cpu_start: Chip rev:         v3.1[0m
[0;32mI (256) heap_init: Initializing. RAM available for dynamic allocation:[0m
[0;32mI (263) heap_init: At 3FFAE6E0 len 00001920 (6 KiB): DRAM[0m
[0;32mI (269) heap_init: At 3FFB2D10 len 0002D2F0 (180 KiB): DRAM[0m
[0;32mI (276) heap_init: At 3FFE0440 len 00003AE0 (14 KiB): D/IRAM[0m
[0;32mI (282) heap_init: At 3FFE4350 len 0001BCB0 (111 KiB): D/IRAM[0m
[0;32mI (288) heap_init: At 4008D898 len 00012768 (73 KiB): IRAM[0m
[0;32mI (296) spi_flash: detected chip: generic[0m
[0;32mI (299) spi_flash: flash io: dio[0m
[0;33mW (303) spi_flash: Detected size(4096k) larger than the size in the binary image header(2048k). Using the size in the binary image header.[0m
[0;33mW (316) ADC: legacy driver is deprecated, please migrate to `esp_adc/adc_oneshot.h`[0m
[0;32mI (325) main_task: Started on CPU0[0m
[0;32mI (335) main_task: Calling app_main()[0m
[0;32mI (335) gpio: GPIO[18]| InputEn: 1| OutputEn: 0| OpenDrain: 0| Pullup: 1| Pulldown: 0| Intr:0 [0m
[0;32mI (335) gpio: GPIO[19]| InputEn: 0| OutputEn: 1| OpenDrain: 0| Pullup: 1| Pulldown: 0| Intr:0 [0m
Sending message: Hiiiii!
[0;32mI (365) gpio: GPIO[4]| InputEn: 0| OutputEn: 0| OpenDrain: 0| Pullup: 1| Pulldown: 0| Intr:0 [0m
[0;32mI (365) gpio: GPIO[5]| InputEn: 0| OutputEn: 0| OpenDrain: 0| Pullup: 1| Pulldown: 0| Intr:0 [0m
Guru Meditation Error: Core  0 panic'ed (LoadStoreError). Exception was unhandled.

Core  0 register dump:
PC      : 0x400d590f  PS      : 0x00060130  A0      : 0x800e70bb  A1      : 0x3ffb4fe0  
A2      : 0x00000003  A3      : 0x3f401cc0  A4      : 0x3f401d40  A5      : 0x0000014f  
A6      : 0x3f401cc0  A7      : 0x3ffb5010  A8      : 0x3f401cc0  A9      : 0x00000004  
A10     : 0x00000000  A11     : 0x00000004  A12     : 0x00000006  A13     : 0x00000013  
A14     : 0x00000001  A15     : 0x3ffb28d0  SAR     : 0x0000001b  EXCCAUSE: 0x00000003  
EXCVADDR: 0x3f401cc0  LBEG    : 0x400014fd  LEND    : 0x4000150d  LCOUNT  : 0xfffffffe  


Backtrace: 0x400d590c:0x3ffb4fe0 0x400e70b8:0x3ffb5010 0x4008719d:0x3ffb5040




ELF file SHA256: 29bc6fcdc

Rebooting...
ets Jul 29 2019 12:21:46

rst:0xc (SW_CPU_RESET),boot:0x13 (SPI_FAST_FLASH_BOOT)
configsip: 0, SPIWP:0xee
clk_drv:0x00,q_drv:0x00,d_drv:0x00,cs0_drv:0x00,hd_drv:0x00,wp_drv:0x00
mode:DIO, clock div:2
load:0x3fff0030,len:7172
load:0x40078000,len:15540
load:0x40080400,len:4
ho 8 tail 4 room 4
load:0x40080404,len:3904
entry 0x40080640
[0;32mI (31) boot: ESP-IDF v5.2.1-dirty 2nd stage bootloader[0m
[0;32mI (31) boot: compile time Jun 28 2024 03:55:22[0m
[0;32mI (31) boot: Multicore bootloader[0m
[0;32mI (36) boot: chip revision: v3.1[0m
[0;32mI (40) boot.esp32: SPI Speed      : 40MHz[0m
[0;32mI (44) boot.esp32: SPI Mode       : DIO[0m
[0;32mI (49) boot.esp32: SPI Flash Size : 2MB[0m
[0;32mI (53) boot: Enabling RNG early entropy source...[0m
[0;32mI (59) boot: Partition Table:[0m
[0;32mI (62) boot: ## Label            Usage          Type ST Offset   Length[0m
[0;32mI (70) boot:  0 nvs              WiFi data        01 02 00009000 00006000[0m
[0;32mI (77) boot:  1 phy_init         RF data          01 01 0000f000 00001000[0m
[0;32mI (84) boot:  2 factory          factory app      00 00 00010000 00100000[0m
[0;32mI (92) boot: End of partition table[0m
[0;32mI (96) esp_image: segment 0: paddr=00010020 vaddr=3f400020 size=0b3f8h ( 46072) map[0m
[0;32mI (120) esp_image: segment 1: paddr=0001b420 vaddr=3ffb0000 size=02254h (  8788) load[0m
[0;32mI (124) esp_image: segment 2: paddr=0001d67c vaddr=40080000 size=0299ch ( 10652) load[0m
[0;32mI (130) esp_image: segment 3: paddr=00020020 vaddr=400d0020 size=179a4h ( 96676) map[0m
[0;32mI (168) esp_image: segment 4: paddr=000379cc vaddr=4008299c size=0aefch ( 44796) load[0m
[0;32mI (192) boot: Loaded app from partition at offset 0x10000[0m
[0;32mI (193) boot: Disabling RNG early entropy source...[0m
[0;32mI (204) cpu_start: Multicore app[0m
[0;32mI (213) cpu_start: Pro cpu start user code[0m
[0;32mI (213) cpu_start: cpu freq: 160000000 Hz[0m
[0;32mI (213) cpu_start: Application information:[0m
[0;32mI (216) cpu_start: Project name:     NODE[0m
[0;32mI (221) cpu_start: App version:      1[0m
[0;32mI (225) cpu_start: Compile time:     Jun 28 2024 03:55:09[0m
[0;32mI (231) cpu_start: ELF file SHA256:  29bc6fcdc...[0m
[0;32mI (236) cpu_start: ESP-IDF:          v5.2.1-dirty[0m
[0;32mI (242) cpu_start: Min chip rev:     v0.0[0m
[0;32mI (246) cpu_start: Max chip rev:     v3.99 [0m
[0;32mI (251) cpu_start: Chip rev:         v3.1[0m
[0;32mI (256) heap_init: Initializing. RAM available for dynamic allocation:[0m
[0;32mI (263) heap_init: At 3FFAE6E0 len 00001920 (6 KiB): DRAM[0m
[0;32mI (269) heap_init: At 3FFB2D10 len 0002D2F0 (180 KiB): DRAM[0m
[0;32mI (276) heap_init: At 3FFE0440 len 00003AE0 (14 KiB): D/IRAM[0m
[0;32mI (282) heap_init: At 3FFE4350 len 0001BCB0 (111 KiB): D/IRAM[0m
[0;32mI (288) heap_init: At 4008D898 len 00012768 (73 KiB): IRAM[0m
[0;32mI (296) spi_flash: detected chip: generic[0m
[0;32mI (299) spi_flash: flash io: dio[0m
[0;33mW (303) spi_flash: Detected size(4096k) larger than the size in the binary image header(2048k). Using the size in the binary image header.[0m
[0;33mW (316) ADC: legacy driver is deprecated, please migrate to `esp_adc/adc_oneshot.h`[0m
[0;32mI (325) main_task: Started on CPU0[0m
[0;32mI (335) main_task: Calling app_main()[0m
[0;32mI (335) gpio: GPIO[18]| InputEn: 1| OutputEn: 0| OpenDrain: 0| Pullup: 1| Pulldown: 0| Intr:0 [0m
[0;32mI (335) gpio: GPIO[19]| InputEn: 0| OutputEn: 1| OpenDrain: 0| Pullup: 1| Pulldown: 0| Intr:0 [0m
Sending message: Hiiiii!
[0;32mI (365) gpio: GPIO[4]| InputEn: 0| OutputEn: 0| OpenDrain: 0| Pullup: 1| Pulldown: 0| Intr:0 [0m
[0;32mI (365) gpio: GPIO[5]| InputEn: 0| OutputEn: 0| OpenDrain: 0| Pullup: 1| Pulldown: 0| Intr:0 [0m
Guru Meditation Error: Core  0 panic'ed (LoadStoreError). Exception was unhandled.

Core  0 register dump:
PC      : 0x400d590f  PS      : 0x00060130  A0      : 0x800e70bb  A1      : 0x3ffb4fe0  
A2      : 0x00000003  A3      : 0x3f401cc0  A4      : 0x3f401d40  A5      : 0x0000014f  
A6      : 0x3f401cc0  A7      : 0x3ffb5010  A8      : 0x3f401cc0  A9      : 0x00000004  
A10     : 0x00000000  A11     : 0x00000004  A12     : 0x00000006  A13     : 0x00000013  
A14     : 0x00000001  A15     : 0x3ffb28d0  SAR     : 0x0000001b  EXCCAUSE: 0x00000003  
EXCVADDR: 0x3f401cc0  LBEG    : 0x400014fd  LEND    : 0x4000150d  LCOUNT  : 0xfffffffe  


Backtrace: 0x400d590c:0x3ffb4fe0 0x400e70b8:0x3ffb5010 0x4008719d:0x3ffb5040




ELF file SHA256: 29bc6fcdc

Rebooting...
ets Jul 29 2019 12:21:46

rst:0xc (SW_CPU_RESET),boot:0x13 (SPI_FAST_FLASH_BOOT)
configsip: 0, SPIWP:0xee
clk_drv:0x00,q_drv:0x00,d_drv:0x00,cs0_drv:0x00,hd_drv:0x00,wp_drv:0x00
mode:DIO, clock div:2
load:0x3fff0030,len:7172
load:0x40078000,len:15540
load:0x40080400,len:4
ho 8 tail 4 room 4
load:0x40080404,len:3904
entry 0x40080640
[0;32mI (31) boot: ESP-IDF v5.2.1-dirty 2nd stage bootloader[0m
[0;32mI (31) boot: compile time Jun 28 2024 03:55:22[0m
[0;32mI (31) boot: Multicore bootloader[0m
[0;32mI (36) boot: chip revision: v3.1[0m
[0;32mI (40) boot.esp32: SPI Speed      : 40MHz[0m
[0;32mI (44) boot.esp32: SPI Mode       : DIO[0m
[0;32mI (49) boot.esp32: SPI Flash Size : 2MB[0m
[0;32mI (53) boot: Enabling RNG early entropy source...[0m
[0;32mI (59) boot: Partition Table:[0m
[0;32mI (62) boot: ## Label            Usage          Type ST Offset   Length[0m
[0;32mI (70) boot:  0 nvs              WiFi data        01 02 00009000 00006000[0m
[0;32mI (77) boot:  1 phy_init         RF data          01 01 0000f000 00001000[0m
[0;32mI (84) boot:  2 factory          factory app      00 00 00010000 00100000[0m
[0;32mI (92) boot: End of partition table[0m
[0;32mI (96) esp_image: segment 0: paddr=00010020 vaddr=3f400020 size=0b3f8h ( 46072) map[0m
[0;32mI (120) esp_image: segment 1: paddr=0001b420 vaddr=3ffb0000 size=02254h (  8788) load[0m
[0;32mI (124) esp_image: segment 2: paddr=0001d67c vaddr=40080000 size=0299ch ( 10652) load[0m
[0;32mI (130) esp_image: segment 3: paddr=00020020 vaddr=400d0020 size=179a4h ( 96676) map[0m
[0;32mI (168) esp_image: segment 4: paddr=000379cc vaddr=4008299c size=0aefch ( 44796) load[0m
[0;32mI (192) boot: Loaded app from partition at offset 0x10000[0m
[0;32mI (193) boot: Disabling RNG early entropy source...[0m
[0;32mI (204) cpu_start: Multicore app[0m
[0;32mI (213) cpu_start: Pro cpu start user code[0m
[0;32mI (213) cpu_start: cpu freq: 160000000 Hz[0m
[0;32mI (213) cpu_start: Application information:[0m
[0;32mI (216) cpu_start: Project name:     NODE[0m
[0;32mI (221) cpu_start: App version:      1[0m
[0;32mI (225) cpu_start: Compile time:     Jun 28 2024 03:55:09[0m
[0;32mI (231) cpu_start: ELF file SHA256:  29bc6fcdc...[0m
[0;32mI (236) cpu_start: ESP-IDF:          v5.2.1-dirty[0m
[0;32mI (242) cpu_start: Min chip rev:     v0.0[0m
[0;32mI (246) cpu_start: Max chip rev:     v3.99 [0m
[0;32mI (251) cpu_start: Chip rev:         v3.1[0m
[0;32mI (256) heap_init: Initializing. RAM available for dynamic allocation:[0m
[0;32mI (263) heap_init: At 3FFAE6E0 len 00001920 (6 KiB): DRAM[0m
[0;32mI (269) heap_init: At 3FFB2D10 len 0002D2F0 (180 KiB): DRAM[0m
[0;32mI (276) heap_init: At 3FFE0440 len 00003AE0 (14 KiB): D/IRAM[0m
[0;32mI (282) heap_init: At 3FFE4350 len 0001BCB0 (111 KiB): D/IRAM[0m
[0;32mI (288) heap_init: At 4008D898 len 00012768 (73 KiB): IRAM[0m
[0;32mI (296) spi_flash: detected chip: generic[0m
[0;32mI (299) spi_flash: flash io: dio[0m
[0;33mW (303) spi_flash: Detected size(4096k) larger than the size in the binary image header(2048k). Using the size in the binary image header.[0m
[0;33mW (316) ADC: legacy driver is deprecated, please migrate to `esp_adc/adc_oneshot.h`[0m
[0;32mI (325) main_task: Started on CPU0[0m
[0;32mI (335) main_task: Calling app_main()[0m
[0;32mI (335) gpio: GPIO[18]| InputEn: 1| OutputEn: 0| OpenDrain: 0| Pullup: 1| Pulldown: 0| Intr:0 [0m
[0;32mI (335) gpio: GPIO[19]| InputEn: 0| OutputEn: 1| OpenDrain: 0| Pullup: 1| Pulldown: 0| Intr:0 [0m
Sending message: Hiiiii!
[0;32mI (365) gpio: GPIO[4]| InputEn: 0| OutputEn: 0| OpenDrain: 0| Pullup: 1| Pulldown: 0| Intr:0 [0m
[0;32mI (365) gpio: GPIO[5]| InputEn: 0| OutputEn: 0| OpenDrain: 0| Pullup: 1| Pulldown: 0| Intr:0 [0m
Guru Meditation Error: Core  0 panic'ed (LoadStoreError). Exception was unhandled.

Core  0 register dump:
PC      : 0x400d590f  PS      : 0x00060130  A0      : 0x800e70bb  A1      : 0x3ffb4fe0  
A2      : 0x00000003  A3      : 0x3f401cc0  A4      : 0x3f401d40  A5      : 0x0000014f  
A6      : 0x3f401cc0  A7      : 0x3ffb5010  A8      : 0x3f401cc0  A9      : 0x00000004  
A10     : 0x00000000  A11     : 0x00000004  A12     : 0x00000006  A13     : 0x00000013  
A14     : 0x00000001  A15     : 0x3ffb28d0  SAR     : 0x0000001b  EXCCAUSE: 0x00000003  
EXCVADDR: 0x3f401cc0  LBEG    : 0x400014fd  LEND    : 0x4000150d  LCOUNT  : 0xfffffffe  


Backtrace: 0x400d590c:0x3ffb4fe0 0x400e70b8:0x3ffb5010 0x4008719d:0x3ffb5040




ELF file SHA256: 29bc6fcdc

Rebooting...
ets Jul 29 2019 12:21:46

rst:0xc (SW_CPU_RESET),boot:0x13 (SPI_FAST_FLASH_BOOT)
configsip: 0, SPIWP:0xee
clk_drv:0x00,q_drv:0x00,d_drv:0x00,cs0_drv:0x00,hd_drv:0x00,wp_drv:0x00
mode:DIO, clock div:2
load:0x3fff0030,len:7172
load:0x40078000,len:15540
load:0x40080400,len:4
ho 8 tail 4 room 4
load:0x40080404,len:3904
entry 0x40080640
[0;32mI (31) boot: ESP-IDF v5.2.1-dirty 2nd stage bootloader[0m
[0;32mI (31) boot: compile time Jun 28 2024 03:55:22[0m
[0;32mI (31) boot: Multicore bootloader[0m
[0;32mI (36) boot: chip revision: v3.1[0m
[0;32mI (40) boot.esp32: SPI Speed      : 40MHz[0m
[0;32mI (44) boot.esp32: SPI Mode       : DIO[0m
[0;32mI (49) boot.esp32: SPI Flash Size : 2MB[0m
[0;32mI (53) boot: Enabling RNG early entropy source...[0m
[0;32mI (59) boot: Partition Table:[0m
[0;32mI (62) boot: ## Label            Usage          Type ST Offset   Length[0m
[0;32mI (70) boot:  0 nvs              WiFi data        01 02 00009000 00006000[0m
[0;32mI (77) boot:  1 phy_init         RF data          01 01 0000f000 00001000[0m
[0;32mI (84) boot:  2 factory          factory app      00 00 00010000 00100000[0m
[0;32mI (92) boot: End of partition table[0m
[0;32mI (96) esp_image: segment 0: paddr=00010020 vaddr=3f400020 size=0b3f8h ( 46072) map[0m
[0;32mI (120) esp_image: segment 1: paddr=0001b420 vaddr=3ffb0000 size=02254h (  8788) load[0m
[0;32mI (124) esp_image: segment 2: paddr=0001d67c vaddr=40080000 size=0299ch ( 10652) load[0m
[0;32mI (130) esp_image: segment 3: paddr=00020020 vaddr=400d0020 size=179a4h ( 96676) map[0m
[0;32mI (168) esp_image: segment 4: paddr=000379cc vaddr=4008299c size=0aefch ( 44796) load[0m
[0;32mI (192) boot: Loaded app from partition at offset 0x10000[0m
[0;32mI (193) boot: Disabling RNG early entropy source...[0m
[0;32mI (204) cpu_start: Multicore app[0m
[0;32mI (213) cpu_start: Pro cpu start user code[0m
[0;32mI (213) cpu_start: cpu freq: 160000000 Hz[0m
[0;32mI (213) cpu_start: Application information:[0m
[0;32mI (216) cpu_start: Project name:     NODE[0m
[0;32mI (221) cpu_start: App version:      1[0m
[0;32mI (225) cpu_start: Compile time:     Jun 28 2024 03:55:09[0m
[0;32mI (231) cpu_start: ELF file SHA256:  29bc6fcdc...[0m
[0;32mI (236) cpu_start: ESP-IDF:          v5.2.1-dirty[0m
[0;32mI (242) cpu_start: Min chip rev:     v0.0[0m
[0;32mI (246) cpu_start: Max chip rev:     v3.99 [0m
[0;32mI (251) cpu_start: Chip rev:         v3.1[0m
[0;32mI (256) heap_init: Initializing. RAM available for dynamic allocation:[0m
[0;32mI (263) heap_init: At 3FFAE6E0 len 00001920 (6 KiB): DRAM[0m
[0;32mI (269) heap_init: At 3FFB2D10 len 0002D2F0 (180 KiB): DRAM[0m
[0;32mI (276) heap_init: At 3FFE0440 len 00003AE0 (14 KiB): D/IRAM[0m
[0;32mI (282) heap_init: At 3FFE4350 len 0001BCB0 (111 KiB): D/IRAM[0m
[0;32mI (288) heap_init: At 4008D898 len 00012768 (73 KiB): IRAM[0m
[0;32mI (296) spi_flash: detected chip: generic[0m
[0;32mI (299) spi_flash: flash io: dio[0m
[0;33mW (303) spi_flash: Detected size(4096k) larger than the size in the binary image header(2048k). Using the size in the binary image header.[0m
[0;33mW (316) ADC: legacy driver is deprecated, please migrate to `esp_adc/adc_oneshot.h`[0m
[0;32mI (325) main_task: Started on CPU0[0m
[0;32mI (335) main_task: Calling app_main()[0m
[0;32mI (335) gpio: GPIO[18]| InputEn: 1| OutputEn: 0| OpenDrain: 0| Pullup: 1| Pulldown: 0| Intr:0 [0m
[0;32mI (335) gpio: GPIO[19]| InputEn: 0| OutputEn: 1| OpenDrain: 0| Pullup: 1| Pulldown: 0| Intr:0 [0m
Sending message: Hiiiii!
[0;32mI (365) gpio: GPIO[4]| InputEn: 0| OutputEn: 0| OpenDrain: 0| Pullup: 1| Pulldown: 0| Intr:0 [0m
[0;32mI (365) gpio: GPIO[5]| InputEn: 0| OutputEn: 0| OpenDrain: 0| Pullup: 1| Pulldown: 0| Intr:0 [0m
Guru Meditation Error: Core  0 panic'ed (LoadStoreError). Exception was unhandled.

Core  0 register dump:
PC      : 0x400d590f  PS      : 0x00060130  A0      : 0x800e70bb  A1      : 0x3ffb4fe0  
A2      : 0x00000003  A3      : 0x3f401cc0  A4      : 0x3f401d40  A5      : 0x0000014f  
A6      : 0x3f401cc0  A7      : 0x3ffb5010  A8      : 0x3f401cc0  A9      : 0x00000004  
A10     : 0x00000000  A11     : 0x00000004  A12     : 0x00000006  A13     : 0x00000013  
A14     : 0x00000001  A15     : 0x3ffb28d0  SAR     : 0x0000001b  EXCCAUSE: 0x00000003  
EXCVADDR: 0x3f401cc0  LBEG    : 0x400014fd  LEND    : 0x4000150d  LCOUNT  : 0xfffffffe  


Backtrace: 0x400d590c:0x3ffb4fe0 0x400e70b8:0x3ffb5010 0x4008719d:0x3ffb5040




ELF file SHA256: 29bc6fcdc

Rebooting...
ets Jul 29 2019 12:21:46

rst:0xc (SW_CPU_RESET),boot:0x13 (SPI_FAST_FLASH_BOOT)
configsip: 0, SPIWP:0xee
clk_drv:0x00,q_drv:0x00,d_drv:0x00,cs0_drv:0x00,hd_drv:0x00,wp_drv:0x00
mode:DIO, clock div:2
load:0x3fff0030,len:7172
load:0x40078000,len:15540
load:0x40080400,len:4
ho 8 tail 4 room 4
load:0x40080404,len:3904
entry 0x40080640
[0;32mI (31) boot: ESP-IDF v5.2.1-dirty 2nd stage bootloader[0m
[0;32mI (31) boot: compile time Jun 28 2024 03:55:22[0m
[0;32mI (31) boot: Multicore bootloader[0m
[0;32mI (36) boot: chip revision: v3.1[0m
[0;32mI (40) boot.esp32: SPI Speed      : 40MHz[0m
[0;32mI (44) boot.esp32: SPI Mode       : DIO[0m
[0;32mI (49) boot.esp32: SPI Flash Size : 2MB[0m
[0;32mI (53) boot: Enabling RNG early entropy source...[0m
[0;32mI (59) boot: Partition Table:[0m
[0;32mI (62) boot: ## Label            Usage          Type ST Offset   Length[0m
[0;32mI (70) boot:  0 nvs              WiFi data        01 02 00009000 00006000[0m
[0;32mI (77) boot:  1 phy_init         RF data          01 01 0000f000 00001000[0m
[0;32mI (84) boot:  2 factory          factory app      00 00 00010000 00100000[0m
[0;32mI (92) boot: End of partition table[0m
[0;32mI (96) esp_image: segment 0: paddr=00010020 vaddr=3f400020 size=0b3f8h ( 46072) map[0m
[0;32mI (120) esp_image: segment 1: paddr=0001b420 vaddr=3ffb0000 size=02254h (  8788) load[0m
[0;32mI (124) esp_image: segment 2: paddr=0001d67c vaddr=40080000 size=0299ch ( 10652) load[0m
[0;32mI (130) esp_image: segment 3: paddr=00020020 vaddr=400d0020 size=179a4h ( 96676) map[0m
[0;32mI (168) esp_image: segment 4: paddr=000379cc vaddr=4008299c size=0aefch ( 44796) load[0m
[0;32mI (192) boot: Loaded app from partition at offset 0x10000[0m
[0;32mI (193) boot: Disabling RNG early entropy source...[0m
[0;32mI (204) cpu_start: Multicore app[0m
[0;32mI (213) cpu_start: Pro cpu start user code[0m
[0;32mI (213) cpu_start: cpu freq: 160000000 Hz[0m
[0;32mI (213) cpu_start: Application information:[0m
[0;32mI (216) cpu_start: Project name:     NODE[0m
[0;32mI (221) cpu_start: App version:      1[0m
[0;32mI (225) cpu_start: Compile time:     Jun 28 2024 03:55:09[0m
[0;32mI (231) cpu_start: ELF file SHA256:  29bc6fcdc...[0m
[0;32mI (236) cpu_start: ESP-IDF:          v5.2.1-dirty[0m
[0;32mI (242) cpu_start: Min chip rev:     v0.0[0m
[0;32mI (246) cpu_start: Max chip rev:     v3.99 [0m
[0;32mI (251) cpu_start: Chip rev:         v3.1[0m
[0;32mI (256) heap_init: Initializing. RAM available for dynamic allocation:[0m
[0;32mI (263) heap_init: At 3FFAE6E0 len 00001920 (6 KiB): DRAM[0m
[0;32mI (269) heap_init: At 3FFB2D10 len 0002D2F0 (180 KiB): DRAM[0m
[0;32mI (276) heap_init: At 3FFE0440 len 00003AE0 (14 KiB): D/IRAM[0m
[0;32mI (282) heap_init: At 3FFE4350 len 0001BCB0 (111 KiB): D/IRAM[0m
[0;32mI (288) heap_init: At 4008D898 len 00012768 (73 KiB): IRAM[0m
[0;32mI (296) spi_flash: detected chip: generic[0m
[0;32mI (299) spi_flash: flash io: dio[0m
[0;33mW (303) spi_flash: Detected size(4096k) larger than the size in the binary image header(2048k). Using the size in the binary image header.[0m
[0;33mW (316) ADC: legacy driver is deprecated, please migrate to `esp_adc/adc_oneshot.h`[0m
[0;32mI (325) main_task: Started on CPU0[0m
[0;32mI (335) main_task: Calling app_main()[0m
[0;32mI (335) gpio: GPIO[18]| InputEn: 1| OutputEn: 0| OpenDrain: 0| Pullup: 1| Pulldown: 0| Intr:0 [0m
[0;32mI (335) gpio: GPIO[19]| InputEn: 0| OutputEn: 1| OpenDrain: 0| Pullup: 1| Pulldown: 0| Intr:0 [0m
Sending message: Hiiiii!
[0;32mI (365) gpio: GPIO[4]| InputEn: 0| OutputEn: 0| OpenDrain: 0| Pullup: 1| Pulldown: 0| Intr:0 [0m
[0;32mI (365) gpio: GPIO[5]| InputEn: 0| OutputEn: 0| OpenDrain: 0| Pullup: 1| Pulldown: 0| Intr:0 [0m
Guru Meditation Error: Core  0 panic'ed (LoadStoreError). Exception was unhandled.

Core  0 register dump:
PC      : 0x400d590f  PS      : 0x00060130  A0      : 0x800e70bb  A1      : 0x3ffb4fe0  
A2      : 0x00000003  A3      : 0x3f401cc0  A4      : 0x3f401d40  A5      : 0x0000014f  
A6      : 0x3f401cc0  A7      : 0x3ffb5010  A8      : 0x3f401cc0  A9      : 0x00000004  
A10     : 0x00000000  A11     : 0x00000004  A12     : 0x00000006  A13     : 0x00000013  
A14     : 0x00000001  A15     : 0x3ffb28d0  SAR     : 0x0000001b  EXCCAUSE: 0x00000003  
EXCVADDR: 0x3f401cc0  LBEG    : 0x400014fd  LEND    : 0x4000150d  LCOUNT  : 0xfffffffe  


Backtrace: 0x400d590c:0x3ffb4fe0 0x400e70b8:0x3ffb5010 0x4008719d:0x3ffb5040




ELF file SHA256: 29bc6fcdc

Rebooting...
ets Jul 29 2019 12:21:46

rst:0xc (SW_CPU_RESET),boot:0x13 (SPI_FAST_FLASH_BOOT)
configsip: 0, SPIWP:0xee
clk_drv:0x00,q_drv:0x00,d_drv:0x00,cs0_drv:0x00,hd_drv:0x00,wp_drv:0x00
mode:DIO, clock div:2
load:0x3fff0030,len:7172
load:0x40078000,len:15540
load:0x40080400,len:4
ho 8 tail 4 room 4
load:0x40080404,len:3904
entry 0x40080640
[0;32mI (31) boot: ESP-IDF v5.2.1-dirty 2nd stage bootloader[0m
[0;32mI (31) boot: compile time Jun 28 2024 03:55:22[0m
[0;32mI (31) boot: Multicore bootloader[0m
[0;32mI (36) boot: chip revision: v3.1[0m
[0;32mI (40) boot.esp32: SPI Speed      : 40MHz[0m
[0;32mI (44) boot.esp32: SPI Mode       : DIO[0m
[0;32mI (49) boot.esp32: SPI Flash Size : 2MB[0m
[0;32mI (53) boot: Enabling RNG early entropy source...[0m
[0;32mI (59) boot: Partition Table:[0m
[0;32mI (62) boot: ## Label            Usage          Type ST Offset   Length[0m
[0;32mI (70) boot:  0 nvs              WiFi data        01 02 00009000 00006000[0m
[0;32mI (77) boot:  1 phy_init         RF data          01 01 0000f000 00001000[0m
[0;32mI (84) boot:  2 factory          factory app      00 00 00010000 00100000[0m
[0;32mI (92) boot: End of partition table[0m
[0;32mI (96) esp_image: segment 0: paddr=00010020 vaddr=3f400020 size=0b3f8h ( 46072) map[0m
[0;32mI (120) esp_image: segment 1: paddr=0001b420 vaddr=3ffb0000 size=02254h (  8788) load[0m
[0;32mI (124) esp_image: segment 2: paddr=0001d67c vaddr=40080000 size=0299ch ( 10652) load[0m
[0;32mI (130) esp_image: segment 3: paddr=00020020 vaddr=400d0020 size=179a4h ( 96676) map[0m
[0;32mI (168) esp_image: segment 4: paddr=000379cc vaddr=4008299c size=0aefch ( 44796) load[0m
[0;32mI (192) boot: Loaded app from partition at offset 0x10000[0m
[0;32mI (193) boot: Disabling RNG early entropy source...[0m
[0;32mI (204) cpu_start: Multicore app[0m
[0;32mI (213) cpu_start: Pro cpu start user code[0m
[0;32mI (213) cpu_start: cpu freq: 160000000 Hz[0m
[0;32mI (213) cpu_start: Application information:[0m
[0;32mI (216) cpu_start: Project name:     NODE[0m
[0;32mI (221) cpu_start: App version:      1[0m
[0;32mI (225) cpu_start: Compile time:     Jun 28 2024 03:55:09[0m
[0;32mI (231) cpu_start: ELF file SHA256:  29bc6fcdc...[0m
[0;32mI (236) cpu_start: ESP-IDF:          v5.2.1-dirty[0m
[0;32mI (242) cpu_start: Min chip rev:     v0.0[0m
[0;32mI (246) cpu_start: Max chip rev:     v3.99 [0m
[0;32mI (251) cpu_start: Chip rev:         v3.1[0m
[0;32mI (256) heap_init: Initializing. RAM available for dynamic allocation:[0m
[0;32mI (263) heap_init: At 3FFAE6E0 len 00001920 (6 KiB): DRAM[0m
[0;32mI (269) heap_init: At 3FFB2D10 len 0002D2F0 (180 KiB): DRAM[0m
[0;32mI (276) heap_init: At 3FFE0440 len 00003AE0 (14 KiB): D/IRAM[0m
[0;32mI (282) heap_init: At 3FFE4350 len 0001BCB0 (111 KiB): D/IRAM[0m
[0;32mI (288) heap_init: At 4008D898 len 00012768 (73 KiB): IRAM[0m
[0;32mI (296) spi_flash: detected chip: generic[0m
[0;32mI (299) spi_flash: flash io: dio[0m
[0;33mW (303) spi_flash: Detected size(4096k) larger than the size in the binary image header(2048k). Using the size in the binary image header.[0m
[0;33mW (316) ADC: legacy driver is deprecated, please migrate to `esp_adc/adc_oneshot.h`[0m
[0;32mI (325) main_task: Started on CPU0[0m
[0;32mI (335) main_task: Calling app_main()[0m
[0;32mI (335) gpio: GPIO[18]| InputEn: 1| OutputEn: 0| OpenDrain: 0| Pullup: 1| Pulldown: 0| Intr:0 [0m
[0;32mI (335) gpio: GPIO[19]| InputEn: 0| OutputEn: 1| OpenDrain: 0| Pullup: 1| Pulldown: 0| Intr:0 [0m
Sending message: Hiiiii!
[0;32mI (365) gpio: GPIO[4]| InputEn: 0| OutputEn: 0| OpenDrain: 0| Pullup: 1| Pulldown: 0| Intr:0 [0m
[0;32mI (365) gpio: GPIO[5]| InputEn: 0| OutputEn: 0| OpenDrain: 0| Pullup: 1| Pulldown: 0| Intr:0 [0m
Guru Meditation Error: Core  0 panic'ed (LoadStoreError). Exception was unhandled.

Core  0 register dump:
PC      : 0x400d590f  PS      : 0x00060130  A0      : 0x800e70bb  A1      : 0x3ffb4fe0  
A2      : 0x00000003  A3      : 0x3f401cc0  A4      : 0x3f401d40  A5      : 0x0000014f  
A6      : 0x3f401cc0  A7      : 0x3ffb5010  A8      : 0x3f401cc0  A9      : 0x00000004  
A10     : 0x00000000  A11     : 0x00000004  A12     : 0x00000006  A13     : 0x00000013  
A14     : 0x00000001  A15     : 0x3ffb28d0  SAR     : 0x0000001b  EXCCAUSE: 0x00000003  
EXCVADDR: 0x3f401cc0  LBEG    : 0x400014fd  LEND    : 0x4000150d  LCOUNT  : 0xfffffffe  


Backtrace: 0x400d590c:0x3ffb4fe0 0x400e70b8:0x3ffb5010 0x4008719d:0x3ffb5040




ELF file SHA256: 29bc6fcdc

Rebooting...
ets Jul 29 2019 12:21:46

rst:0xc (SW_CPU_RESET),boot:0x13 (SPI_FAST_FLASH_BOOT)
configsip: 0, SPIWP:0xee
clk_drv:0x00,q_drv:0x00,d_drv:0x00,cs0_drv:0x00,hd_drv:0x00,wp_drv:0x00
mode:DIO, clock div:2
load:0x3fff0030,len:7172
load:0x40078000,len:15540
load:0x40080400,len:4
ho 8 tail 4 room 4
load:0x40080404,len:3904
entry 0x40080640
[0;32mI (31) boot: ESP-IDF v5.2.1-dirty 2nd stage bootloader[0m
[0;32mI (31) boot: compile time Jun 28 2024 03:55:22[0m
[0;32mI (31) boot: Multicore bootloader[0m
[0;32mI (36) boot: chip revision: v3.1[0m
[0;32mI (40) boot.esp32: SPI Speed      : 40MHz[0m
[0;32mI (44) boot.esp32: SPI Mode       : DIO[0m
[0;32mI (49) boot.esp32: SPI Flash Size : 2MB[0m
[0;32mI (53) boot: Enabling RNG early entropy source...[0m
[0;32mI (59) boot: Partition Table:[0m
[0;32mI (62) boot: ## Label            Usage          Type ST Offset   Length[0m
[0;32mI (70) boot:  0 nvs              WiFi data        01 02 00009000 00006000[0m
[0;32mI (77) boot:  1 phy_init         RF data          01 01 0000f000 00001000[0m
[0;32mI (84) boot:  2 factory          factory app      00 00 00010000 00100000[0m
[0;32mI (92) boot: End of partition table[0m
[0;32mI (96) esp_image: segment 0: paddr=00010020 vaddr=3f400020 size=0b3f8h ( 46072) map[0m
[0;32mI (120) esp_image: segment 1: paddr=0001b420 vaddr=3ffb0000 size=02254h (  8788) load[0m
[0;32mI (124) esp_image: segment 2: paddr=0001d67c vaddr=40080000 size=0299ch ( 10652) load[0m
[0;32mI (130) esp_image: segment 3: paddr=00020020 vaddr=400d0020 size=179a4h ( 96676) map[0m
[0;32mI (168) esp_image: segment 4: paddr=000379cc vaddr=4008299c size=0aefch ( 44796) load[0m
[0;32mI (192) boot: Loaded app from partition at offset 0x10000[0m
[0;32mI (193) boot: Disabling RNG early entropy source...[0m
[0;32mI (204) cpu_start: Multicore app[0m
[0;32mI (213) cpu_start: Pro cpu start user code[0m
[0;32mI (213) cpu_start: cpu freq: 160000000 Hz[0m
[0;32mI (213) cpu_start: Application information:[0m
[0;32mI (216) cpu_start: Project name:     NODE[0m
[0;32mI (221) cpu_start: App version:      1[0m
[0;32mI (225) cpu_start: Compile time:     Jun 28 2024 03:55:09[0m
[0;32mI (231) cpu_start: ELF file SHA256:  29bc6fcdc...[0m
[0;32mI (236) cpu_start: ESP-IDF:          v5.2.1-dirty[0m
[0;32mI (242) cpu_start: Min chip rev:     v0.0[0m
[0;32mI (246) cpu_start: Max chip rev:     v3.99 [0m
[0;32mI (251) cpu_start: Chip rev:         v3.1[0m
[0;32mI (256) heap_init: Initializing. RAM available for dynamic allocation:[0m
[0;32mI (263) heap_init: At 3FFAE6E0 len 00001920 (6 KiB): DRAM[0m
[0;32mI (269) heap_init: At 3FFB2D10 len 0002D2F0 (180 KiB): DRAM[0m
[0;32mI (276) heap_init: At 3FFE0440 len 00003AE0 (14 KiB): D/IRAM[0m
[0;32mI (282) heap_init: At 3FFE4350 len 0001BCB0 (111 KiB): D/IRAM[0m
[0;32mI (288) heap_init: At 4008D898 len 00012768 (73 KiB): IRAM[0m
[0;32mI (296) spi_flash: detected chip: generic[0m
[0;32mI (299) spi_flash: flash io: dio[0m
[0;33mW (303) spi_flash: Detected size(4096k) larger than the size in the binary image header(2048k). Using the size in the binary image header.[0m
[0;33mW (316) ADC: legacy driver is deprecated, please migrate to `esp_adc/adc_oneshot.h`[0m
[0;32mI (325) main_task: Started on CPU0[0m
[0;32mI (335) main_task: Calling app_main()[0m
[0;32mI (335) gpio: GPIO[18]| InputEn: 1| OutputEn: 0| OpenDrain: 0| Pullup: 1| Pulldown: 0| Intr:0 [0m
[0;32mI (335) gpio: GPIO[19]| InputEn: 0| OutputEn: 1| OpenDrain: 0| Pullup: 1| Pulldown: 0| Intr:0 [0m
Sending message: Hiiiii!
[0;32mI (365) gpio: GPIO[4]| InputEn: 0| OutputEn: 0| OpenDrain: 0| Pullup: 1| Pulldown: 0| Intr:0 [0m
[0;32mI (365) gpio: GPIO[5]| InputEn: 0| OutputEn: 0| OpenDrain: 0| Pullup: 1| Pulldown: 0| Intr:0 [0m
Guru Meditation Error: Core  0 panic'ed (LoadStoreError). Exception was unhandled.

Core  0 register dump:
PC      : 0x400d590f  PS      : 0x00060130  A0      : 0x800e70bb  A1      : 0x3ffb4fe0  
A2      : 0x00000003  A3      : 0x3f401cc0  A4      : 0x3f401d40  A5      : 0x0000014f  
A6      : 0x3f401cc0  A7      : 0x3ffb5010  A8      : 0x3f401cc0  A9      : 0x00000004  
A10     : 0x00000000  A11     : 0x00000004  A12     : 0x00000006  A13     : 0x00000013  
A14     : 0x00000001  A15     : 0x3ffb28d0  SAR     : 0x0000001b  EXCCAUSE: 0x00000003  
EXCVADDR: 0x3f401cc0  LBEG    : 0x400014fd  LEND    : 0x4000150d  LCOUNT  : 0xfffffffe  


Backtrace: 0x400d590c:0x3ffb4fe0 0x400e70b8:0x3ffb5010 0x4008719d:0x3ffb5040




ELF file SHA256: 29bc6fcdc

Rebooting...
ets Jul 29 2019 12:21:46

rst:0xc (SW_CPU_RESET),boot:0x13 (SPI_FAST_FLASH_BOOT)
configsip: 0, SPIWP:0xee
clk_drv:0x00,q_drv:0x00,d_drv:0x00,cs0_drv:0x00,hd_drv:0x00,wp_drv:0x00
mode:DIO, clock div:2
load:0x3fff0030,len:7172
load:0x40078000,len:15540
load:0x40080400,len:4
ho 8 tail 4 room 4
load:0x40080404,len:3904
entry 0x40080640
[0;32mI (31) boot: ESP-IDF v5.2.1-dirty 2nd stage bootloader[0m
[0;32mI (31) boot: compile time Jun 28 2024 03:55:22[0m
[0;32mI (31) boot: Multicore bootloader[0m
[0;32mI (36) boot: chip revision: v3.1[0m
[0;32mI (40) boot.esp32: SPI Speed      : 40MHz[0m
[0;32mI (44) boot.esp32: SPI Mode       : DIO[0m
[0;32mI (49) boot.esp32: SPI Flash Size : 2MB[0m
[0;32mI (53) boot: Enabling RNG early entropy source...[0m
[0;32mI (59) boot: Partition Table:[0m
[0;32mI (62) boot: ## Label            Usage          Type ST Offset   Length[0m
[0;32mI (70) boot:  0 nvs              WiFi data        01 02 00009000 00006000[0m
[0;32mI (77) boot:  1 phy_init         RF data          01 01 0000f000 00001000[0m
[0;32mI (84) boot:  2 factory          factory app      00 00 00010000 00100000[0m
[0;32mI (92) boot: End of partition table[0m
[0;32mI (96) esp_image: segment 0: paddr=00010020 vaddr=3f400020 size=0b3f8h ( 46072) map[0m
[0;32mI (120) esp_image: segment 1: paddr=0001b420 vaddr=3ffb0000 size=02254h (  8788) load[0m
[0;32mI (124) esp_image: segment 2: paddr=0001d67c vaddr=40080000 size=0299ch ( 10652) load[0m
[0;32mI (130) esp_image: segment 3: paddr=00020020 vaddr=400d0020 size=179a4h ( 96676) map[0m
[0;32mI (168) esp_image: segment 4: paddr=000379cc vaddr=4008299c size=0aefch ( 44796) load[0m
[0;32mI (192) boot: Loaded app from partition at offset 0x10000[0m
[0;32mI (193) boot: Disabling RNG early entropy source...[0m
[0;32mI (204) cpu_start: Multicore app[0m
[0;32mI (213) cpu_start: Pro cpu start user code[0m
[0;32mI (213) cpu_start: cpu freq: 160000000 Hz[0m
[0;32mI (213) cpu_start: Application information:[0m
[0;32mI (216) cpu_start: Project name:     NODE[0m
[0;32mI (221) cpu_start: App version:      1[0m
[0;32mI (225) cpu_start: Compile time:     Jun 28 2024 03:55:09[0m
[0;32mI (231) cpu_start: ELF file SHA256:  29bc6fcdc...[0m
[0;32mI (236) cpu_start: ESP-IDF:          v5.2.1-dirty[0m
[0;32mI (242) cpu_start: Min chip rev:     v0.0[0m
[0;32mI (246) cpu_start: Max chip rev:     v3.99 [0m
[0;32mI (251) cpu_start: Chip rev:         v3.1[0m
[0;32mI (256) heap_init: Initializing. RAM available for dynamic allocation:[0m
[0;32mI (263) heap_init: At 3FFAE6E0 len 00001920 (6 KiB): DRAM[0m
[0;32mI (269) heap_init: At 3FFB2D10 len 0002D2F0 (180 KiB): DRAM[0m
[0;32mI (276) heap_init: At 3FFE0440 len 00003AE0 (14 KiB): D/IRAM[0m
[0;32mI (282) heap_init: At 3FFE4350 len 0001BCB0 (111 KiB): D/IRAM[0m
[0;32mI (288) heap_init: At 4008D898 len 00012768 (73 KiB): IRAM[0m
[0;32mI (296) spi_flash: detected chip: generic[0m
[0;32mI (299) spi_flash: flash io: dio[0m
[0;33mW (303) spi_flash: Detected size(4096k) larger than the size in the binary image header(2048k). Using the size in the binary image header.[0m
[0;33mW (316) ADC: legacy driver is deprecated, please migrate to `esp_adc/adc_oneshot.h`[0m
[0;32mI (325) main_task: Started on CPU0[0m
[0;32mI (335) main_task: Calling app_main()[0m
[0;32mI (335) gpio: GPIO[18]| InputEn: 1| OutputEn: 0| OpenDrain: 0| Pullup: 1| Pulldown: 0| Intr:0 [0m
[0;32mI (335) gpio: GPIO[19]| InputEn: 0| OutputEn: 1| OpenDrain: 0| Pullup: 1| Pulldown: 0| Intr:0 [0m
Sending message: Hiiiii!
[0;32mI (365) gpio: GPIO[4]| InputEn: 0| OutputEn: 0| OpenDrain: 0| Pullup: 1| Pulldown: 0| Intr:0 [0m
[0;32mI (365) gpio: GPIO[5]| InputEn: 0| OutputEn: 0| OpenDrain: 0| Pullup: 1| Pulldown: 0| Intr:0 [0m
Guru Meditation Error: Core  0 panic'ed (LoadStoreError). Exception was unhandled.

Core  0 register dump:
PC      : 0x400d590f  PS      : 0x00060130  A0      : 0x800e70bb  A1      : 0x3ffb4fe0  
A2      : 0x00000003  A3      : 0x3f401cc0  A4      : 0x3f401d40  A5      : 0x0000014f  
A6      : 0x3f401cc0  A7      : 0x3ffb5010  A8      : 0x3f401cc0  A9      : 0x00000004  
A10     : 0x00000000  A11     : 0x00000004  A12     : 0x00000006  A13     : 0x00000013  
A14     : 0x00000001  A15     : 0x3ffb28d0  SAR     : 0x0000001b  EXCCAUSE: 0x00000003  
EXCVADDR: 0x3f401cc0  LBEG    : 0x400014fd  LEND    : 0x4000150d  LCOUNT  : 0xfffffffe  


Backtrace: 0x400d590c:0x3ffb4fe0 0x400e70b8:0x3ffb5010 0x4008719d:0x3ffb5040




ELF file SHA256: 29bc6fcdc

Rebooting...
ets Jul 29 2019 12:21:46

rst:0xc (SW_CPU_RESET),boot:0x13 (SPI_FAST_FLASH_BOOT)
configsip: 0, SPIWP:0xee
clk_drv:0x00,q_drv:0x00,d_drv:0x00,cs0_drv:0x00,hd_drv:0x00,wp_drv:0x00
mode:DIO, clock div:2
load:0x3fff0030,len:7172
load:0x40078000,len:15540
load:0x40080400,len:4
ho 8 tail 4 room 4
load:0x40080404,len:3904
entry 0x40080640
[0;32mI (31) boot: ESP-IDF v5.2.1-dirty 2nd stage bootloader[0m
[0;32mI (31) boot: compile time Jun 28 2024 03:55:22[0m
[0;32mI (31) boot: Multicore bootloader[0m
[0;32mI (36) boot: chip revision: v3.1[0m
[0;32mI (40) boot.esp32: SPI Speed      : 40MHz[0m
[0;32mI (44) boot.esp32: SPI Mode       : DIO[0m
[0;32mI (49) boot.esp32: SPI Flash Size : 2MB[0m
[0;32mI (53) boot: Enabling RNG early entropy source...[0m
[0;32mI (59) boot: Partition Table:[0m
[0;32mI (62) boot: ## Label            Usage          Type ST Offset   Length[0m
[0;32mI (70) boot:  0 nvs              WiFi data        01 02 00009000 00006000[0m
[0;32mI (77) boot:  1 phy_init         RF data          01 01 0000f000 00001000[0m
[0;32mI (84) boot:  2 factory          factory app      00 00 00010000 00100000[0m
[0;32mI (92) boot: End of partition table[0m
[0;32mI (96) esp_image: segment 0: paddr=00010020 vaddr=3f400020 size=0b3f8h ( 46072) map[0m
[0;32mI (120) esp_image: segment 1: paddr=0001b420 vaddr=3ffb0000 size=02254h (  8788) load[0m
[0;32mI (124) esp_image: segment 2: paddr=0001d67c vaddr=40080000 size=0299ch ( 10652) load[0m
[0;32mI (130) esp_image: segment 3: paddr=00020020 vaddr=400d0020 size=179a4h ( 96676) map[0m
[0;32mI (168) esp_image: segment 4: paddr=000379cc vaddr=4008299c size=0aefch ( 44796) load[0m
[0;32mI (192) boot: Loaded app from partition at offset 0x10000[0m
[0;32mI (193) boot: Disabling RNG early entropy source...[0m
[0;32mI (204) cpu_start: Multicore app[0m
[0;32mI (213) cpu_start: Pro cpu start user code[0m
[0;32mI (213) cpu_start: cpu freq: 160000000 Hz[0m
[0;32mI (213) cpu_start: Application information:[0m
[0;32mI (216) cpu_start: Project name:     NODE[0m
[0;32mI (220) cpu_start: App version:      1[0m
[0;32mI (225) cpu_start: Compile time:     Jun 28 2024 03:55:09[0m
[0;32mI (231) cpu_start: ELF file SHA256:  29bc6fcdc...[0m
[0;32mI (236) cpu_start: ESP-IDF:          v5.2.1-dirty[0m
[0;32mI (242) cpu_start: Min chip rev:     v0.0[0m
[0;32mI (246) cpu_start: Max chip rev:     v3.99 [0m
[0;32mI (251) cpu_start: Chip rev:         v3.1[0m
[0;32mI (256) heap_init: Initializing. RAM available for dynamic allocation:[0m
[0;32mI (263) heap_init: At 3FFAE6E0 len 00001920 (6 KiB): DRAM[0m
