ets Jul 29 2019 12:21:46

rst:0x1 (POWERON_RESET),boot:0x13 (SPI_FAST_FLASH_BOOT)
configsip: 0, SPIWP:0xee
clk_drv:0x00,q_drv:0x00,d_drv:0x00,cs0_drv:0x00,hd_drv:0x00,wp_drv:0x00
mode:DIO, clock div:2
load:0x3fff0030,len:7172
load:0x40078000,len:15540
load:0x40080400,len:4
ho 8 tail 4 room 4
load:0x40080404,len:3904
entry 0x40080640
[0;32mI (31) boot: ESP-IDF v5.2.1-dirty 2nd stage bootloader[0m
[0;32mI (31) boot: compile time Jun 28 2024 03:55:22[0m
[0;32mI (31) boot: Multicore bootloader[0m
[0;32mI (36) boot: chip revision: v3.1[0m
[0;32mI (40) boot.esp32: SPI Speed      : 40MHz[0m
[0;32mI (44) boot.esp32: SPI Mode       : DIO[0m
[0;32mI (49) boot.esp32: SPI Flash Size : 2MB[0m
[0;32mI (53) boot: Enabling RNG early entropy source...[0m
[0;32mI (59) boot: Partition Table:[0m
[0;32mI (62) boot: ## Label            Usage          Type ST Offset   Length[0m
[0;32mI (70) boot:  0 nvs              WiFi data        01 02 00009000 00006000[0m
[0;32mI (77) boot:  1 phy_init         RF data          01 01 0000f000 00001000[0m
[0;32mI (85) boot:  2 factory          factory app      00 00 00010000 00100000[0m
[0;32mI (92) boot: End of partition table[0m
[0;32mI (96) esp_image: segment 0: paddr=00010020 vaddr=3f400020 size=0c24ch ( 49740) map[0m
[0;32mI (122) esp_image: segment 1: paddr=0001c274 vaddr=3ffb0000 size=02244h (  8772) load[0m
[0;32mI (125) esp_image: segment 2: paddr=0001e4c0 vaddr=40080000 size=01b58h (  7000) load[0m
[0;32mI (130) esp_image: segment 3: paddr=00020020 vaddr=400d0020 size=169cch ( 92620) map[0m
[0;32mI (168) esp_image: segment 4: paddr=000369f4 vaddr=40081b58 size=0b364h ( 45924) load[0m
[0;32mI (193) boot: Loaded app from partition at offset 0x10000[0m
[0;32mI (193) boot: Disabling RNG early entropy source...[0m
[0;32mI (204) cpu_start: Multicore app[0m
[0;32mI (213) cpu_start: Pro cpu start user code[0m
[0;32mI (213) cpu_start: cpu freq: 160000000 Hz[0m
[0;32mI (213) cpu_start: Application information:[0m
[0;32mI (216) cpu_start: Project name:     NODE[0m
[0;32mI (221) cpu_start: App version:      1[0m
[0;32mI (225) cpu_start: Compile time:     Jun 28 2024 03:55:09[0m
[0;32mI (231) cpu_start: ELF file SHA256:  ea909c78d...[0m
[0;32mI (236) cpu_start: ESP-IDF:          v5.2.1-dirty[0m
[0;32mI (242) cpu_start: Min chip rev:     v0.0[0m
[0;32mI (247) cpu_start: Max chip rev:     v3.99 [0m
[0;32mI (251) cpu_start: Chip rev:         v3.1[0m
[0;32mI (256) heap_init: Initializing. RAM available for dynamic allocation:[0m
[0;32mI (263) heap_init: At 3FFAE6E0 len 00001920 (6 KiB): DRAM[0m
[0;32mI (269) heap_init: At 3FFB2BA0 len 0002D460 (181 KiB): DRAM[0m
[0;32mI (276) heap_init: At 3FFE0440 len 00003AE0 (14 KiB): D/IRAM[0m
[0;32mI (282) heap_init: At 3FFE4350 len 0001BCB0 (111 KiB): D/IRAM[0m
[0;32mI (288) heap_init: At 4008CEBC len 00013144 (76 KiB): IRAM[0m
[0;32mI (296) spi_flash: detected chip: generic[0m
[0;32mI (299) spi_flash: flash io: dio[0m
[0;33mW (303) spi_flash: Detected size(4096k) larger than the size in the binary image header(2048k). Using the size in the binary image header.[0m
[0;33mW (316) ADC: legacy driver is deprecated, please migrate to `esp_adc/adc_oneshot.h`[0m
[0;32mI (325) main_task: Started on CPU0[0m
[0;32mI (335) main_task: Calling app_main()[0m
[0;32mI (385) AODV: AODV protocol initialized.[0m
Guru Meditation Error: Core  0 panic'ed (LoadStoreError). Exception was unhandled.

Core  0 register dump:
PC      : 0x400d5841  PS      : 0x00060130  A0      : 0x800e6207  A1      : 0x3ffb4e70  
A2      : 0x00000003  A3      : 0x3f401e3c  A4      : 0x3f401ebc  A5      : 0x0000014f  
A6      : 0x3f401e3c  A7      : 0x3ffb4ea0  A8      : 0x3f401e3c  A9      : 0x00000004  
A10     : 0x00000000  A11     : 0x00000000  A12     : 0x00000000  A13     : 0x3ffb4e80  
A14     : 0x3ffb4e60  A15     : 0x0000000c  SAR     : 0x00000004  EXCCAUSE: 0x00000003  
EXCVADDR: 0x3f401e3c  LBEG    : 0x400014fd  LEND    : 0x4000150d  LCOUNT  : 0xfffffffe  


Backtrace: 0x400d583e:0x3ffb4e70 0x400e6204:0x3ffb4ea0 0x40086771:0x3ffb4ed0




ELF file SHA256: ea909c78d

Rebooting...
ets Jul 29 2019 12:21:46

rst:0xc (SW_CPU_RESET),boot:0x13 (SPI_FAST_FLASH_BOOT)
configsip: 0, SPIWP:0xee
clk_drv:0x00,q_drv:0x00,d_drv:0x00,cs0_drv:0x00,hd_drv:0x00,wp_drv:0x00
mode:DIO, clock div:2
load:0x3fff0030,len:7172
load:0x40078000,len:15540
load:0x40080400,len:4
ho 8 tail 4 room 4
load:0x40080404,len:3904
entry 0x40080640
[0;32mI (31) boot: ESP-IDF v5.2.1-dirty 2nd stage bootloader[0m
[0;32mI (31) boot: compile time Jun 28 2024 03:55:22[0m
[0;32mI (31) boot: Multicore bootloader[0m
[0;32mI (36) boot: chip revision: v3.1[0m
[0;32mI (40) boot.esp32: SPI Speed      : 40MHz[0m
[0;32mI (44) boot.esp32: SPI Mode       : DIO[0m
[0;32mI (49) boot.esp32: SPI Flash Size : 2MB[0m
[0;32mI (53) boot: Enabling RNG early entropy source...[0m
[0;32mI (59) boot: Partition Table:[0m
[0;32mI (62) boot: ## Label            Usage          Type ST Offset   Length[0m
[0;32mI (70) boot:  0 nvs              WiFi data        01 02 00009000 00006000[0m
[0;32mI (77) boot:  1 phy_init         RF data          01 01 0000f000 00001000[0m
[0;32mI (84) boot:  2 factory          factory app      00 00 00010000 00100000[0m
[0;32mI (92) boot: End of partition table[0m
[0;32mI (96) esp_image: segment 0: paddr=00010020 vaddr=3f400020 size=0c24ch ( 49740) map[0m
[0;32mI (122) esp_image: segment 1: paddr=0001c274 vaddr=3ffb0000 size=02244h (  8772) load[0m
[0;32mI (125) esp_image: segment 2: paddr=0001e4c0 vaddr=40080000 size=01b58h (  7000) load[0m
[0;32mI (130) esp_image: segment 3: paddr=00020020 vaddr=400d0020 size=169cch ( 92620) map[0m
[0;32mI (168) esp_image: segment 4: paddr=000369f4 vaddr=40081b58 size=0b364h ( 45924) load[0m
[0;32mI (192) boot: Loaded app from partition at offset 0x10000[0m
[0;32mI (193) boot: Disabling RNG early entropy source...[0m
[0;32mI (204) cpu_start: Multicore app[0m
[0;32mI (213) cpu_start: Pro cpu start user code[0m
[0;32mI (213) cpu_start: cpu freq: 160000000 Hz[0m
[0;32mI (213) cpu_start: Application information:[0m
[0;32mI (216) cpu_start: Project name:     NODE[0m
[0;32mI (220) cpu_start: App version:      1[0m
[0;32mI (225) cpu_start: Compile time:     Jun 28 2024 03:55:09[0m
[0;32mI (231) cpu_start: ELF file SHA256:  ea909c78d...[0m
[0;32mI (236) cpu_start: ESP-IDF:          v5.2.1-dirty[0m
[0;32mI (242) cpu_start: Min chip rev:     v0.0[0m
[0;32mI (246) cpu_start: Max chip rev:     v3.99 [0m
[0;32mI (251) cpu_start: Chip rev:         v3.1[0m
[0;32mI (256) heap_init: Initializing. RAM available for dynamic allocation:[0m
[0;32mI (263) heap_init: At 3FFAE6E0 len 00001920 (6 KiB): DRAM[0m
[0;32mI (269) heap_init: At 3FFB2BA0 len 0002D460 (181 KiB): DRAM[0m
[0;32mI (276) heap_init: At 3FFE0440 len 00003AE0 (14 KiB): D/IRAM[0m
[0;32mI (282) heap_init: At 3FFE4350 len 0001BCB0 (111 KiB): D/IRAM[0m
[0;32mI (288) heap_init: At 4008CEBC len 00013144 (76 KiB): IRAM[0m
[0;32mI (296) spi_flash: detected chip: generic[0m
[0;32mI (299) spi_flash: flash io: dio[0m
[0;33mW (303) spi_flash: Detected size(4096k) larger than the size in the binary image header(2048k). Using the size in the binary image header.[0m
[0;33mW (316) ADC: legacy driver is deprecated, please migrate to `esp_adc/adc_oneshot.h`[0m
[0;32mI (325) main_task: Started on CPU0[0m
[0;32mI (335) main_task: Calling app_main()[0m
[0;32mI (385) AODV: AODV protocol initialized.[0m
Guru Meditation Error: Core  0 panic'ed (LoadStoreError). Exception was unhandled.

Core  0 register dump:
PC      : 0x400d5841  PS      : 0x00060730  A0      : 0x800e6207  A1      : 0x3ffb4e70  
A2      : 0x00000003  A3      : 0x3f401e3c  A4      : 0x3f401ebc  A5      : 0x0000014f  
A6      : 0x3f401e3c  A7      : 0x3ffb4ea0  A8      : 0x3f401e3c  A9      : 0x00000004  
A10     : 0x00000000  A11     : 0x00000000  A12     : 0x00000000  A13     : 0x3ffb4e80  
A14     : 0x3ffb4e60  A15     : 0x0000000c  SAR     : 0x00000004  EXCCAUSE: 0x00000003  
EXCVADDR: 0x3f401e3c  LBEG    : 0x400014fd  LEND    : 0x4000150d  LCOUNT  : 0xfffffffe  


Backtrace: 0x400d583e:0x3ffb4e70 0x400e6204:0x3ffb4ea0 0x40086771:0x3ffb4ed0




ELF file SHA256: ea909c78d

Rebooting...
ets Jul 29 2019 12:21:46

rst:0xc (SW_CPU_RESET),boot:0x13 (SPI_FAST_FLASH_BOOT)
configsip: 0, SPIWP:0xee
clk_drv:0x00,q_drv:0x00,d_drv:0x00,cs0_drv:0x00,hd_drv:0x00,wp_drv:0x00
mode:DIO, clock div:2
load:0x3fff0030,len:7172
load:0x40078000,len:15540
load:0x40080400,len:4
ho 8 tail 4 room 4
load:0x40080404,len:3904
entry 0x40080640
[0;32mI (31) boot: ESP-IDF v5.2.1-dirty 2nd stage bootloader[0m
[0;32mI (31) boot: compile time Jun 28 2024 03:55:22[0m
[0;32mI (31) boot: Multicore bootloader[0m
[0;32mI (36) boot: chip revision: v3.1[0m
[0;32mI (40) boot.esp32: SPI Speed      : 40MHz[0m
[0;32mI (44) boot.esp32: SPI Mode       : DIO[0m
[0;32mI (49) boot.esp32: SPI Flash Size : 2MB[0m
[0;32mI (53) boot: Enabling RNG early entropy source...[0m
[0;32mI (59) boot: Partition Table:[0m
[0;32mI (62) boot: ## Label            Usage          Type ST Offset   Length[0m
[0;32mI (70) boot:  0 nvs              WiFi data        01 02 00009000 00006000[0m
[0;32mI (77) boot:  1 phy_init         RF data          01 01 0000f000 00001000[0m
[0;32mI (84) boot:  2 factory          factory app      00 00 00010000 00100000[0m
[0;32mI (92) boot: End of partition table[0m
[0;32mI (96) esp_image: segment 0: paddr=00010020 vaddr=3f400020 size=0c24ch ( 49740) map[0m
[0;32mI (122) esp_image: segment 1: paddr=0001c274 vaddr=3ffb0000 size=02244h (  8772) load[0m
[0;32mI (125) esp_image: segment 2: paddr=0001e4c0 vaddr=40080000 size=01b58h (  7000) load[0m
[0;32mI (130) esp_image: segment 3: paddr=00020020 vaddr=400d0020 size=169cch ( 92620) map[0m
[0;32mI (168) esp_image: segment 4: paddr=000369f4 vaddr=40081b58 size=0b364h ( 45924) load[0m
[0;32mI (192) boot: Loaded app from partition at offset 0x10000[0m
[0;32mI (193) boot: Disabling RNG early entropy source...[0m
[0;32mI (204) cpu_start: Multicore app[0m
[0;32mI (213) cpu_start: Pro cpu start user code[0m
[0;32mI (213) cpu_start: cpu freq: 160000000 Hz[0m
[0;32mI (213) cpu_start: Application information:[0m
[0;32mI (216) cpu_start: Project name:     NODE[0m
[0;32mI (220) cpu_start: App version:      1[0m
[0;32mI (225) cpu_start: Compile time:     Jun 28 2024 03:55:09[0m
[0;32mI (231) cpu_start: ELF file SHA256:  ea909c78d...[0m
[0;32mI (236) cpu_start: ESP-IDF:          v5.2.1-dirty[0m
[0;32mI (242) cpu_start: Min chip rev:     v0.0[0m
[0;32mI (246) cpu_start: Max chip rev:     v3.99 [0m
[0;32mI (251) cpu_start: Chip rev:         v3.1[0m
[0;32mI (256) heap_init: Initializing. RAM available for dynamic allocation:[0m
[0;32mI (263) heap_init: At 3FFAE6E0 len 00001920 (6 KiB): DRAM[0m
[0;32mI (269) heap_init: At 3FFB2BA0 len 0002D460 (181 KiB): DRAM[0m
[0;32mI (276) heap_init: At 3FFE0440 len 00003AE0 (14 KiB): D/IRAM[0m
[0;32mI (282) heap_init: At 3FFE4350 len 0001BCB0 (111 KiB): D/IRAM[0m
[0;32mI (288) heap_init: At 4008CEBC len 00013144 (76 KiB): IRAM[0m
[0;32mI (296) spi_flash: detected chip: generic[0m
[0;32mI (299) spi_flash: flash io: dio[0m
[0;33mW (303) spi_flash: Detected size(4096k) larger than the size in the binary image header(2048k). Using the size in the binary image header.[0m
[0;33mW (316) ADC: legacy driver is deprecated, please migrate to `esp_adc/adc_oneshot.h`[0m
[0;32mI (325) main_task: Started on CPU0[0m
[0;32mI (335) main_task: Calling app_main()[0m
[0;32mI (385) AODV: AODV protocol initialized.[0m
Guru Meditation Error: Core  0 panic'ed (LoadStoreError). Exception was unhandled.

Core  0 register dump:
PC      : 0x400d5841  PS      : 0x00060730  A0      : 0x800e6207  A1      : 0x3ffb4e70  
A2      : 0x00000003  A3      : 0x3f401e3c  A4      : 0x3f401ebc  A5      : 0x0000014f  
A6      : 0x3f401e3c  A7      : 0x3ffb4ea0  A8      : 0x3f401e3c  A9      : 0x00000004  
A10     : 0x00000000  A11     : 0x00000000  A12     : 0x00000000  A13     : 0x3ffb4e80  
A14     : 0x3ffb4e60  A15     : 0x0000000c  SAR     : 0x00000004  EXCCAUSE: 0x00000003  
EXCVADDR: 0x3f401e3c  LBEG    : 0x400014fd  LEND    : 0x4000150d  LCOUNT  : 0xfffffffe  


Backtrace: 0x400d583e:0x3ffb4e70 0x400e6204:0x3ffb4ea0 0x40086771:0x3ffb4ed0




ELF file SHA256: ea909c78d

Rebooting...
ets Jul 29 2019 12:21:46

rst:0xc (SW_CPU_RESET),boot:0x13 (SPI_FAST_FLASH_BOOT)
configsip: 0, SPIWP:0xee
clk_drv:0x00,q_drv:0x00,d_drv:0x00,cs0_drv:0x00,hd_drv:0x00,wp_drv:0x00
mode:DIO, clock div:2
load:0x3fff0030,len:7172
load:0x40078000,len:15540
load:0x40080400,len:4
ho 8 tail 4 room 4
load:0x40080404,len:3904
entry 0x40080640
[0;32mI (31) boot: ESP-IDF v5.2.1-dirty 2nd stage bootloader[0m
[0;32mI (31) boot: compile time Jun 28 2024 03:55:22[0m
[0;32mI (31) boot: Multicore bootloader[0m
[0;32mI (36) boot: chip revision: v3.1[0m
[0;32mI (40) boot.esp32: SPI Speed      : 40MHz[0m
[0;32mI (44) boot.esp32: SPI Mode       : DIO[0m
[0;32mI (49) boot.esp32: SPI Flash Size : 2MB[0m
[0;32mI (53) boot: Enabling RNG early entropy source...[0m
[0;32mI (59) boot: Partition Table:[0m
[0;32mI (62) boot: ## Label            Usage          Type ST Offset   Length[0m
[0;32mI (70) boot:  0 nvs              WiFi data        01 02 00009000 00006000[0m
[0;32mI (77) boot:  1 phy_init         RF data          01 01 0000f000 00001000[0m
[0;32mI (84) boot:  2 factory          factory app      00 00 00010000 00100000[0m
[0;32mI (92) boot: End of partition table[0m
[0;32mI (96) esp_image: segment 0: paddr=00010020 vaddr=3f400020 size=0c24ch ( 49740) map[0m
[0;32mI (122) esp_image: segment 1: paddr=0001c274 vaddr=3ffb0000 size=02244h (  8772) load[0m
[0;32mI (125) esp_image: segment 2: paddr=0001e4c0 vaddr=40080000 size=01b58h (  7000) load[0m
[0;32mI (130) esp_image: segment 3: paddr=00020020 vaddr=400d0020 size=169cch ( 92620) map[0m
[0;32mI (168) esp_image: segment 4: paddr=000369f4 vaddr=40081b58 size=0b364h ( 45924) load[0m
[0;32mI (192) boot: Loaded app from partition at offset 0x10000[0m
[0;32mI (193) boot: Disabling RNG early entropy source...[0m
[0;32mI (204) cpu_start: Multicore app[0m
[0;32mI (213) cpu_start: Pro cpu start user code[0m
[0;32mI (213) cpu_start: cpu freq: 160000000 Hz[0m
[0;32mI (213) cpu_start: Application information:[0m
[0;32mI (216) cpu_start: Project name:     NODE[0m
[0;32mI (220) cpu_start: App version:      1[0m
[0;32mI (225) cpu_start: Compile time:     Jun 28 2024 03:55:09[0m
[0;32mI (231) cpu_start: ELF file SHA256:  ea909c78d...[0m
[0;32mI (236) cpu_start: ESP-IDF:          v5.2.1-dirty[0m
[0;32mI (242) cpu_start: Min chip rev:     v0.0[0m
[0;32mI (246) cpu_start: Max chip rev:     v3.99 [0m
[0;32mI (251) cpu_start: Chip rev:         v3.1[0m
[0;32mI (256) heap_init: Initializing. RAM available for dynamic allocation:[0m
[0;32mI (263) heap_init: At 3FFAE6E0 len 00001920 (6 KiB): DRAM[0m
[0;32mI (269) heap_init: At 3FFB2BA0 len 0002D460 (181 KiB): DRAM[0m
[0;32mI (276) heap_init: At 3FFE0440 len 00003AE0 (14 KiB): D/IRAM[0m
[0;32mI (282) heap_init: At 3FFE4350 len 0001BCB0 (111 KiB): D/IRAM[0m
[0;32mI (288) heap_init: At 4008CEBC len 00013144 (76 KiB): IRAM[0m
[0;32mI (296) spi_flash: detected chip: generic[0m
[0;32mI (299) spi_flash: flash io: dio[0m
[0;33mW (303) spi_flash: Detected size(4096k) larger than the size in the binary image header(2048k). Using the size in the binary image header.[0m
[0;33mW (316) ADC: legacy driver is deprecated, please migrate to `esp_adc/adc_oneshot.h`[0m
[0;32mI (325) main_task: Started on CPU0[0m
[0;32mI (335) main_task: Calling app_main()[0m
[0;32mI (385) AODV: AODV protocol initialized.[0m
Guru Meditation Error: Core  0 panic'ed (LoadStoreError). Exception was unhandled.

Core  0 register dump:
PC      : 0x400d5841  PS      : 0x00060730  A0      : 0x800e6207  A1      : 0x3ffb4e70  
A2      : 0x00000003  A3      : 0x3f401e3c  A4      : 0x3f401ebc  A5      : 0x0000014f  
A6      : 0x3f401e3c  A7      : 0x3ffb4ea0  A8      : 0x3f401e3c  A9      : 0x00000004  
A10     : 0x00000000  A11     : 0x00000000  A12     : 0x00000000  A13     : 0x3ffb4e80  
A14     : 0x3ffb4e60  A15     : 0x0000000c  SAR     : 0x00000004  EXCCAUSE: 0x00000003  
EXCVADDR: 0x3f401e3c  LBEG    : 0x400014fd  LEND    : 0x4000150d  LCOUNT  : 0xfffffffe  


Backtrace: 0x400d583e:0x3ffb4e70 0x400e6204:0x3ffb4ea0 0x40086771:0x3ffb4ed0




ELF file SHA256: ea909c78d

Rebooting...
ets Jul 29 2019 12:21:46

rst:0xc (SW_CPU_RESET),boot:0x13 (SPI_FAST_FLASH_BOOT)
configsip: 0, SPIWP:0xee
clk_drv:0x00,q_drv:0x00,d_drv:0x00,cs0_drv:0x00,hd_drv:0x00,wp_drv:0x00
mode:DIO, clock div:2
load:0x3fff0030,len:7172
load:0x40078000,len:15540
load:0x40080400,len:4
ho 8 tail 4 room 4
load:0x40080404,len:3904
entry 0x40080640
[0;32mI (31) boot: ESP-IDF v5.2.1-dirty 2nd stage bootloader[0m
[0;32mI (31) boot: compile time Jun 28 2024 03:55:22[0m
[0;32mI (31) boot: Multicore bootloader[0m
[0;32mI (36) boot: chip revision: v3.1[0m
[0;32mI (40) boot.esp32: SPI Speed      : 40MHz[0m
[0;32mI (44) boot.esp32: SPI Mode       : DIO[0m
[0;32mI (49) boot.esp32: SPI Flash Size : 2MB[0m
[0;32mI (53) boot: Enabling RNG early entropy source...[0m
[0;32mI (59) boot: Partition Table:[0m
[0;32mI (62) boot: ## Label            Usage          Type ST Offset   Length[0m
[0;32mI (70) boot:  0 nvs              WiFi data        01 02 00009000 00006000[0m
[0;32mI (77) boot:  1 phy_init         RF data          01 01 0000f000 00001000[0m
[0;32mI (84) boot:  2 factory          factory app      00 00 00010000 00100000[0m
[0;32mI (92) boot: End of partition table[0m
[0;32mI (96) esp_image: segment 0: paddr=00010020 vaddr=3f400020 size=0c24ch ( 49740) map[0m
[0;32mI (122) esp_image: segment 1: paddr=0001c274 vaddr=3ffb0000 size=02244h (  8772) load[0m
[0;32mI (125) esp_image: segment 2: paddr=0001e4c0 vaddr=40080000 size=01b58h (  7000) load[0m
[0;32mI (130) esp_image: segment 3: paddr=00020020 vaddr=400d0020 size=169cch ( 92620) map[0m
[0;32mI (168) esp_image: segment 4: paddr=000369f4 vaddr=40081b58 size=0b364h ( 45924) load[0m
[0;32mI (192) boot: Loaded app from partition at offset 0x10000[0m
[0;32mI (193) boot: Disabling RNG early entropy source...[0m
[0;32mI (204) cpu_start: Multicore app[0m
[0;32mI (213) cpu_start: Pro cpu start user code[0m
[0;32mI (213) cpu_start: cpu freq: 160000000 Hz[0m
[0;32mI (213) cpu_start: Application information:[0m
[0;32mI (216) cpu_start: Project name:     NODE[0m
[0;32mI (221) cpu_start: App version:      1[0m
[0;32mI (225) cpu_start: Compile time:     Jun 28 2024 03:55:09[0m
[0;32mI (231) cpu_start: ELF file SHA256:  ea909c78d...[0m
[0;32mI (236) cpu_start: ESP-IDF:          v5.2.1-dirty[0m
[0;32mI (242) cpu_start: Min chip rev:     v0.0[0m
[0;32mI (246) cpu_start: Max chip rev:     v3.99 [0m
[0;32mI (251) cpu_start: Chip rev:         v3.1[0m
[0;32mI (256) heap_init: Initializing. RAM available for dynamic allocation:[0m
[0;32mI (263) heap_init: At 3FFAE6E0 len 00001920 (6 KiB): DRAM[0m
[0;32mI (269) heap_init: At 3FFB2BA0 len 0002D460 (181 KiB): DRAM[0m
[0;32mI (276) heap_init: At 3FFE0440 len 00003AE0 (14 KiB): D/IRAM[0m
[0;32mI (282) heap_init: At 3FFE4350 len 0001BCB0 (111 KiB): D/IRAM[0m
[0;32mI (288) heap_init: At 4008CEBC len 00013144 (76 KiB): IRAM[0m
[0;32mI (296) spi_flash: detected chip: generic[0m
[0;32mI (299) spi_flash: flash io: dio[0m
[0;33mW (303) spi_flash: Detected size(4096k) larger than the size in the binary image header(2048k). Using the size in the binary image header.[0m
[0;33mW (316) ADC: legacy driver is deprecated, please migrate to `esp_adc/adc_oneshot.h`[0m
[0;32mI (325) main_task: Started on CPU0[0m
[0;32mI (335) main_task: Calling app_main()[0m
[0;32mI (385) AODV: AODV protocol initialized.[0m
Guru Meditation Error: Core  0 panic'ed (LoadStoreError). Exception was unhandled.

Core  0 register dump:
PC      : 0x400d5841  PS      : 0x00060730  A0      : 0x800e6207  A1      : 0x3ffb4e70  
A2      : 0x00000003  A3      : 0x3f401e3c  A4      : 0x3f401ebc  A5      : 0x0000014f  
A6      : 0x3f401e3c  A7      : 0x3ffb4ea0  A8      : 0x3f401e3c  A9      : 0x00000004  
A10     : 0x00000000  A11     : 0x00000000  A12     : 0x00000000  A13     : 0x3ffb4e80  
A14     : 0x3ffb4e60  A15     : 0x0000000c  SAR     : 0x00000004  EXCCAUSE: 0x00000003  
EXCVADDR: 0x3f401e3c  LBEG    : 0x400014fd  LEND    : 0x4000150d  LCOUNT  : 0xfffffffe  


Backtrace: 0x400d583e:0x3ffb4e70 0x400e6204:0x3ffb4ea0 0x40086771:0x3ffb4ed0




ELF file SHA256: ea909c78d

Rebooting...
ets Jul 29 2019 12:21:46

rst:0xc (SW_CPU_RESET),boot:0x13 (SPI_FAST_FLASH_BOOT)
configsip: 0, SPIWP:0xee
clk_drv:0x00,q_drv:0x00,d_drv:0x00,cs0_drv:0x00,hd_drv:0x00,wp_drv:0x00
mode:DIO, clock div:2
load:0x3fff0030,len:7172
load:0x40078000,len:15540
load:0x40080400,len:4
ho 8 tail 4 room 4
load:0x40080404,len:3904
entry 0x40080640
[0;32mI (31) boot: ESP-IDF v5.2.1-dirty 2nd stage bootloader[0m
[0;32mI (31) boot: compile time Jun 28 2024 03:55:22[0m
[0;32mI (31) boot: Multicore bootloader[0m
[0;32mI (36) boot: chip revision: v3.1[0m
[0;32mI (40) boot.esp32: SPI Speed      : 40MHz[0m
[0;32mI (44) boot.esp32: SPI Mode       : DIO[0m
[0;32mI (49) boot.esp32: SPI Flash Size : 2MB[0m
[0;32mI (53) boot: Enabling RNG early entropy source...[0m
[0;32mI (59) boot: Partition Table:[0m
[0;32mI (62) boot: ## Label            Usage          Type ST Offset   Length[0m
[0;32mI (70) boot:  0 nvs              WiFi data        01 02 00009000 00006000[0m
[0;32mI (77) boot:  1 phy_init         RF data          01 01 0000f000 00001000[0m
[0;32mI (84) boot:  2 factory          factory app      00 00 00010000 00100000[0m
[0;32mI (92) boot: End of partition table[0m
[0;32mI (96) esp_image: segment 0: paddr=00010020 vaddr=3f400020 size=0c24ch ( 49740) map[0m
[0;32mI (122) esp_image: segment 1: paddr=0001c274 vaddr=3ffb0000 size=02244h (  8772) load[0m
[0;32mI (125) esp_image: segment 2: paddr=0001e4c0 vaddr=40080000 size=01b58h (  7000) load[0m
[0;32mI (130) esp_image: segment 3: paddr=00020020 vaddr=400d0020 size=169cch ( 92620) map[0m
[0;32mI (168) esp_image: segment 4: paddr=000369f4 vaddr=40081b58 size=0b364h ( 45924) load[0m
[0;32mI (192) boot: Loaded app from partition at offset 0x10000[0m
[0;32mI (193) boot: Disabling RNG early entropy source...[0m
[0;32mI (204) cpu_start: Multicore app[0m
[0;32mI (213) cpu_start: Pro cpu start user code[0m
[0;32mI (213) cpu_start: cpu freq: 160000000 Hz[0m
[0;32mI (213) cpu_start: Application information:[0m
[0;32mI (216) cpu_start: Project name:     NODE[0m
[0;32mI (220) cpu_start: App version:      1[0m
[0;32mI (225) cpu_start: Compile time:     Jun 28 2024 03:55:09[0m
[0;32mI (231) cpu_start: ELF file SHA256:  ea909c78d...[0m
[0;32mI (236) cpu_start: ESP-IDF:          v5.2.1-dirty[0m
[0;32mI (242) cpu_start: Min chip rev:     v0.0[0m
[0;32mI (246) cpu_start: Max chip rev:     v3.99 [0m
[0;32mI (251) cpu_start: Chip rev:         v3.1[0m
[0;32mI (256) heap_init: Initializing. RAM available for dynamic allocation:[0m
[0;32mI (263) heap_init: At 3FFAE6E0 len 00001920 (6 KiB): DRAM[0m
[0;32mI (269) heap_init: At 3FFB2BA0 len 0002D460 (181 KiB): DRAM[0m
[0;32mI (276) heap_init: At 3FFE0440 len 00003AE0 (14 KiB): D/IRAM[0m
[0;32mI (282) heap_init: At 3FFE4350 len 0001BCB0 (111 KiB): D/IRAM[0m
[0;32mI (288) heap_init: At 4008CEBC len 00013144 (76 KiB): IRAM[0m
[0;32mI (296) spi_flash: detected chip: generic[0m
[0;32mI (299) spi_flash: flash io: dio[0m
[0;33mW (303) spi_flash: Detected size(4096k) larger than the size in the binary image header(2048k). Using the size in the binary image header.[0m
[0;33mW (316) ADC: legacy driver is deprecated, please migrate to `esp_adc/adc_oneshot.h`[0m
[0;32mI (325) main_task: Started on CPU0[0m
[0;32mI (335) main_task: Calling app_main()[0m
[0;32mI (385) AODV: AODV protocol initialized.[0m
Guru Meditation Error: Core  0 panic'ed (LoadStoreError). Exception was unhandled.

Core  0 register dump:
PC      : 0x400d5841  PS      : 0x00060130  A0      : 0x800e6207  A1      : 0x3ffb4e70  
A2      : 0x00000003  A3      : 0x3f401e3c  A4      : 0x3f401ebc  A5      : 0x0000014f  
A6      : 0x3f401e3c  A7      : 0x3ffb4ea0  A8      : 0x3f401e3c  A9      : 0x00000004  
A10     : 0x00000000  A11     : 0x00000000  A12     : 0x00000000  A13     : 0x3ffb4e80  
A14     : 0x3ffb4e60  A15     : 0x0000000c  SAR     : 0x00000004  EXCCAUSE: 0x00000003  
EXCVADDR: 0x3f401e3c  LBEG    : 0x400014fd  LEND    : 0x4000150d  LCOUNT  : 0xfffffffe  


Backtrace: 0x400d583e:0x3ffb4e70 0x400e6204:0x3ffb4ea0 0x40086771:0x3ffb4ed0




ELF file SHA256: ea909c78d

Rebooting...
ets Jul 29 2019 12:21:46

rst:0xc (SW_CPU_RESET),boot:0x13 (SPI_FAST_FLASH_BOOT)
configsip: 0, SPIWP:0xee
clk_drv:0x00,q_drv:0x00,d_drv:0x00,cs0_drv:0x00,hd_drv:0x00,wp_drv:0x00
mode:DIO, clock div:2
load:0x3fff0030,len:7172
load:0x40078000,len:15540
load:0x40080400,len:4
ho 8 tail 4 room 4
load:0x40080404,len:3904
entry 0x40080640
[0;32mI (31) boot: ESP-IDF v5.2.1-dirty 2nd stage bootloader[0m
[0;32mI (31) boot: compile time Jun 28 2024 03:55:22[0m
[0;32mI (31) boot: Multicore bootloader[0m
[0;32mI (36) boot: chip revision: v3.1[0m
[0;32mI (40) boot.esp32: SPI Speed      : 40MHz[0m
[0;32mI (44) boot.esp32: SPI Mode       : DIO[0m
[0;32mI (49) boot.esp32: SPI Flash Size : 2MB[0m
[0;32mI (53) boot: Enabling RNG early entropy source...[0m
[0;32mI (59) boot: Partition Table:[0m
[0;32mI (62) boot: ## Label            Usage          Type ST Offset   Length[0m
[0;32mI (70) boot:  0 nvs              WiFi data        01 02 00009000 00006000[0m
[0;32mI (77) boot:  1 phy_init         RF data          01 01 0000f000 00001000[0m
[0;32mI (84) boot:  2 factory          factory app      00 00 00010000 00100000[0m
[0;32mI (92) boot: End of partition table[0m
[0;32mI (96) esp_image: segment 0: paddr=00010020 vaddr=3f400020 size=0c24ch ( 49740) map[0m
[0;32mI (122) esp_image: segment 1: paddr=0001c274 vaddr=3ffb0000 size=02244h (  8772) load[0m
[0;32mI (125) esp_image: segment 2: paddr=0001e4c0 vaddr=40080000 size=01b58h (  7000) load[0m
[0;32mI (130) esp_image: segment 3: paddr=00020020 vaddr=400d0020 size=169cch ( 92620) map[0m
[0;32mI (168) esp_image: segment 4: paddr=000369f4 vaddr=40081b58 size=0b364h ( 45924) load[0m
[0;32mI (192) boot: Loaded app from partition at offset 0x10000[0m
[0;32mI (193) boot: Disabling RNG early entropy source...[0m
[0;32mI (204) cpu_start: Multicore app[0m
[0;32mI (213) cpu_start: Pro cpu start user code[0m
[0;32mI (213) cpu_start: cpu freq: 160000000 Hz[0m
[0;32mI (213) cpu_start: Application information:[0m
[0;32mI (216) cpu_start: Project name:     NODE[0m
[0;32mI (221) cpu_start: App version:      1[0m
[0;32mI (225) cpu_start: Compile time:     Jun 28 2024 03:55:09[0m
[0;32mI (231) cpu_start: ELF file SHA256:  ea909c78d...[0m
[0;32mI (236) cpu_start: ESP-IDF:          v5.2.1-dirty[0m
[0;32mI (242) cpu_start: Min chip rev:     v0.0[0m
[0;32mI (246) cpu_start: Max chip rev:     v3.99 [0m
[0;32mI (251) cpu_start: Chip rev:         v3.1[0m
[0;32mI (256) heap_init: Initializing. RAM available for dynamic allocation:[0m
[0;32mI (263) heap_init: At 3FFAE6E0 len 00001920 (6 KiB): DRAM[0m
[0;32mI (269) heap_init: At 3FFB2BA0 len 0002D460 (181 KiB): DRAM[0m
[0;32mI (276) heap_init: At 3FFE0440 len 00003AE0 (14 KiB): D/IRAM[0m
[0;32mI (282) heap_init: At 3FFE4350 len 0001BCB0 (111 KiB): D/IRAM[0m
[0;32mI (288) heap_init: At 4008CEBC len 00013144 (76 KiB): IRAM[0m
[0;32mI (296) spi_flash: detected chip: generic[0m
[0;32mI (299) spi_flash: flash io: dio[0m
[0;33mW (303) spi_flash: Detected size(4096k) larger than the size in the binary image header(2048k). Using the size in the binary image header.[0m
[0;33mW (316) ADC: legacy driver is deprecated, please migrate to `esp_adc/adc_oneshot.h`[0m
[0;32mI (325) main_task: Started on CPU0[0m
[0;32mI (335) main_task: Calling app_main()[0m
[0;32mI (385) AODV: AODV protocol initialized.[0m
Guru Meditation Error: Core  0 panic'ed (LoadStoreError). Exception was unhandled.

Core  0 register dump:
PC      : 0x400d5841  PS      : 0x00060730  A0      : 0x800e6207  A1      : 0x3ffb4e70  
A2      : 0x00000003  A3      : 0x3f401e3c  A4      : 0x3f401ebc  A5      : 0x0000014f  
A6      : 0x3f401e3c  A7      : 0x3ffb4ea0  A8      : 0x3f401e3c  A9      : 0x00000004  
A10     : 0x00000000  A11     : 0x00000000  A12     : 0x00000000  A13     : 0x3ffb4e80  
A14     : 0x3ffb4e60  A15     : 0x0000000c  SAR     : 0x00000004  EXCCAUSE: 0x00000003  
EXCVADDR: 0x3f401e3c  LBEG    : 0x400014fd  LEND    : 0x4000150d  LCOUNT  : 0xfffffffe  


Backtrace: 0x400d583e:0x3ffb4e70 0x400e6204:0x3ffb4ea0 0x40086771:0x3ffb4ed0




ELF file SHA256: ea909c78d

Rebooting...
ets Jul 29 2019 12:21:46

rst:0xc (SW_CPU_RESET),boot:0x13 (SPI_FAST_FLASH_BOOT)
configsip: 0, SPIWP:0xee
clk_drv:0x00,q_drv:0x00,d_drv:0x00,cs0_drv:0x00,hd_drv:0x00,wp_drv:0x00
mode:DIO, clock div:2
load:0x3fff0030,len:7172
load:0x40078000,len:15540
load:0x40080400,len:4
ho 8 tail 4 room 4
load:0x40080404,len:3904
entry 0x40080640
[0;32mI (31) boot: ESP-IDF v5.2.1-dirty 2nd stage bootloader[0m
[0;32mI (31) boot: compile time Jun 28 2024 03:55:22[0m
[0;32mI (31) boot: Multicore bootloader[0m
[0;32mI (36) boot: chip revision: v3.1[0m
[0;32mI (40) boot.esp32: SPI Speed      : 40MHz[0m
[0;32mI (44) boot.esp32: SPI Mode       : DIO[0m
[0;32mI (49) boot.esp32: SPI Flash Size : 2MB[0m
[0;32mI (53) boot: Enabling RNG early entropy source...[0m
[0;32mI (59) boot: Partition Table:[0m
[0;32mI (62) boot: ## Label            Usage          Type ST Offset   Length[0m
[0;32mI (70) boot:  0 nvs              WiFi data        01 02 00009000 00006000[0m
[0;32mI (77) boot:  1 phy_init         RF data          01 01 0000f000 00001000[0m
[0;32mI (84) boot:  2 factory          factory app      00 00 00010000 00100000[0m
[0;32mI (92) boot: End of partition table[0m
[0;32mI (96) esp_image: segment 0: paddr=00010020 vaddr=3f400020 size=0c24ch ( 49740) map[0m
[0;32mI (122) esp_image: segment 1: paddr=0001c274 vaddr=3ffb0000 size=02244h (  8772) load[0m
[0;32mI (125) esp_image: segment 2: paddr=0001e4c0 vaddr=40080000 size=01b58h (  7000) load[0m
[0;32mI (130) esp_image: segment 3: paddr=00020020 vaddr=400d0020 size=169cch ( 92620) map[0m
[0;32mI (168) esp_image: segment 4: paddr=000369f4 vaddr=40081b58 size=0b364h ( 45924) load[0m
[0;32mI (192) boot: Loaded app from partition at offset 0x10000[0m
[0;32mI (193) boot: Disabling RNG early entropy source...[0m
[0;32mI (204) cpu_start: Multicore app[0m
[0;32mI (213) cpu_start: Pro cpu start user code[0m
[0;32mI (213) cpu_start: cpu freq: 160000000 Hz[0m
[0;32mI (213) cpu_start: Application information:[0m
[0;32mI (216) cpu_start: Project name:     NODE[0m
[0;32mI (221) cpu_start: App version:      1[0m
[0;32mI (225) cpu_start: Compile time:     Jun 28 2024 03:55:09[0m
[0;32mI (231) cpu_start: ELF file SHA256:  ea909c78d...[0m
[0;32mI (236) cpu_start: ESP-IDF:          v5.2.1-dirty[0m
[0;32mI (242) cpu_start: Min chip rev:     v0.0[0m
[0;32mI (246) cpu_start: Max chip rev:     v3.99 [0m
[0;32mI (251) cpu_start: Chip rev:         v3.1[0m
[0;32mI (256) heap_init: Initializing. RAM available for dynamic allocation:[0m
[0;32mI (263) heap_init: At 3FFAE6E0 len 00001920 (6 KiB): DRAM[0m
[0;32mI (269) heap_init: At 3FFB2BA0 len 0002D460 (181 KiB): DRAM[0m
[0;32mI (276) heap_init: At 3FFE0440 len 00003AE0 (14 KiB): D/IRAM[0m
[0;32mI (282) heap_init: At 3FFE4350 len 0001BCB0 (111 KiB): D/IRAM[0m
[0;32mI (288) heap_init: At 4008CEBC len 00013144 (76 KiB): IRAM[0m
[0;32mI (296) spi_flash: detected chip: generic[0m
[0;32mI (299) spi_flash: flash io: dio[0m
[0;33mW (303) spi_flash: Detected size(4096k) larger than the size in the binary image header(2048k). Using the size in the binary image header.[0m
[0;33mW (316) ADC: legacy driver is deprecated, please migrate to `esp_adc/adc_oneshot.h`[0m
[0;32mI (325) main_task: Started on CPU0[0m
[0;32mI (335) main_task: Calling app_main()[0m
[0;32mI (385) AODV: AODV protocol initialized.[0m
Guru Meditation Error: Core  0 panic'ed (LoadStoreError). Exception was unhandled.

Core  0 register dump:
PC      : 0x400d5841  PS      : 0x00060730  A0      : 0x800e6207  A1      : 0x3ffb4e70  
A2      : 0x00000003  A3      : 0x3f401e3c  A4      : 0x3f401ebc  A5      : 0x0000014f  
A6      : 0x3f401e3c  A7      : 0x3ffb4ea0  A8      : 0x3f401e3c  A9      : 0x00000004  
A10     : 0x00000000  A11     : 0x00000000  A12     : 0x00000000  A13     : 0x3ffb4e80  
A14     : 0x3ffb4e60  A15     : 0x0000000c  SAR     : 0x00000004  EXCCAUSE: 0x00000003  
EXCVADDR: 0x3f401e3c  LBEG    : 0x400014fd  LEND    : 0x4000150d  LCOUNT  : 0xfffffffe  


Backtrace: 0x400d583e:0x3ffb4e70 0x400e6204:0x3ffb4ea0 0x40086771:0x3ffb4ed0




ELF file SHA256: ea909c78d

Rebooting...
ets Jul 29 2019 12:21:46

rst:0xc (SW_CPU_RESET),boot:0x13 (SPI_FAST_FLASH_BOOT)
configsip: 0, SPIWP:0xee
clk_drv:0x00,q_drv:0x00,d_drv:0x00,cs0_drv:0x00,hd_drv:0x00,wp_drv:0x00
mode:DIO, clock div:2
load:0x3fff0030,len:7172
load:0x40078000,len:15540
load:0x40080400,len:4
ho 8 tail 4 room 4
load:0x40080404,len:3904
entry 0x40080640
[0;32mI (31) boot: ESP-IDF v5.2.1-dirty 2nd stage bootloader[0m
[0;32mI (31) boot: compile time Jun 28 2024 03:55:22[0m
[0;32mI (31) boot: Multicore bootloader[0m
[0;32mI (36) boot: chip revision: v3.1[0m
[0;32mI (40) boot.esp32: SPI Speed      : 40MHz[0m
[0;32mI (44) boot.esp32: SPI Mode       : DIO[0m
[0;32mI (49) boot.esp32: SPI Flash Size : 2MB[0m
[0;32mI (53) boot: Enabling RNG early entropy source...[0m
[0;32mI (59) boot: Partition Table:[0m
[0;32mI (62) boot: ## Label            Usage          Type ST Offset   Length[0m
[0;32mI (70) boot:  0 nvs              WiFi data        01 02 00009000 00006000[0m
[0;32mI (77) boot:  1 phy_init         RF data          01 01 0000f000 00001000[0m
[0;32mI (84) boot:  2 factory          factory app      00 00 00010000 00100000[0m
[0;32mI (92) boot: End of partition table[0m
[0;32mI (96) esp_image: segment 0: paddr=00010020 vaddr=3f400020 size=0c24ch ( 49740) map[0m
[0;32mI (122) esp_image: segment 1: paddr=0001c274 vaddr=3ffb0000 size=02244h (  8772) load[0m
[0;32mI (125) esp_image: segment 2: paddr=0001e4c0 vaddr=40080000 size=01b58h (  7000) load[0m
[0;32mI (130) esp_image: segment 3: paddr=00020020 vaddr=400d0020 size=169cch ( 92620) map[0m
[0;32mI (168) esp_image: segment 4: paddr=000369f4 vaddr=40081b58 size=0b364h ( 45924) load[0m
[0;32mI (192) boot: Loaded app from partition at offset 0x10000[0m
[0;32mI (193) boot: Disabling RNG early entropy source...[0m
[0;32mI (204) cpu_start: Multicore app[0m
[0;32mI (213) cpu_start: Pro cpu start user code[0m
[0;32mI (213) cpu_start: cpu freq: 160000000 Hz[0m
[0;32mI (213) cpu_start: Application information:[0m
[0;32mI (216) cpu_start: Project name:     NODE[0m
[0;32mI (220) cpu_start: App version:      1[0m
[0;32mI (225) cpu_start: Compile time:     Jun 28 2024 03:55:09[0m
[0;32mI (231) cpu_start: ELF file SHA256:  ea909c78d...[0m
[0;32mI (236) cpu_start: ESP-IDF:          v5.2.1-dirty[0m
[0;32mI (242) cpu_start: Min chip rev:     v0.0[0m
[0;32mI (246) cpu_start: Max chip rev:     v3.99 [0m
[0;32mI (251) cpu_start: Chip rev:         v3.1[0m
[0;32mI (256) heap_init: Initializing. RAM available for dynamic allocation:[0m
[0;32mI (263) heap_init: At 3FFAE6E0 len 00001920 (6 KiB): DRAM[0m
[0;32mI (269) heap_init: At 3FFB2BA0 len 0002D460 (181 KiB): DRAM[0m
[0;32mI (276) heap_init: At 3FFE0440 len 00003AE0 (14 KiB): D/IRAM[0m
[0;32mI (282) heap_init: At 3FFE4350 len 0001BCB0 (111 KiB): D/IRAM[0m
[0;32mI (288) heap_init: At 4008CEBC len 00013144 (76 KiB): IRAM[0m
[0;32mI (296) spi_flash: detected chip: generic[0m
[0;32mI (299) spi_flash: flash io: dio[0m
[0;33mW (303) spi_flash: Detected size(4096k) larger than the size in the binary image header(2048k). Using the size in the binary image header.[0m
[0;33mW (316) ADC: legacy driver is deprecated, please migrate to `esp_adc/adc_oneshot.h`[0m
[0;32mI (325) main_task: Started on CPU0[0m
[0;32mI (335) main_task: Calling app_main()[0m
[0;32mI (385) AODV: AODV protocol initialized.[0m
Guru Meditation Error: Core  0 panic'ed (LoadStoreError). Exception was unhandled.

Core  0 register dump:
PC      : 0x400d5841  PS      : 0x00060130  A0      : 0x800e6207  A1      : 0x3ffb4e70  
A2      : 0x00000003  A3      : 0x3f401e3c  A4      : 0x3f401ebc  A5      : 0x0000014f  
A6      : 0x3f401e3c  A7      : 0x3ffb4ea0  A8      : 0x3f401e3c  A9      : 0x00000004  
A10     : 0x00000000  A11     : 0x00000000  A12     : 0x00000000  A13     : 0x3ffb4e80  
A14     : 0x3ffb4e60  A15     : 0x0000000c  SAR     : 0x00000004  EXCCAUSE: 0x00000003  
EXCVADDR: 0x3f401e3c  LBEG    : 0x400014fd  LEND    : 0x4000150d  LCOUNT  : 0xfffffffe  


Backtrace: 0x400d583e:0x3ffb4e70 0x400e6204:0x3ffb4ea0 0x40086771:0x3ffb4ed0




ELF file SHA256: ea909c78d

Rebooting...
ets Jul 29 2019 12:21:46

rst:0xc (SW_CPU_RESET),boot:0x13 (SPI_FAST_FLASH_BOOT)
configsip: 0, SPIWP:0xee
clk_drv:0x00,q_drv:0x00,d_drv:0x00,cs0_drv:0x00,hd_drv:0x00,wp_drv:0x00
mode:DIO, clock div:2
load:0x3fff0030,len:7172
load:0x40078000,len:15540
load:0x40080400,len:4
ho 8 tail 4 room 4
load:0x40080404,len:3904
entry 0x40080640
[0;32mI (31) boot: ESP-IDF v5.2.1-dirty 2nd stage bootloader[0m
[0;32mI (31) boot: compile time Jun 28 2024 03:55:22[0m
[0;32mI (31) boot: Multicore bootloader[0m
[0;32mI (36) boot: chip revision: v3.1[0m
[0;32mI (40) boot.esp32: SPI Speed      : 40MHz[0m
[0;32mI (44) boot.esp32: SPI Mode       : DIO[0m
[0;32mI (49) boot.esp32: SPI Flash Size : 2MB[0m
[0;32mI (53) boot: Enabling RNG early entropy source...[0m
[0;32mI (59) boot: Partition Table:[0m
[0;32mI (62) boot: ## Label            Usage          Type ST Offset   Length[0m
[0;32mI (70) boot:  0 nvs              WiFi data        01 02 00009000 00006000[0m
[0;32mI (77) boot:  1 phy_init         RF data          01 01 0000f000 00001000[0m
[0;32mI (84) boot:  2 factory          factory app      00 00 00010000 00100000[0m
[0;32mI (92) boot: End of partition table[0m
[0;32mI (96) esp_image: segment 0: paddr=00010020 vaddr=3f400020 size=0c24ch ( 49740) map[0m
[0;32mI (122) esp_image: segment 1: paddr=0001c274 vaddr=3ffb0000 size=02244h (  8772) load[0m
[0;32mI (125) esp_image: segment 2: paddr=0001e4c0 vaddr=40080000 size=01b58h (  7000) load[0m
[0;32mI (130) esp_image: segment 3: paddr=00020020 vaddr=400d0020 size=169cch ( 92620) map[0m
[0;32mI (168) esp_image: segment 4: paddr=000369f4 vaddr=40081b58 size=0b364h ( 45924) load[0m
[0;32mI (192) boot: Loaded app from partition at offset 0x10000[0m
[0;32mI (193) boot: Disabling RNG early entropy source...[0m
[0;32mI (204) cpu_start: Multicore app[0m
[0;32mI (213) cpu_start: Pro cpu start user code[0m
[0;32mI (213) cpu_start: cpu freq: 160000000 Hz[0m
[0;32mI (213) cpu_start: Application information:[0m
[0;32mI (216) cpu_start: Project name:     NODE[0m
[0;32mI (220) cpu_start: App version:      1[0m
[0;32mI (225) cpu_start: Compile time:     Jun 28 2024 03:55:09[0m
[0;32mI (231) cpu_start: ELF file SHA256:  ea909c78d...[0m
[0;32mI (236) cpu_start: ESP-IDF:          v5.2.1-dirty[0m
[0;32mI (242) cpu_start: Min chip rev:     v0.0[0m
[0;32mI (246) cpu_start: Max chip rev:     v3.99 [0m
[0;32mI (251) cpu_start: Chip rev:         v3.1[0m
[0;32mI (256) heap_init: Initializing. RAM available for dynamic allocation:[0m
[0;32mI (263) heap_init: At 3FFAE6E0 len 00001920 (6 KiB): DRAM[0m
[0;32mI (269) heap_init: At 3FFB2BA0 len 0002D460 (181 KiB): DRAM[0m
[0;32mI (276) heap_init: At 3FFE0440 len 00003AE0 (14 KiB): D/IRAM[0m
[0;32mI (282) heap_init: At 3FFE4350 len 0001BCB0 (111 KiB): D/IRAM[0m
[0;32mI (288) heap_init: At 4008CEBC len 00013144 (76 KiB): IRAM[0m
[0;32mI (296) spi_flash: detected chip: generic[0m
[0;32mI (299) spi_flash: flash io: dio[0m
[0;33mW (303) spi_flash: Detected size(4096k) larger than the size in the binary image header(2048k). Using the size in the binary image header.[0m
[0;33mW (316) ADC: legacy driver is deprecated, please migrate to `esp_adc/adc_oneshot.h`[0m
[0;32mI (325) main_task: Started on CPU0[0m
[0;32mI (335) main_task: Calling app_main()[0m
[0;32mI (385) AODV: AODV protocol initialized.[0m
Guru Meditation Error: Core  0 panic'ed (LoadStoreError). Exception was unhandled.

Core  0 register dump:
PC      : 0x400d5841  PS      : 0x00060730  A0      : 0x800e6207  A1      : 0x3ffb4e70  
A2      : 0x00000003  A3      : 0x3f401e3c  A4      : 0x3f401ebc  A5      : 0x0000014f  
A6      : 0x3f401e3c  A7      : 0x3ffb4ea0  A8      : 0x3f401e3c  A9      : 0x00000004  
A10     : 0x00000000  A11     : 0x00000000  A12     : 0x00000000  A13     : 0x3ffb4e80  
A14     : 0x3ffb4e60  A15     : 0x0000000c  SAR     : 0x00000004  EXCCAUSE: 0x00000003  
EXCVADDR: 0x3f401e3c  LBEG    : 0x400014fd  LEND    : 0x4000150d  LCOUNT  : 0xfffffffe  


Backtrace: 0x400d583e:0x3ffb4e70 0x400e6204:0x3ffb4ea0 0x40086771:0x3ffb4ed0




ELF file SHA256: ea909c78d

Rebooting...
ets Jul 29 2019 12:21:46

rst:0xc (SW_CPU_RESET),boot:0x13 (SPI_FAST_FLASH_BOOT)
configsip: 0, SPIWP:0xee
clk_drv:0x00,q_drv:0x00,d_drv:0x00,cs0_drv:0x00,hd_drv:0x00,wp_drv:0x00
mode:DIO, clock div:2
load:0x3fff0030,len:7172
load:0x40078000,len:15540
load:0x40080400,len:4
ho 8 tail 4 room 4
load:0x40080404,len:3904
entry 0x40080640
[0;32mI (31) boot: ESP-IDF v5.2.1-dirty 2nd stage bootloader[0m
[0;32mI (31) boot: compile time Jun 28 2024 03:55:22[0m
[0;32mI (31) boot: Multicore bootloader[0m
[0;32mI (36) boot: chip revision: v3.1[0m
[0;32mI (40) boot.esp32: SPI Speed      : 40MHz[0m
[0;32mI (44) boot.esp32: SPI Mode       : DIO[0m
[0;32mI (49) boot.esp32: SPI Flash Size : 2MB[0m
[0;32mI (53) boot: Enabling RNG early entropy source...[0m
[0;32mI (59) boot: Partition Table:[0m
[0;32mI (62) boot: ## Label            Usage          Type ST Offset   Length[0m
[0;32mI (70) boot:  0 nvs              WiFi data        01 02 00009000 00006000[0m
[0;32mI (77) boot:  1 phy_init         RF data          01 01 0000f000 00001000[0m
[0;32mI (84) boot:  2 factory          factory app      00 00 00010000 00100000[0m
[0;32mI (92) boot: End of partition table[0m
[0;32mI (96) esp_image: segment 0: paddr=00010020 vaddr=3f400020 size=0c24ch ( 49740) map[0m
[0;32mI (122) esp_image: segment 1: paddr=0001c274 vaddr=3ffb0000 size=02244h (  8772) load[0m
[0;32mI (125) esp_image: segment 2: paddr=0001e4c0 vaddr=40080000 size=01b58h (  7000) load[0m
[0;32mI (130) esp_image: segment 3: paddr=00020020 vaddr=400d0020 size=169cch ( 92620) map[0m
[0;32mI (168) esp_image: segment 4: paddr=000369f4 vaddr=40081b58 size=0b364h ( 45924) load[0m
[0;32mI (192) boot: Loaded app from partition at offset 0x10000[0m
[0;32mI (193) boot: Disabling RNG early entropy source...[0m
[0;32mI (204) cpu_start: Multicore app[0m
[0;32mI (213) cpu_start: Pro cpu start user code[0m
[0;32mI (213) cpu_start: cpu freq: 160000000 Hz[0m
[0;32mI (213) cpu_start: Application information:[0m
[0;32mI (216) cpu_start: Project name:     NODE[0m
[0;32mI (221) cpu_start: App version:      1[0m
[0;32mI (225) cpu_start: Compile time:     Jun 28 2024 03:55:09[0m
[0;32mI (231) cpu_start: ELF file SHA256:  ea909c78d...[0m
[0;32mI (236) cpu_start: ESP-IDF:          v5.2.1-dirty[0m
[0;32mI (242) cpu_start: Min chip rev:     v0.0[0m
[0;32mI (246) cpu_start: Max chip rev:     v3.99 [0m
[0;32mI (251) cpu_start: Chip rev:         v3.1[0m
[0;32mI (256) heap_init: Initializing. RAM available for dynamic allocation:[0m
[0;32mI (263) heap_init: At 3FFAE6E0 len 00001920 (6 KiB): DRAM[0m
[0;32mI (269) heap_init: At 3FFB2BA0 len 0002D460 (181 KiB): DRAM[0m
[0;32mI (276) heap_init: At 3FFE0440 len 00003AE0 (14 KiB): D/IRAM[0m
[0;32mI (282) heap_init: At 3FFE4350 len 0001BCB0 (111 KiB): D/IRAM[0m
[0;32mI (288) heap_init: At 4008CEBC len 00013144 (76 KiB): IRAM[0m
[0;32mI (296) spi_flash: detected chip: generic[0m
[0;32mI (299) spi_flash: flash io: dio[0m
[0;33mW (303) spi_flash: Detected size(4096k) larger than the size in the binary image header(2048k). Using the size in the binary image header.[0m
[0;33mW (316) ADC: legacy driver is deprecated, please migrate to `esp_adc/adc_oneshot.h`[0m
[0;32mI (325) main_task: Started on CPU0[0m
[0;32mI (335) main_task: Calling app_main()[0m
[0;32mI (385) AODV: AODV protocol initialized.[0m
Guru Meditation Error: Core  0 panic'ed (LoadStoreError). Exception was unhandled.

Core  0 register dump:
PC      : 0x400d5841  PS      : 0x00060730  A0      : 0x800e6207  A1      : 0x3ffb4e70  
A2      : 0x00000003  A3      : 0x3f401e3c  A4      : 0x3f401ebc  A5      : 0x0000014f  
A6      : 0x3f401e3c  A7      : 0x3ffb4ea0  A8      : 0x3f401e3c  A9      : 0x00000004  
A10     : 0x00000000  A11     : 0x00000000  A12     : 0x00000000  A13     : 0x3ffb4e80  
A14     : 0x3ffb4e60  A15     : 0x0000000c  SAR     : 0x00000004  EXCCAUSE: 0x00000003  
EXCVADDR: 0x3f401e3c  LBEG    : 0x400014fd  LEND    : 0x4000150d  LCOUNT  : 0xfffffffe  


Backtrace: 0x400d583e:0x3ffb4e70 0x400e6204:0x3ffb4ea0 0x40086771:0x3ffb4ed0




ELF file SHA256: ea909c78d

Rebooting...
ets Jul 29 2019 12:21:46

rst:0xc (SW_CPU_RESET),boot:0x13 (SPI_FAST_FLASH_BOOT)
configsip: 0, SPIWP:0xee
clk_drv:0x00,q_drv:0x00,d_drv:0x00,cs0_drv:0x00,hd_drv:0x00,wp_drv:0x00
mode:DIO, clock div:2
load:0x3fff0030,len:7172
load:0x40078000,len:15540
load:0x40080400,len:4
ho 8 tail 4 room 4
load:0x40080404,len:3904
entry 0x40080640
[0;32mI (31) boot: ESP-IDF v5.2.1-dirty 2nd stage bootloader[0m
[0;32mI (31) boot: compile time Jun 28 2024 03:55:22[0m
[0;32mI (31) boot: Multicore bootloader[0m
[0;32mI (36) boot: chip revision: v3.1[0m
[0;32mI (40) boot.esp32: SPI Speed      : 40MHz[0m
[0;32mI (44) boot.esp32: SPI Mode       : DIO[0m
[0;32mI (49) boot.esp32: SPI Flash Size : 2MB[0m
[0;32mI (53) boot: Enabling RNG early entropy source...[0m
[0;32mI (59) boot: Partition Table:[0m
[0;32mI (62) boot: ## Label            Usage          Type ST Offset   Length[0m
[0;32mI (70) boot:  0 nvs              WiFi data        01 02 00009000 00006000[0m
[0;32mI (77) boot:  1 phy_init         RF data          01 01 0000f000 00001000[0m
[0;32mI (84) boot:  2 factory          factory app      00 00 00010000 00100000[0m
[0;32mI (92) boot: End of partition table[0m
[0;32mI (96) esp_image: segment 0: paddr=00010020 vaddr=3f400020 size=0c24ch ( 49740) map[0m
[0;32mI (122) esp_image: segment 1: paddr=0001c274 vaddr=3ffb0000 size=02244h (  8772) load[0m
[0;32mI (125) esp_image: segment 2: paddr=0001e4c0 vaddr=40080000 size=01b58h (  7000) load[0m
[0;32mI (130) esp_image: segment 3: paddr=00020020 vaddr=400d0020 size=169cch ( 92620) map[0m
[0;32mI (168) esp_image: segment 4: paddr=000369f4 vaddr=40081b58 size=0b364h ( 45924) load[0m
[0;32mI (192) boot: Loaded app from partition at offset 0x10000[0m
[0;32mI (193) boot: Disabling RNG early entropy source...[0m
[0;32mI (204) cpu_start: Multicore app[0m
[0;32mI (213) cpu_start: Pro cpu start user code[0m
[0;32mI (213) cpu_start: cpu freq: 160000000 Hz[0m
[0;32mI (213) cpu_start: Application information:[0m
[0;32mI (216) cpu_start: Project name:     NODE[0m
[0;32mI (220) cpu_start: App version:      1[0m
[0;32mI (225) cpu_start: Compile time:     Jun 28 2024 03:55:09[0m
[0;32mI (231) cpu_start: ELF file SHA256:  ea909c78d...[0m
[0;32mI (236) cpu_start: ESP-IDF:          v5.2.1-dirty[0m
[0;32mI (242) cpu_start: Min chip rev:     v0.0[0m
[0;32mI (246) cpu_start: Max chip rev:     v3.99 [0m
[0;32mI (251) cpu_start: Chip rev:         v3.1[0m
[0;32mI (256) heap_init: Initializing. RAM available for dynamic allocation:[0m
[0;32mI (263) heap_init: At 3FFAE6E0 len 00001920 (6 KiB): DRAM[0m
[0;32mI (269) heap_init: At 3FFB2BA0 len 0002D460 (181 KiB): DRAM[0m
[0;32mI (276) heap_init: At 3FFE0440 len 00003AE0 (14 KiB): D/IRAM[0m
[0;32mI (282) heap_init: At 3FFE4350 len 0001BCB0 (111 KiB): D/IRAM[0m
[0;32mI (288) heap_init: At 4008CEBC len 00013144 (76 KiB): IRAM[0m
[0;32mI (296) spi_flash: detected chip: generic[0m
[0;32mI (299) spi_flash: flash io: dio[0m
[0;33mW (303) spi_flash: Detected size(4096k) larger than the size in the binary image header(2048k). Using the size in the binary image header.[0m
[0;33mW (316) ADC: legacy driver is deprecated, please migrate to `esp_adc/adc_oneshot.h`[0m
[0;32mI (325) main_task: Started on CPU0[0m
[0;32mI (335) main_task: Calling app_main()[0m
[0;32mI (385) AODV: AODV protocol initialized.[0m
Guru Meditation Error: Core  0 panic'ed (LoadStoreError). Exception was unhandled.

Core  0 register dump:
PC      : 0x400d5841  PS      : 0x00060730  A0      : 0x800e6207  A1      : 0x3ffb4e70  
A2      : 0x00000003  A3      : 0x3f401e3c  A4      : 0x3f401ebc  A5      : 0x0000014f  
A6      : 0x3f401e3c  A7      : 0x3ffb4ea0  A8      : 0x3f401e3c  A9      : 0x00000004  
A10     : 0x00000000  A11     : 0x00000000  A12     : 0x00000000  A13     : 0x3ffb4e80  
A14     : 0x3ffb4e60  A15     : 0x0000000c  SAR     : 0x00000004  EXCCAUSE: 0x00000003  
EXCVADDR: 0x3f401e3c  LBEG    : 0x400014fd  LEND    : 0x4000150d  LCOUNT  : 0xfffffffe  


Backtrace: 0x400d583e:0x3ffb4e70 0x400e6204:0x3ffb4ea0 0x40086771:0x3ffb4ed0




ELF file SHA256: ea909c78d

Rebooting...
ets Jul 29 2019 12:21:46

rst:0xc (SW_CPU_RESET),boot:0x13 (SPI_FAST_FLASH_BOOT)
configsip: 0, SPIWP:0xee
clk_drv:0x00,q_drv:0x00,d_drv:0x00,cs0_drv:0x00,hd_drv:0x00,wp_drv:0x00
mode:DIO, clock div:2
load:0x3fff0030,len:7172
load:0x40078000,len:15540
load:0x40080400,len:4
ho 8 tail 4 room 4
load:0x40080404,len:3904
entry 0x40080640
[0;32mI (31) boot: ESP-IDF v5.2.1-dirty 2nd stage bootloader[0m
[0;32mI (31) boot: compile time Jun 28 2024 03:55:22[0m
[0;32mI (31) boot: Multicore bootloader[0m
[0;32mI (36) boot: chip revision: v3.1[0m
[0;32mI (40) boot.esp32: SPI Speed      : 40MHz[0m
[0;32mI (44) boot.esp32: SPI Mode       : DIO[0m
[0;32mI (49) boot.esp32: SPI Flash Size : 2MB[0m
[0;32mI (53) boot: Enabling RNG early entropy source...[0m
[0;32mI (59) boot: Partition Table:[0m
[0;32mI (62) boot: ## Label            Usage          Type ST Offset   Length[0m
[0;32mI (70) boot:  0 nvs              WiFi data        01 02 00009000 00006000[0m
[0;32mI (77) boot:  1 phy_init         RF data          01 01 0000f000 00001000[0m
[0;32mI (84) boot:  2 factory          factory app      00 00 00010000 00100000[0m
[0;32mI (92) boot: End of partition table[0m
[0;32mI (96) esp_image: segment 0: paddr=00010020 vaddr=3f400020 size=0c24ch ( 49740) map[0m
[0;32mI (122) esp_image: segment 1: paddr=0001c274 vaddr=3ffb0000 size=02244h (  8772) load[0m
[0;32mI (125) esp_image: segment 2: paddr=0001e4c0 vaddr=40080000 size=01b58h (  7000) load[0m
[0;32mI (130) esp_image: segment 3: paddr=00020020 vaddr=400d0020 size=169cch ( 92620) map[0m
[0;32mI (168) esp_image: segment 4: paddr=000369f4 vaddr=40081b58 size=0b364h ( 45924) load[0m
[0;32mI (192) boot: Loaded app from partition at offset 0x10000[0m
[0;32mI (193) boot: Disabling RNG early entropy source...[0m
[0;32mI (204) cpu_start: Multicore app[0m
[0;32mI (213) cpu_start: Pro cpu start user code[0m
[0;32mI (213) cpu_start: cpu freq: 160000000 Hz[0m
[0;32mI (213) cpu_start: Application information:[0m
[0;32mI (216) cpu_start: Project name:     NODE[0m
[0;32mI (221) cpu_start: App version:      1[0m
[0;32mI (225) cpu_start: Compile time:     Jun 28 2024 03:55:09[0m
[0;32mI (231) cpu_start: ELF file SHA256:  ea909c78d...[0m
[0;32mI (236) cpu_start: ESP-IDF:          v5.2.1-dirty[0m
[0;32mI (242) cpu_start: Min chip rev:     v0.0[0m
[0;32mI (246) cpu_start: Max chip rev:     v3.99 [0m
[0;32mI (251) cpu_start: Chip rev:         v3.1[0m
[0;32mI (256) heap_init: Initializing. RAM available for dynamic allocation:[0m
[0;32mI (263) heap_init: At 3FFAE6E0 len 00001920 (6 KiB): DRAM[0m
[0;32mI (269) heap_init: At 3FFB2BA0 len 0002D460 (181 KiB): DRAM[0m
[0;32mI (276) heap_init: At 3FFE0440 len 00003AE0 (14 KiB): D/IRAM[0m
[0;32mI (282) heap_init: At 3FFE4350 len 0001BCB0 (111 KiB): D/IRAM[0m
[0;32mI (288) heap_init: At 4008CEBC len 00013144 (76 KiB): IRAM[0m
[0;32mI (296) spi_flash: detected chip: generic[0m
[0;32mI (299) spi_flash: flash io: dio[0m
[0;33mW (303) spi_flash: Detected size(4096k) larger than the size in the binary image header(2048k). Using the size in the binary image header.[0m
[0;33mW (316) ADC: legacy driver is deprecated, please migrate to `esp_adc/adc_oneshot.h`[0m
[0;32mI (325) main_task: Started on CPU0[0m
[0;32mI (335) main_task: Calling app_main()[0m
[0;32mI (385) AODV: AODV protocol initialized.[0m
Guru Meditation Error: Core  0 panic'ed (LoadStoreError). Exception was unhandled.

Core  0 register dump:
PC      : 0x400d5841  PS      : 0x00060730  A0      : 0x800e6207  A1      : 0x3ffb4e70  
A2      : 0x00000003  A3      : 0x3f401e3c  A4      : 0x3f401ebc  A5      : 0x0000014f  
A6      : 0x3f401e3c  A7      : 0x3ffb4ea0  A8      : 0x3f401e3c  A9      : 0x00000004  
A10     : 0x00000000  A11     : 0x00000000  A12     : 0x00000000  A13     : 0x3ffb4e80  
A14     : 0x3ffb4e60  A15     : 0x0000000c  SAR     : 0x00000004  EXCCAUSE: 0x00000003  
EXCVADDR: 0x3f401e3c  LBEG    : 0x400014fd  LEND    : 0x4000150d  LCOUNT  : 0xfffffffe  


Backtrace: 0x400d583e:0x3ffb4e70 0x400e6204:0x3ffb4ea0 0x40086771:0x3ffb4ed0




ELF file SHA256: ea909c78d

Rebooting...
ets Jul 29 2019 12:21:46

rst:0xc (SW_CPU_RESET),boot:0x13 (SPI_FAST_FLASH_BOOT)
configsip: 0, SPIWP:0xee
clk_drv:0x00,q_drv:0x00,d_drv:0x00,cs0_drv:0x00,hd_drv:0x00,wp_drv:0x00
mode:DIO, clock div:2
load:0x3fff0030,len:7172
load:0x40078000,len:15540
load:0x40080400,len:4
ho 8 tail 4 room 4
load:0x40080404,len:3904
entry 0x40080640
[0;32mI (31) boot: ESP-IDF v5.2.1-dirty 2nd stage bootloader[0m
[0;32mI (31) boot: compile time Jun 28 2024 03:55:22[0m
[0;32mI (31) boot: Multicore bootloader[0m
[0;32mI (36) boot: chip revision: v3.1[0m
[0;32mI (40) boot.esp32: SPI Speed      : 40MHz[0m
[0;32mI (44) boot.esp32: SPI Mode       : DIO[0m
[0;32mI (49) boot.esp32: SPI Flash Size : 2MB[0m
[0;32mI (53) boot: Enabling RNG early entropy source...[0m
[0;32mI (59) boot: Partition Table:[0m
[0;32mI (62) boot: ## Label            Usage          Type ST Offset   Length[0m
[0;32mI (70) boot:  0 nvs              WiFi data        01 02 00009000 00006000[0m
[0;32mI (77) boot:  1 phy_init         RF data          01 01 0000f000 00001000[0m
[0;32mI (84) boot:  2 factory          factory app      00 00 00010000 00100000[0m
[0;32mI (92) boot: End of partition table[0m
[0;32mI (96) esp_image: segment 0: paddr=00010020 vaddr=3f400020 size=0c24ch ( 49740) map[0m
[0;32mI (122) esp_image: segment 1: paddr=0001c274 vaddr=3ffb0000 size=02244h (  8772) load[0m
[0;32mI (125) esp_image: segment 2: paddr=0001e4c0 vaddr=40080000 size=01b58h (  7000) load[0m
[0;32mI (130) esp_image: segment 3: paddr=00020020 vaddr=400d0020 size=169cch ( 92620) map[0m
[0;32mI (168) esp_image: segment 4: paddr=000369f4 vaddr=40081b58 size=0b364h ( 45924) load[0m
[0;32mI (192) boot: Loaded app from partition at offset 0x10000[0m
[0;32mI (193) boot: Disabling RNG early entropy source...[0m
[0;32mI (204) cpu_start: Multicore app[0m
[0;32mI (213) cpu_start: Pro cpu start user code[0m
[0;32mI (213) cpu_start: cpu freq: 160000000 Hz[0m
[0;32mI (213) cpu_start: Application information:[0m
[0;32mI (216) cpu_start: Project name:     NODE[0m
[0;32mI (221) cpu_start: App version:      1[0m
[0;32mI (225) cpu_start: Compile time:     Jun 28 2024 03:55:09[0m
[0;32mI (231) cpu_start: ELF file SHA256:  ea909c78d...[0m
[0;32mI (236) cpu_start: ESP-IDF:          v5.2.1-dirty[0m
[0;32mI (242) cpu_start: Min chip rev:     v0.0[0m
[0;32mI (246) cpu_start: Max chip rev:     v3.99 [0m
[0;32mI (251) cpu_start: Chip rev:         v3.1[0m
[0;32mI (256) heap_init: Initializing. RAM available for dynamic allocation:[0m
[0;32mI (263) heap_init: At 3FFAE6E0 len 00001920 (6 KiB): DRAM[0m
[0;32mI (269) heap_init: At 3FFB2BA0 len 0002D460 (181 KiB): DRAM[0m
[0;32mI (276) heap_init: At 3FFE0440 len 00003AE0 (14 KiB): D/IRAM[0m
[0;32mI (282) heap_init: At 3FFE4350 len 0001BCB0 (111 KiB): D/IRAM[0m
[0;32mI (288) heap_init: At 4008CEBC len 00013144 (76 KiB): IRAM[0m
[0;32mI (296) spi_flash: detected chip: generic[0m
[0;32mI (299) spi_flash: flash io: dio[0m
[0;33mW (303) spi_flash: Detected size(4096k) larger than the size in the binary image header(2048k). Using the size in the binary image header.[0m
[0;33mW (316) ADC: legacy driver is deprecated, please migrate to `esp_adc/adc_oneshot.h`[0m
[0;32mI (325) main_task: Started on CPU0[0m
[0;32mI (335) main_task: Calling app_main()[0m
[0;32mI (385) AODV: AODV protocol initialized.[0m
Guru Meditation Error: Core  0 panic'ed (LoadStoreError). Exception was unhandled.

Core  0 register dump:
PC      : 0x400d5841  PS      : 0x00060730  A0      : 0x800e6207  A1      : 0x3ffb4e70  
A2      : 0x00000003  A3      : 0x3f401e3c  A4      : 0x3f401ebc  A5      : 0x0000014f  
A6      : 0x3f401e3c  A7      : 0x3ffb4ea0  A8      : 0x3f401e3c  A9      : 0x00000004  
A10     : 0x00000000  A11     : 0x00000000  A12     : 0x00000000  A13     : 0x3ffb4e80  
A14     : 0x3ffb4e60  A15     : 0x0000000c  SAR     : 0x00000004  EXCCAUSE: 0x00000003  
EXCVADDR: 0x3f401e3c  LBEG    : 0x400014fd  LEND    : 0x4000150d  LCOUNT  : 0xfffffffe  


Backtrace: 0x400d583e:0x3ffb4e70 0x400e6204:0x3ffb4ea0 0x40086771:0x3ffb4ed0




ELF file SHA256: ea909c78d

Rebooting...
ets Jul 29 2019 12:21:46

rst:0xc (SW_CPU_RESET),boot:0x13 (SPI_FAST_FLASH_BOOT)
configsip: 0, SPIWP:0xee
clk_drv:0x00,q_drv:0x00,d_drv:0x00,cs0_drv:0x00,hd_drv:0x00,wp_drv:0x00
mode:DIO, clock div:2
load:0x3fff0030,len:7172
load:0x40078000,len:15540
load:0x40080400,len:4
ho 8 tail 4 room 4
load:0x40080404,len:3904
entry 0x40080640
[0;32mI (31) boot: ESP-IDF v5.2.1-dirty 2nd stage bootloader[0m
[0;32mI (31) boot: compile time Jun 28 2024 03:55:22[0m
[0;32mI (31) boot: Multicore bootloader[0m
[0;32mI (36) boot: chip revision: v3.1[0m
[0;32mI (40) boot.esp32: SPI Speed      : 40MHz[0m
[0;32mI (44) boot.esp32: SPI Mode       : DIO[0m
[0;32mI (49) boot.esp32: SPI Flash Size : 2MB[0m
[0;32mI (53) boot: Enabling RNG early entropy source...[0m
[0;32mI (59) boot: Partition Table:[0m
[0;32mI (62) boot: ## Label            Usage          Type ST Offset   Length[0m
[0;32mI (70) boot:  0 nvs              WiFi data        01 02 00009000 00006000[0m
[0;32mI (77) boot:  1 phy_init         RF data          01 01 0000f000 00001000[0m
[0;32mI (84) boot:  2 factory          factory app      00 00 00010000 00100000[0m
[0;32mI (92) boot: End of partition table[0m
[0;32mI (96) esp_image: segment 0: paddr=00010020 vaddr=3f400020 size=0c24ch ( 49740) map[0m
[0;32mI (122) esp_image: segment 1: paddr=0001c274 vaddr=3ffb0000 size=02244h (  8772) load[0m
[0;32mI (125) esp_image: segment 2: paddr=0001e4c0 vaddr=40080000 size=01b58h (  7000) load[0m
[0;32mI (130) esp_image: segment 3: paddr=00020020 vaddr=400d0020 size=169cch ( 92620) map[0m
[0;32mI (168) esp_image: segment 4: paddr=000369f4 vaddr=40081b58 size=0b364h ( 45924) load[0m
[0;32mI (192) boot: Loaded app from partition at offset 0x10000[0m
[0;32mI (193) boot: Disabling RNG early entropy source...[0m
[0;32mI (204) cpu_start: Multicore app[0m
[0;32mI (213) cpu_start: Pro cpu start user code[0m
[0;32mI (213) cpu_start: cpu freq: 160000000 Hz[0m
[0;32mI (213) cpu_start: Application information:[0m
[0;32mI (216) cpu_start: Project name:     NODE[0m
[0;32mI (220) cpu_start: App version:      1[0m
[0;32mI (225) cpu_start: Compile time:     Jun 28 2024 03:55:09[0m
[0;32mI (231) cpu_start: ELF file SHA256:  ea909c78d...[0m
[0;32mI (236) cpu_start: ESP-IDF:          v5.2.1-dirty[0m
[0;32mI (242) cpu_start: Min chip rev:     v0.0[0m
[0;32mI (246) cpu_start: Max chip rev:     v3.99 [0m
[0;32mI (251) cpu_start: Chip rev:         v3.1[0m
[0;32mI (256) heap_init: Initializing. RAM available for dynamic allocation:[0m
[0;32mI (263) heap_init: At 3FFAE6E0 len 00001920 (6 KiB): DRAM[0m
[0;32mI (269) heap_init: At 3FFB2BA0 len 0002D460 (181 KiB): DRAM[0m
[0;32mI (276) heap_init: At 3FFE0440 len 00003AE0 (14 KiB): D/IRAM[0m
[0;32mI (282) heap_init: At 3FFE4350 len 0001BCB0 (111 KiB): D/IRAM[0m
[0;32mI (288) heap_init: At 4008CEBC len 00013144 (76 KiB): IRAM[0m
[0;32mI (296) spi_flash: detected chip: generic[0m
[0;32mI (299) spi_flash: flash io: dio[0m
[0;33mW (303) spi_flash: Detected size(4096k) larger than the size in the binary image header(2048k). Using the size in the binary image header.[0m
[0;33mW (316) ADC: legacy driver is deprecated, please migrate to `esp_adc/adc_oneshot.h`[0m
[0;32mI (325) main_task: Started on CPU0[0m
[0;32mI (335) main_task: Calling app_main()[0m
[0;32mI (385) AODV: AODV protocol initialized.[0m
Guru Meditation Error: Core  0 panic'ed (LoadStoreError). Exception was unhandled.

Core  0 register dump:
PC      : 0x400d5841  PS      : 0x00060730  A0      : 0x800e6207  A1      : 0x3ffb4e70  
A2      : 0x00000003  A3      : 0x3f401e3c  A4      : 0x3f401ebc  A5      : 0x0000014f  
A6      : 0x3f401e3c  A7      : 0x3ffb4ea0  A8      : 0x3f401e3c  A9      : 0x00000004  
A10     : 0x00000000  A11     : 0x00000000  A12     : 0x00000000  A13     : 0x3ffb4e80  
A14     : 0x3ffb4e60  A15     : 0x0000000c  SAR     : 0x00000004  EXCCAUSE: 0x00000003  
EXCVADDR: 0x3f401e3c  LBEG    : 0x400014fd  LEND    : 0x4000150d  LCOUNT  : 0xfffffffe  


Backtrace: 0x400d583e:0x3ffb4e70 0x400e6204:0x3ffb4ea0 0x40086771:0x3ffb4ed0




ELF file SHA256: ea909c78d

Rebooting...
ets Jul 29 2019 12:21:46

rst:0xc (SW_CPU_RESET),boot:0x13 (SPI_FAST_FLASH_BOOT)
configsip: 0, SPIWP:0xee
clk_drv:0x00,q_drv:0x00,d_drv:0x00,cs0_drv:0x00,hd_drv:0x00,wp_drv:0x00
mode:DIO, clock div:2
load:0x3fff0030,len:7172
load:0x40078000,len:15540
load:0x40080400,len:4
ho 8 tail 4 room 4
load:0x40080404,len:3904
entry 0x40080640
[0;32mI (31) boot: ESP-IDF v5.2.1-dirty 2nd stage bootloader[0m
[0;32mI (31) boot: compile time Jun 28 2024 03:55:22[0m
[0;32mI (31) boot: Multicore bootloader[0m
[0;32mI (36) boot: chip revision: v3.1[0m
[0;32mI (40) boot.esp32: SPI Speed      : 40MHz[0m
[0;32mI (44) boot.esp32: SPI Mode       : DIO[0m
[0;32mI (49) boot.esp32: SPI Flash Size : 2MB[0m
[0;32mI (53) boot: Enabling RNG early entropy source...[0m
[0;32mI (59) boot: Partition Table:[0m
[0;32mI (62) boot: ## Label            Usage          Type ST Offset   Length[0m
[0;32mI (70) boot:  0 nvs              WiFi data        01 02 00009000 00006000[0m
[0;32mI (77) boot:  1 phy_init         RF data          01 01 0000f000 00001000[0m
[0;32mI (84) boot:  2 factory          factory app      00 00 00010000 00100000[0m
[0;32mI (92) boot: End of partition table[0m
[0;32mI (96) esp_image: segment 0: paddr=00010020 vaddr=3f400020 size=0c24ch ( 49740) map[0m
[0;32mI (122) esp_image: segment 1: paddr=0001c274 vaddr=3ffb0000 size=02244h (  8772) load[0m
[0;32mI (125) esp_image: segment 2: paddr=0001e4c0 vaddr=40080000 size=01b58h (  7000) load[0m
[0;32mI (130) esp_image: segment 3: paddr=00020020 vaddr=400d0020 size=169cch ( 92620) map[0m
[0;32mI (168) esp_image: segment 4: paddr=000369f4 vaddr=40081b58 size=0b364h ( 45924) load[0m
[0;32mI (192) boot: Loaded app from partition at offset 0x10000[0m
[0;32mI (193) boot: Disabling RNG early entropy source...[0m
[0;32mI (204) cpu_start: Multicore app[0m
[0;32mI (213) cpu_start: Pro cpu start user code[0m
[0;32mI (213) cpu_start: cpu freq: 160000000 Hz[0m
[0;32mI (213) cpu_start: Application information:[0m
[0;32mI (216) cpu_start: Project name:     NODE[0m
[0;32mI (220) cpu_start: App version:      1[0m
[0;32mI (225) cpu_start: Compile time:     Jun 28 2024 03:55:09[0m
[0;32mI (231) cpu_start: ELF file SHA256:  ea909c78d...[0m
[0;32mI (236) cpu_start: ESP-IDF:          v5.2.1-dirty[0m
[0;32mI (242) cpu_start: Min chip rev:     v0.0[0m
[0;32mI (246) cpu_start: Max chip rev:     v3.99 [0m
[0;32mI (251) cpu_start: Chip rev:         v3.1[0m
[0;32mI (256) heap_init: Initializing. RAM available for dynamic allocation:[0m
[0;32mI (263) heap_init: At 3FFAE6E0 len 00001920 (6 KiB): DRAM[0m
[0;32mI (269) heap_init: At 3FFB2BA0 len 0002D460 (181 KiB): DRAM[0m
[0;32mI (276) heap_init: At 3FFE0440 len 00003AE0 (14 KiB): D/IRAM[0m
[0;32mI (282) heap_init: At 3FFE4350 len 0001BCB0 (111 KiB): D/IRAM[0m
[0;32mI (288) heap_init: At 4008CEBC len 00013144 (76 KiB): IRAM[0m
[0;32mI (296) spi_flash: detected chip: generic[0m
[0;32mI (299) spi_flash: flash io: dio[0m
[0;33mW (303) spi_flash: Detected size(4096k) larger than the size in the binary image header(2048k). Using the size in the binary image header.[0m
[0;33mW (316) ADC: legacy driver is deprecated, please migrate to `esp_adc/adc_oneshot.h`[0m
[0;32mI (325) main_task: Started on CPU0[0m
[0;32mI (335) main_task: Calling app_main()[0m
[0;32mI (385) AODV: AODV protocol initialized.[0m
Guru Meditation Error: Core  0 panic'ed (LoadStoreError). Exception was unhandled.

Core  0 register dump:
PC      : 0x400d5841  PS      : 0x00060730  A0      : 0x800e6207  A1      : 0x3ffb4e70  
A2      : 0x00000003  A3      : 0x3f401e3c  A4      : 0x3f401ebc  A5      : 0x0000014f  
A6      : 0x3f401e3c  A7      : 0x3ffb4ea0  A8      : 0x3f401e3c  A9      : 0x00000004  
A10     : 0x00000000  A11     : 0x00000000  A12     : 0x00000000  A13     : 0x3ffb4e80  
A14     : 0x3ffb4e60  A15     : 0x0000000c  SAR     : 0x00000004  EXCCAUSE: 0x00000003  
EXCVADDR: 0x3f401e3c  LBEG    : 0x400014fd  LEND    : 0x4000150d  LCOUNT  : 0xfffffffe  


Backtrace: 0x400d583e:0x3ffb4e70 0x400e6204:0x3ffb4ea0 0x40086771:0x3ffb4ed0




ELF file SHA256: ea909c78d

Rebooting...
ets Jul 29 2019 12:21:46

rst:0xc (SW_CPU_RESET),boot:0x13 (SPI_FAST_FLASH_BOOT)
configsip: 0, SPIWP:0xee
clk_drv:0x00,q_drv:0x00,d_drv:0x00,cs0_drv:0x00,hd_drv:0x00,wp_drv:0x00
mode:DIO, clock div:2
load:0x3fff0030,len:7172
load:0x40078000,len:15540
load:0x40080400,len:4
ho 8 tail 4 room 4
load:0x40080404,len:3904
entry 0x40080640
[0;32mI (31) boot: ESP-IDF v5.2.1-dirty 2nd stage bootloader[0m
[0;32mI (31) boot: compile time Jun 28 2024 03:55:22[0m
[0;32mI (31) boot: Multicore bootloader[0m
[0;32mI (36) boot: chip revision: v3.1[0m
[0;32mI (40) boot.esp32: SPI Speed      : 40MHz[0m
[0;32mI (44) boot.esp32: SPI Mode       : DIO[0m
[0;32mI (49) boot.esp32: SPI Flash Size : 2MB[0m
[0;32mI (53) boot: Enabling RNG early entropy source...[0m
[0;32mI (59) boot: Partition Table:[0m
[0;32mI (62) boot: ## Label            Usage          Type ST Offset   Length[0m
[0;32mI (70) boot:  0 nvs              WiFi data        01 02 00009000 00006000[0m
[0;32mI (77) boot:  1 phy_init         RF data          01 01 0000f000 00001000[0m
[0;32mI (84) boot:  2 factory          factory app      00 00 00010000 00100000[0m
[0;32mI (92) boot: End of partition table[0m
[0;32mI (96) esp_image: segment 0: paddr=00010020 vaddr=3f400020 size=0c24ch ( 49740) map[0m
[0;32mI (122) esp_image: segment 1: paddr=0001c274 vaddr=3ffb0000 size=02244h (  8772) load[0m
[0;32mI (125) esp_image: segment 2: paddr=0001e4c0 vaddr=40080000 size=01b58h (  7000) load[0m
[0;32mI (130) esp_image: segment 3: paddr=00020020 vaddr=400d0020 size=169cch ( 92620) map[0m
[0;32mI (168) esp_image: segment 4: paddr=000369f4 vaddr=40081b58 size=0b364h ( 45924) load[0m
[0;32mI (192) boot: Loaded app from partition at offset 0x10000[0m
[0;32mI (193) boot: Disabling RNG early entropy source...[0m
[0;32mI (204) cpu_start: Multicore app[0m
[0;32mI (213) cpu_start: Pro cpu start user code[0m
[0;32mI (213) cpu_start: cpu freq: 160000000 Hz[0m
[0;32mI (213) cpu_start: Application information:[0m
[0;32mI (216) cpu_start: Project name:     NODE[0m
[0;32mI (220) cpu_start: App version:      1[0m
[0;32mI (225) cpu_start: Compile time:     Jun 28 2024 03:55:09[0m
[0;32mI (231) cpu_start: ELF file SHA256:  ea909c78d...[0m
[0;32mI (236) cpu_start: ESP-IDF:          v5.2.1-dirty[0m
[0;32mI (242) cpu_start: Min chip rev:     v0.0[0m
[0;32mI (246) cpu_start: Max chip rev:     v3.99 [0m
[0;32mI (251) cpu_start: Chip rev:         v3.1[0m
[0;32mI (256) heap_init: Initializing. RAM available for dynamic allocation:[0m
[0;32mI (263) heap_init: At 3FFAE6E0 len 00001920 (6 KiB): DRAM[0m
[0;32mI (269) heap_init: At 3FFB2BA0 len 0002D460 (181 KiB): DRAM[0m
[0;32mI (276) heap_init: At 3FFE0440 len 00003AE0 (14 KiB): D/IRAM[0m
[0;32mI (282) heap_init: At 3FFE4350 len 0001BCB0 (111 KiB): D/IRAM[0m
[0;32mI (288) heap_init: At 4008CEBC len 00013144 (76 KiB): IRAM[0m
[0;32mI (296) spi_flash: detected chip: generic[0m
[0;32mI (299) spi_flash: flash io: dio[0m
[0;33mW (303) spi_flash: Detected size(4096k) larger than the size in the binary image header(2048k). Using the size in the binary image header.[0m
[0;33mW (316) ADC: legacy driver is deprecated, please migrate to `esp_adc/adc_oneshot.h`[0m
[0;32mI (325) main_task: Started on CPU0[0m
[0;32mI (335) main_task: Calling app_main()[0m
[0;32mI (385) AODV: AODV protocol initialized.[0m
Guru Meditation Error: Core  0 panic'ed (LoadStoreError). Exception was unhandled.

Core  0 register dump:
PC      : 0x400d5841  PS      : 0x00060130  A0      : 0x800e6207  A1      : 0x3ffb4e70  
A2      : 0x00000003  A3      : 0x3f401e3c  A4      : 0x3f401ebc  A5      : 0x0000014f  
A6      : 0x3f401e3c  A7      : 0x3ffb4ea0  A8      : 0x3f401e3c  A9      : 0x00000004  
A10     : 0x00000000  A11     : 0x00000000  A12     : 0x00000000  A13     : 0x3ffb4e80  
A14     : 0x3ffb4e60  A15     : 0x0000000c  SAR     : 0x00000004  EXCCAUSE: 0x00000003  
EXCVADDR: 0x3f401e3c  LBEG    : 0x400014fd  LEND    : 0x4000150d  LCOUNT  : 0xfffffffe  


Backtrace: 0x400d583e:0x3ffb4e70 0x400e6204:0x3ffb4ea0 0x40086771:0x3ffb4ed0




ELF file SHA256: ea909c78d

Rebooting...
ets Jul 29 2019 12:21:46

rst:0xc (SW_CPU_RESET),boot:0x13 (SPI_FAST_FLASH_BOOT)
configsip: 0, SPIWP:0xee
clk_drv:0x00,q_drv:0x00,d_drv:0x00,cs0_drv:0x00,hd_drv:0x00,wp_drv:0x00
mode:DIO, clock div:2
load:0x3fff0030,len:7172
load:0x40078000,len:15540
load:0x40080400,len:4
ho 8 tail 4 room 4
load:0x40080404,len:3904
entry 0x40080640
[0;32mI (31) boot: ESP-IDF v5.2.1-dirty 2nd stage bootloader[0m
[0;32mI (31) boot: compile time Jun 28 2024 03:55:22[0m
[0;32mI (31) boot: Multicore bootloader[0m
[0;32mI (36) boot: chip revision: v3.1[0m
[0;32mI (40) boot.esp32: SPI Speed      : 40MHz[0m
[0;32mI (44) boot.esp32: SPI Mode       : DIO[0m
[0;32mI (49) boot.esp32: SPI Flash Size : 2MB[0m
[0;32mI (53) boot: Enabling RNG early entropy source...[0m
[0;32mI (59) boot: Partition Table:[0m
[0;32mI (62) boot: ## Label            Usage          Type ST Offset   Length[0m
[0;32mI (70) boot:  0 nvs              WiFi data        01 02 00009000 00006000[0m
[0;32mI (77) boot:  1 phy_init         RF data          01 01 0000f000 00001000[0m
[0;32mI (84) boot:  2 factory          factory app      00 00 00010000 00100000[0m
[0;32mI (92) boot: End of partition table[0m
[0;32mI (96) esp_image: segment 0: paddr=00010020 vaddr=3f400020 size=0c24ch ( 49740) map[0m
[0;32mI (122) esp_image: segment 1: paddr=0001c274 vaddr=3ffb0000 size=02244h (  8772) load[0m
[0;32mI (125) esp_image: segment 2: paddr=0001e4c0 vaddr=40080000 size=01b58h (  7000) load[0m
[0;32mI (130) esp_image: segment 3: paddr=00020020 vaddr=400d0020 size=169cch ( 92620) map[0m
[0;32mI (168) esp_image: segment 4: paddr=000369f4 vaddr=40081b58 size=0b364h ( 45924) load[0m
[0;32mI (192) boot: Loaded app from partition at offset 0x10000[0m
[0;32mI (193) boot: Disabling RNG early entropy source...[0m
[0;32mI (204) cpu_start: Multicore app[0m
[0;32mI (213) cpu_start: Pro cpu start user code[0m
[0;32mI (213) cpu_start: cpu freq: 160000000 Hz[0m
[0;32mI (213) cpu_start: Application information:[0m
[0;32mI (216) cpu_start: Project name:     NODE[0m
[0;32mI (221) cpu_start: App version:      1[0m
[0;32mI (225) cpu_start: Compile time:     Jun 28 2024 03:55:09[0m
[0;32mI (231) cpu_start: ELF file SHA256:  ea909c78d...[0m
[0;32mI (236) cpu_start: ESP-IDF:          v5.2.1-dirty[0m
[0;32mI (242) cpu_start: Min chip rev:     v0.0[0m
[0;32mI (246) cpu_start: Max chip rev:     v3.99 [0m
[0;32mI (251) cpu_start: Chip rev:         v3.1[0m
[0;32mI (256) heap_init: Initializing. RAM available for dynamic allocation:[0m
[0;32mI (263) heap_init: At 3FFAE6E0 len 00001920 (6 KiB): DRAM[0m
[0;32mI (269) heap_init: At 3FFB2BA0 len 0002D460 (181 KiB): DRAM[0m
[0;32mI (276) heap_init: At 3FFE0440 len 00003AE0 (14 KiB): D/IRAM[0m
[0;32mI (282) heap_init: At 3FFE4350 len 0001BCB0 (111 KiB): D/IRAM[0m
[0;32mI (288) heap_init: At 4008CEBC len 00013144 (76 KiB): IRAM[0m
[0;32mI (296) spi_flash: detected chip: generic[0m
[0;32mI (299) spi_flash: flash io: dio[0m
[0;33mW (303) spi_flash: Detected size(4096k) larger than the size in the binary image header(2048k). Using the size in the binary image header.[0m
[0;33mW (316) ADC: legacy driver is deprecated, please migrate to `esp_adc/adc_oneshot.h`[0m
[0;32mI (325) main_task: Started on CPU0[0m
[0;32mI (335) main_task: Calling app_main()[0m
[0;32mI (385) AODV: AODV protocol initialized.[0m
Guru Meditation Error: Core  0 panic'ed (LoadStoreError). Exception was unhandled.

Core  0 register dump:
PC      : 0x400d5841  PS      : 0x00060730  A0      : 0x800e6207  A1      : 0x3ffb4e70  
A2      : 0x00000003  A3      : 0x3f401e3c  A4      : 0x3f401ebc  A5      : 0x0000014f  
A6      : 0x3f401e3c  A7      : 0x3ffb4ea0  A8      : 0x3f401e3c  A9      : 0x00000004  
A10     : 0x00000000  A11     : 0x00000000  A12     : 0x00000000  A13     : 0x3ffb4e80  
A14     : 0x3ffb4e60  A15     : 0x0000000c  SAR     : 0x00000004  EXCCAUSE: 0x00000003  
EXCVADDR: 0x3f401e3c  LBEG    : 0x400014fd  LEND    : 0x4000150d  LCOUNT  : 0xfffffffe  


Backtrace: 0x400d583e:0x3ffb4e70 0x400e6204:0x3ffb4ea0 0x40086771:0x3ffb4ed0




ELF file SHA256: ea909c78d

Rebooting...
ets Jul 29 2019 12:21:46

rst:0xc (SW_CPU_RESET),boot:0x13 (SPI_FAST_FLASH_BOOT)
configsip: 0, SPIWP:0xee
clk_drv:0x00,q_drv:0x00,d_drv:0x00,cs0_drv:0x00,hd_drv:0x00,wp_drv:0x00
mode:DIO, clock div:2
load:0x3fff0030,len:7172
load:0x40078000,len:15540
load:0x40080400,len:4
ho 8 tail 4 room 4
load:0x40080404,len:3904
entry 0x40080640
[0;32mI (31) boot: ESP-IDF v5.2.1-dirty 2nd stage bootloader[0m
[0;32mI (31) boot: compile time Jun 28 2024 03:55:22[0m
[0;32mI (31) boot: Multicore bootloader[0m
[0;32mI (36) boot: chip revision: v3.1[0m
[0;32mI (40) boot.esp32: SPI Speed      : 40MHz[0m
[0;32mI (44) boot.esp32: SPI Mode       : DIO[0m
[0;32mI (49) boot.esp32: SPI Flash Size : 2MB[0m
[0;32mI (53) boot: Enabling RNG early entropy source...[0m
[0;32mI (59) boot: Partition Table:[0m
[0;32mI (62) boot: ## Label            Usage          Type ST Offset   Length[0m
[0;32mI (70) boot:  0 nvs              WiFi data        01 02 00009000 00006000[0m
[0;32mI (77) boot:  1 phy_init         RF data          01 01 0000f000 00001000[0m
[0;32mI (84) boot:  2 factory          factory app      00 00 00010000 00100000[0m
[0;32mI (92) boot: End of partition table[0m
[0;32mI (96) esp_image: segment 0: paddr=00010020 vaddr=3f400020 size=0c24ch ( 49740) map[0m
[0;32mI (122) esp_image: segment 1: paddr=0001c274 vaddr=3ffb0000 size=02244h (  8772) load[0m
[0;32mI (125) esp_image: segment 2: paddr=0001e4c0 vaddr=40080000 size=01b58h (  7000) load[0m
[0;32mI (130) esp_image: segment 3: paddr=00020020 vaddr=400d0020 size=169cch ( 92620) map[0m
[0;32mI (168) esp_image: segment 4: paddr=000369f4 vaddr=40081b58 size=0b364h ( 45924) load[0m
[0;32mI (192) boot: Loaded app from partition at offset 0x10000[0m
[0;32mI (193) boot: Disabling RNG early entropy source...[0m
[0;32mI (204) cpu_start: Multicore app[0m
[0;32mI (213) cpu_start: Pro cpu start user code[0m
[0;32mI (213) cpu_start: cpu freq: 160000000 Hz[0m
[0;32mI (213) cpu_start: Application information:[0m
[0;32mI (216) cpu_start: Project name:     NODE[0m
[0;32mI (220) cpu_start: App version:      1[0m
[0;32mI (225) cpu_start: Compile time:     Jun 28 2024 03:55:09[0m
[0;32mI (231) cpu_start: ELF file SHA256:  ea909c78d...[0m
[0;32mI (236) cpu_start: ESP-IDF:          v5.2.1-dirty[0m
[0;32mI (242) cpu_start: Min chip rev:     v0.0[0m
[0;32mI (246) cpu_start: Max chip rev:     v3.99 [0m
[0;32mI (251) cpu_start: Chip rev:         v3.1[0m
[0;32mI (256) heap_init: Initializing. RAM available for dynamic allocation:[0m
[0;32mI (263) heap_init: At 3FFAE6E0 len 00001920 (6 KiB): DRAM[0m
[0;32mI (269) heap_init: At 3FFB2BA0 len 0002D460 (181 KiB): DRAM[0m
[0;32mI (276) heap_init: At 3FFE0440 len 00003AE0 (14 KiB): D/IRAM[0m
[0;32mI (282) heap_init: At 3FFE4350 len 0001BCB0 (111 KiB): D/IRAM[0m
[0;32mI (288) heap_init: At 4008CEBC len 00013144 (76 KiB): IRAM[0m
[0;32mI (296) spi_flash: detected chip: generic[0m
[0;32mI (299) spi_flash: flash io: dio[0m
[0;33mW (303) spi_flash: Detected size(4096k) larger than the size in the binary image header(2048k). Using the size in the binary image header.[0m
[0;33mW (316) ADC: legacy driver is deprecated, please migrate to `esp_adc/adc_oneshot.h`[0m
[0;32mI (325) main_task: Started on CPU0[0m
[0;32mI (335) main_task: Calling app_main()[0m
[0;32mI (385) AODV: AODV protocol initialized.[0m
Guru Meditation Error: Core  0 panic'ed (LoadStoreError). Exception was unhandled.

Core  0 register dump:
PC      : 0x400d5841  PS      : 0x00060730  A0      : 0x800e6207  A1      : 0x3ffb4e70  
A2      : 0x00000003  A3      : 0x3f401e3c  A4      : 0x3f401ebc  A5      : 0x0000014f  
A6      : 0x3f401e3c  A7      : 0x3ffb4ea0  A8      : 0x3f401e3c  A9      : 0x00000004  
A10     : 0x00000000  A11     : 0x00000000  A12     : 0x00000000  A13     : 0x3ffb4e80  
A14     : 0x3ffb4e60  A15     : 0x0000000c  SAR     : 0x00000004  EXCCAUSE: 0x00000003  
EXCVADDR: 0x3f401e3c  LBEG    : 0x400014fd  LEND    : 0x4000150d  LCOUNT  : 0xfffffffe  


Backtrace: 0x400d583e:0x3ffb4e70 0x400e6204:0x3ffb4ea0 0x40086771:0x3ffb4ed0




ELF file SHA256: ea909c78d

Rebooting...
ets Jul 29 2019 12:21:46

rst:0xc (SW_CPU_RESET),boot:0x13 (SPI_FAST_FLASH_BOOT)
configsip: 0, SPIWP:0xee
clk_drv:0x00,q_drv:0x00,d_drv:0x00,cs0_drv:0x00,hd_drv:0x00,wp_drv:0x00
mode:DIO, clock div:2
load:0x3fff0030,len:7172
load:0x40078000,len:15540
load:0x40080400,len:4
ho 8 tail 4 room 4
load:0x40080404,len:3904
entry 0x40080640
[0;32mI (31) boot: ESP-IDF v5.2.1-dirty 2nd stage bootloader[0m
[0;32mI (31) boot: compile time Jun 28 2024 03:55:22[0m
[0;32mI (31) boot: Multicore bootloader[0m
[0;32mI (36) boot: chip revision: v3.1[0m
[0;32mI (40) boot.esp32: SPI Speed      : 40MHz[0m
[0;32mI (44) boot.esp32: SPI Mode       : DIO[0m
[0;32mI (49) boot.esp32: SPI Flash Size : 2MB[0m
[0;32mI (53) boot: Enabling RNG early entropy source...[0m
[0;32mI (59) boot: Partition Table:[0m
[0;32mI (62) boot: ## Label            Usage          Type ST Offset   Length[0m
[0;32mI (70) boot:  0 nvs              WiFi data        01 02 00009000 00006000[0m
[0;32mI (77) boot:  1 phy_init         RF data          01 01 0000f000 00001000[0m
[0;32mI (84) boot:  2 factory          factory app      00 00 00010000 00100000[0m
[0;32mI (92) boot: End of partition table[0m
[0;32mI (96) esp_image: segment 0: paddr=00010020 vaddr=3f400020 size=0c24ch ( 49740) map[0m
[0;32mI (122) esp_image: segment 1: paddr=0001c274 vaddr=3ffb0000 size=02244h (  8772) load[0m
[0;32mI (125) esp_image: segment 2: paddr=0001e4c0 vaddr=40080000 size=01b58h (  7000) load[0m
[0;32mI (130) esp_image: segment 3: paddr=00020020 vaddr=400d0020 size=169cch ( 92620) map[0m
[0;32mI (168) esp_image: segment 4: paddr=000369f4 vaddr=40081b58 size=0b364h ( 45924) load[0m
[0;32mI (192) boot: Loaded app from partition at offset 0x10000[0m
[0;32mI (193) boot: Disabling RNG early entropy source...[0m
[0;32mI (204) cpu_start: Multicore app[0m
[0;32mI (213) cpu_start: Pro cpu start user code[0m
[0;32mI (213) cpu_start: cpu freq: 160000000 Hz[0m
[0;32mI (213) cpu_start: Application information:[0m
[0;32mI (216) cpu_start: Project name:     NODE[0m
[0;32mI (220) cpu_start: App version:      1[0m
[0;32mI (225) cpu_start: Compile time:     Jun 28 2024 03:55:09[0m
[0;32mI (231) cpu_start: ELF file SHA256:  ea909c78d...[0m
[0;32mI (236) cpu_start: ESP-IDF:          v5.2.1-dirty[0m
[0;32mI (242) cpu_start: Min chip rev:     v0.0[0m
[0;32mI (246) cpu_start: Max chip rev:     v3.99 [0m
[0;32mI (251) cpu_start: Chip rev:         v3.1[0m
[0;32mI (256) heap_init: Initializing. RAM available for dynamic allocation:[0m
[0;32mI (263) heap_init: At 3FFAE6E0 len 00001920 (6 KiB): DRAM[0m
[0;32mI (269) heap_init: At 3FFB2BA0 len 0002D460 (181 KiB): DRAM[0m
[0;32mI (276) heap_init: At 3FFE0440 len 00003AE0 (14 KiB): D/IRAM[0m
[0;32mI (282) heap_init: At 3FFE4350 len 0001BCB0 (111 KiB): D/IRAM[0m
[0;32mI (288) heap_init: At 4008CEBC len 00013144 (76 KiB): IRAM[0m
[0;32mI (296) spi_flash: detected chip: generic[0m
[0;32mI (299) spi_flash: flash io: dio[0m
[0;33mW (303) spi_flash: Detected size(4096k) larger than the size in the binary image header(2048k). Using the size in the binary image header.[0m
[0;33mW (316) ADC: legacy driver is deprecated, please migrate to `esp_adc/adc_oneshot.h`[0m
[0;32mI (325) main_task: Started on CPU0[0m
[0;32mI (335) main_task: Calling app_main()[0m
[0;32mI (385) AODV: AODV protocol initialized.[0m
Guru Meditation Error: Core  0 panic'ed (LoadStoreError). Exception was unhandled.

Core  0 register dump:
PC      : 0x400d5841  PS      : 0x00060730  A0      : 0x800e6207  A1      : 0x3ffb4e70  
A2      : 0x00000003  A3      : 0x3f401e3c  A4      : 0x3f401ebc  A5      : 0x0000014f  
A6      : 0x3f401e3c  A7      : 0x3ffb4ea0  A8      : 0x3f401e3c  A9      : 0x00000004  
A10     : 0x00000000  A11     : 0x00000000  A12     : 0x00000000  A13     : 0x3ffb4e80  
A14     : 0x3ffb4e60  A15     : 0x0000000c  SAR     : 0x00000004  EXCCAUSE: 0x00000003  
EXCVADDR: 0x3f401e3c  LBEG    : 0x400014fd  LEND    : 0x4000150d  LCOUNT  : 0xfffffffe  


Backtrace: 0x400d583e:0x3ffb4e70 0x400e6204:0x3ffb4ea0 0x40086771:0x3ffb4ed0




ELF file SHA256: ea909c78d

Rebooting...
ets Jul 29 2019 12:21:46

rst:0xc (SW_CPU_RESET),boot:0x13 (SPI_FAST_FLASH_BOOT)
configsip: 0, SPIWP:0xee
clk_drv:0x00,q_drv:0x00,d_drv:0x00,cs0_drv:0x00,hd_drv:0x00,wp_drv:0x00
mode:DIO, clock div:2
load:0x3fff0030,len:7172
load:0x40078000,len:15540
load:0x40080400,len:4
ho 8 tail 4 room 4
load:0x40080404,len:3904
entry 0x40080640
[0;32mI (31) boot: ESP-IDF v5.2.1-dirty 2nd stage bootloader[0m
[0;32mI (31) boot: compile time Jun 28 2024 03:55:22[0m
[0;32mI (31) boot: Multicore bootloader[0m
[0;32mI (36) boot: chip revision: v3.1[0m
[0;32mI (40) boot.esp32: SPI Speed      : 40MHz[0m
[0;32mI (44) boot.esp32: SPI Mode       : DIO[0m
[0;32mI (49) boot.esp32: SPI Flash Size : 2MB[0m
[0;32mI (53) boot: Enabling RNG early entropy source...[0m
[0;32mI (59) boot: Partition Table:[0m
[0;32mI (62) boot: ## Label            Usage          Type ST Offset   Length[0m
[0;32mI (70) boot:  0 nvs              WiFi data        01 02 00009000 00006000[0m
[0;32mI (77) boot:  1 phy_init         RF data          01 01 0000f000 00001000[0m
[0;32mI (84) boot:  2 factory          factory app      00 00 00010000 00100000[0m
[0;32mI (92) boot: End of partition table[0m
[0;32mI (96) esp_image: segment 0: paddr=00010020 vaddr=3f400020 size=0c24ch ( 49740) map[0m
[0;32mI (122) esp_image: segment 1: paddr=0001c274 vaddr=3ffb0000 size=02244h (  8772) load[0m
[0;32mI (125) esp_image: segment 2: paddr=0001e4c0 vaddr=40080000 size=01b58h (  7000) load[0m
[0;32mI (130) esp_image: segment 3: paddr=00020020 vaddr=400d0020 size=169cch ( 92620) map[0m
[0;32mI (168) esp_image: segment 4: paddr=000369f4 vaddr=40081b58 size=0b364h ( 45924) load[0m
[0;32mI (192) boot: Loaded app from partition at offset 0x10000[0m
[0;32mI (193) boot: Disabling RNG early entropy source...[0m
[0;32mI (204) cpu_start: Multicore app[0m
[0;32mI (213) cpu_start: Pro cpu start user code[0m
[0;32mI (213) cpu_start: cpu freq: 160000000 Hz[0m
[0;32mI (213) cpu_start: Application information:[0m
[0;32mI (216) cpu_start: Project name:     NODE[0m
[0;32mI (220) cpu_start: App version:      1[0m
[0;32mI (225) cpu_start: Compile time:     Jun 28 2024 03:55:09[0m
[0;32mI (231) cpu_start: ELF file SHA256:  ea909c78d...[0m
[0;32mI (236) cpu_start: ESP-IDF:          v5.2.1-dirty[0m
[0;32mI (242) cpu_start: Min chip rev:     v0.0[0m
[0;32mI (246) cpu_start: Max chip rev:     v3.99 [0m
[0;32mI (251) cpu_start: Chip rev:         v3.1[0m
[0;32mI (256) heap_init: Initializing. RAM available for dynamic allocation:[0m
[0;32mI (263) heap_init: At 3FFAE6E0 len 00001920 (6 KiB): DRAM[0m
[0;32mI (269) heap_init: At 3FFB2BA0 len 0002D460 (181 KiB): DRAM[0m
[0;32mI (276) heap_init: At 3FFE0440 len 00003AE0 (14 KiB): D/IRAM[0m
[0;32mI (282) heap_init: At 3FFE4350 len 0001BCB0 (111 KiB): D/IRAM[0m
[0;32mI (288) heap_init: At 4008CEBC len 00013144 (76 KiB): IRAM[0m
[0;32mI (296) spi_flash: detected chip: generic[0m
[0;32mI (299) spi_flash: flash io: dio[0m
[0;33mW (303) spi_flash: Detected size(4096k) larger than the size in the binary image header(2048k). Using the size in the binary image header.[0m
[0;33mW (316) ADC: legacy driver is deprecated, please migrate to `esp_adc/adc_oneshot.h`[0m
[0;32mI (325) main_task: Started on CPU0[0m
[0;32mI (335) main_task: Calling app_main()[0m
[0;32mI (385) AODV: AODV protocol initialized.[0m
Guru Meditation Error: Core  0 panic'ed (LoadStoreError). Exception was unhandled.

Core  0 register dump:
PC      : 0x400d5841  PS      : 0x00060730  A0      : 0x800e6207  A1      : 0x3ffb4e70  
A2      : 0x00000003  A3      : 0x3f401e3c  A4      : 0x3f401ebc  A5      : 0x0000014f  
A6      : 0x3f401e3c  A7      : 0x3ffb4ea0  A8      : 0x3f401e3c  A9      : 0x00000004  
A10     : 0x00000000  A11     : 0x00000000  A12     : 0x00000000  A13     : 0x3ffb4e80  
A14     : 0x3ffb4e60  A15     : 0x0000000c  SAR     : 0x00000004  EXCCAUSE: 0x00000003  
EXCVADDR: 0x3f401e3c  LBEG    : 0x400014fd  LEND    : 0x4000150d  LCOUNT  : 0xfffffffe  


Backtrace: 0x400d583e:0x3ffb4e70 0x400e6204:0x3ffb4ea0 0x40086771:0x3ffb4ed0




ELF file SHA256: ea909c78d

Rebooting...
ets Jul 29 2019 12:21:46

rst:0xc (SW_CPU_RESET),boot:0x13 (SPI_FAST_FLASH_BOOT)
configsip: 0, SPIWP:0xee
clk_drv:0x00,q_drv:0x00,d_drv:0x00,cs0_drv:0x00,hd_drv:0x00,wp_drv:0x00
mode:DIO, clock div:2
load:0x3fff0030,len:7172
load:0x40078000,len:15540
load:0x40080400,len:4
ho 8 tail 4 room 4
load:0x40080404,len:3904
entry 0x40080640
[0;32mI (31) boot: ESP-IDF v5.2.1-dirty 2nd stage bootloader[0m
[0;32mI (31) boot: compile time Jun 28 2024 03:55:22[0m
[0;32mI (31) boot: Multicore bootloader[0m
[0;32mI (36) boot: chip revision: v3.1[0m
[0;32mI (40) boot.esp32: SPI Speed      : 40MHz[0m
[0;32mI (44) boot.esp32: SPI Mode       : DIO[0m
[0;32mI (49) boot.esp32: SPI Flash Size : 2MB[0m
[0;32mI (53) boot: Enabling RNG early entropy source...[0m
[0;32mI (59) boot: Partition Table:[0m
[0;32mI (62) boot: ## Label            Usage          Type ST Offset   Length[0m
[0;32mI (70) boot:  0 nvs              WiFi data        01 02 00009000 00006000[0m
[0;32mI (77) boot:  1 phy_init         RF data          01 01 0000f000 00001000[0m
[0;32mI (84) boot:  2 factory          factory app      00 00 00010000 00100000[0m
[0;32mI (92) boot: End of partition table[0m
[0;32mI (96) esp_image: segment 0: paddr=00010020 vaddr=3f400020 size=0c24ch ( 49740) map[0m
[0;32mI (122) esp_image: segment 1: paddr=0001c274 vaddr=3ffb0000 size=02244h (  8772) load[0m
[0;32mI (125) esp_image: segment 2: paddr=0001e4c0 vaddr=40080000 size=01b58h (  7000) load[0m
[0;32mI (130) esp_image: segment 3: paddr=00020020 vaddr=400d0020 size=169cch ( 92620) map[0m
[0;32mI (168) esp_image: segment 4: paddr=000369f4 vaddr=40081b58 size=0b364h ( 45924) load[0m
[0;32mI (192) boot: Loaded app from partition at offset 0x10000[0m
[0;32mI (193) boot: Disabling RNG early entropy source...[0m
[0;32mI (204) cpu_start: Multicore app[0m
[0;32mI (213) cpu_start: Pro cpu start user code[0m
[0;32mI (213) cpu_start: cpu freq: 160000000 Hz[0m
[0;32mI (213) cpu_start: Application information:[0m
[0;32mI (216) cpu_start: Project name:     NODE[0m
[0;32mI (220) cpu_start: App version:      1[0m
[0;32mI (225) cpu_start: Compile time:     Jun 28 2024 03:55:09[0m
[0;32mI (231) cpu_start: ELF file SHA256:  ea909c78d...[0m
[0;32mI (236) cpu_start: ESP-IDF:          v5.2.1-dirty[0m
[0;32mI (242) cpu_start: Min chip rev:     v0.0[0m
[0;32mI (246) cpu_start: Max chip rev:     v3.99 [0m
[0;32mI (251) cpu_start: Chip rev:         v3.1[0m
[0;32mI (256) heap_init: Initializing. RAM available for dynamic allocation:[0m
[0;32mI (263) heap_init: At 3FFAE6E0 len 00001920 (6 KiB): DRAM[0m
[0;32mI (269) heap_init: At 3FFB2BA0 len 0002D460 (181 KiB): DRAM[0m
[0;32mI (276) heap_init: At 3FFE0440 len 00003AE0 (14 KiB): D/IRAM[0m
[0;32mI (282) heap_init: At 3FFE4350 len 0001BCB0 (111 KiB): D/IRAM[0m
[0;32mI (288) heap_init: At 4008CEBC len 00013144 (76 KiB): IRAM[0m
[0;32mI (296) spi_flash: detected chip: generic[0m
[0;32mI (299) spi_flash: flash io: dio[0m
[0;33mW (303) spi_flash: Detected size(4096k) larger than the size in the binary image header(2048k). Using the size in the binary image header.[0m
[0;33mW (316) ADC: legacy driver is deprecated, please migrate to `esp_adc/adc_oneshot.h`[0m
[0;32mI (325) main_task: Started on CPU0[0m
[0;32mI (335) main_task: Calling app_main()[0m
[0;32mI (385) AODV: AODV protocol initialized.[0m
Guru Meditation Error: Core  0 panic'ed (LoadStoreError). Exception was unhandled.

Core  0 register dump:
PC      : 0x400d5841  PS      : 0x00060730  A0      : 0x800e6207  A1      : 0x3ffb4e70  
A2      : 0x00000003  A3      : 0x3f401e3c  A4      : 0x3f401ebc  A5      : 0x0000014f  
A6      : 0x3f401e3c  A7      : 0x3ffb4ea0  A8      : 0x3f401e3c  A9      : 0x00000004  
A10     : 0x00000000  A11     : 0x00000000  A12     : 0x00000000  A13     : 0x3ffb4e80  
A14     : 0x3ffb4e60  A15     : 0x0000000c  SAR     : 0x00000004  EXCCAUSE: 0x00000003  
EXCVADDR: 0x3f401e3c  LBEG    : 0x400014fd  LEND    : 0x4000150d  LCOUNT  : 0xfffffffe  


Backtrace: 0x400d583e:0x3ffb4e70 0x400e6204:0x3ffb4ea0 0x40086771:0x3ffb4ed0




ELF file SHA256: ea909c78d

Rebooting...
ets Jul 29 2019 12:21:46

rst:0xc (SW_CPU_RESET),boot:0x13 (SPI_FAST_FLASH_BOOT)
configsip: 0, SPIWP:0xee
clk_drv:0x00,q_drv:0x00,d_drv:0x00,cs0_drv:0x00,hd_drv:0x00,wp_drv:0x00
mode:DIO, clock div:2
load:0x3fff0030,len:7172
load:0x40078000,len:15540
load:0x40080400,len:4
ho 8 tail 4 room 4
load:0x40080404,len:3904
entry 0x40080640
[0;32mI (31) boot: ESP-IDF v5.2.1-dirty 2nd stage bootloader[0m
[0;32mI (31) boot: compile time Jun 28 2024 03:55:22[0m
[0;32mI (31) boot: Multicore bootloader[0m
[0;32mI (36) boot: chip revision: v3.1[0m
[0;32mI (40) boot.esp32: SPI Speed      : 40MHz[0m
[0;32mI (44) boot.esp32: SPI Mode       : DIO[0m
[0;32mI (49) boot.esp32: SPI Flash Size : 2MB[0m
[0;32mI (53) boot: Enabling RNG early entropy source...[0m
[0;32mI (59) boot: Partition Table:[0m
[0;32mI (62) boot: ## Label            Usage          Type ST Offset   Length[0m
[0;32mI (70) boot:  0 nvs              WiFi data        01 02 00009000 00006000[0m
[0;32mI (77) boot:  1 phy_init         RF data          01 01 0000f000 00001000[0m
[0;32mI (84) boot:  2 factory          factory app      00 00 00010000 00100000[0m
[0;32mI (92) boot: End of partition table[0m
[0;32mI (96) esp_image: segment 0: paddr=00010020 vaddr=3f400020 size=0c24ch ( 49740) map[0m
[0;32mI (122) esp_image: segment 1: paddr=0001c274 vaddr=3ffb0000 size=02244h (  8772) load[0m
[0;32mI (125) esp_image: segment 2: paddr=0001e4c0 vaddr=40080000 size=01b58h (  7000) load[0m
[0;32mI (130) esp_image: segment 3: paddr=00020020 vaddr=400d0020 size=169cch ( 92620) map[0m
[0;32mI (168) esp_image: segment 4: paddr=000369f4 vaddr=40081b58 size=0b364h ( 45924) load[0m
[0;32mI (192) boot: Loaded app from partition at offset 0x10000[0m
[0;32mI (193) boot: Disabling RNG early entropy source...[0m
[0;32mI (204) cpu_start: Multicore app[0m
[0;32mI (213) cpu_start: Pro cpu start user code[0m
[0;32mI (213) cpu_start: cpu freq: 160000000 Hz[0m
[0;32mI (213) cpu_start: Application information:[0m
[0;32mI (216) cpu_start: Project name:     NODE[0m
[0;32mI (220) cpu_start: App version:      1[0m
[0;32mI (225) cpu_start: Compile time:     Jun 28 2024 03:55:09[0m
[0;32mI (231) cpu_start: ELF file SHA256:  ea909c78d...[0m
[0;32mI (236) cpu_start: ESP-IDF:          v5.2.1-dirty[0m
[0;32mI (242) cpu_start: Min chip rev:     v0.0[0m
[0;32mI (246) cpu_start: Max chip rev:     v3.99 [0m
[0;32mI (251) cpu_start: Chip rev:         v3.1[0m
[0;32mI (256) heap_init: Initializing. RAM available for dynamic allocation:[0m
[0;32mI (263) heap_init: At 3FFAE6E0 len 00001920 (6 KiB): DRAM[0m
[0;32mI (269) heap_init: At 3FFB2BA0 len 0002D460 (181 KiB): DRAM[0m
[0;32mI (276) heap_init: At 3FFE0440 len 00003AE0 (14 KiB): D/IRAM[0m
[0;32mI (282) heap_init: At 3FFE4350 len 0001BCB0 (111 KiB): D/IRAM[0m
[0;32mI (288) heap_init: At 4008CEBC len 00013144 (76 KiB): IRAM[0m
[0;32mI (296) spi_flash: detected chip: generic[0m
[0;32mI (299) spi_flash: flash io: dio[0m
[0;33mW (303) spi_flash: Detected size(4096k) larger than the size in the binary image header(2048k). Using the size in the binary image header.[0m
[0;33mW (316) ADC: legacy driver is deprecated, please migrate to `esp_adc/adc_oneshot.h`[0m
[0;32mI (325) main_task: Started on CPU0[0m
[0;32mI (335) main_task: Calling app_main()[0m
[0;32mI (385) AODV: AODV protocol initialized.[0m
Guru Meditation Error: Core  0 panic'ed (LoadStoreError). Exception was unhandled.

Core  0 register dump:
PC      : 0x400d5841  PS      : 0x00060730  A0      : 0x800e6207  A1      : 0x3ffb4e70  
A2      : 0x00000003  A3      : 0x3f401e3c  A4      : 0x3f401ebc  A5      : 0x0000014f  
A6      : 0x3f401e3c  A7      : 0x3ffb4ea0  A8      : 0x3f401e3c  A9      : 0x00000004  
A10     : 0x00000000  A11     : 0x00000000  A12     : 0x00000000  A13     : 0x3ffb4e80  
A14     : 0x3ffb4e60  A15     : 0x0000000c  SAR     : 0x00000004  EXCCAUSE: 0x00000003  
EXCVADDR: 0x3f401e3c  LBEG    : 0x400014fd  LEND    : 0x4000150d  LCOUNT  : 0xfffffffe  


Backtrace: 0x400d583e:0x3ffb4e70 0x400e6204:0x3ffb4ea0 0x40086771:0x3ffb4ed0




ELF file SHA256: ea909c78d

Rebooting...
ets Jul 29 2019 12:21:46

rst:0xc (SW_CPU_RESET),boot:0x13 (SPI_FAST_FLASH_BOOT)
configsip: 0, SPIWP:0xee
clk_drv:0x00,q_drv:0x00,d_drv:0x00,cs0_drv:0x00,hd_drv:0x00,wp_drv:0x00
mode:DIO, clock div:2
load:0x3fff0030,len:7172
load:0x40078000,len:15540
load:0x40080400,len:4
ho 8 tail 4 room 4
load:0x40080404,len:3904
entry 0x40080640
[0;32mI (31) boot: ESP-IDF v5.2.1-dirty 2nd stage bootloader[0m
[0;32mI (31) boot: compile time Jun 28 2024 03:55:22[0m
[0;32mI (31) boot: Multicore bootloader[0m
[0;32mI (36) boot: chip revision: v3.1[0m
[0;32mI (40) boot.esp32: SPI Speed      : 40MHz[0m
[0;32mI (44) boot.esp32: SPI Mode       : DIO[0m
[0;32mI (49) boot.esp32: SPI Flash Size : 2MB[0m
[0;32mI (53) boot: Enabling RNG early entropy source...[0m
[0;32mI (59) boot: Partition Table:[0m
[0;32mI (62) boot: ## Label            Usage          Type ST Offset   Length[0m
[0;32mI (70) boot:  0 nvs              WiFi data        01 02 00009000 00006000[0m
[0;32mI (77) boot:  1 phy_init         RF data          01 01 0000f000 00001000[0m
[0;32mI (84) boot:  2 factory          factory app      00 00 00010000 00100000[0m
[0;32mI (92) boot: End of partition table[0m
[0;32mI (96) esp_image: segment 0: paddr=00010020 vaddr=3f400020 size=0c24ch ( 49740) map[0m
[0;32mI (122) esp_image: segment 1: paddr=0001c274 vaddr=3ffb0000 size=02244h (  8772) load[0m
[0;32mI (125) esp_image: segment 2: paddr=0001e4c0 vaddr=40080000 size=01b58h (  7000) load[0m
[0;32mI (130) esp_image: segment 3: paddr=00020020 vaddr=400d0020 size=169cch ( 92620) map[0m
[0;32mI (168) esp_image: segment 4: paddr=000369f4 vaddr=40081b58 size=0b364h ( 45924) load[0m
[0;32mI (192) boot: Loaded app from partition at offset 0x10000[0m
[0;32mI (193) boot: Disabling RNG early entropy source...[0m
[0;32mI (204) cpu_start: Multicore app[0m
[0;32mI (213) cpu_start: Pro cpu start user code[0m
[0;32mI (213) cpu_start: cpu freq: 160000000 Hz[0m
[0;32mI (213) cpu_start: Application information:[0m
[0;32mI (216) cpu_start: Project name:     NODE[0m
[0;32mI (220) cpu_start: App version:      1[0m
[0;32mI (225) cpu_start: Compile time:     Jun 28 2024 03:55:09[0m
[0;32mI (231) cpu_start: ELF file SHA256:  ea909c78d...[0m
[0;32mI (236) cpu_start: ESP-IDF:          v5.2.1-dirty[0m
[0;32mI (242) cpu_start: Min chip rev:     v0.0[0m
[0;32mI (246) cpu_start: Max chip rev:     v3.99 [0m
[0;32mI (251) cpu_start: Chip rev:         v3.1[0m
[0;32mI (256) heap_init: Initializing. RAM available for dynamic allocation:[0m
[0;32mI (263) heap_init: At 3FFAE6E0 len 00001920 (6 KiB): DRAM[0m
[0;32mI (269) heap_init: At 3FFB2BA0 len 0002D460 (181 KiB): DRAM[0m
[0;32mI (276) heap_init: At 3FFE0440 len 00003AE0 (14 KiB): D/IRAM[0m
[0;32mI (282) heap_init: At 3FFE4350 len 0001BCB0 (111 KiB): D/IRAM[0m
[0;32mI (288) heap_init: At 4008CEBC len 00013144 (76 KiB): IRAM[0m
[0;32mI (296) spi_flash: detected chip: generic[0m
[0;32mI (299) spi_flash: flash io: dio[0m
[0;33mW (303) spi_flash: Detected size(4096k) larger than the size in the binary image header(2048k). Using the size in the binary image header.[0m
[0;33mW (316) ADC: legacy driver is deprecated, please migrate to `esp_adc/adc_oneshot.h`[0m
[0;32mI (325) main_task: Started on CPU0[0m
[0;32mI (335) main_task: Calling app_main()[0m
[0;32mI (385) AODV: AODV protocol initialized.[0m
Guru Meditation Error: Core  0 panic'ed (LoadStoreError). Exception was unhandled.

Core  0 register dump:
PC      : 0x400d5841  PS      : 0x00060130  A0      : 0x800e6207  A1      : 0x3ffb4e70  
A2      : 0x00000003  A3      : 0x3f401e3c  A4      : 0x3f401ebc  A5      : 0x0000014f  
A6      : 0x3f401e3c  A7      : 0x3ffb4ea0  A8      : 0x3f401e3c  A9      : 0x00000004  
A10     : 0x00000000  A11     : 0x00000000  A12     : 0x00000000  A13     : 0x3ffb4e80  
A14     : 0x3ffb4e60  A15     : 0x0000000c  SAR     : 0x00000004  EXCCAUSE: 0x00000003  
EXCVADDR: 0x3f401e3c  LBEG    : 0x400014fd  LEND    : 0x4000150d  LCOUNT  : 0xfffffffe  


Backtrace: 0x400d583e:0x3ffb4e70 0x400e6204:0x3ffb4ea0 0x40086771:0x3ffb4ed0




ELF file SHA256: ea909c78d

Rebooting...
ets Jul 29 2019 12:21:46

rst:0xc (SW_CPU_RESET),boot:0x13 (SPI_FAST_FLASH_BOOT)
configsip: 0, SPIWP:0xee
clk_drv:0x00,q_drv:0x00,d_drv:0x00,cs0_drv:0x00,hd_drv:0x00,wp_drv:0x00
mode:DIO, clock div:2
load:0x3fff0030,len:7172
load:0x40078000,len:15540
load:0x40080400,len:4
